flutter : Support for Android x86 targets will be removed in the next stable release after 3.27. See https://github.com/flutter/flutter/issues/157543 for details.
At line:1 char:1
+ flutter build apk --debug > build_errors.txt 2>&1
+ ~~~~~~~~~~~~~~~~~~~~~~~~~~~~~~~~~~~~~~~~~~~~~~~~~
    + CategoryInfo          : NotSpecified: (Support for And...43 for details.:String) [], RemoteException
    + FullyQualifiedErrorId : NativeCommandError
 
Running Gradle task 'assembleDebug'...                          
Invalid depfile: J:\42-SOFTWARE_PROJECTS\46-KORGAN\20-FRONTEND\korgan-frontend\.dart_tool\flutter_build\c8effcafbf6409bc52801b4cc444be26\kernel_snapshot_program.d
Invalid depfile: J:\42-SOFTWARE_PROJECTS\46-KORGAN\20-FRONTEND\korgan-frontend\.dart_tool\flutter_build\c8effcafbf6409bc52801b4cc444be26\kernel_snapshot_program.d
Invalid depfile: J:\42-SOFTWARE_PROJECTS\46-KORGAN\20-FRONTEND\korgan-frontend\.dart_tool\flutter_build\c8effcafbf6409bc52801b4cc444be26\kernel_snapshot_program.d
Invalid depfile: J:\42-SOFTWARE_PROJECTS\46-KORGAN\20-FRONTEND\korgan-frontend\.dart_tool\flutter_build\c8effcafbf6409bc52801b4cc444be26\kernel_snapshot_program.d
lib/src/features/mail/presentation/widgets/web/compose/mail_compose_modal_web.dart:4:8: Error: Dart library 'dart:js_interop' is not available on this platform.
import 'dart:js_interop';
       ^
Context: The unavailable library 'dart:js_interop' is imported through these packages:

    package:korgan => dart:js_interop
    package:korgan => package:web => dart:js_interop
    ...

Detailed import paths for (some of) the these imports:

    package:korgan/main.dart => package:korgan/src/routing/app_router.dart => package:korgan/src/features/mail/presentation/pages/web/mail_page_web.dart => package:korgan/src/features/mail/presentation/widgets/web/c
ompose/mail_compose_modal_web.dart => dart:js_interop
    package:korgan/main.dart => package:korgan/src/routing/app_router.dart => package:korgan/src/features/mail/presentation/pages/web/mail_page_web.dart => package:korgan/src/features/mail/presentation/widgets/web/c
ompose/mail_compose_modal_web.dart => package:web/web.dart => package:web/src/dom.dart => package:web/src/dom/accelerometer.dart => dart:js_interop
    package:korgan/main.dart => package:korgan/src/routing/app_router.dart => package:korgan/src/features/mail/presentation/pages/web/mail_page_web.dart => package:korgan/src/features/mail/presentation/widgets/web/c
ompose/mail_compose_modal_web.dart => package:web/web.dart => package:web/src/dom.dart => package:web/src/dom/accelerometer.dart => package:web/src/dom/generic_sensor.dart => dart:js_interop
    package:korgan/main.dart => package:korgan/src/routing/app_router.dart => package:korgan/src/features/mail/presentation/pages/web/mail_page_web.dart => package:korgan/src/features/mail/presentation/widgets/web/c
ompose/mail_compose_modal_web.dart => package:web/web.dart => package:web/src/dom.dart => package:web/src/dom/accelerometer.dart => package:web/src/dom/generic_sensor.dart => package:web/src/dom/dom.dart => dart:js_
interop
    package:korgan/main.dart => package:korgan/src/routing/app_router.dart => package:korgan/src/features/mail/presentation/pages/web/mail_page_web.dart => package:korgan/src/features/mail/presentation/widgets/web/c
ompose/mail_compose_modal_web.dart => package:web/web.dart => package:web/src/dom.dart => package:web/src/dom/accelerometer.dart => package:web/src/dom/generic_sensor.dart => package:web/src/dom/dom.dart => package:
web/src/dom/css_font_loading.dart => dart:js_interop
    package:korgan/main.dart => package:korgan/src/routing/app_router.dart => package:korgan/src/features/mail/presentation/pages/web/mail_page_web.dart => package:korgan/src/features/mail/presentation/widgets/web/c
ompose/mail_compose_modal_web.dart => package:web/web.dart => package:web/src/dom.dart => package:web/src/dom/accelerometer.dart => package:web/src/dom/generic_sensor.dart => package:web/src/dom/dom.dart => package:
web/src/dom/css_font_loading.dart => package:web/src/dom/html.dart => dart:js_interop
    package:korgan/main.dart => package:korgan/src/routing/app_router.dart => package:korgan/src/features/mail/presentation/pages/web/mail_page_web.dart => package:korgan/src/features/mail/presentation/widgets/web/c
ompose/mail_compose_modal_web.dart => package:web/web.dart => package:web/src/dom.dart => package:web/src/dom/accelerometer.dart => package:web/src/dom/generic_sensor.dart => package:web/src/dom/dom.dart => package:
web/src/dom/css_font_loading.dart => package:web/src/dom/html.dart => package:web/src/dom/battery_status.dart => dart:js_interop
    package:korgan/main.dart => package:korgan/src/routing/app_router.dart => package:korgan/src/features/mail/presentation/pages/web/mail_page_web.dart => package:korgan/src/features/mail/presentation/widgets/web/c
ompose/mail_compose_modal_web.dart => package:web/web.dart => package:web/src/dom.dart => package:web/src/dom/accelerometer.dart => package:web/src/dom/generic_sensor.dart => package:web/src/dom/dom.dart => package:
web/src/dom/css_font_loading.dart => package:web/src/dom/html.dart => package:web/src/dom/clipboard_apis.dart => dart:js_interop
    package:korgan/main.dart => package:korgan/src/routing/app_router.dart => package:korgan/src/features/mail/presentation/pages/web/mail_page_web.dart => package:korgan/src/features/mail/presentation/widgets/web/c
ompose/mail_compose_modal_web.dart => package:web/web.dart => package:web/src/dom.dart => package:web/src/dom/accelerometer.dart => package:web/src/dom/generic_sensor.dart => package:web/src/dom/dom.dart => package:
web/src/dom/css_font_loading.dart => package:web/src/dom/html.dart => package:web/src/dom/clipboard_apis.dart => package:web/src/dom/fileapi.dart => dart:js_interop
    package:korgan/main.dart => package:korgan/src/routing/app_router.dart => package:korgan/src/features/mail/presentation/pages/web/mail_page_web.dart => package:korgan/src/features/mail/presentation/widgets/web/c
ompose/mail_compose_modal_web.dart => package:web/web.dart => package:web/src/dom.dart => package:web/src/dom/accelerometer.dart => package:web/src/dom/generic_sensor.dart => package:web/src/dom/dom.dart => package:
web/src/dom/css_font_loading.dart => package:web/src/dom/html.dart => package:web/src/dom/clipboard_apis.dart => package:web/src/dom/fileapi.dart => package:web/src/dom/streams.dart => dart:js_interop
    package:korgan/main.dart => package:korgan/src/routing/app_router.dart => package:korgan/src/features/mail/presentation/pages/web/mail_page_web.dart => package:korgan/src/features/mail/presentation/widgets/web/c
ompose/mail_compose_modal_web.dart => package:web/web.dart => package:web/src/dom.dart => package:web/src/dom/accelerometer.dart => package:web/src/dom/generic_sensor.dart => package:web/src/dom/dom.dart => package:
web/src/dom/css_font_loading.dart => package:web/src/dom/html.dart => package:web/src/dom/clipboard_apis.dart => package:web/src/dom/fileapi.dart => package:web/src/dom/streams.dart => package:web/src/dom/webidl.dar
t => dart:js_interop
    package:korgan/main.dart => package:korgan/src/routing/app_router.dart => package:korgan/src/features/mail/presentation/pages/web/mail_page_web.dart => package:korgan/src/features/mail/presentation/widgets/web/c
ompose/mail_compose_modal_web.dart => package:web/web.dart => package:web/src/dom.dart => package:web/src/dom/accelerometer.dart => package:web/src/dom/generic_sensor.dart => package:web/src/dom/dom.dart => package:
web/src/dom/css_font_loading.dart => package:web/src/dom/html.dart => package:web/src/dom/clipboard_apis.dart => package:web/src/dom/fileapi.dart => package:web/src/dom/webidl.dart => dart:js_interop
    package:korgan/main.dart => package:korgan/src/routing/app_router.dart => package:korgan/src/features/mail/presentation/pages/web/mail_page_web.dart => package:korgan/src/features/mail/presentation/widgets/web/c
ompose/mail_compose_modal_web.dart => package:web/web.dart => package:web/src/dom.dart => package:web/src/dom/accelerometer.dart => package:web/src/dom/generic_sensor.dart => package:web/src/dom/dom.dart => package:
web/src/dom/css_font_loading.dart => package:web/src/dom/html.dart => package:web/src/dom/credential_management.dart => dart:js_interop
    package:korgan/main.dart => package:korgan/src/routing/app_router.dart => package:korgan/src/features/mail/presentation/pages/web/mail_page_web.dart => package:korgan/src/features/mail/presentation/widgets/web/c
ompose/mail_compose_modal_web.dart => package:web/web.dart => package:web/src/dom.dart => package:web/src/dom/accelerometer.dart => package:web/src/dom/generic_sensor.dart => package:web/src/dom/dom.dart => package:
web/src/dom/css_font_loading.dart => package:web/src/dom/html.dart => package:web/src/dom/credential_management.dart => package:web/src/dom/digital_identities.dart => dart:js_interop
    package:korgan/main.dart => package:korgan/src/routing/app_router.dart => package:korgan/src/features/mail/presentation/pages/web/mail_page_web.dart => package:korgan/src/features/mail/presentation/widgets/web/c
ompose/mail_compose_modal_web.dart => package:web/web.dart => package:web/src/dom.dart => package:web/src/dom/accelerometer.dart => package:web/src/dom/generic_sensor.dart => package:web/src/dom/dom.dart => package:
web/src/dom/css_font_loading.dart => package:web/src/dom/html.dart => package:web/src/dom/credential_management.dart => package:web/src/dom/fedcm.dart => dart:js_interop
    package:korgan/main.dart => package:korgan/src/routing/app_router.dart => package:korgan/src/features/mail/presentation/pages/web/mail_page_web.dart => package:korgan/src/features/mail/presentation/widgets/web/c
ompose/mail_compose_modal_web.dart => package:web/web.dart => package:web/src/dom.dart => package:web/src/dom/accelerometer.dart => package:web/src/dom/generic_sensor.dart => package:web/src/dom/dom.dart => package:
web/src/dom/css_font_loading.dart => package:web/src/dom/html.dart => package:web/src/dom/credential_management.dart => package:web/src/dom/web_otp.dart => dart:js_interop
    package:korgan/main.dart => package:korgan/src/routing/app_router.dart => package:korgan/src/features/mail/presentation/pages/web/mail_page_web.dart => package:korgan/src/features/mail/presentation/widgets/web/c
ompose/mail_compose_modal_web.dart => package:web/web.dart => package:web/src/dom.dart => package:web/src/dom/accelerometer.dart => package:web/src/dom/generic_sensor.dart => package:web/src/dom/dom.dart => package:
web/src/dom/css_font_loading.dart => package:web/src/dom/html.dart => package:web/src/dom/credential_management.dart => package:web/src/dom/webauthn.dart => dart:js_interop
    package:korgan/main.dart => package:korgan/src/routing/app_router.dart => package:korgan/src/features/mail/presentation/pages/web/mail_page_web.dart => package:korgan/src/features/mail/presentation/widgets/web/c
ompose/mail_compose_modal_web.dart => package:web/web.dart => package:web/src/dom.dart => package:web/src/dom/accelerometer.dart => package:web/src/dom/generic_sensor.dart => package:web/src/dom/dom.dart => package:
web/src/dom/css_font_loading.dart => package:web/src/dom/html.dart => package:web/src/dom/credential_management.dart => package:web/src/dom/webauthn.dart => package:web/src/dom/fido.dart => dart:js_interop
    package:korgan/main.dart => package:korgan/src/routing/app_router.dart => package:korgan/src/features/mail/presentation/pages/web/mail_page_web.dart => package:korgan/src/features/mail/presentation/widgets/web/c
ompose/mail_compose_modal_web.dart => package:web/web.dart => package:web/src/dom.dart => package:web/src/dom/accelerometer.dart => package:web/src/dom/generic_sensor.dart => package:web/src/dom/dom.dart => package:
web/src/dom/css_font_loading.dart => package:web/src/dom/html.dart => package:web/src/dom/credential_management.dart => package:web/src/dom/webauthn.dart => package:web/src/dom/secure_payment_confirmation.dart => da
rt:js_interop
    package:korgan/main.dart => package:korgan/src/routing/app_router.dart => package:korgan/src/features/mail/presentation/pages/web/mail_page_web.dart => package:korgan/src/features/mail/presentation/widgets/web/c
ompose/mail_compose_modal_web.dart => package:web/web.dart => package:web/src/dom.dart => package:web/src/dom/accelerometer.dart => package:web/src/dom/generic_sensor.dart => package:web/src/dom/dom.dart => package:
web/src/dom/css_font_loading.dart => package:web/src/dom/html.dart => package:web/src/dom/credential_management.dart => package:web/src/dom/webauthn.dart => package:web/src/dom/secure_payment_confirmation.dart => pa
ckage:web/src/dom/payment_request.dart => dart:js_interop
    package:korgan/main.dart => package:korgan/src/routing/app_router.dart => package:korgan/src/features/mail/presentation/pages/web/mail_page_web.dart => package:korgan/src/features/mail/presentation/widgets/web/c
ompose/mail_compose_modal_web.dart => package:web/web.dart => package:web/src/dom.dart => package:web/src/dom/accelerometer.dart => package:web/src/dom/generic_sensor.dart => package:web/src/dom/dom.dart => package:
web/src/dom/css_font_loading.dart => package:web/src/dom/html.dart => package:web/src/dom/credential_management.dart => package:web/src/dom/webauthn.dart => package:web/src/dom/webidl.dart => dart:js_interop
    ...

lib/src/features/mail/presentation/widgets/web/compose/mail_compose_modal_web.dart:204:35: Error: 'JSString' isn't a type.
        final base64 = (result as JSString).toDart;
                                  ^^^^^^^^
lib/src/features/mail/presentation/widgets/web/compose/mail_compose_modal_web.dart:220:7: Error: The getter 'toJS' isn't defined for the class 'Null Function(Event)'.
Try correcting the name to the name of an existing getter, or defining a getter or field named 'toJS'.
    }.toJS);
      ^^^^
lib/src/features/mail/presentation/widgets/web/compose/mail_compose_modal_web.dart:244:35: Error: 'JSString' isn't a type.
        final base64 = (result as JSString).toDart;
                                  ^^^^^^^^
lib/src/features/mail/presentation/widgets/web/compose/mail_compose_modal_web.dart:265:7: Error: The getter 'toJS' isn't defined for the class 'Null Function(Event)'.
Try correcting the name to the name of an existing getter, or defining a getter or field named 'toJS'.
    }.toJS);
      ^^^^
lib/src/features/mail/presentation/widgets/web/compose/mail_compose_modal_web.dart:271:7: Error: The getter 'toJS' isn't defined for the class 'Null Function(Event)'.
Try correcting the name to the name of an existing getter, or defining a getter or field named 'toJS'.
    }.toJS);
      ^^^^
lib/src/features/mail/presentation/widgets/web/compose/unified_drop_zone_wrapper.dart:5:8: Error: Dart library 'dart:js_interop' is not available on this platform.
import 'dart:js_interop';
       ^
lib/src/features/mail/presentation/widgets/web/compose/unified_drop_zone_wrapper.dart:73:65: Error: The getter 'toJS' isn't defined for the class 'void Function(Event)'.
Try correcting the name to the name of an existing getter, or defining a getter or field named 'toJS'.
      web.document.addEventListener('paste', _handleGlobalPaste.toJS);
                                                                ^^^^
lib/src/features/mail/presentation/widgets/web/compose/unified_drop_zone_wrapper.dart:76:67: Error: The getter 'toJS' isn't defined for the class 'void Function(Event)'.
Try correcting the name to the name of an existing getter, or defining a getter or field named 'toJS'.
      web.document.addEventListener('dragenter', _handleDragEnter.toJS);
                                                                  ^^^^
lib/src/features/mail/presentation/widgets/web/compose/unified_drop_zone_wrapper.dart:77:65: Error: The getter 'toJS' isn't defined for the class 'void Function(Event)'.
Try correcting the name to the name of an existing getter, or defining a getter or field named 'toJS'.
      web.document.addEventListener('dragover', _handleDragOver.toJS);
                                                                ^^^^
lib/src/features/mail/presentation/widgets/web/compose/unified_drop_zone_wrapper.dart:78:67: Error: The getter 'toJS' isn't defined for the class 'void Function(Event)'.
Try correcting the name to the name of an existing getter, or defining a getter or field named 'toJS'.
      web.document.addEventListener('dragleave', _handleDragLeave.toJS);
                                                                  ^^^^
lib/src/features/mail/presentation/widgets/web/compose/unified_drop_zone_wrapper.dart:79:57: Error: The getter 'toJS' isn't defined for the class 'void Function(Event)'.
Try correcting the name to the name of an existing getter, or defining a getter or field named 'toJS'.
      web.document.addEventListener('drop', _handleDrop.toJS);
                                                        ^^^^
lib/src/features/mail/presentation/widgets/web/compose/unified_drop_zone_wrapper.dart:117:9: Error: The getter 'toJS' isn't defined for the class 'Null Function(Event)'.
Try correcting the name to the name of an existing getter, or defining a getter or field named 'toJS'.
      }.toJS);
        ^^^^
lib/src/features/mail/presentation/widgets/web/compose/unified_drop_zone_wrapper.dart:131:68: Error: The getter 'toJS' isn't defined for the class 'void Function(Event)'.
Try correcting the name to the name of an existing getter, or defining a getter or field named 'toJS'.
      web.document.removeEventListener('paste', _handleGlobalPaste.toJS);
                                                                   ^^^^
lib/src/features/mail/presentation/widgets/web/compose/unified_drop_zone_wrapper.dart:132:70: Error: The getter 'toJS' isn't defined for the class 'void Function(Event)'.
Try correcting the name to the name of an existing getter, or defining a getter or field named 'toJS'.
      web.document.removeEventListener('dragenter', _handleDragEnter.toJS);
                                                                     ^^^^
lib/src/features/mail/presentation/widgets/web/compose/unified_drop_zone_wrapper.dart:133:68: Error: The getter 'toJS' isn't defined for the class 'void Function(Event)'.
Try correcting the name to the name of an existing getter, or defining a getter or field named 'toJS'.
      web.document.removeEventListener('dragover', _handleDragOver.toJS);
                                                                   ^^^^
lib/src/features/mail/presentation/widgets/web/compose/unified_drop_zone_wrapper.dart:134:70: Error: The getter 'toJS' isn't defined for the class 'void Function(Event)'.
Try correcting the name to the name of an existing getter, or defining a getter or field named 'toJS'.
      web.document.removeEventListener('dragleave', _handleDragLeave.toJS);
                                                                     ^^^^
lib/src/features/mail/presentation/widgets/web/compose/unified_drop_zone_wrapper.dart:135:60: Error: The getter 'toJS' isn't defined for the class 'void Function(Event)'.
Try correcting the name to the name of an existing getter, or defining a getter or field named 'toJS'.
      web.document.removeEventListener('drop', _handleDrop.toJS);
                                                           ^^^^
/C:/Users/berkgoknil/AppData/Local/Pub/Cache/hosted/pub.dev/web-1.1.1/lib/src/helpers.dart:25:8: Error: Dart library 'dart:js_interop_unsafe' is not available on this platform.
import 'dart:js_interop_unsafe';
       ^
Context: The unavailable library 'dart:js_interop_unsafe' is imported through these packages:

    package:korgan => package:web => dart:js_interop_unsafe

Detailed import paths for (some of) the these imports:

    package:korgan/main.dart => package:korgan/src/routing/app_router.dart => package:korgan/src/features/mail/presentation/pages/web/mail_page_web.dart => package:korgan/src/features/mail/presentation/widgets/web/c
ompose/mail_compose_modal_web.dart => package:web/web.dart => package:web/src/helpers.dart => package:web/src/helpers/events/events.dart => package:web/src/helpers/events/providers.dart => dart:js_interop_unsafe
    package:korgan/main.dart => package:korgan/src/routing/app_router.dart => package:korgan/src/features/mail/presentation/pages/web/mail_page_web.dart => package:korgan/src/features/mail/presentation/widgets/web/c
ompose/mail_compose_modal_web.dart => package:web/web.dart => package:web/src/helpers.dart => package:web/src/helpers/events/providers.dart => dart:js_interop_unsafe
    package:korgan/main.dart => package:korgan/src/routing/app_router.dart => package:korgan/src/features/mail/presentation/pages/web/mail_page_web.dart => package:korgan/src/features/mail/presentation/widgets/web/c
ompose/mail_compose_modal_web.dart => package:web/web.dart => package:web/src/helpers.dart => package:web/src/helpers/http.dart => package:web/src/helpers/events/events.dart => package:web/src/helpers/events/provide
rs.dart => dart:js_interop_unsafe
    package:korgan/main.dart => package:korgan/src/routing/app_router.dart => package:korgan/src/features/mail/presentation/pages/web/mail_page_web.dart => package:korgan/src/features/mail/presentation/widgets/web/c
ompose/mail_compose_modal_web.dart => package:web/web.dart => package:web/src/helpers.dart => dart:js_interop_unsafe
    package:korgan/main.dart => package:korgan/src/routing/app_router.dart => package:korgan/src/features/mail/presentation/pages/web/mail_page_web.dart => package:korgan/src/features/mail/presentation/widgets/web/c
ompose/mail_compose_modal_web.dart => package:korgan/src/features/mail/presentation/widgets/web/compose/components/compose_rich_editor_widget.dart => package:web/web.dart => package:web/src/helpers.dart => package:w
eb/src/helpers/events/events.dart => package:web/src/helpers/events/providers.dart => dart:js_interop_unsafe
    package:korgan/main.dart => package:korgan/src/routing/app_router.dart => package:korgan/src/features/mail/presentation/pages/web/mail_page_web.dart => package:korgan/src/features/mail/presentation/widgets/web/c
ompose/mail_compose_modal_web.dart => package:korgan/src/features/mail/presentation/widgets/web/compose/components/compose_rich_editor_widget.dart => package:web/web.dart => package:web/src/helpers.dart => package:w
eb/src/helpers/events/providers.dart => dart:js_interop_unsafe
    package:korgan/main.dart => package:korgan/src/routing/app_router.dart => package:korgan/src/features/mail/presentation/pages/web/mail_page_web.dart => package:korgan/src/features/mail/presentation/widgets/web/c
ompose/mail_compose_modal_web.dart => package:korgan/src/features/mail/presentation/widgets/web/compose/components/compose_rich_editor_widget.dart => package:web/web.dart => package:web/src/helpers.dart => package:w
eb/src/helpers/http.dart => package:web/src/helpers/events/events.dart => package:web/src/helpers/events/providers.dart => dart:js_interop_unsafe
    package:korgan/main.dart => package:korgan/src/routing/app_router.dart => package:korgan/src/features/mail/presentation/pages/web/mail_page_web.dart => package:korgan/src/features/mail/presentation/widgets/web/c
ompose/mail_compose_modal_web.dart => package:korgan/src/features/mail/presentation/widgets/web/compose/components/compose_rich_editor_widget.dart => package:web/web.dart => package:web/src/helpers.dart => dart:js_i
nterop_unsafe
    package:korgan/main.dart => package:korgan/src/routing/app_router.dart => package:korgan/src/features/mail/presentation/pages/web/mail_page_web.dart => package:korgan/src/features/mail/presentation/widgets/web/c
ompose/mail_compose_modal_web.dart => package:korgan/src/features/mail/presentation/widgets/web/compose/unified_drop_zone_wrapper.dart => package:web/web.dart => package:web/src/helpers.dart => package:web/src/helpe
rs/events/events.dart => package:web/src/helpers/events/providers.dart => dart:js_interop_unsafe
    package:korgan/main.dart => package:korgan/src/routing/app_router.dart => package:korgan/src/features/mail/presentation/pages/web/mail_page_web.dart => package:korgan/src/features/mail/presentation/widgets/web/c
ompose/mail_compose_modal_web.dart => package:korgan/src/features/mail/presentation/widgets/web/compose/unified_drop_zone_wrapper.dart => package:web/web.dart => package:web/src/helpers.dart => package:web/src/helpe
rs/events/providers.dart => dart:js_interop_unsafe
    package:korgan/main.dart => package:korgan/src/routing/app_router.dart => package:korgan/src/features/mail/presentation/pages/web/mail_page_web.dart => package:korgan/src/features/mail/presentation/widgets/web/c
ompose/mail_compose_modal_web.dart => package:korgan/src/features/mail/presentation/widgets/web/compose/unified_drop_zone_wrapper.dart => package:web/web.dart => package:web/src/helpers.dart => package:web/src/helpe
rs/http.dart => package:web/src/helpers/events/events.dart => package:web/src/helpers/events/providers.dart => dart:js_interop_unsafe
    package:korgan/main.dart => package:korgan/src/routing/app_router.dart => package:korgan/src/features/mail/presentation/pages/web/mail_page_web.dart => package:korgan/src/features/mail/presentation/widgets/web/c
ompose/mail_compose_modal_web.dart => package:korgan/src/features/mail/presentation/widgets/web/compose/unified_drop_zone_wrapper.dart => package:web/web.dart => package:web/src/helpers.dart => dart:js_interop_unsaf
e

/C:/Users/berkgoknil/AppData/Local/Pub/Cache/hosted/pub.dev/web-1.1.1/lib/src/helpers.dart:24:8: Error: Dart library 'dart:js_interop' is not available on this platform.
import 'dart:js_interop';
       ^
/C:/Users/berkgoknil/AppData/Local/Pub/Cache/hosted/pub.dev/web-1.1.1/lib/src/helpers.dart:81:10: Error: Type 'JSFunction' not found.
external JSFunction get _audioConstructor;
         ^^^^^^^^^^
/C:/Users/berkgoknil/AppData/Local/Pub/Cache/hosted/pub.dev/web-1.1.1/lib/src/helpers.dart:80:2: Error: Couldn't find constructor 'JS'.
@JS('Audio')
 ^^
/C:/Users/berkgoknil/AppData/Local/Pub/Cache/hosted/pub.dev/web-1.1.1/lib/src/helpers/lists.dart:6:8: Error: Dart library 'dart:js_interop' is not available on this platform.
import 'dart:js_interop';
       ^
/C:/Users/berkgoknil/AppData/Local/Pub/Cache/hosted/pub.dev/web-1.1.1/lib/src/helpers/lists.dart:11:34: Error: Type 'JSObject' not found.
extension type _JSList<T extends JSObject>(JSObject _) implements JSObject {
                                 ^^^^^^^^
/C:/Users/berkgoknil/AppData/Local/Pub/Cache/hosted/pub.dev/web-1.1.1/lib/src/helpers/lists.dart:11:44: Error: Type 'JSObject' not found.
extension type _JSList<T extends JSObject>(JSObject _) implements JSObject {
                                           ^^^^^^^^
/C:/Users/berkgoknil/AppData/Local/Pub/Cache/hosted/pub.dev/web-1.1.1/lib/src/helpers/lists.dart:11:67: Error: Type 'JSObject' not found.
extension type _JSList<T extends JSObject>(JSObject _) implements JSObject {
                                                                  ^^^^^^^^
/C:/Users/berkgoknil/AppData/Local/Pub/Cache/hosted/pub.dev/web-1.1.1/lib/src/helpers/lists.dart:23:60: Error: Type 'JSObject' not found.
class JSImmutableListWrapper<T extends JSObject, U extends JSObject>
                                                           ^^^^^^^^
/C:/Users/berkgoknil/AppData/Local/Pub/Cache/hosted/pub.dev/web-1.1.1/lib/src/helpers/lists.dart:23:40: Error: Type 'JSObject' not found.
class JSImmutableListWrapper<T extends JSObject, U extends JSObject>
                                       ^^^^^^^^
/C:/Users/berkgoknil/AppData/Local/Pub/Cache/hosted/pub.dev/web-1.1.1/lib/src/helpers/lists.dart:11:67: Error: The type 'JSObject' can't be implemented by an extension type.
extension type _JSList<T extends JSObject>(JSObject _) implements JSObject {
                                                                  ^
/C:/Users/berkgoknil/AppData/Local/Pub/Cache/hosted/pub.dev/web-1.1.1/lib/src/helpers/lists.dart:11:44: Error: 'JSObject' isn't a type.
extension type _JSList<T extends JSObject>(JSObject _) implements JSObject {
                                           ^^^^^^^^
/C:/Users/berkgoknil/AppData/Local/Pub/Cache/hosted/pub.dev/web-1.1.1/lib/src/helpers/http.dart:6:8: Error: Dart library 'dart:js_interop' is not available on this platform.
import 'dart:js_interop';
       ^
/C:/Users/berkgoknil/AppData/Local/Pub/Cache/hosted/pub.dev/web-1.1.1/lib/src/helpers/http.dart:245:33: Error: The argument type 'ProgressEvent' can't be assigned to the parameter type 'Object' because 'ProgressEven
t' is nullable and 'Object' isn't.
 - 'Object' is from 'dart:core'.
        completer.completeError(e);
                                ^
/C:/Users/berkgoknil/AppData/Local/Pub/Cache/hosted/pub.dev/web-1.1.1/lib/src/helpers/http.dart:249:34: Error: The argument type 'void Function(Object, [StackTrace?])' can't be assigned to the parameter type 'void F
unction(ProgressEvent)?' because 'ProgressEvent' is nullable and 'Object' isn't.
 - 'Object' is from 'dart:core'.
 - 'StackTrace' is from 'dart:core'.
    xhr.onError.listen(completer.completeError);
                                 ^
/C:/Users/berkgoknil/AppData/Local/Pub/Cache/hosted/pub.dev/web-1.1.1/lib/src/helpers/http.dart:252:46: Error: The getter 'toJS' isn't defined for the class 'String'.
Try correcting the name to the name of an existing getter, or defining a getter or field named 'toJS'.
      xhr.send(sendData is String ? sendData.toJS : sendData.jsify());
                                             ^^^^
/C:/Users/berkgoknil/AppData/Local/Pub/Cache/hosted/pub.dev/web-1.1.1/lib/src/helpers/http.dart:252:62: Error: The method 'jsify' isn't defined for the class 'Object'.
 - 'Object' is from 'dart:core'.
Try correcting the name to the name of an existing method, or defining a method named 'jsify'.
      xhr.send(sendData is String ? sendData.toJS : sendData.jsify());
                                                             ^^^^^
/C:/Users/berkgoknil/AppData/Local/Pub/Cache/hosted/pub.dev/web-1.1.1/lib/src/helpers/events/streams.dart:6:8: Error: Dart library 'dart:js_interop' is not available on this platform.
import 'dart:js_interop';
       ^
/C:/Users/berkgoknil/AppData/Local/Pub/Cache/hosted/pub.dev/web-1.1.1/lib/src/helpers/events/streams.dart:119:7: Error: A value of type '_EventStream<T>' can't be returned from a function with return type 'Stream<T>
' because 'T' is nullable and 'T' isn't.
 - '_EventStream' is from 'package:web/src/helpers/events/streams.dart' ('/C:/Users/berkgoknil/AppData/Local/Pub/Cache/hosted/pub.dev/web-1.1.1/lib/src/helpers/events/streams.dart').
 - 'Stream' is from 'dart:async'.
      this;
      ^
/C:/Users/berkgoknil/AppData/Local/Pub/Cache/hosted/pub.dev/web-1.1.1/lib/src/helpers/events/streams.dart:165:69: Error: The getter 'toJS' isn't defined for the class 'void Function(Event)'.
Try correcting the name to the name of an existing getter, or defining a getter or field named 'toJS'.
            : _wrapZone<html.Event>((e) => (onData as dynamic)(e))?.toJS {
                                                                    ^^^^
/C:/Users/berkgoknil/AppData/Local/Pub/Cache/hosted/pub.dev/web-1.1.1/lib/src/helpers/events/streams.dart:218:69: Error: The getter 'toJS' isn't defined for the class 'void Function(Event)'.
Try correcting the name to the name of an existing getter, or defining a getter or field named 'toJS'.
        : _wrapZone<html.Event>((e) => (handleData as dynamic)(e))?.toJS;
                                                                    ^^^^
/C:/Users/berkgoknil/AppData/Local/Pub/Cache/hosted/pub.dev/web-1.1.1/lib/src/helpers/events/streams.dart:253:66: Error: The getter 'toJS' isn't defined for the class 'bool'.
Try correcting the name to the name of an existing getter, or defining a getter or field named 'toJS'.
      _target!.addEventListener(_eventType, _onData, _useCapture.toJS);
                                                                 ^^^^
/C:/Users/berkgoknil/AppData/Local/Pub/Cache/hosted/pub.dev/web-1.1.1/lib/src/helpers/events/streams.dart:259:69: Error: The getter 'toJS' isn't defined for the class 'bool'.
Try correcting the name to the name of an existing getter, or defining a getter or field named 'toJS'.
      _target!.removeEventListener(_eventType, _onData, _useCapture.toJS);
                                                                    ^^^^
/C:/Users/berkgoknil/AppData/Local/Pub/Cache/hosted/pub.dev/web-1.1.1/lib/src/helpers/events/streams.dart:441:38: Error: The argument type 'void Function(T)?' can't be assigned to the parameter type 'void Function(T
)?' because 'T' is nullable and 'T' isn't.
      streamController.stream.listen(onData,
                                     ^
/C:/Users/berkgoknil/AppData/Local/Pub/Cache/hosted/pub.dev/web-1.1.1/lib/src/helpers/events/streams.dart:441:31: Error: A value of type 'StreamSubscription<T>' can't be returned from a function with return type 'St
reamSubscription<T>' because 'T' is nullable and 'T' isn't.
 - 'StreamSubscription' is from 'dart:async'.
      streamController.stream.listen(onData,
                              ^
/C:/Users/berkgoknil/AppData/Local/Pub/Cache/hosted/pub.dev/web-1.1.1/lib/src/helpers/events/streams.dart:448:24: Error: A value of type 'Stream<T>' can't be returned from a function with return type 'Stream<T>' bec
ause 'T' is nullable and 'T' isn't.
 - 'Stream' is from 'dart:async'.
      streamController.stream;
                       ^
/C:/Users/berkgoknil/AppData/Local/Pub/Cache/hosted/pub.dev/web-1.1.1/lib/src/dom/xhr.dart:16:8: Error: Dart library 'dart:js_interop' is not available on this platform.
import 'dart:js_interop';
       ^
/C:/Users/berkgoknil/AppData/Local/Pub/Cache/hosted/pub.dev/web-1.1.1/lib/src/dom/xhr.dart:21:30: Error: Type 'JSAny' not found.
typedef FormDataEntryValue = JSAny;
                             ^^^^^
/C:/Users/berkgoknil/AppData/Local/Pub/Cache/hosted/pub.dev/web-1.1.1/lib/src/dom/xhr.dart:36:44: Error: Type 'JSObject' not found.
extension type XMLHttpRequestEventTarget._(JSObject _)
                                           ^^^^^^^^
/C:/Users/berkgoknil/AppData/Local/Pub/Cache/hosted/pub.dev/web-1.1.1/lib/src/dom/xhr.dart:37:29: Error: Type 'JSObject' not found.
    implements EventTarget, JSObject {
                            ^^^^^^^^
/C:/Users/berkgoknil/AppData/Local/Pub/Cache/hosted/pub.dev/web-1.1.1/lib/src/dom/xhr.dart:66:39: Error: Type 'JSObject' not found.
extension type XMLHttpRequestUpload._(JSObject _)
                                      ^^^^^^^^
/C:/Users/berkgoknil/AppData/Local/Pub/Cache/hosted/pub.dev/web-1.1.1/lib/src/dom/xhr.dart:67:43: Error: Type 'JSObject' not found.
    implements XMLHttpRequestEventTarget, JSObject {}
                                          ^^^^^^^^
/C:/Users/berkgoknil/AppData/Local/Pub/Cache/hosted/pub.dev/web-1.1.1/lib/src/dom/xhr.dart:90:33: Error: Type 'JSObject' not found.
extension type XMLHttpRequest._(JSObject _)
                                ^^^^^^^^
/C:/Users/berkgoknil/AppData/Local/Pub/Cache/hosted/pub.dev/web-1.1.1/lib/src/dom/xhr.dart:91:43: Error: Type 'JSObject' not found.
    implements XMLHttpRequestEventTarget, JSObject {
                                          ^^^^^^^^
/C:/Users/berkgoknil/AppData/Local/Pub/Cache/hosted/pub.dev/web-1.1.1/lib/src/dom/xhr.dart:178:23: Error: Type 'JSAny' not found.
  external void send([JSAny? body]);
                      ^^^^^
/C:/Users/berkgoknil/AppData/Local/Pub/Cache/hosted/pub.dev/web-1.1.1/lib/src/dom/xhr.dart:448:12: Error: Type 'JSAny' not found.
  external JSAny? get response;
           ^^^^^
/C:/Users/berkgoknil/AppData/Local/Pub/Cache/hosted/pub.dev/web-1.1.1/lib/src/dom/xhr.dart:502:27: Error: Type 'JSObject' not found.
extension type FormData._(JSObject _) implements JSObject {
                          ^^^^^^^^
/C:/Users/berkgoknil/AppData/Local/Pub/Cache/hosted/pub.dev/web-1.1.1/lib/src/dom/xhr.dart:502:50: Error: Type 'JSObject' not found.
extension type FormData._(JSObject _) implements JSObject {
                                                 ^^^^^^^^
/C:/Users/berkgoknil/AppData/Local/Pub/Cache/hosted/pub.dev/web-1.1.1/lib/src/dom/xhr.dart:518:5: Error: Type 'JSAny' not found.
    JSAny blobValueOrValue, [
    ^^^^^
/C:/Users/berkgoknil/AppData/Local/Pub/Cache/hosted/pub.dev/web-1.1.1/lib/src/dom/xhr.dart:535:12: Error: Type 'JSArray' not found.
  external JSArray<FormDataEntryValue> getAll(String name);
           ^^^^^^^
/C:/Users/berkgoknil/AppData/Local/Pub/Cache/hosted/pub.dev/web-1.1.1/lib/src/dom/xhr.dart:551:5: Error: Type 'JSAny' not found.
    JSAny blobValueOrValue, [
    ^^^^^
/C:/Users/berkgoknil/AppData/Local/Pub/Cache/hosted/pub.dev/web-1.1.1/lib/src/dom/xhr.dart:565:32: Error: Type 'JSObject' not found.
extension type ProgressEvent._(JSObject _) implements Event, JSObject {
                               ^^^^^^^^
/C:/Users/berkgoknil/AppData/Local/Pub/Cache/hosted/pub.dev/web-1.1.1/lib/src/dom/xhr.dart:565:62: Error: Type 'JSObject' not found.
extension type ProgressEvent._(JSObject _) implements Event, JSObject {
                                                             ^^^^^^^^
/C:/Users/berkgoknil/AppData/Local/Pub/Cache/hosted/pub.dev/web-1.1.1/lib/src/dom/xhr.dart:605:36: Error: Type 'JSObject' not found.
extension type ProgressEventInit._(JSObject _) implements EventInit, JSObject {
                                   ^^^^^^^^
/C:/Users/berkgoknil/AppData/Local/Pub/Cache/hosted/pub.dev/web-1.1.1/lib/src/dom/xhr.dart:605:70: Error: Type 'JSObject' not found.
extension type ProgressEventInit._(JSObject _) implements EventInit, JSObject {
                                                                     ^^^^^^^^
/C:/Users/berkgoknil/AppData/Local/Pub/Cache/hosted/pub.dev/web-1.1.1/lib/src/dom/xhr.dart:37:29: Error: The type 'JSObject' can't be implemented by an extension type.
    implements EventTarget, JSObject {
                            ^
/C:/Users/berkgoknil/AppData/Local/Pub/Cache/hosted/pub.dev/web-1.1.1/lib/src/dom/xhr.dart:67:43: Error: The type 'JSObject' can't be implemented by an extension type.
    implements XMLHttpRequestEventTarget, JSObject {}
                                          ^
/C:/Users/berkgoknil/AppData/Local/Pub/Cache/hosted/pub.dev/web-1.1.1/lib/src/dom/xhr.dart:91:43: Error: The type 'JSObject' can't be implemented by an extension type.
    implements XMLHttpRequestEventTarget, JSObject {
                                          ^
/C:/Users/berkgoknil/AppData/Local/Pub/Cache/hosted/pub.dev/web-1.1.1/lib/src/dom/xhr.dart:502:50: Error: The type 'JSObject' can't be implemented by an extension type.
extension type FormData._(JSObject _) implements JSObject {
                                                 ^
/C:/Users/berkgoknil/AppData/Local/Pub/Cache/hosted/pub.dev/web-1.1.1/lib/src/dom/xhr.dart:565:62: Error: The type 'JSObject' can't be implemented by an extension type.
extension type ProgressEvent._(JSObject _) implements Event, JSObject {
                                                             ^
/C:/Users/berkgoknil/AppData/Local/Pub/Cache/hosted/pub.dev/web-1.1.1/lib/src/dom/xhr.dart:605:70: Error: The type 'JSObject' can't be implemented by an extension type.
extension type ProgressEventInit._(JSObject _) implements EventInit, JSObject {
                                                                     ^
/C:/Users/berkgoknil/AppData/Local/Pub/Cache/hosted/pub.dev/web-1.1.1/lib/src/dom/xhr.dart:13:2: Error: Couldn't find constructor 'JS'.
@JS()
 ^^
/C:/Users/berkgoknil/AppData/Local/Pub/Cache/hosted/pub.dev/web-1.1.1/lib/src/dom/xhr.dart:36:44: Error: 'JSObject' isn't a type.
extension type XMLHttpRequestEventTarget._(JSObject _)
                                           ^^^^^^^^
/C:/Users/berkgoknil/AppData/Local/Pub/Cache/hosted/pub.dev/web-1.1.1/lib/src/dom/xhr.dart:66:39: Error: 'JSObject' isn't a type.
extension type XMLHttpRequestUpload._(JSObject _)
                                      ^^^^^^^^
/C:/Users/berkgoknil/AppData/Local/Pub/Cache/hosted/pub.dev/web-1.1.1/lib/src/dom/xhr.dart:90:33: Error: 'JSObject' isn't a type.
extension type XMLHttpRequest._(JSObject _)
                                ^^^^^^^^
/C:/Users/berkgoknil/AppData/Local/Pub/Cache/hosted/pub.dev/web-1.1.1/lib/src/dom/xhr.dart:178:23: Error: 'JSAny' isn't a type.
  external void send([JSAny? body]);
                      ^^^^^
/C:/Users/berkgoknil/AppData/Local/Pub/Cache/hosted/pub.dev/web-1.1.1/lib/src/dom/xhr.dart:502:27: Error: 'JSObject' isn't a type.
extension type FormData._(JSObject _) implements JSObject {
                          ^^^^^^^^
/C:/Users/berkgoknil/AppData/Local/Pub/Cache/hosted/pub.dev/web-1.1.1/lib/src/dom/xhr.dart:518:5: Error: 'JSAny' isn't a type.
    JSAny blobValueOrValue, [
    ^^^^^
/C:/Users/berkgoknil/AppData/Local/Pub/Cache/hosted/pub.dev/web-1.1.1/lib/src/dom/xhr.dart:551:5: Error: 'JSAny' isn't a type.
    JSAny blobValueOrValue, [
    ^^^^^
/C:/Users/berkgoknil/AppData/Local/Pub/Cache/hosted/pub.dev/web-1.1.1/lib/src/dom/xhr.dart:565:32: Error: 'JSObject' isn't a type.
extension type ProgressEvent._(JSObject _) implements Event, JSObject {
                               ^^^^^^^^
/C:/Users/berkgoknil/AppData/Local/Pub/Cache/hosted/pub.dev/web-1.1.1/lib/src/dom/xhr.dart:605:36: Error: 'JSObject' isn't a type.
extension type ProgressEventInit._(JSObject _) implements EventInit, JSObject {
                                   ^^^^^^^^
/C:/Users/berkgoknil/AppData/Local/Pub/Cache/hosted/pub.dev/web-1.1.1/lib/src/dom/html.dart:16:8: Error: Dart library 'dart:js_interop' is not available on this platform.
import 'dart:js_interop';
       ^
/C:/Users/berkgoknil/AppData/Local/Pub/Cache/hosted/pub.dev/web-1.1.1/lib/src/dom/html.dart:62:34: Error: Type 'JSObject' not found.
typedef HTMLOrSVGScriptElement = JSObject;
                                 ^^^^^^^^
/C:/Users/berkgoknil/AppData/Local/Pub/Cache/hosted/pub.dev/web-1.1.1/lib/src/dom/html.dart:63:25: Error: Type 'JSObject' not found.
typedef MediaProvider = JSObject;
                        ^^^^^^^^
/C:/Users/berkgoknil/AppData/Local/Pub/Cache/hosted/pub.dev/web-1.1.1/lib/src/dom/html.dart:64:28: Error: Type 'JSObject' not found.
typedef RenderingContext = JSObject;
                           ^^^^^^^^
/C:/Users/berkgoknil/AppData/Local/Pub/Cache/hosted/pub.dev/web-1.1.1/lib/src/dom/html.dart:65:33: Error: Type 'JSObject' not found.
typedef HTMLOrSVGImageElement = JSObject;
                                ^^^^^^^^
/C:/Users/berkgoknil/AppData/Local/Pub/Cache/hosted/pub.dev/web-1.1.1/lib/src/dom/html.dart:66:29: Error: Type 'JSObject' not found.
typedef CanvasImageSource = JSObject;
                            ^^^^^^^^
/C:/Users/berkgoknil/AppData/Local/Pub/Cache/hosted/pub.dev/web-1.1.1/lib/src/dom/html.dart:67:37: Error: Type 'JSObject' not found.
typedef OffscreenRenderingContext = JSObject;
                                    ^^^^^^^^
/C:/Users/berkgoknil/AppData/Local/Pub/Cache/hosted/pub.dev/web-1.1.1/lib/src/dom/html.dart:71:24: Error: Type 'JSAny' not found.
typedef TimerHandler = JSAny;
                       ^^^^^
/C:/Users/berkgoknil/AppData/Local/Pub/Cache/hosted/pub.dev/web-1.1.1/lib/src/dom/html.dart:72:29: Error: Type 'JSObject' not found.
typedef ImageBitmapSource = JSObject;
                            ^^^^^^^^
/C:/Users/berkgoknil/AppData/Local/Pub/Cache/hosted/pub.dev/web-1.1.1/lib/src/dom/html.dart:73:30: Error: Type 'JSObject' not found.
typedef MessageEventSource = JSObject;
                             ^^^^^^^^
/C:/Users/berkgoknil/AppData/Local/Pub/Cache/hosted/pub.dev/web-1.1.1/lib/src/dom/html.dart:74:24: Error: Type 'JSFunction' not found.
typedef BlobCallback = JSFunction;
                       ^^^^^^^^^^
/C:/Users/berkgoknil/AppData/Local/Pub/Cache/hosted/pub.dev/web-1.1.1/lib/src/dom/html.dart:75:36: Error: Type 'JSFunction' not found.
typedef CustomElementConstructor = JSFunction;
                                   ^^^^^^^^^^
/C:/Users/berkgoknil/AppData/Local/Pub/Cache/hosted/pub.dev/web-1.1.1/lib/src/dom/html.dart:76:34: Error: Type 'JSFunction' not found.
typedef FunctionStringCallback = JSFunction;
                                 ^^^^^^^^^^
/C:/Users/berkgoknil/AppData/Local/Pub/Cache/hosted/pub.dev/web-1.1.1/lib/src/dom/html.dart:77:31: Error: Type 'JSFunction' not found.
typedef EventHandlerNonNull = JSFunction;
                              ^^^^^^^^^^
/C:/Users/berkgoknil/AppData/Local/Pub/Cache/hosted/pub.dev/web-1.1.1/lib/src/dom/html.dart:78:38: Error: Type 'JSFunction' not found.
typedef OnErrorEventHandlerNonNull = JSFunction;
                                     ^^^^^^^^^^
/C:/Users/berkgoknil/AppData/Local/Pub/Cache/hosted/pub.dev/web-1.1.1/lib/src/dom/html.dart:79:45: Error: Type 'JSFunction' not found.
typedef OnBeforeUnloadEventHandlerNonNull = JSFunction;
                                            ^^^^^^^^^^
/C:/Users/berkgoknil/AppData/Local/Pub/Cache/hosted/pub.dev/web-1.1.1/lib/src/dom/html.dart:80:32: Error: Type 'JSFunction' not found.
typedef FrameRequestCallback = JSFunction;
                               ^^^^^^^^^^
/C:/Users/berkgoknil/AppData/Local/Pub/Cache/hosted/pub.dev/web-1.1.1/lib/src/dom/html.dart:123:36: Error: Type 'JSObject' not found.
extension type HTMLAllCollection._(JSObject _) implements JSObject {
                                   ^^^^^^^^
/C:/Users/berkgoknil/AppData/Local/Pub/Cache/hosted/pub.dev/web-1.1.1/lib/src/dom/html.dart:123:59: Error: Type 'JSObject' not found.
extension type HTMLAllCollection._(JSObject _) implements JSObject {
                                                          ^^^^^^^^
/C:/Users/berkgoknil/AppData/Local/Pub/Cache/hosted/pub.dev/web-1.1.1/lib/src/dom/html.dart:129:12: Error: Type 'JSObject' not found.
  external JSObject? namedItem(String name);
           ^^^^^^^^
/C:/Users/berkgoknil/AppData/Local/Pub/Cache/hosted/pub.dev/web-1.1.1/lib/src/dom/html.dart:134:12: Error: Type 'JSObject' not found.
  external JSObject? item([String nameOrIndex]);
           ^^^^^^^^
/C:/Users/berkgoknil/AppData/Local/Pub/Cache/hosted/pub.dev/web-1.1.1/lib/src/dom/html.dart:152:45: Error: Type 'JSObject' not found.
extension type HTMLFormControlsCollection._(JSObject _)
                                            ^^^^^^^^
/C:/Users/berkgoknil/AppData/Local/Pub/Cache/hosted/pub.dev/web-1.1.1/lib/src/dom/html.dart:153:32: Error: Type 'JSObject' not found.
    implements HTMLCollection, JSObject {
                               ^^^^^^^^
/C:/Users/berkgoknil/AppData/Local/Pub/Cache/hosted/pub.dev/web-1.1.1/lib/src/dom/html.dart:163:12: Error: Type 'JSObject' not found.
  external JSObject? namedItem(String name);
           ^^^^^^^^
/C:/Users/berkgoknil/AppData/Local/Pub/Cache/hosted/pub.dev/web-1.1.1/lib/src/dom/html.dart:173:32: Error: Type 'JSObject' not found.
extension type RadioNodeList._(JSObject _) implements NodeList, JSObject {
                               ^^^^^^^^
/C:/Users/berkgoknil/AppData/Local/Pub/Cache/hosted/pub.dev/web-1.1.1/lib/src/dom/html.dart:173:65: Error: Type 'JSObject' not found.
extension type RadioNodeList._(JSObject _) implements NodeList, JSObject {
                                                                ^^^^^^^^
/C:/Users/berkgoknil/AppData/Local/Pub/Cache/hosted/pub.dev/web-1.1.1/lib/src/dom/html.dart:200:40: Error: Type 'JSObject' not found.
extension type HTMLOptionsCollection._(JSObject _)
                                       ^^^^^^^^
/C:/Users/berkgoknil/AppData/Local/Pub/Cache/hosted/pub.dev/web-1.1.1/lib/src/dom/html.dart:201:32: Error: Type 'JSObject' not found.
    implements HTMLCollection, JSObject {
                               ^^^^^^^^
/C:/Users/berkgoknil/AppData/Local/Pub/Cache/hosted/pub.dev/web-1.1.1/lib/src/dom/html.dart:207:5: Error: Type 'JSObject' not found.
    JSObject element, [
    ^^^^^^^^
/C:/Users/berkgoknil/AppData/Local/Pub/Cache/hosted/pub.dev/web-1.1.1/lib/src/dom/html.dart:208:5: Error: Type 'JSAny' not found.
    JSAny? before,
    ^^^^^
/C:/Users/berkgoknil/AppData/Local/Pub/Cache/hosted/pub.dev/web-1.1.1/lib/src/dom/html.dart:246:32: Error: Type 'JSObject' not found.
extension type DOMStringList._(JSObject _) implements JSObject {
                               ^^^^^^^^
/C:/Users/berkgoknil/AppData/Local/Pub/Cache/hosted/pub.dev/web-1.1.1/lib/src/dom/html.dart:246:55: Error: Type 'JSObject' not found.
extension type DOMStringList._(JSObject _) implements JSObject {
                                                      ^^^^^^^^
/C:/Users/berkgoknil/AppData/Local/Pub/Cache/hosted/pub.dev/web-1.1.1/lib/src/dom/html.dart:270:30: Error: Type 'JSObject' not found.
extension type HTMLElement._(JSObject _) implements Element, JSObject {
                             ^^^^^^^^
/C:/Users/berkgoknil/AppData/Local/Pub/Cache/hosted/pub.dev/web-1.1.1/lib/src/dom/html.dart:270:62: Error: Type 'JSObject' not found.
extension type HTMLElement._(JSObject _) implements Element, JSObject {
                                                             ^^^^^^^^
/C:/Users/berkgoknil/AppData/Local/Pub/Cache/hosted/pub.dev/web-1.1.1/lib/src/dom/html.dart:579:12: Error: Type 'JSAny' not found.
  external JSAny? get hidden;
           ^^^^^
/C:/Users/berkgoknil/AppData/Local/Pub/Cache/hosted/pub.dev/web-1.1.1/lib/src/dom/html.dart:580:23: Error: Type 'JSAny' not found.
  external set hidden(JSAny? value);
                      ^^^^^
/C:/Users/berkgoknil/AppData/Local/Pub/Cache/hosted/pub.dev/web-1.1.1/lib/src/dom/html.dart:1246:37: Error: Type 'JSObject' not found.
extension type HTMLUnknownElement._(JSObject _)
                                    ^^^^^^^^
/C:/Users/berkgoknil/AppData/Local/Pub/Cache/hosted/pub.dev/web-1.1.1/lib/src/dom/html.dart:1247:29: Error: Type 'JSObject' not found.
    implements HTMLElement, JSObject {
                            ^^^^^^^^
/C:/Users/berkgoknil/AppData/Local/Pub/Cache/hosted/pub.dev/web-1.1.1/lib/src/dom/html.dart:1280:31: Error: Type 'JSObject' not found.
extension type DOMStringMap._(JSObject _) implements JSObject {
                              ^^^^^^^^
/C:/Users/berkgoknil/AppData/Local/Pub/Cache/hosted/pub.dev/web-1.1.1/lib/src/dom/html.dart:1280:54: Error: Type 'JSObject' not found.
extension type DOMStringMap._(JSObject _) implements JSObject {
                                                     ^^^^^^^^
/C:/Users/berkgoknil/AppData/Local/Pub/Cache/hosted/pub.dev/web-1.1.1/lib/src/dom/html.dart:1299:34: Error: Type 'JSObject' not found.
extension type HTMLHtmlElement._(JSObject _) implements HTMLElement, JSObject {
                                 ^^^^^^^^
/C:/Users/berkgoknil/AppData/Local/Pub/Cache/hosted/pub.dev/web-1.1.1/lib/src/dom/html.dart:1299:70: Error: Type 'JSObject' not found.
extension type HTMLHtmlElement._(JSObject _) implements HTMLElement, JSObject {
                                                                     ^^^^^^^^
/C:/Users/berkgoknil/AppData/Local/Pub/Cache/hosted/pub.dev/web-1.1.1/lib/src/dom/html.dart:1322:34: Error: Type 'JSObject' not found.
extension type HTMLHeadElement._(JSObject _) implements HTMLElement, JSObject {
                                 ^^^^^^^^
/C:/Users/berkgoknil/AppData/Local/Pub/Cache/hosted/pub.dev/web-1.1.1/lib/src/dom/html.dart:1322:70: Error: Type 'JSObject' not found.
extension type HTMLHeadElement._(JSObject _) implements HTMLElement, JSObject {
                                                                     ^^^^^^^^
/C:/Users/berkgoknil/AppData/Local/Pub/Cache/hosted/pub.dev/web-1.1.1/lib/src/dom/html.dart:1335:35: Error: Type 'JSObject' not found.
extension type HTMLTitleElement._(JSObject _) implements HTMLElement, JSObject {
                                  ^^^^^^^^
/C:/Users/berkgoknil/AppData/Local/Pub/Cache/hosted/pub.dev/web-1.1.1/lib/src/dom/html.dart:1335:71: Error: Type 'JSObject' not found.
extension type HTMLTitleElement._(JSObject _) implements HTMLElement, JSObject {
                                                                      ^^^^^^^^
/C:/Users/berkgoknil/AppData/Local/Pub/Cache/hosted/pub.dev/web-1.1.1/lib/src/dom/html.dart:1354:34: Error: Type 'JSObject' not found.
extension type HTMLBaseElement._(JSObject _) implements HTMLElement, JSObject {
                                 ^^^^^^^^
/C:/Users/berkgoknil/AppData/Local/Pub/Cache/hosted/pub.dev/web-1.1.1/lib/src/dom/html.dart:1354:70: Error: Type 'JSObject' not found.
extension type HTMLBaseElement._(JSObject _) implements HTMLElement, JSObject {
                                                                     ^^^^^^^^
/C:/Users/berkgoknil/AppData/Local/Pub/Cache/hosted/pub.dev/web-1.1.1/lib/src/dom/html.dart:1387:34: Error: Type 'JSObject' not found.
extension type HTMLLinkElement._(JSObject _) implements HTMLElement, JSObject {
                                 ^^^^^^^^
/C:/Users/berkgoknil/AppData/Local/Pub/Cache/hosted/pub.dev/web-1.1.1/lib/src/dom/html.dart:1387:70: Error: Type 'JSObject' not found.
extension type HTMLLinkElement._(JSObject _) implements HTMLElement, JSObject {
                                                                     ^^^^^^^^
/C:/Users/berkgoknil/AppData/Local/Pub/Cache/hosted/pub.dev/web-1.1.1/lib/src/dom/html.dart:1537:34: Error: Type 'JSObject' not found.
extension type HTMLMetaElement._(JSObject _) implements HTMLElement, JSObject {
                                 ^^^^^^^^
/C:/Users/berkgoknil/AppData/Local/Pub/Cache/hosted/pub.dev/web-1.1.1/lib/src/dom/html.dart:1537:70: Error: Type 'JSObject' not found.
extension type HTMLMetaElement._(JSObject _) implements HTMLElement, JSObject {
                                                                     ^^^^^^^^
/C:/Users/berkgoknil/AppData/Local/Pub/Cache/hosted/pub.dev/web-1.1.1/lib/src/dom/html.dart:1607:35: Error: Type 'JSObject' not found.
extension type HTMLStyleElement._(JSObject _) implements HTMLElement, JSObject {
                                  ^^^^^^^^
/C:/Users/berkgoknil/AppData/Local/Pub/Cache/hosted/pub.dev/web-1.1.1/lib/src/dom/html.dart:1607:71: Error: Type 'JSObject' not found.
extension type HTMLStyleElement._(JSObject _) implements HTMLElement, JSObject {
                                                                      ^^^^^^^^
/C:/Users/berkgoknil/AppData/Local/Pub/Cache/hosted/pub.dev/web-1.1.1/lib/src/dom/html.dart:1650:34: Error: Type 'JSObject' not found.
extension type HTMLBodyElement._(JSObject _) implements HTMLElement, JSObject {
                                 ^^^^^^^^
/C:/Users/berkgoknil/AppData/Local/Pub/Cache/hosted/pub.dev/web-1.1.1/lib/src/dom/html.dart:1650:70: Error: Type 'JSObject' not found.
extension type HTMLBodyElement._(JSObject _) implements HTMLElement, JSObject {
                                                                     ^^^^^^^^
/C:/Users/berkgoknil/AppData/Local/Pub/Cache/hosted/pub.dev/web-1.1.1/lib/src/dom/html.dart:1715:37: Error: Type 'JSObject' not found.
extension type HTMLHeadingElement._(JSObject _)
                                    ^^^^^^^^
/C:/Users/berkgoknil/AppData/Local/Pub/Cache/hosted/pub.dev/web-1.1.1/lib/src/dom/html.dart:1716:29: Error: Type 'JSObject' not found.
    implements HTMLElement, JSObject {
                            ^^^^^^^^
/C:/Users/berkgoknil/AppData/Local/Pub/Cache/hosted/pub.dev/web-1.1.1/lib/src/dom/html.dart:1747:39: Error: Type 'JSObject' not found.
extension type HTMLParagraphElement._(JSObject _)
                                      ^^^^^^^^
/C:/Users/berkgoknil/AppData/Local/Pub/Cache/hosted/pub.dev/web-1.1.1/lib/src/dom/html.dart:1748:29: Error: Type 'JSObject' not found.
    implements HTMLElement, JSObject {
                            ^^^^^^^^
/C:/Users/berkgoknil/AppData/Local/Pub/Cache/hosted/pub.dev/web-1.1.1/lib/src/dom/html.dart:1764:32: Error: Type 'JSObject' not found.
extension type HTMLHRElement._(JSObject _) implements HTMLElement, JSObject {
                               ^^^^^^^^
/C:/Users/berkgoknil/AppData/Local/Pub/Cache/hosted/pub.dev/web-1.1.1/lib/src/dom/html.dart:1764:68: Error: Type 'JSObject' not found.
extension type HTMLHRElement._(JSObject _) implements HTMLElement, JSObject {
                                                                   ^^^^^^^^
/C:/Users/berkgoknil/AppData/Local/Pub/Cache/hosted/pub.dev/web-1.1.1/lib/src/dom/html.dart:1788:33: Error: Type 'JSObject' not found.
extension type HTMLPreElement._(JSObject _) implements HTMLElement, JSObject {
                                ^^^^^^^^
/C:/Users/berkgoknil/AppData/Local/Pub/Cache/hosted/pub.dev/web-1.1.1/lib/src/dom/html.dart:1788:69: Error: Type 'JSObject' not found.
extension type HTMLPreElement._(JSObject _) implements HTMLElement, JSObject {
                                                                    ^^^^^^^^
/C:/Users/berkgoknil/AppData/Local/Pub/Cache/hosted/pub.dev/web-1.1.1/lib/src/dom/html.dart:1811:35: Error: Type 'JSObject' not found.
extension type HTMLQuoteElement._(JSObject _) implements HTMLElement, JSObject {
                                  ^^^^^^^^
/C:/Users/berkgoknil/AppData/Local/Pub/Cache/hosted/pub.dev/web-1.1.1/lib/src/dom/html.dart:1811:71: Error: Type 'JSObject' not found.
extension type HTMLQuoteElement._(JSObject _) implements HTMLElement, JSObject {
                                                                      ^^^^^^^^
/C:/Users/berkgoknil/AppData/Local/Pub/Cache/hosted/pub.dev/web-1.1.1/lib/src/dom/html.dart:1830:35: Error: Type 'JSObject' not found.
extension type HTMLOListElement._(JSObject _) implements HTMLElement, JSObject {
                                  ^^^^^^^^
/C:/Users/berkgoknil/AppData/Local/Pub/Cache/hosted/pub.dev/web-1.1.1/lib/src/dom/html.dart:1830:71: Error: Type 'JSObject' not found.
extension type HTMLOListElement._(JSObject _) implements HTMLElement, JSObject {
                                                                      ^^^^^^^^
/C:/Users/berkgoknil/AppData/Local/Pub/Cache/hosted/pub.dev/web-1.1.1/lib/src/dom/html.dart:1879:35: Error: Type 'JSObject' not found.
extension type HTMLUListElement._(JSObject _) implements HTMLElement, JSObject {
                                  ^^^^^^^^
/C:/Users/berkgoknil/AppData/Local/Pub/Cache/hosted/pub.dev/web-1.1.1/lib/src/dom/html.dart:1879:71: Error: Type 'JSObject' not found.
extension type HTMLUListElement._(JSObject _) implements HTMLElement, JSObject {
                                                                      ^^^^^^^^
/C:/Users/berkgoknil/AppData/Local/Pub/Cache/hosted/pub.dev/web-1.1.1/lib/src/dom/html.dart:1898:34: Error: Type 'JSObject' not found.
extension type HTMLMenuElement._(JSObject _) implements HTMLElement, JSObject {
                                 ^^^^^^^^
/C:/Users/berkgoknil/AppData/Local/Pub/Cache/hosted/pub.dev/web-1.1.1/lib/src/dom/html.dart:1898:70: Error: Type 'JSObject' not found.
extension type HTMLMenuElement._(JSObject _) implements HTMLElement, JSObject {
                                                                     ^^^^^^^^
/C:/Users/berkgoknil/AppData/Local/Pub/Cache/hosted/pub.dev/web-1.1.1/lib/src/dom/html.dart:1914:32: Error: Type 'JSObject' not found.
extension type HTMLLIElement._(JSObject _) implements HTMLElement, JSObject {
                               ^^^^^^^^
/C:/Users/berkgoknil/AppData/Local/Pub/Cache/hosted/pub.dev/web-1.1.1/lib/src/dom/html.dart:1914:68: Error: Type 'JSObject' not found.
extension type HTMLLIElement._(JSObject _) implements HTMLElement, JSObject {
                                                                   ^^^^^^^^
/C:/Users/berkgoknil/AppData/Local/Pub/Cache/hosted/pub.dev/web-1.1.1/lib/src/dom/html.dart:1932:35: Error: Type 'JSObject' not found.
extension type HTMLDListElement._(JSObject _) implements HTMLElement, JSObject {
                                  ^^^^^^^^
/C:/Users/berkgoknil/AppData/Local/Pub/Cache/hosted/pub.dev/web-1.1.1/lib/src/dom/html.dart:1932:71: Error: Type 'JSObject' not found.
extension type HTMLDListElement._(JSObject _) implements HTMLElement, JSObject {
                                                                      ^^^^^^^^
/C:/Users/berkgoknil/AppData/Local/Pub/Cache/hosted/pub.dev/web-1.1.1/lib/src/dom/html.dart:1948:33: Error: Type 'JSObject' not found.
extension type HTMLDivElement._(JSObject _) implements HTMLElement, JSObject {
                                ^^^^^^^^
/C:/Users/berkgoknil/AppData/Local/Pub/Cache/hosted/pub.dev/web-1.1.1/lib/src/dom/html.dart:1948:69: Error: Type 'JSObject' not found.
extension type HTMLDivElement._(JSObject _) implements HTMLElement, JSObject {
                                                                    ^^^^^^^^
/C:/Users/berkgoknil/AppData/Local/Pub/Cache/hosted/pub.dev/web-1.1.1/lib/src/dom/html.dart:1970:36: Error: Type 'JSObject' not found.
extension type HTMLAnchorElement._(JSObject _)
                                   ^^^^^^^^
/C:/Users/berkgoknil/AppData/Local/Pub/Cache/hosted/pub.dev/web-1.1.1/lib/src/dom/html.dart:1971:29: Error: Type 'JSObject' not found.
    implements HTMLElement, JSObject {
                            ^^^^^^^^
/C:/Users/berkgoknil/AppData/Local/Pub/Cache/hosted/pub.dev/web-1.1.1/lib/src/dom/html.dart:2179:34: Error: Type 'JSObject' not found.
extension type HTMLDataElement._(JSObject _) implements HTMLElement, JSObject {
                                 ^^^^^^^^
/C:/Users/berkgoknil/AppData/Local/Pub/Cache/hosted/pub.dev/web-1.1.1/lib/src/dom/html.dart:2179:70: Error: Type 'JSObject' not found.
extension type HTMLDataElement._(JSObject _) implements HTMLElement, JSObject {
                                                                     ^^^^^^^^
/C:/Users/berkgoknil/AppData/Local/Pub/Cache/hosted/pub.dev/web-1.1.1/lib/src/dom/html.dart:2199:34: Error: Type 'JSObject' not found.
extension type HTMLTimeElement._(JSObject _) implements HTMLElement, JSObject {
                                 ^^^^^^^^
/C:/Users/berkgoknil/AppData/Local/Pub/Cache/hosted/pub.dev/web-1.1.1/lib/src/dom/html.dart:2199:70: Error: Type 'JSObject' not found.
extension type HTMLTimeElement._(JSObject _) implements HTMLElement, JSObject {
                                                                     ^^^^^^^^
/C:/Users/berkgoknil/AppData/Local/Pub/Cache/hosted/pub.dev/web-1.1.1/lib/src/dom/html.dart:2361:34: Error: Type 'JSObject' not found.
extension type HTMLSpanElement._(JSObject _) implements HTMLElement, JSObject {
                                 ^^^^^^^^
/C:/Users/berkgoknil/AppData/Local/Pub/Cache/hosted/pub.dev/web-1.1.1/lib/src/dom/html.dart:2361:70: Error: Type 'JSObject' not found.
extension type HTMLSpanElement._(JSObject _) implements HTMLElement, JSObject {
                                                                     ^^^^^^^^
/C:/Users/berkgoknil/AppData/Local/Pub/Cache/hosted/pub.dev/web-1.1.1/lib/src/dom/html.dart:2373:32: Error: Type 'JSObject' not found.
extension type HTMLBRElement._(JSObject _) implements HTMLElement, JSObject {
                               ^^^^^^^^
/C:/Users/berkgoknil/AppData/Local/Pub/Cache/hosted/pub.dev/web-1.1.1/lib/src/dom/html.dart:2373:68: Error: Type 'JSObject' not found.
extension type HTMLBRElement._(JSObject _) implements HTMLElement, JSObject {
                                                                   ^^^^^^^^
/C:/Users/berkgoknil/AppData/Local/Pub/Cache/hosted/pub.dev/web-1.1.1/lib/src/dom/html.dart:2390:33: Error: Type 'JSObject' not found.
extension type HTMLModElement._(JSObject _) implements HTMLElement, JSObject {
                                ^^^^^^^^
/C:/Users/berkgoknil/AppData/Local/Pub/Cache/hosted/pub.dev/web-1.1.1/lib/src/dom/html.dart:2390:69: Error: Type 'JSObject' not found.
extension type HTMLModElement._(JSObject _) implements HTMLElement, JSObject {
                                                                    ^^^^^^^^
/C:/Users/berkgoknil/AppData/Local/Pub/Cache/hosted/pub.dev/web-1.1.1/lib/src/dom/html.dart:2410:37: Error: Type 'JSObject' not found.
extension type HTMLPictureElement._(JSObject _)
                                    ^^^^^^^^
/C:/Users/berkgoknil/AppData/Local/Pub/Cache/hosted/pub.dev/web-1.1.1/lib/src/dom/html.dart:2411:29: Error: Type 'JSObject' not found.
    implements HTMLElement, JSObject {
                            ^^^^^^^^
/C:/Users/berkgoknil/AppData/Local/Pub/Cache/hosted/pub.dev/web-1.1.1/lib/src/dom/html.dart:2424:36: Error: Type 'JSObject' not found.
extension type HTMLSourceElement._(JSObject _)
                                   ^^^^^^^^
/C:/Users/berkgoknil/AppData/Local/Pub/Cache/hosted/pub.dev/web-1.1.1/lib/src/dom/html.dart:2425:29: Error: Type 'JSObject' not found.
    implements HTMLElement, JSObject {
                            ^^^^^^^^
/C:/Users/berkgoknil/AppData/Local/Pub/Cache/hosted/pub.dev/web-1.1.1/lib/src/dom/html.dart:2470:35: Error: Type 'JSObject' not found.
extension type HTMLImageElement._(JSObject _) implements HTMLElement, JSObject {
                                  ^^^^^^^^
/C:/Users/berkgoknil/AppData/Local/Pub/Cache/hosted/pub.dev/web-1.1.1/lib/src/dom/html.dart:2470:71: Error: Type 'JSObject' not found.
extension type HTMLImageElement._(JSObject _) implements HTMLElement, JSObject {
                                                                      ^^^^^^^^
/C:/Users/berkgoknil/AppData/Local/Pub/Cache/hosted/pub.dev/web-1.1.1/lib/src/dom/html.dart:2487:22: Error: Type 'JSAny' not found.
  external JSPromise<JSAny?> decode();
                     ^^^^^
/C:/Users/berkgoknil/AppData/Local/Pub/Cache/hosted/pub.dev/web-1.1.1/lib/src/dom/html.dart:2487:12: Error: Type 'JSPromise' not found.
  external JSPromise<JSAny?> decode();
           ^^^^^^^^^
/C:/Users/berkgoknil/AppData/Local/Pub/Cache/hosted/pub.dev/web-1.1.1/lib/src/dom/html.dart:2815:36: Error: Type 'JSObject' not found.
extension type HTMLIFrameElement._(JSObject _)
                                   ^^^^^^^^
/C:/Users/berkgoknil/AppData/Local/Pub/Cache/hosted/pub.dev/web-1.1.1/lib/src/dom/html.dart:2816:29: Error: Type 'JSObject' not found.
    implements HTMLElement, JSObject {
                            ^^^^^^^^
/C:/Users/berkgoknil/AppData/Local/Pub/Cache/hosted/pub.dev/web-1.1.1/lib/src/dom/html.dart:2835:12: Error: Type 'JSAny' not found.
  external JSAny get srcdoc;
           ^^^^^
/C:/Users/berkgoknil/AppData/Local/Pub/Cache/hosted/pub.dev/web-1.1.1/lib/src/dom/html.dart:2836:23: Error: Type 'JSAny' not found.
  external set srcdoc(JSAny value);
                      ^^^^^
/C:/Users/berkgoknil/AppData/Local/Pub/Cache/hosted/pub.dev/web-1.1.1/lib/src/dom/html.dart:2957:35: Error: Type 'JSObject' not found.
extension type HTMLEmbedElement._(JSObject _) implements HTMLElement, JSObject {
                                  ^^^^^^^^
/C:/Users/berkgoknil/AppData/Local/Pub/Cache/hosted/pub.dev/web-1.1.1/lib/src/dom/html.dart:2957:71: Error: Type 'JSObject' not found.
extension type HTMLEmbedElement._(JSObject _) implements HTMLElement, JSObject {
                                                                      ^^^^^^^^
/C:/Users/berkgoknil/AppData/Local/Pub/Cache/hosted/pub.dev/web-1.1.1/lib/src/dom/html.dart:2998:36: Error: Type 'JSObject' not found.
extension type HTMLObjectElement._(JSObject _)
                                   ^^^^^^^^
/C:/Users/berkgoknil/AppData/Local/Pub/Cache/hosted/pub.dev/web-1.1.1/lib/src/dom/html.dart:2999:29: Error: Type 'JSObject' not found.
    implements HTMLElement, JSObject {
                            ^^^^^^^^
/C:/Users/berkgoknil/AppData/Local/Pub/Cache/hosted/pub.dev/web-1.1.1/lib/src/dom/html.dart:3150:35: Error: Type 'JSObject' not found.
extension type HTMLVideoElement._(JSObject _)
                                  ^^^^^^^^
/C:/Users/berkgoknil/AppData/Local/Pub/Cache/hosted/pub.dev/web-1.1.1/lib/src/dom/html.dart:3151:34: Error: Type 'JSObject' not found.
    implements HTMLMediaElement, JSObject {
                                 ^^^^^^^^
/C:/Users/berkgoknil/AppData/Local/Pub/Cache/hosted/pub.dev/web-1.1.1/lib/src/dom/html.dart:3172:12: Error: Type 'JSPromise' not found.
  external JSPromise<PictureInPictureWindow> requestPictureInPicture();
           ^^^^^^^^^
/C:/Users/berkgoknil/AppData/Local/Pub/Cache/hosted/pub.dev/web-1.1.1/lib/src/dom/html.dart:3245:35: Error: Type 'JSObject' not found.
extension type HTMLAudioElement._(JSObject _)
                                  ^^^^^^^^
/C:/Users/berkgoknil/AppData/Local/Pub/Cache/hosted/pub.dev/web-1.1.1/lib/src/dom/html.dart:3246:34: Error: Type 'JSObject' not found.
    implements HTMLMediaElement, JSObject {
                                 ^^^^^^^^
/C:/Users/berkgoknil/AppData/Local/Pub/Cache/hosted/pub.dev/web-1.1.1/lib/src/dom/html.dart:3260:35: Error: Type 'JSObject' not found.
extension type HTMLTrackElement._(JSObject _) implements HTMLElement, JSObject {
                                  ^^^^^^^^
/C:/Users/berkgoknil/AppData/Local/Pub/Cache/hosted/pub.dev/web-1.1.1/lib/src/dom/html.dart:3260:71: Error: Type 'JSObject' not found.
extension type HTMLTrackElement._(JSObject _) implements HTMLElement, JSObject {
                                                                      ^^^^^^^^
/C:/Users/berkgoknil/AppData/Local/Pub/Cache/hosted/pub.dev/web-1.1.1/lib/src/dom/html.dart:3305:35: Error: Type 'JSObject' not found.
extension type HTMLMediaElement._(JSObject _) implements HTMLElement, JSObject {
                                  ^^^^^^^^
/C:/Users/berkgoknil/AppData/Local/Pub/Cache/hosted/pub.dev/web-1.1.1/lib/src/dom/html.dart:3305:71: Error: Type 'JSObject' not found.
extension type HTMLMediaElement._(JSObject _) implements HTMLElement, JSObject {
                                                                      ^^^^^^^^
/C:/Users/berkgoknil/AppData/Local/Pub/Cache/hosted/pub.dev/web-1.1.1/lib/src/dom/html.dart:3356:12: Error: Type 'JSObject' not found.
  external JSObject getStartDate();
           ^^^^^^^^
/C:/Users/berkgoknil/AppData/Local/Pub/Cache/hosted/pub.dev/web-1.1.1/lib/src/dom/html.dart:3365:22: Error: Type 'JSAny' not found.
  external JSPromise<JSAny?> play();
                     ^^^^^
/C:/Users/berkgoknil/AppData/Local/Pub/Cache/hosted/pub.dev/web-1.1.1/lib/src/dom/html.dart:3365:12: Error: Type 'JSPromise' not found.
  external JSPromise<JSAny?> play();
           ^^^^^^^^^
/C:/Users/berkgoknil/AppData/Local/Pub/Cache/hosted/pub.dev/web-1.1.1/lib/src/dom/html.dart:3385:22: Error: Type 'JSAny' not found.
  external JSPromise<JSAny?> setSinkId(String sinkId);
                     ^^^^^
/C:/Users/berkgoknil/AppData/Local/Pub/Cache/hosted/pub.dev/web-1.1.1/lib/src/dom/html.dart:3385:12: Error: Type 'JSPromise' not found.
  external JSPromise<JSAny?> setSinkId(String sinkId);
           ^^^^^^^^^
/C:/Users/berkgoknil/AppData/Local/Pub/Cache/hosted/pub.dev/web-1.1.1/lib/src/dom/html.dart:3392:22: Error: Type 'JSAny' not found.
  external JSPromise<JSAny?> setMediaKeys(MediaKeys? mediaKeys);
                     ^^^^^
/C:/Users/berkgoknil/AppData/Local/Pub/Cache/hosted/pub.dev/web-1.1.1/lib/src/dom/html.dart:3392:12: Error: Type 'JSPromise' not found.
  external JSPromise<JSAny?> setMediaKeys(MediaKeys? mediaKeys);
           ^^^^^^^^^
/C:/Users/berkgoknil/AppData/Local/Pub/Cache/hosted/pub.dev/web-1.1.1/lib/src/dom/html.dart:3721:29: Error: Type 'JSObject' not found.
extension type MediaError._(JSObject _) implements JSObject {
                            ^^^^^^^^
/C:/Users/berkgoknil/AppData/Local/Pub/Cache/hosted/pub.dev/web-1.1.1/lib/src/dom/html.dart:3721:52: Error: Type 'JSObject' not found.
extension type MediaError._(JSObject _) implements JSObject {
                                                   ^^^^^^^^
/C:/Users/berkgoknil/AppData/Local/Pub/Cache/hosted/pub.dev/web-1.1.1/lib/src/dom/html.dart:3757:33: Error: Type 'JSObject' not found.
extension type AudioTrackList._(JSObject _) implements EventTarget, JSObject {
                                ^^^^^^^^
/C:/Users/berkgoknil/AppData/Local/Pub/Cache/hosted/pub.dev/web-1.1.1/lib/src/dom/html.dart:3757:69: Error: Type 'JSObject' not found.
extension type AudioTrackList._(JSObject _) implements EventTarget, JSObject {
                                                                    ^^^^^^^^
/C:/Users/berkgoknil/AppData/Local/Pub/Cache/hosted/pub.dev/web-1.1.1/lib/src/dom/html.dart:3791:29: Error: Type 'JSObject' not found.
extension type AudioTrack._(JSObject _) implements JSObject {
                            ^^^^^^^^
/C:/Users/berkgoknil/AppData/Local/Pub/Cache/hosted/pub.dev/web-1.1.1/lib/src/dom/html.dart:3791:52: Error: Type 'JSObject' not found.
extension type AudioTrack._(JSObject _) implements JSObject {
                                                   ^^^^^^^^
/C:/Users/berkgoknil/AppData/Local/Pub/Cache/hosted/pub.dev/web-1.1.1/lib/src/dom/html.dart:3860:33: Error: Type 'JSObject' not found.
extension type VideoTrackList._(JSObject _) implements EventTarget, JSObject {
                                ^^^^^^^^
/C:/Users/berkgoknil/AppData/Local/Pub/Cache/hosted/pub.dev/web-1.1.1/lib/src/dom/html.dart:3860:69: Error: Type 'JSObject' not found.
extension type VideoTrackList._(JSObject _) implements EventTarget, JSObject {
                                                                    ^^^^^^^^
/C:/Users/berkgoknil/AppData/Local/Pub/Cache/hosted/pub.dev/web-1.1.1/lib/src/dom/html.dart:3904:29: Error: Type 'JSObject' not found.
extension type VideoTrack._(JSObject _) implements JSObject {
                            ^^^^^^^^
/C:/Users/berkgoknil/AppData/Local/Pub/Cache/hosted/pub.dev/web-1.1.1/lib/src/dom/html.dart:3904:52: Error: Type 'JSObject' not found.
extension type VideoTrack._(JSObject _) implements JSObject {
                                                   ^^^^^^^^
/C:/Users/berkgoknil/AppData/Local/Pub/Cache/hosted/pub.dev/web-1.1.1/lib/src/dom/html.dart:3982:32: Error: Type 'JSObject' not found.
extension type TextTrackList._(JSObject _) implements EventTarget, JSObject {
                               ^^^^^^^^
/C:/Users/berkgoknil/AppData/Local/Pub/Cache/hosted/pub.dev/web-1.1.1/lib/src/dom/html.dart:3982:68: Error: Type 'JSObject' not found.
extension type TextTrackList._(JSObject _) implements EventTarget, JSObject {
                                                                   ^^^^^^^^
/C:/Users/berkgoknil/AppData/Local/Pub/Cache/hosted/pub.dev/web-1.1.1/lib/src/dom/html.dart:4018:28: Error: Type 'JSObject' not found.
extension type TextTrack._(JSObject _) implements EventTarget, JSObject {
                           ^^^^^^^^
/C:/Users/berkgoknil/AppData/Local/Pub/Cache/hosted/pub.dev/web-1.1.1/lib/src/dom/html.dart:4018:64: Error: Type 'JSObject' not found.
extension type TextTrack._(JSObject _) implements EventTarget, JSObject {
                                                               ^^^^^^^^
/C:/Users/berkgoknil/AppData/Local/Pub/Cache/hosted/pub.dev/web-1.1.1/lib/src/dom/html.dart:4131:35: Error: Type 'JSObject' not found.
extension type TextTrackCueList._(JSObject _) implements JSObject {
                                  ^^^^^^^^
/C:/Users/berkgoknil/AppData/Local/Pub/Cache/hosted/pub.dev/web-1.1.1/lib/src/dom/html.dart:4131:58: Error: Type 'JSObject' not found.
extension type TextTrackCueList._(JSObject _) implements JSObject {
                                                         ^^^^^^^^
/C:/Users/berkgoknil/AppData/Local/Pub/Cache/hosted/pub.dev/web-1.1.1/lib/src/dom/html.dart:4156:31: Error: Type 'JSObject' not found.
extension type TextTrackCue._(JSObject _) implements EventTarget, JSObject {
                              ^^^^^^^^
/C:/Users/berkgoknil/AppData/Local/Pub/Cache/hosted/pub.dev/web-1.1.1/lib/src/dom/html.dart:4156:67: Error: Type 'JSObject' not found.
extension type TextTrackCue._(JSObject _) implements EventTarget, JSObject {
                                                                  ^^^^^^^^
/C:/Users/berkgoknil/AppData/Local/Pub/Cache/hosted/pub.dev/web-1.1.1/lib/src/dom/html.dart:4201:29: Error: Type 'JSObject' not found.
extension type TimeRanges._(JSObject _) implements JSObject {
                            ^^^^^^^^
/C:/Users/berkgoknil/AppData/Local/Pub/Cache/hosted/pub.dev/web-1.1.1/lib/src/dom/html.dart:4201:52: Error: Type 'JSObject' not found.
extension type TimeRanges._(JSObject _) implements JSObject {
                                                   ^^^^^^^^
/C:/Users/berkgoknil/AppData/Local/Pub/Cache/hosted/pub.dev/web-1.1.1/lib/src/dom/html.dart:4237:29: Error: Type 'JSObject' not found.
extension type TrackEvent._(JSObject _) implements Event, JSObject {
                            ^^^^^^^^
/C:/Users/berkgoknil/AppData/Local/Pub/Cache/hosted/pub.dev/web-1.1.1/lib/src/dom/html.dart:4237:59: Error: Type 'JSObject' not found.
extension type TrackEvent._(JSObject _) implements Event, JSObject {
                                                          ^^^^^^^^
/C:/Users/berkgoknil/AppData/Local/Pub/Cache/hosted/pub.dev/web-1.1.1/lib/src/dom/html.dart:4249:12: Error: Type 'JSObject' not found.
  external JSObject? get track;
           ^^^^^^^^
/C:/Users/berkgoknil/AppData/Local/Pub/Cache/hosted/pub.dev/web-1.1.1/lib/src/dom/html.dart:4251:33: Error: Type 'JSObject' not found.
extension type TrackEventInit._(JSObject _) implements EventInit, JSObject {
                                ^^^^^^^^
/C:/Users/berkgoknil/AppData/Local/Pub/Cache/hosted/pub.dev/web-1.1.1/lib/src/dom/html.dart:4251:67: Error: Type 'JSObject' not found.
extension type TrackEventInit._(JSObject _) implements EventInit, JSObject {
                                                                  ^^^^^^^^
/C:/Users/berkgoknil/AppData/Local/Pub/Cache/hosted/pub.dev/web-1.1.1/lib/src/dom/html.dart:4256:5: Error: Type 'JSObject' not found.
    JSObject? track,
    ^^^^^^^^
/C:/Users/berkgoknil/AppData/Local/Pub/Cache/hosted/pub.dev/web-1.1.1/lib/src/dom/html.dart:4259:12: Error: Type 'JSObject' not found.
  external JSObject? get track;
           ^^^^^^^^
/C:/Users/berkgoknil/AppData/Local/Pub/Cache/hosted/pub.dev/web-1.1.1/lib/src/dom/html.dart:4260:22: Error: Type 'JSObject' not found.
  external set track(JSObject? value);
                     ^^^^^^^^
/C:/Users/berkgoknil/AppData/Local/Pub/Cache/hosted/pub.dev/web-1.1.1/lib/src/dom/html.dart:4272:33: Error: Type 'JSObject' not found.
extension type HTMLMapElement._(JSObject _) implements HTMLElement, JSObject {
                                ^^^^^^^^
/C:/Users/berkgoknil/AppData/Local/Pub/Cache/hosted/pub.dev/web-1.1.1/lib/src/dom/html.dart:4272:69: Error: Type 'JSObject' not found.
extension type HTMLMapElement._(JSObject _) implements HTMLElement, JSObject {
                                                                    ^^^^^^^^
/C:/Users/berkgoknil/AppData/Local/Pub/Cache/hosted/pub.dev/web-1.1.1/lib/src/dom/html.dart:4297:34: Error: Type 'JSObject' not found.
extension type HTMLAreaElement._(JSObject _) implements HTMLElement, JSObject {
                                 ^^^^^^^^
/C:/Users/berkgoknil/AppData/Local/Pub/Cache/hosted/pub.dev/web-1.1.1/lib/src/dom/html.dart:4297:70: Error: Type 'JSObject' not found.
extension type HTMLAreaElement._(JSObject _) implements HTMLElement, JSObject {
                                                                     ^^^^^^^^
/C:/Users/berkgoknil/AppData/Local/Pub/Cache/hosted/pub.dev/web-1.1.1/lib/src/dom/html.dart:4465:35: Error: Type 'JSObject' not found.
extension type HTMLTableElement._(JSObject _) implements HTMLElement, JSObject {
                                  ^^^^^^^^
/C:/Users/berkgoknil/AppData/Local/Pub/Cache/hosted/pub.dev/web-1.1.1/lib/src/dom/html.dart:4465:71: Error: Type 'JSObject' not found.
extension type HTMLTableElement._(JSObject _) implements HTMLElement, JSObject {
                                                                      ^^^^^^^^
/C:/Users/berkgoknil/AppData/Local/Pub/Cache/hosted/pub.dev/web-1.1.1/lib/src/dom/html.dart:4670:42: Error: Type 'JSObject' not found.
extension type HTMLTableCaptionElement._(JSObject _)
                                         ^^^^^^^^
/C:/Users/berkgoknil/AppData/Local/Pub/Cache/hosted/pub.dev/web-1.1.1/lib/src/dom/html.dart:4671:29: Error: Type 'JSObject' not found.
    implements HTMLElement, JSObject {
                            ^^^^^^^^
/C:/Users/berkgoknil/AppData/Local/Pub/Cache/hosted/pub.dev/web-1.1.1/lib/src/dom/html.dart:4686:38: Error: Type 'JSObject' not found.
extension type HTMLTableColElement._(JSObject _)
                                     ^^^^^^^^
/C:/Users/berkgoknil/AppData/Local/Pub/Cache/hosted/pub.dev/web-1.1.1/lib/src/dom/html.dart:4687:29: Error: Type 'JSObject' not found.
    implements HTMLElement, JSObject {
                            ^^^^^^^^
/C:/Users/berkgoknil/AppData/Local/Pub/Cache/hosted/pub.dev/web-1.1.1/lib/src/dom/html.dart:4769:42: Error: Type 'JSObject' not found.
extension type HTMLTableSectionElement._(JSObject _)
                                         ^^^^^^^^
/C:/Users/berkgoknil/AppData/Local/Pub/Cache/hosted/pub.dev/web-1.1.1/lib/src/dom/html.dart:4770:29: Error: Type 'JSObject' not found.
    implements HTMLElement, JSObject {
                            ^^^^^^^^
/C:/Users/berkgoknil/AppData/Local/Pub/Cache/hosted/pub.dev/web-1.1.1/lib/src/dom/html.dart:4841:38: Error: Type 'JSObject' not found.
extension type HTMLTableRowElement._(JSObject _)
                                     ^^^^^^^^
/C:/Users/berkgoknil/AppData/Local/Pub/Cache/hosted/pub.dev/web-1.1.1/lib/src/dom/html.dart:4842:29: Error: Type 'JSObject' not found.
    implements HTMLElement, JSObject {
                            ^^^^^^^^
/C:/Users/berkgoknil/AppData/Local/Pub/Cache/hosted/pub.dev/web-1.1.1/lib/src/dom/html.dart:4937:39: Error: Type 'JSObject' not found.
extension type HTMLTableCellElement._(JSObject _)
                                      ^^^^^^^^
/C:/Users/berkgoknil/AppData/Local/Pub/Cache/hosted/pub.dev/web-1.1.1/lib/src/dom/html.dart:4938:29: Error: Type 'JSObject' not found.
    implements HTMLElement, JSObject {
                            ^^^^^^^^
/C:/Users/berkgoknil/AppData/Local/Pub/Cache/hosted/pub.dev/web-1.1.1/lib/src/dom/html.dart:5079:34: Error: Type 'JSObject' not found.
extension type HTMLFormElement._(JSObject _) implements HTMLElement, JSObject {
                                 ^^^^^^^^
/C:/Users/berkgoknil/AppData/Local/Pub/Cache/hosted/pub.dev/web-1.1.1/lib/src/dom/html.dart:5079:70: Error: Type 'JSObject' not found.
extension type HTMLFormElement._(JSObject _) implements HTMLElement, JSObject {
                                                                     ^^^^^^^^
/C:/Users/berkgoknil/AppData/Local/Pub/Cache/hosted/pub.dev/web-1.1.1/lib/src/dom/html.dart:5083:12: Error: Type 'JSObject' not found.
  external JSObject operator [](JSAny indexOrName);
           ^^^^^^^^
/C:/Users/berkgoknil/AppData/Local/Pub/Cache/hosted/pub.dev/web-1.1.1/lib/src/dom/html.dart:5083:33: Error: Type 'JSAny' not found.
  external JSObject operator [](JSAny indexOrName);
                                ^^^^^
/C:/Users/berkgoknil/AppData/Local/Pub/Cache/hosted/pub.dev/web-1.1.1/lib/src/dom/html.dart:5258:35: Error: Type 'JSObject' not found.
extension type HTMLLabelElement._(JSObject _) implements HTMLElement, JSObject {
                                  ^^^^^^^^
/C:/Users/berkgoknil/AppData/Local/Pub/Cache/hosted/pub.dev/web-1.1.1/lib/src/dom/html.dart:5258:71: Error: Type 'JSObject' not found.
extension type HTMLLabelElement._(JSObject _) implements HTMLElement, JSObject {
                                                                      ^^^^^^^^
/C:/Users/berkgoknil/AppData/Local/Pub/Cache/hosted/pub.dev/web-1.1.1/lib/src/dom/html.dart:5296:35: Error: Type 'JSObject' not found.
extension type HTMLInputElement._(JSObject _) implements HTMLElement, JSObject {
                                  ^^^^^^^^
/C:/Users/berkgoknil/AppData/Local/Pub/Cache/hosted/pub.dev/web-1.1.1/lib/src/dom/html.dart:5296:71: Error: Type 'JSObject' not found.
extension type HTMLInputElement._(JSObject _) implements HTMLElement, JSObject {
                                                                      ^^^^^^^^
/C:/Users/berkgoknil/AppData/Local/Pub/Cache/hosted/pub.dev/web-1.1.1/lib/src/dom/html.dart:5699:12: Error: Type 'JSObject' not found.
  external JSObject? get valueAsDate;
           ^^^^^^^^
/C:/Users/berkgoknil/AppData/Local/Pub/Cache/hosted/pub.dev/web-1.1.1/lib/src/dom/html.dart:5700:28: Error: Type 'JSObject' not found.
  external set valueAsDate(JSObject? value);
                           ^^^^^^^^
/C:/Users/berkgoknil/AppData/Local/Pub/Cache/hosted/pub.dev/web-1.1.1/lib/src/dom/html.dart:5791:12: Error: Type 'JSArray' not found.
  external JSArray<FileSystemEntry> get webkitEntries;
           ^^^^^^^
/C:/Users/berkgoknil/AppData/Local/Pub/Cache/hosted/pub.dev/web-1.1.1/lib/src/dom/html.dart:5829:36: Error: Type 'JSObject' not found.
extension type HTMLButtonElement._(JSObject _)
                                   ^^^^^^^^
/C:/Users/berkgoknil/AppData/Local/Pub/Cache/hosted/pub.dev/web-1.1.1/lib/src/dom/html.dart:5830:29: Error: Type 'JSObject' not found.
    implements HTMLElement, JSObject {
                            ^^^^^^^^
/C:/Users/berkgoknil/AppData/Local/Pub/Cache/hosted/pub.dev/web-1.1.1/lib/src/dom/html.dart:5903:36: Error: Type 'JSObject' not found.
extension type HTMLSelectElement._(JSObject _)
                                   ^^^^^^^^
/C:/Users/berkgoknil/AppData/Local/Pub/Cache/hosted/pub.dev/web-1.1.1/lib/src/dom/html.dart:5904:29: Error: Type 'JSObject' not found.
    implements HTMLElement, JSObject {
                            ^^^^^^^^
/C:/Users/berkgoknil/AppData/Local/Pub/Cache/hosted/pub.dev/web-1.1.1/lib/src/dom/html.dart:5932:5: Error: Type 'JSObject' not found.
    JSObject element, [
    ^^^^^^^^
/C:/Users/berkgoknil/AppData/Local/Pub/Cache/hosted/pub.dev/web-1.1.1/lib/src/dom/html.dart:5933:5: Error: Type 'JSAny' not found.
    JSAny? before,
    ^^^^^
/C:/Users/berkgoknil/AppData/Local/Pub/Cache/hosted/pub.dev/web-1.1.1/lib/src/dom/html.dart:6048:38: Error: Type 'JSObject' not found.
extension type HTMLDataListElement._(JSObject _)
                                     ^^^^^^^^
/C:/Users/berkgoknil/AppData/Local/Pub/Cache/hosted/pub.dev/web-1.1.1/lib/src/dom/html.dart:6049:29: Error: Type 'JSObject' not found.
    implements HTMLElement, JSObject {
                            ^^^^^^^^
/C:/Users/berkgoknil/AppData/Local/Pub/Cache/hosted/pub.dev/web-1.1.1/lib/src/dom/html.dart:6065:38: Error: Type 'JSObject' not found.
extension type HTMLOptGroupElement._(JSObject _)
                                     ^^^^^^^^
/C:/Users/berkgoknil/AppData/Local/Pub/Cache/hosted/pub.dev/web-1.1.1/lib/src/dom/html.dart:6066:29: Error: Type 'JSObject' not found.
    implements HTMLElement, JSObject {
                            ^^^^^^^^
/C:/Users/berkgoknil/AppData/Local/Pub/Cache/hosted/pub.dev/web-1.1.1/lib/src/dom/html.dart:6083:36: Error: Type 'JSObject' not found.
extension type HTMLOptionElement._(JSObject _)
                                   ^^^^^^^^
/C:/Users/berkgoknil/AppData/Local/Pub/Cache/hosted/pub.dev/web-1.1.1/lib/src/dom/html.dart:6084:29: Error: Type 'JSObject' not found.
    implements HTMLElement, JSObject {
                            ^^^^^^^^
/C:/Users/berkgoknil/AppData/Local/Pub/Cache/hosted/pub.dev/web-1.1.1/lib/src/dom/html.dart:6111:38: Error: Type 'JSObject' not found.
extension type HTMLTextAreaElement._(JSObject _)
                                     ^^^^^^^^
/C:/Users/berkgoknil/AppData/Local/Pub/Cache/hosted/pub.dev/web-1.1.1/lib/src/dom/html.dart:6112:29: Error: Type 'JSObject' not found.
    implements HTMLElement, JSObject {
                            ^^^^^^^^
/C:/Users/berkgoknil/AppData/Local/Pub/Cache/hosted/pub.dev/web-1.1.1/lib/src/dom/html.dart:6189:36: Error: Type 'JSObject' not found.
extension type HTMLOutputElement._(JSObject _)
                                   ^^^^^^^^
/C:/Users/berkgoknil/AppData/Local/Pub/Cache/hosted/pub.dev/web-1.1.1/lib/src/dom/html.dart:6190:29: Error: Type 'JSObject' not found.
    implements HTMLElement, JSObject {
                            ^^^^^^^^
/C:/Users/berkgoknil/AppData/Local/Pub/Cache/hosted/pub.dev/web-1.1.1/lib/src/dom/html.dart:6225:38: Error: Type 'JSObject' not found.
extension type HTMLProgressElement._(JSObject _)
                                     ^^^^^^^^
/C:/Users/berkgoknil/AppData/Local/Pub/Cache/hosted/pub.dev/web-1.1.1/lib/src/dom/html.dart:6226:29: Error: Type 'JSObject' not found.
    implements HTMLElement, JSObject {
                            ^^^^^^^^
/C:/Users/berkgoknil/AppData/Local/Pub/Cache/hosted/pub.dev/web-1.1.1/lib/src/dom/html.dart:6259:35: Error: Type 'JSObject' not found.
extension type HTMLMeterElement._(JSObject _) implements HTMLElement, JSObject {
                                  ^^^^^^^^
/C:/Users/berkgoknil/AppData/Local/Pub/Cache/hosted/pub.dev/web-1.1.1/lib/src/dom/html.dart:6259:71: Error: Type 'JSObject' not found.
extension type HTMLMeterElement._(JSObject _) implements HTMLElement, JSObject {
                                                                      ^^^^^^^^
/C:/Users/berkgoknil/AppData/Local/Pub/Cache/hosted/pub.dev/web-1.1.1/lib/src/dom/html.dart:6291:38: Error: Type 'JSObject' not found.
extension type HTMLFieldSetElement._(JSObject _)
                                     ^^^^^^^^
/C:/Users/berkgoknil/AppData/Local/Pub/Cache/hosted/pub.dev/web-1.1.1/lib/src/dom/html.dart:6292:29: Error: Type 'JSObject' not found.
    implements HTMLElement, JSObject {
                            ^^^^^^^^
/C:/Users/berkgoknil/AppData/Local/Pub/Cache/hosted/pub.dev/web-1.1.1/lib/src/dom/html.dart:6319:36: Error: Type 'JSObject' not found.
extension type HTMLLegendElement._(JSObject _)
                                   ^^^^^^^^
/C:/Users/berkgoknil/AppData/Local/Pub/Cache/hosted/pub.dev/web-1.1.1/lib/src/dom/html.dart:6320:29: Error: Type 'JSObject' not found.
    implements HTMLElement, JSObject {
                            ^^^^^^^^
/C:/Users/berkgoknil/AppData/Local/Pub/Cache/hosted/pub.dev/web-1.1.1/lib/src/dom/html.dart:6337:32: Error: Type 'JSObject' not found.
extension type ValidityState._(JSObject _) implements JSObject {
                               ^^^^^^^^
/C:/Users/berkgoknil/AppData/Local/Pub/Cache/hosted/pub.dev/web-1.1.1/lib/src/dom/html.dart:6337:55: Error: Type 'JSObject' not found.
extension type ValidityState._(JSObject _) implements JSObject {
                                                      ^^^^^^^^
/C:/Users/berkgoknil/AppData/Local/Pub/Cache/hosted/pub.dev/web-1.1.1/lib/src/dom/html.dart:6521:30: Error: Type 'JSObject' not found.
extension type SubmitEvent._(JSObject _) implements Event, JSObject {
                             ^^^^^^^^
/C:/Users/berkgoknil/AppData/Local/Pub/Cache/hosted/pub.dev/web-1.1.1/lib/src/dom/html.dart:6521:60: Error: Type 'JSObject' not found.
extension type SubmitEvent._(JSObject _) implements Event, JSObject {
                                                           ^^^^^^^^
/C:/Users/berkgoknil/AppData/Local/Pub/Cache/hosted/pub.dev/web-1.1.1/lib/src/dom/html.dart:6532:34: Error: Type 'JSObject' not found.
extension type SubmitEventInit._(JSObject _) implements EventInit, JSObject {
                                 ^^^^^^^^
/C:/Users/berkgoknil/AppData/Local/Pub/Cache/hosted/pub.dev/web-1.1.1/lib/src/dom/html.dart:6532:68: Error: Type 'JSObject' not found.
extension type SubmitEventInit._(JSObject _) implements EventInit, JSObject {
                                                                   ^^^^^^^^
/C:/Users/berkgoknil/AppData/Local/Pub/Cache/hosted/pub.dev/web-1.1.1/lib/src/dom/html.dart:6560:32: Error: Type 'JSObject' not found.
extension type FormDataEvent._(JSObject _) implements Event, JSObject {
                               ^^^^^^^^
/C:/Users/berkgoknil/AppData/Local/Pub/Cache/hosted/pub.dev/web-1.1.1/lib/src/dom/html.dart:6560:62: Error: Type 'JSObject' not found.
extension type FormDataEvent._(JSObject _) implements Event, JSObject {
                                                             ^^^^^^^^
/C:/Users/berkgoknil/AppData/Local/Pub/Cache/hosted/pub.dev/web-1.1.1/lib/src/dom/html.dart:6572:36: Error: Type 'JSObject' not found.
extension type FormDataEventInit._(JSObject _) implements EventInit, JSObject {
                                   ^^^^^^^^
/C:/Users/berkgoknil/AppData/Local/Pub/Cache/hosted/pub.dev/web-1.1.1/lib/src/dom/html.dart:6572:70: Error: Type 'JSObject' not found.
extension type FormDataEventInit._(JSObject _) implements EventInit, JSObject {
                                                                     ^^^^^^^^
/C:/Users/berkgoknil/AppData/Local/Pub/Cache/hosted/pub.dev/web-1.1.1/lib/src/dom/html.dart:6592:37: Error: Type 'JSObject' not found.
extension type HTMLDetailsElement._(JSObject _)
                                    ^^^^^^^^
/C:/Users/berkgoknil/AppData/Local/Pub/Cache/hosted/pub.dev/web-1.1.1/lib/src/dom/html.dart:6593:29: Error: Type 'JSObject' not found.
    implements HTMLElement, JSObject {
                            ^^^^^^^^
/C:/Users/berkgoknil/AppData/Local/Pub/Cache/hosted/pub.dev/web-1.1.1/lib/src/dom/html.dart:6617:36: Error: Type 'JSObject' not found.
extension type HTMLDialogElement._(JSObject _)
                                   ^^^^^^^^
/C:/Users/berkgoknil/AppData/Local/Pub/Cache/hosted/pub.dev/web-1.1.1/lib/src/dom/html.dart:6618:29: Error: Type 'JSObject' not found.
    implements HTMLElement, JSObject {
                            ^^^^^^^^
/C:/Users/berkgoknil/AppData/Local/Pub/Cache/hosted/pub.dev/web-1.1.1/lib/src/dom/html.dart:6674:36: Error: Type 'JSObject' not found.
extension type HTMLScriptElement._(JSObject _)
                                   ^^^^^^^^
/C:/Users/berkgoknil/AppData/Local/Pub/Cache/hosted/pub.dev/web-1.1.1/lib/src/dom/html.dart:6675:29: Error: Type 'JSObject' not found.
    implements HTMLElement, JSObject {
                            ^^^^^^^^
/C:/Users/berkgoknil/AppData/Local/Pub/Cache/hosted/pub.dev/web-1.1.1/lib/src/dom/html.dart:6803:38: Error: Type 'JSObject' not found.
extension type HTMLTemplateElement._(JSObject _)
                                     ^^^^^^^^
/C:/Users/berkgoknil/AppData/Local/Pub/Cache/hosted/pub.dev/web-1.1.1/lib/src/dom/html.dart:6804:29: Error: Type 'JSObject' not found.
    implements HTMLElement, JSObject {
                            ^^^^^^^^
/C:/Users/berkgoknil/AppData/Local/Pub/Cache/hosted/pub.dev/web-1.1.1/lib/src/dom/html.dart:6888:34: Error: Type 'JSObject' not found.
extension type HTMLSlotElement._(JSObject _) implements HTMLElement, JSObject {
                                 ^^^^^^^^
/C:/Users/berkgoknil/AppData/Local/Pub/Cache/hosted/pub.dev/web-1.1.1/lib/src/dom/html.dart:6888:70: Error: Type 'JSObject' not found.
extension type HTMLSlotElement._(JSObject _) implements HTMLElement, JSObject {
                                                                     ^^^^^^^^
/C:/Users/berkgoknil/AppData/Local/Pub/Cache/hosted/pub.dev/web-1.1.1/lib/src/dom/html.dart:6899:12: Error: Type 'JSArray' not found.
  external JSArray<Node> assignedNodes([AssignedNodesOptions options]);
           ^^^^^^^
/C:/Users/berkgoknil/AppData/Local/Pub/Cache/hosted/pub.dev/web-1.1.1/lib/src/dom/html.dart:6909:12: Error: Type 'JSArray' not found.
  external JSArray<Element> assignedElements([AssignedNodesOptions options]);
           ^^^^^^^
/C:/Users/berkgoknil/AppData/Local/Pub/Cache/hosted/pub.dev/web-1.1.1/lib/src/dom/html.dart:6921:24: Error: Type 'JSObject' not found.
  external void assign(JSObject nodes);
                       ^^^^^^^^
/C:/Users/berkgoknil/AppData/Local/Pub/Cache/hosted/pub.dev/web-1.1.1/lib/src/dom/html.dart:6930:39: Error: Type 'JSObject' not found.
extension type AssignedNodesOptions._(JSObject _) implements JSObject {
                                      ^^^^^^^^
/C:/Users/berkgoknil/AppData/Local/Pub/Cache/hosted/pub.dev/web-1.1.1/lib/src/dom/html.dart:6930:62: Error: Type 'JSObject' not found.
extension type AssignedNodesOptions._(JSObject _) implements JSObject {
                                                             ^^^^^^^^
/C:/Users/berkgoknil/AppData/Local/Pub/Cache/hosted/pub.dev/web-1.1.1/lib/src/dom/html.dart:6946:36: Error: Type 'JSObject' not found.
extension type HTMLCanvasElement._(JSObject _)
                                   ^^^^^^^^
/C:/Users/berkgoknil/AppData/Local/Pub/Cache/hosted/pub.dev/web-1.1.1/lib/src/dom/html.dart:6947:29: Error: Type 'JSObject' not found.
    implements HTMLElement, JSObject {
                            ^^^^^^^^
/C:/Users/berkgoknil/AppData/Local/Pub/Cache/hosted/pub.dev/web-1.1.1/lib/src/dom/html.dart:6966:5: Error: Type 'JSAny' not found.
    JSAny? options,
    ^^^^^
/C:/Users/berkgoknil/AppData/Local/Pub/Cache/hosted/pub.dev/web-1.1.1/lib/src/dom/html.dart:6987:5: Error: Type 'JSAny' not found.
    JSAny? quality,
    ^^^^^
/C:/Users/berkgoknil/AppData/Local/Pub/Cache/hosted/pub.dev/web-1.1.1/lib/src/dom/html.dart:7006:5: Error: Type 'JSAny' not found.
    JSAny? quality,
    ^^^^^
/C:/Users/berkgoknil/AppData/Local/Pub/Cache/hosted/pub.dev/web-1.1.1/lib/src/dom/html.dart:7060:51: Error: Type 'JSObject' not found.
extension type CanvasRenderingContext2DSettings._(JSObject _)
                                                  ^^^^^^^^
/C:/Users/berkgoknil/AppData/Local/Pub/Cache/hosted/pub.dev/web-1.1.1/lib/src/dom/html.dart:7061:16: Error: Type 'JSObject' not found.
    implements JSObject {
               ^^^^^^^^
/C:/Users/berkgoknil/AppData/Local/Pub/Cache/hosted/pub.dev/web-1.1.1/lib/src/dom/html.dart:7102:43: Error: Type 'JSObject' not found.
extension type CanvasRenderingContext2D._(JSObject _) implements JSObject {
                                          ^^^^^^^^
/C:/Users/berkgoknil/AppData/Local/Pub/Cache/hosted/pub.dev/web-1.1.1/lib/src/dom/html.dart:7102:66: Error: Type 'JSObject' not found.
extension type CanvasRenderingContext2D._(JSObject _) implements JSObject {
                                                                 ^^^^^^^^
/C:/Users/berkgoknil/AppData/Local/Pub/Cache/hosted/pub.dev/web-1.1.1/lib/src/dom/html.dart:7270:5: Error: Type 'JSAny' not found.
    JSAny aOrTransform,
    ^^^^^
/C:/Users/berkgoknil/AppData/Local/Pub/Cache/hosted/pub.dev/web-1.1.1/lib/src/dom/html.dart:7438:5: Error: Type 'JSAny' not found.
    JSAny fillRuleOrPath,
    ^^^^^
/C:/Users/berkgoknil/AppData/Local/Pub/Cache/hosted/pub.dev/web-1.1.1/lib/src/dom/html.dart:7485:5: Error: Type 'JSAny' not found.
    JSAny fillRuleOrPath,
    ^^^^^
/C:/Users/berkgoknil/AppData/Local/Pub/Cache/hosted/pub.dev/web-1.1.1/lib/src/dom/html.dart:7495:5: Error: Type 'JSAny' not found.
    JSAny pathOrX,
    ^^^^^
/C:/Users/berkgoknil/AppData/Local/Pub/Cache/hosted/pub.dev/web-1.1.1/lib/src/dom/html.dart:7497:5: Error: Type 'JSAny' not found.
    JSAny fillRuleOrY,
    ^^^^^
/C:/Users/berkgoknil/AppData/Local/Pub/Cache/hosted/pub.dev/web-1.1.1/lib/src/dom/html.dart:7507:5: Error: Type 'JSAny' not found.
    JSAny pathOrX,
    ^^^^^
/C:/Users/berkgoknil/AppData/Local/Pub/Cache/hosted/pub.dev/web-1.1.1/lib/src/dom/html.dart:7518:5: Error: Type 'JSObject' not found.
    JSObject elementOrPath, [
    ^^^^^^^^
/C:/Users/berkgoknil/AppData/Local/Pub/Cache/hosted/pub.dev/web-1.1.1/lib/src/dom/html.dart:7602:5: Error: Type 'JSAny' not found.
    JSAny imagedataOrSw, [
    ^^^^^
/C:/Users/berkgoknil/AppData/Local/Pub/Cache/hosted/pub.dev/web-1.1.1/lib/src/dom/html.dart:7663:37: Error: Type 'JSNumber' not found.
  external void setLineDash(JSArray<JSNumber> segments);
                                    ^^^^^^^^
/C:/Users/berkgoknil/AppData/Local/Pub/Cache/hosted/pub.dev/web-1.1.1/lib/src/dom/html.dart:7663:29: Error: Type 'JSArray' not found.
  external void setLineDash(JSArray<JSNumber> segments);
                            ^^^^^^^
/C:/Users/berkgoknil/AppData/Local/Pub/Cache/hosted/pub.dev/web-1.1.1/lib/src/dom/html.dart:7667:20: Error: Type 'JSNumber' not found.
  external JSArray<JSNumber> getLineDash();
                   ^^^^^^^^
/C:/Users/berkgoknil/AppData/Local/Pub/Cache/hosted/pub.dev/web-1.1.1/lib/src/dom/html.dart:7667:12: Error: Type 'JSArray' not found.
  external JSArray<JSNumber> getLineDash();
           ^^^^^^^
/C:/Users/berkgoknil/AppData/Local/Pub/Cache/hosted/pub.dev/web-1.1.1/lib/src/dom/html.dart:7805:5: Error: Type 'JSAny' not found.
    JSAny radii,
    ^^^^^
/C:/Users/berkgoknil/AppData/Local/Pub/Cache/hosted/pub.dev/web-1.1.1/lib/src/dom/html.dart:7913:12: Error: Type 'JSAny' not found.
  external JSAny get strokeStyle;
           ^^^^^
/C:/Users/berkgoknil/AppData/Local/Pub/Cache/hosted/pub.dev/web-1.1.1/lib/src/dom/html.dart:7914:28: Error: Type 'JSAny' not found.
  external set strokeStyle(JSAny value);
                           ^^^^^
/C:/Users/berkgoknil/AppData/Local/Pub/Cache/hosted/pub.dev/web-1.1.1/lib/src/dom/html.dart:7929:12: Error: Type 'JSAny' not found.
  external JSAny get fillStyle;
           ^^^^^
/C:/Users/berkgoknil/AppData/Local/Pub/Cache/hosted/pub.dev/web-1.1.1/lib/src/dom/html.dart:7930:26: Error: Type 'JSAny' not found.
  external set fillStyle(JSAny value);
                         ^^^^^
/C:/Users/berkgoknil/AppData/Local/Pub/Cache/hosted/pub.dev/web-1.1.1/lib/src/dom/html.dart:8190:33: Error: Type 'JSObject' not found.
extension type CanvasGradient._(JSObject _) implements JSObject {
                                ^^^^^^^^
/C:/Users/berkgoknil/AppData/Local/Pub/Cache/hosted/pub.dev/web-1.1.1/lib/src/dom/html.dart:8190:56: Error: Type 'JSObject' not found.
extension type CanvasGradient._(JSObject _) implements JSObject {
                                                       ^^^^^^^^
/C:/Users/berkgoknil/AppData/Local/Pub/Cache/hosted/pub.dev/web-1.1.1/lib/src/dom/html.dart:8211:32: Error: Type 'JSObject' not found.
extension type CanvasPattern._(JSObject _) implements JSObject {
                               ^^^^^^^^
/C:/Users/berkgoknil/AppData/Local/Pub/Cache/hosted/pub.dev/web-1.1.1/lib/src/dom/html.dart:8211:55: Error: Type 'JSObject' not found.
extension type CanvasPattern._(JSObject _) implements JSObject {
                                                      ^^^^^^^^
/C:/Users/berkgoknil/AppData/Local/Pub/Cache/hosted/pub.dev/web-1.1.1/lib/src/dom/html.dart:8225:30: Error: Type 'JSObject' not found.
extension type TextMetrics._(JSObject _) implements JSObject {
                             ^^^^^^^^
/C:/Users/berkgoknil/AppData/Local/Pub/Cache/hosted/pub.dev/web-1.1.1/lib/src/dom/html.dart:8225:53: Error: Type 'JSObject' not found.
extension type TextMetrics._(JSObject _) implements JSObject {
                                                    ^^^^^^^^
/C:/Users/berkgoknil/AppData/Local/Pub/Cache/hosted/pub.dev/web-1.1.1/lib/src/dom/html.dart:8301:36: Error: Type 'JSObject' not found.
extension type ImageDataSettings._(JSObject _) implements JSObject {
                                   ^^^^^^^^
/C:/Users/berkgoknil/AppData/Local/Pub/Cache/hosted/pub.dev/web-1.1.1/lib/src/dom/html.dart:8301:59: Error: Type 'JSObject' not found.
extension type ImageDataSettings._(JSObject _) implements JSObject {
                                                          ^^^^^^^^
/C:/Users/berkgoknil/AppData/Local/Pub/Cache/hosted/pub.dev/web-1.1.1/lib/src/dom/html.dart:8321:28: Error: Type 'JSObject' not found.
extension type ImageData._(JSObject _) implements JSObject {
                           ^^^^^^^^
/C:/Users/berkgoknil/AppData/Local/Pub/Cache/hosted/pub.dev/web-1.1.1/lib/src/dom/html.dart:8321:51: Error: Type 'JSObject' not found.
extension type ImageData._(JSObject _) implements JSObject {
                                                  ^^^^^^^^
/C:/Users/berkgoknil/AppData/Local/Pub/Cache/hosted/pub.dev/web-1.1.1/lib/src/dom/html.dart:8323:5: Error: Type 'JSAny' not found.
    JSAny dataOrSw,
    ^^^^^
/C:/Users/berkgoknil/AppData/Local/Pub/Cache/hosted/pub.dev/web-1.1.1/lib/src/dom/html.dart:8325:5: Error: Type 'JSAny' not found.
    JSAny settingsOrSh,
    ^^^^^
/C:/Users/berkgoknil/AppData/Local/Pub/Cache/hosted/pub.dev/web-1.1.1/lib/src/dom/html.dart:8342:12: Error: Type 'JSUint8ClampedArray' not found.
  external JSUint8ClampedArray get data;
           ^^^^^^^^^^^^^^^^^^^
/C:/Users/berkgoknil/AppData/Local/Pub/Cache/hosted/pub.dev/web-1.1.1/lib/src/dom/html.dart:8367:25: Error: Type 'JSObject' not found.
extension type Path2D._(JSObject _) implements JSObject {
                        ^^^^^^^^
/C:/Users/berkgoknil/AppData/Local/Pub/Cache/hosted/pub.dev/web-1.1.1/lib/src/dom/html.dart:8367:48: Error: Type 'JSObject' not found.
extension type Path2D._(JSObject _) implements JSObject {
                                               ^^^^^^^^
/C:/Users/berkgoknil/AppData/Local/Pub/Cache/hosted/pub.dev/web-1.1.1/lib/src/dom/html.dart:8368:28: Error: Type 'JSAny' not found.
  external factory Path2D([JSAny path]);
                           ^^^^^
/C:/Users/berkgoknil/AppData/Local/Pub/Cache/hosted/pub.dev/web-1.1.1/lib/src/dom/html.dart:8418:5: Error: Type 'JSAny' not found.
    JSAny radii,
    ^^^^^
/C:/Users/berkgoknil/AppData/Local/Pub/Cache/hosted/pub.dev/web-1.1.1/lib/src/dom/html.dart:8454:46: Error: Type 'JSObject' not found.
extension type ImageBitmapRenderingContext._(JSObject _) implements JSObject {
                                             ^^^^^^^^
/C:/Users/berkgoknil/AppData/Local/Pub/Cache/hosted/pub.dev/web-1.1.1/lib/src/dom/html.dart:8454:69: Error: Type 'JSObject' not found.
extension type ImageBitmapRenderingContext._(JSObject _) implements JSObject {
                                                                    ^^^^^^^^
/C:/Users/berkgoknil/AppData/Local/Pub/Cache/hosted/pub.dev/web-1.1.1/lib/src/dom/html.dart:8466:12: Error: Type 'JSObject' not found.
  external JSObject get canvas;
           ^^^^^^^^
/C:/Users/berkgoknil/AppData/Local/Pub/Cache/hosted/pub.dev/web-1.1.1/lib/src/dom/html.dart:8468:37: Error: Type 'JSObject' not found.
extension type ImageEncodeOptions._(JSObject _) implements JSObject {
                                    ^^^^^^^^
/C:/Users/berkgoknil/AppData/Local/Pub/Cache/hosted/pub.dev/web-1.1.1/lib/src/dom/html.dart:8468:60: Error: Type 'JSObject' not found.
extension type ImageEncodeOptions._(JSObject _) implements JSObject {
                                                           ^^^^^^^^
/C:/Users/berkgoknil/AppData/Local/Pub/Cache/hosted/pub.dev/web-1.1.1/lib/src/dom/html.dart:8502:34: Error: Type 'JSObject' not found.
extension type OffscreenCanvas._(JSObject _) implements EventTarget, JSObject {
                                 ^^^^^^^^
/C:/Users/berkgoknil/AppData/Local/Pub/Cache/hosted/pub.dev/web-1.1.1/lib/src/dom/html.dart:8502:70: Error: Type 'JSObject' not found.
extension type OffscreenCanvas._(JSObject _) implements EventTarget, JSObject {
                                                                     ^^^^^^^^
/C:/Users/berkgoknil/AppData/Local/Pub/Cache/hosted/pub.dev/web-1.1.1/lib/src/dom/html.dart:8514:5: Error: Type 'JSAny' not found.
    JSAny? options,
    ^^^^^
/C:/Users/berkgoknil/AppData/Local/Pub/Cache/hosted/pub.dev/web-1.1.1/lib/src/dom/html.dart:8534:12: Error: Type 'JSPromise' not found.
  external JSPromise<Blob> convertToBlob([ImageEncodeOptions options]);
           ^^^^^^^^^
/C:/Users/berkgoknil/AppData/Local/Pub/Cache/hosted/pub.dev/web-1.1.1/lib/src/dom/html.dart:8569:52: Error: Type 'JSObject' not found.
extension type OffscreenCanvasRenderingContext2D._(JSObject _)
                                                   ^^^^^^^^
/C:/Users/berkgoknil/AppData/Local/Pub/Cache/hosted/pub.dev/web-1.1.1/lib/src/dom/html.dart:8570:16: Error: Type 'JSObject' not found.
    implements JSObject {
               ^^^^^^^^
/C:/Users/berkgoknil/AppData/Local/Pub/Cache/hosted/pub.dev/web-1.1.1/lib/src/dom/html.dart:8594:5: Error: Type 'JSAny' not found.
    JSAny aOrTransform,
    ^^^^^
/C:/Users/berkgoknil/AppData/Local/Pub/Cache/hosted/pub.dev/web-1.1.1/lib/src/dom/html.dart:8645:5: Error: Type 'JSAny' not found.
    JSAny fillRuleOrPath,
    ^^^^^
/C:/Users/berkgoknil/AppData/Local/Pub/Cache/hosted/pub.dev/web-1.1.1/lib/src/dom/html.dart:8650:5: Error: Type 'JSAny' not found.
    JSAny fillRuleOrPath,
    ^^^^^
/C:/Users/berkgoknil/AppData/Local/Pub/Cache/hosted/pub.dev/web-1.1.1/lib/src/dom/html.dart:8654:5: Error: Type 'JSAny' not found.
    JSAny pathOrX,
    ^^^^^
/C:/Users/berkgoknil/AppData/Local/Pub/Cache/hosted/pub.dev/web-1.1.1/lib/src/dom/html.dart:8656:5: Error: Type 'JSAny' not found.
    JSAny fillRuleOrY,
    ^^^^^
/C:/Users/berkgoknil/AppData/Local/Pub/Cache/hosted/pub.dev/web-1.1.1/lib/src/dom/html.dart:8660:5: Error: Type 'JSAny' not found.
    JSAny pathOrX,
    ^^^^^
/C:/Users/berkgoknil/AppData/Local/Pub/Cache/hosted/pub.dev/web-1.1.1/lib/src/dom/html.dart:8689:5: Error: Type 'JSAny' not found.
    JSAny imagedataOrSw, [
    ^^^^^
/C:/Users/berkgoknil/AppData/Local/Pub/Cache/hosted/pub.dev/web-1.1.1/lib/src/dom/html.dart:8709:37: Error: Type 'JSNumber' not found.
  external void setLineDash(JSArray<JSNumber> segments);
                                    ^^^^^^^^
/C:/Users/berkgoknil/AppData/Local/Pub/Cache/hosted/pub.dev/web-1.1.1/lib/src/dom/html.dart:8709:29: Error: Type 'JSArray' not found.
  external void setLineDash(JSArray<JSNumber> segments);
                            ^^^^^^^
/C:/Users/berkgoknil/AppData/Local/Pub/Cache/hosted/pub.dev/web-1.1.1/lib/src/dom/html.dart:8710:20: Error: Type 'JSNumber' not found.
  external JSArray<JSNumber> getLineDash();
                   ^^^^^^^^
/C:/Users/berkgoknil/AppData/Local/Pub/Cache/hosted/pub.dev/web-1.1.1/lib/src/dom/html.dart:8710:12: Error: Type 'JSArray' not found.
  external JSArray<JSNumber> getLineDash();
           ^^^^^^^
/C:/Users/berkgoknil/AppData/Local/Pub/Cache/hosted/pub.dev/web-1.1.1/lib/src/dom/html.dart:8752:5: Error: Type 'JSAny' not found.
    JSAny radii,
    ^^^^^
/C:/Users/berkgoknil/AppData/Local/Pub/Cache/hosted/pub.dev/web-1.1.1/lib/src/dom/html.dart:8781:12: Error: Type 'JSAny' not found.
  external JSAny get strokeStyle;
           ^^^^^
/C:/Users/berkgoknil/AppData/Local/Pub/Cache/hosted/pub.dev/web-1.1.1/lib/src/dom/html.dart:8782:28: Error: Type 'JSAny' not found.
  external set strokeStyle(JSAny value);
                           ^^^^^
/C:/Users/berkgoknil/AppData/Local/Pub/Cache/hosted/pub.dev/web-1.1.1/lib/src/dom/html.dart:8783:12: Error: Type 'JSAny' not found.
  external JSAny get fillStyle;
           ^^^^^
/C:/Users/berkgoknil/AppData/Local/Pub/Cache/hosted/pub.dev/web-1.1.1/lib/src/dom/html.dart:8784:26: Error: Type 'JSAny' not found.
  external set fillStyle(JSAny value);
                         ^^^^^
/C:/Users/berkgoknil/AppData/Local/Pub/Cache/hosted/pub.dev/web-1.1.1/lib/src/dom/html.dart:8835:40: Error: Type 'JSObject' not found.
extension type CustomElementRegistry._(JSObject _) implements JSObject {
                                       ^^^^^^^^
/C:/Users/berkgoknil/AppData/Local/Pub/Cache/hosted/pub.dev/web-1.1.1/lib/src/dom/html.dart:8835:63: Error: Type 'JSObject' not found.
extension type CustomElementRegistry._(JSObject _) implements JSObject {
                                                              ^^^^^^^^
/C:/Users/berkgoknil/AppData/Local/Pub/Cache/hosted/pub.dev/web-1.1.1/lib/src/dom/html.dart:8858:12: Error: Type 'JSPromise' not found.
  external JSPromise<CustomElementConstructor> whenDefined(String name);
           ^^^^^^^^^
/C:/Users/berkgoknil/AppData/Local/Pub/Cache/hosted/pub.dev/web-1.1.1/lib/src/dom/html.dart:8866:43: Error: Type 'JSObject' not found.
extension type ElementDefinitionOptions._(JSObject _) implements JSObject {
                                          ^^^^^^^^
/C:/Users/berkgoknil/AppData/Local/Pub/Cache/hosted/pub.dev/web-1.1.1/lib/src/dom/html.dart:8866:66: Error: Type 'JSObject' not found.
extension type ElementDefinitionOptions._(JSObject _) implements JSObject {
                                                                 ^^^^^^^^
/C:/Users/berkgoknil/AppData/Local/Pub/Cache/hosted/pub.dev/web-1.1.1/lib/src/dom/html.dart:8888:35: Error: Type 'JSObject' not found.
extension type ElementInternals._(JSObject _) implements JSObject {
                                  ^^^^^^^^
/C:/Users/berkgoknil/AppData/Local/Pub/Cache/hosted/pub.dev/web-1.1.1/lib/src/dom/html.dart:8888:58: Error: Type 'JSObject' not found.
extension type ElementInternals._(JSObject _) implements JSObject {
                                                         ^^^^^^^^
/C:/Users/berkgoknil/AppData/Local/Pub/Cache/hosted/pub.dev/web-1.1.1/lib/src/dom/html.dart:8893:5: Error: Type 'JSAny' not found.
    JSAny? value, [
    ^^^^^
/C:/Users/berkgoknil/AppData/Local/Pub/Cache/hosted/pub.dev/web-1.1.1/lib/src/dom/html.dart:8894:5: Error: Type 'JSAny' not found.
    JSAny? state,
    ^^^^^
/C:/Users/berkgoknil/AppData/Local/Pub/Cache/hosted/pub.dev/web-1.1.1/lib/src/dom/html.dart:9537:37: Error: Type 'JSObject' not found.
extension type ValidityStateFlags._(JSObject _) implements JSObject {
                                    ^^^^^^^^
/C:/Users/berkgoknil/AppData/Local/Pub/Cache/hosted/pub.dev/web-1.1.1/lib/src/dom/html.dart:9537:60: Error: Type 'JSObject' not found.
extension type ValidityStateFlags._(JSObject _) implements JSObject {
                                                           ^^^^^^^^
/C:/Users/berkgoknil/AppData/Local/Pub/Cache/hosted/pub.dev/web-1.1.1/lib/src/dom/html.dart:9586:33: Error: Type 'JSObject' not found.
extension type CustomStateSet._(JSObject _) implements JSObject {}
                                ^^^^^^^^
/C:/Users/berkgoknil/AppData/Local/Pub/Cache/hosted/pub.dev/web-1.1.1/lib/src/dom/html.dart:9586:56: Error: Type 'JSObject' not found.
extension type CustomStateSet._(JSObject _) implements JSObject {}
                                                       ^^^^^^^^
/C:/Users/berkgoknil/AppData/Local/Pub/Cache/hosted/pub.dev/web-1.1.1/lib/src/dom/html.dart:9598:33: Error: Type 'JSObject' not found.
extension type UserActivation._(JSObject _) implements JSObject {
                                ^^^^^^^^
/C:/Users/berkgoknil/AppData/Local/Pub/Cache/hosted/pub.dev/web-1.1.1/lib/src/dom/html.dart:9598:56: Error: Type 'JSObject' not found.
extension type UserActivation._(JSObject _) implements JSObject {
                                                       ^^^^^^^^
/C:/Users/berkgoknil/AppData/Local/Pub/Cache/hosted/pub.dev/web-1.1.1/lib/src/dom/html.dart:9627:30: Error: Type 'JSObject' not found.
extension type ToggleEvent._(JSObject _) implements Event, JSObject {
                             ^^^^^^^^
/C:/Users/berkgoknil/AppData/Local/Pub/Cache/hosted/pub.dev/web-1.1.1/lib/src/dom/html.dart:9627:60: Error: Type 'JSObject' not found.
extension type ToggleEvent._(JSObject _) implements Event, JSObject {
                                                           ^^^^^^^^
/C:/Users/berkgoknil/AppData/Local/Pub/Cache/hosted/pub.dev/web-1.1.1/lib/src/dom/html.dart:9641:34: Error: Type 'JSObject' not found.
extension type ToggleEventInit._(JSObject _) implements EventInit, JSObject {
                                 ^^^^^^^^
/C:/Users/berkgoknil/AppData/Local/Pub/Cache/hosted/pub.dev/web-1.1.1/lib/src/dom/html.dart:9641:68: Error: Type 'JSObject' not found.
extension type ToggleEventInit._(JSObject _) implements EventInit, JSObject {
                                                                   ^^^^^^^^
/C:/Users/berkgoknil/AppData/Local/Pub/Cache/hosted/pub.dev/web-1.1.1/lib/src/dom/html.dart:9655:31: Error: Type 'JSObject' not found.
extension type FocusOptions._(JSObject _) implements JSObject {
                              ^^^^^^^^
/C:/Users/berkgoknil/AppData/Local/Pub/Cache/hosted/pub.dev/web-1.1.1/lib/src/dom/html.dart:9655:54: Error: Type 'JSObject' not found.
extension type FocusOptions._(JSObject _) implements JSObject {
                                                     ^^^^^^^^
/C:/Users/berkgoknil/AppData/Local/Pub/Cache/hosted/pub.dev/web-1.1.1/lib/src/dom/html.dart:9679:31: Error: Type 'JSObject' not found.
extension type DataTransfer._(JSObject _) implements JSObject {
                              ^^^^^^^^
/C:/Users/berkgoknil/AppData/Local/Pub/Cache/hosted/pub.dev/web-1.1.1/lib/src/dom/html.dart:9679:54: Error: Type 'JSObject' not found.
extension type DataTransfer._(JSObject _) implements JSObject {
                                                     ^^^^^^^^
/C:/Users/berkgoknil/AppData/Local/Pub/Cache/hosted/pub.dev/web-1.1.1/lib/src/dom/html.dart:9832:20: Error: Type 'JSString' not found.
  external JSArray<JSString> get types;
                   ^^^^^^^^
/C:/Users/berkgoknil/AppData/Local/Pub/Cache/hosted/pub.dev/web-1.1.1/lib/src/dom/html.dart:9832:12: Error: Type 'JSArray' not found.
  external JSArray<JSString> get types;
           ^^^^^^^
/C:/Users/berkgoknil/AppData/Local/Pub/Cache/hosted/pub.dev/web-1.1.1/lib/src/dom/html.dart:9866:39: Error: Type 'JSObject' not found.
extension type DataTransferItemList._(JSObject _) implements JSObject {
                                      ^^^^^^^^
/C:/Users/berkgoknil/AppData/Local/Pub/Cache/hosted/pub.dev/web-1.1.1/lib/src/dom/html.dart:9866:62: Error: Type 'JSObject' not found.
extension type DataTransferItemList._(JSObject _) implements JSObject {
                                                             ^^^^^^^^
/C:/Users/berkgoknil/AppData/Local/Pub/Cache/hosted/pub.dev/web-1.1.1/lib/src/dom/html.dart:9876:5: Error: Type 'JSAny' not found.
    JSAny data, [
    ^^^^^
/C:/Users/berkgoknil/AppData/Local/Pub/Cache/hosted/pub.dev/web-1.1.1/lib/src/dom/html.dart:9916:35: Error: Type 'JSObject' not found.
extension type DataTransferItem._(JSObject _) implements JSObject {
                                  ^^^^^^^^
/C:/Users/berkgoknil/AppData/Local/Pub/Cache/hosted/pub.dev/web-1.1.1/lib/src/dom/html.dart:9916:58: Error: Type 'JSObject' not found.
extension type DataTransferItem._(JSObject _) implements JSObject {
                                                         ^^^^^^^^
/C:/Users/berkgoknil/AppData/Local/Pub/Cache/hosted/pub.dev/web-1.1.1/lib/src/dom/html.dart:9965:28: Error: Type 'JSObject' not found.
extension type DragEvent._(JSObject _) implements MouseEvent, JSObject {
                           ^^^^^^^^
/C:/Users/berkgoknil/AppData/Local/Pub/Cache/hosted/pub.dev/web-1.1.1/lib/src/dom/html.dart:9965:63: Error: Type 'JSObject' not found.
extension type DragEvent._(JSObject _) implements MouseEvent, JSObject {
                                                              ^^^^^^^^
/C:/Users/berkgoknil/AppData/Local/Pub/Cache/hosted/pub.dev/web-1.1.1/lib/src/dom/html.dart:9975:32: Error: Type 'JSObject' not found.
extension type DragEventInit._(JSObject _) implements MouseEventInit, JSObject {
                               ^^^^^^^^
/C:/Users/berkgoknil/AppData/Local/Pub/Cache/hosted/pub.dev/web-1.1.1/lib/src/dom/html.dart:9975:71: Error: Type 'JSObject' not found.
extension type DragEventInit._(JSObject _) implements MouseEventInit, JSObject {
                                                                      ^^^^^^^^
/C:/Users/berkgoknil/AppData/Local/Pub/Cache/hosted/pub.dev/web-1.1.1/lib/src/dom/html.dart:9982:5: Error: Type 'JSObject' not found.
    JSObject? sourceCapabilities,
    ^^^^^^^^
/C:/Users/berkgoknil/AppData/Local/Pub/Cache/hosted/pub.dev/web-1.1.1/lib/src/dom/html.dart:10048:25: Error: Type 'JSObject' not found.
extension type Window._(JSObject _) implements EventTarget, JSObject {
                        ^^^^^^^^
/C:/Users/berkgoknil/AppData/Local/Pub/Cache/hosted/pub.dev/web-1.1.1/lib/src/dom/html.dart:10048:61: Error: Type 'JSObject' not found.
extension type Window._(JSObject _) implements EventTarget, JSObject {
                                                            ^^^^^^^^
/C:/Users/berkgoknil/AppData/Local/Pub/Cache/hosted/pub.dev/web-1.1.1/lib/src/dom/html.dart:10100:12: Error: Type 'JSObject' not found.
  external JSObject operator [](String name);
           ^^^^^^^^
/C:/Users/berkgoknil/AppData/Local/Pub/Cache/hosted/pub.dev/web-1.1.1/lib/src/dom/html.dart:10167:5: Error: Type 'JSAny' not found.
    JSAny? message, [
    ^^^^^
/C:/Users/berkgoknil/AppData/Local/Pub/Cache/hosted/pub.dev/web-1.1.1/lib/src/dom/html.dart:10168:5: Error: Type 'JSAny' not found.
    JSAny optionsOrTargetOrigin,
    ^^^^^
/C:/Users/berkgoknil/AppData/Local/Pub/Cache/hosted/pub.dev/web-1.1.1/lib/src/dom/html.dart:10169:13: Error: Type 'JSObject' not found.
    JSArray<JSObject> transfer,
            ^^^^^^^^
/C:/Users/berkgoknil/AppData/Local/Pub/Cache/hosted/pub.dev/web-1.1.1/lib/src/dom/html.dart:10169:5: Error: Type 'JSArray' not found.
    JSArray<JSObject> transfer,
    ^^^^^^^
/C:/Users/berkgoknil/AppData/Local/Pub/Cache/hosted/pub.dev/web-1.1.1/lib/src/dom/html.dart:10222:5: Error: Type 'JSAny' not found.
    JSAny optionsOrX,
    ^^^^^
/C:/Users/berkgoknil/AppData/Local/Pub/Cache/hosted/pub.dev/web-1.1.1/lib/src/dom/html.dart:10229:5: Error: Type 'JSAny' not found.
    JSAny optionsOrX,
    ^^^^^
/C:/Users/berkgoknil/AppData/Local/Pub/Cache/hosted/pub.dev/web-1.1.1/lib/src/dom/html.dart:10236:5: Error: Type 'JSAny' not found.
    JSAny optionsOrX,
    ^^^^^
/C:/Users/berkgoknil/AppData/Local/Pub/Cache/hosted/pub.dev/web-1.1.1/lib/src/dom/html.dart:10296:29: Error: Type 'JSAny' not found.
  external void reportError(JSAny? e);
                            ^^^^^
/C:/Users/berkgoknil/AppData/Local/Pub/Cache/hosted/pub.dev/web-1.1.1/lib/src/dom/html.dart:10324:5: Error: Type 'JSAny' not found.
    JSAny? arguments, [
    ^^^^^
/C:/Users/berkgoknil/AppData/Local/Pub/Cache/hosted/pub.dev/web-1.1.1/lib/src/dom/html.dart:10330:5: Error: Type 'JSAny' not found.
    JSAny? arguments, [
    ^^^^^
/C:/Users/berkgoknil/AppData/Local/Pub/Cache/hosted/pub.dev/web-1.1.1/lib/src/dom/html.dart:10335:12: Error: Type 'JSPromise' not found.
  external JSPromise<ImageBitmap> createImageBitmap(
           ^^^^^^^^^
/C:/Users/berkgoknil/AppData/Local/Pub/Cache/hosted/pub.dev/web-1.1.1/lib/src/dom/html.dart:10337:5: Error: Type 'JSAny' not found.
    JSAny optionsOrSx,
    ^^^^^
/C:/Users/berkgoknil/AppData/Local/Pub/Cache/hosted/pub.dev/web-1.1.1/lib/src/dom/html.dart:10343:12: Error: Type 'JSAny' not found.
  external JSAny? structuredClone(
           ^^^^^
/C:/Users/berkgoknil/AppData/Local/Pub/Cache/hosted/pub.dev/web-1.1.1/lib/src/dom/html.dart:10344:5: Error: Type 'JSAny' not found.
    JSAny? value, [
    ^^^^^
/C:/Users/berkgoknil/AppData/Local/Pub/Cache/hosted/pub.dev/web-1.1.1/lib/src/dom/html.dart:10347:12: Error: Type 'JSPromise' not found.
  external JSPromise<Response> fetch(
           ^^^^^^^^^
/C:/Users/berkgoknil/AppData/Local/Pub/Cache/hosted/pub.dev/web-1.1.1/lib/src/dom/html.dart:10588:12: Error: Type 'JSAny' not found.
  external JSAny? get opener;
           ^^^^^
/C:/Users/berkgoknil/AppData/Local/Pub/Cache/hosted/pub.dev/web-1.1.1/lib/src/dom/html.dart:10589:23: Error: Type 'JSAny' not found.
  external set opener(JSAny? value);
                      ^^^^^
/C:/Users/berkgoknil/AppData/Local/Pub/Cache/hosted/pub.dev/web-1.1.1/lib/src/dom/html.dart:11134:43: Error: Type 'JSObject' not found.
extension type WindowPostMessageOptions._(JSObject _)
                                          ^^^^^^^^
/C:/Users/berkgoknil/AppData/Local/Pub/Cache/hosted/pub.dev/web-1.1.1/lib/src/dom/html.dart:11135:44: Error: Type 'JSObject' not found.
    implements StructuredSerializeOptions, JSObject {
                                           ^^^^^^^^
/C:/Users/berkgoknil/AppData/Local/Pub/Cache/hosted/pub.dev/web-1.1.1/lib/src/dom/html.dart:11137:13: Error: Type 'JSObject' not found.
    JSArray<JSObject> transfer,
            ^^^^^^^^
/C:/Users/berkgoknil/AppData/Local/Pub/Cache/hosted/pub.dev/web-1.1.1/lib/src/dom/html.dart:11137:5: Error: Type 'JSArray' not found.
    JSArray<JSObject> transfer,
    ^^^^^^^
/C:/Users/berkgoknil/AppData/Local/Pub/Cache/hosted/pub.dev/web-1.1.1/lib/src/dom/html.dart:11170:26: Error: Type 'JSObject' not found.
extension type BarProp._(JSObject _) implements JSObject {
                         ^^^^^^^^
/C:/Users/berkgoknil/AppData/Local/Pub/Cache/hosted/pub.dev/web-1.1.1/lib/src/dom/html.dart:11170:49: Error: Type 'JSObject' not found.
extension type BarProp._(JSObject _) implements JSObject {
                                                ^^^^^^^^
/C:/Users/berkgoknil/AppData/Local/Pub/Cache/hosted/pub.dev/web-1.1.1/lib/src/dom/html.dart:11185:27: Error: Type 'JSObject' not found.
extension type Location._(JSObject _) implements JSObject {
                          ^^^^^^^^
/C:/Users/berkgoknil/AppData/Local/Pub/Cache/hosted/pub.dev/web-1.1.1/lib/src/dom/html.dart:11185:50: Error: Type 'JSObject' not found.
extension type Location._(JSObject _) implements JSObject {
                                                 ^^^^^^^^
/C:/Users/berkgoknil/AppData/Local/Pub/Cache/hosted/pub.dev/web-1.1.1/lib/src/dom/html.dart:11321:26: Error: Type 'JSObject' not found.
extension type History._(JSObject _) implements JSObject {
                         ^^^^^^^^
/C:/Users/berkgoknil/AppData/Local/Pub/Cache/hosted/pub.dev/web-1.1.1/lib/src/dom/html.dart:11321:49: Error: Type 'JSObject' not found.
extension type History._(JSObject _) implements JSObject {
                                                ^^^^^^^^
/C:/Users/berkgoknil/AppData/Local/Pub/Cache/hosted/pub.dev/web-1.1.1/lib/src/dom/html.dart:11358:5: Error: Type 'JSAny' not found.
    JSAny? data,
    ^^^^^
/C:/Users/berkgoknil/AppData/Local/Pub/Cache/hosted/pub.dev/web-1.1.1/lib/src/dom/html.dart:11371:5: Error: Type 'JSAny' not found.
    JSAny? data,
    ^^^^^
/C:/Users/berkgoknil/AppData/Local/Pub/Cache/hosted/pub.dev/web-1.1.1/lib/src/dom/html.dart:11395:12: Error: Type 'JSAny' not found.
  external JSAny? get state;
           ^^^^^
/C:/Users/berkgoknil/AppData/Local/Pub/Cache/hosted/pub.dev/web-1.1.1/lib/src/dom/html.dart:11414:32: Error: Type 'JSObject' not found.
extension type PopStateEvent._(JSObject _) implements Event, JSObject {
                               ^^^^^^^^
/C:/Users/berkgoknil/AppData/Local/Pub/Cache/hosted/pub.dev/web-1.1.1/lib/src/dom/html.dart:11414:62: Error: Type 'JSObject' not found.
extension type PopStateEvent._(JSObject _) implements Event, JSObject {
                                                             ^^^^^^^^
/C:/Users/berkgoknil/AppData/Local/Pub/Cache/hosted/pub.dev/web-1.1.1/lib/src/dom/html.dart:11425:12: Error: Type 'JSAny' not found.
  external JSAny? get state;
           ^^^^^
/C:/Users/berkgoknil/AppData/Local/Pub/Cache/hosted/pub.dev/web-1.1.1/lib/src/dom/html.dart:11428:36: Error: Type 'JSObject' not found.
extension type PopStateEventInit._(JSObject _) implements EventInit, JSObject {
                                   ^^^^^^^^
/C:/Users/berkgoknil/AppData/Local/Pub/Cache/hosted/pub.dev/web-1.1.1/lib/src/dom/html.dart:11428:70: Error: Type 'JSObject' not found.
extension type PopStateEventInit._(JSObject _) implements EventInit, JSObject {
                                                                     ^^^^^^^^
/C:/Users/berkgoknil/AppData/Local/Pub/Cache/hosted/pub.dev/web-1.1.1/lib/src/dom/html.dart:11433:5: Error: Type 'JSAny' not found.
    JSAny? state,
    ^^^^^
/C:/Users/berkgoknil/AppData/Local/Pub/Cache/hosted/pub.dev/web-1.1.1/lib/src/dom/html.dart:11437:12: Error: Type 'JSAny' not found.
  external JSAny? get state;
           ^^^^^
/C:/Users/berkgoknil/AppData/Local/Pub/Cache/hosted/pub.dev/web-1.1.1/lib/src/dom/html.dart:11438:22: Error: Type 'JSAny' not found.
  external set state(JSAny? value);
                     ^^^^^
/C:/Users/berkgoknil/AppData/Local/Pub/Cache/hosted/pub.dev/web-1.1.1/lib/src/dom/html.dart:11453:34: Error: Type 'JSObject' not found.
extension type HashChangeEvent._(JSObject _) implements Event, JSObject {
                                 ^^^^^^^^
/C:/Users/berkgoknil/AppData/Local/Pub/Cache/hosted/pub.dev/web-1.1.1/lib/src/dom/html.dart:11453:64: Error: Type 'JSObject' not found.
extension type HashChangeEvent._(JSObject _) implements Event, JSObject {
                                                               ^^^^^^^^
/C:/Users/berkgoknil/AppData/Local/Pub/Cache/hosted/pub.dev/web-1.1.1/lib/src/dom/html.dart:11469:38: Error: Type 'JSObject' not found.
extension type HashChangeEventInit._(JSObject _)
                                     ^^^^^^^^
/C:/Users/berkgoknil/AppData/Local/Pub/Cache/hosted/pub.dev/web-1.1.1/lib/src/dom/html.dart:11470:27: Error: Type 'JSObject' not found.
    implements EventInit, JSObject {
                          ^^^^^^^^
/C:/Users/berkgoknil/AppData/Local/Pub/Cache/hosted/pub.dev/web-1.1.1/lib/src/dom/html.dart:11496:38: Error: Type 'JSObject' not found.
extension type PageTransitionEvent._(JSObject _) implements Event, JSObject {
                                     ^^^^^^^^
/C:/Users/berkgoknil/AppData/Local/Pub/Cache/hosted/pub.dev/web-1.1.1/lib/src/dom/html.dart:11496:68: Error: Type 'JSObject' not found.
extension type PageTransitionEvent._(JSObject _) implements Event, JSObject {
                                                                   ^^^^^^^^
/C:/Users/berkgoknil/AppData/Local/Pub/Cache/hosted/pub.dev/web-1.1.1/lib/src/dom/html.dart:11506:42: Error: Type 'JSObject' not found.
extension type PageTransitionEventInit._(JSObject _)
                                         ^^^^^^^^
/C:/Users/berkgoknil/AppData/Local/Pub/Cache/hosted/pub.dev/web-1.1.1/lib/src/dom/html.dart:11507:27: Error: Type 'JSObject' not found.
    implements EventInit, JSObject {
                          ^^^^^^^^
/C:/Users/berkgoknil/AppData/Local/Pub/Cache/hosted/pub.dev/web-1.1.1/lib/src/dom/html.dart:11530:36: Error: Type 'JSObject' not found.
extension type BeforeUnloadEvent._(JSObject _) implements Event, JSObject {
                                   ^^^^^^^^
/C:/Users/berkgoknil/AppData/Local/Pub/Cache/hosted/pub.dev/web-1.1.1/lib/src/dom/html.dart:11530:66: Error: Type 'JSObject' not found.
extension type BeforeUnloadEvent._(JSObject _) implements Event, JSObject {
                                                                 ^^^^^^^^
/C:/Users/berkgoknil/AppData/Local/Pub/Cache/hosted/pub.dev/web-1.1.1/lib/src/dom/html.dart:11554:29: Error: Type 'JSObject' not found.
extension type ErrorEvent._(JSObject _) implements Event, JSObject {
                            ^^^^^^^^
/C:/Users/berkgoknil/AppData/Local/Pub/Cache/hosted/pub.dev/web-1.1.1/lib/src/dom/html.dart:11554:59: Error: Type 'JSObject' not found.
extension type ErrorEvent._(JSObject _) implements Event, JSObject {
                                                          ^^^^^^^^
/C:/Users/berkgoknil/AppData/Local/Pub/Cache/hosted/pub.dev/web-1.1.1/lib/src/dom/html.dart:11564:12: Error: Type 'JSAny' not found.
  external JSAny? get error;
           ^^^^^
/C:/Users/berkgoknil/AppData/Local/Pub/Cache/hosted/pub.dev/web-1.1.1/lib/src/dom/html.dart:11566:33: Error: Type 'JSObject' not found.
extension type ErrorEventInit._(JSObject _) implements EventInit, JSObject {
                                ^^^^^^^^
/C:/Users/berkgoknil/AppData/Local/Pub/Cache/hosted/pub.dev/web-1.1.1/lib/src/dom/html.dart:11566:67: Error: Type 'JSObject' not found.
extension type ErrorEventInit._(JSObject _) implements EventInit, JSObject {
                                                                  ^^^^^^^^
/C:/Users/berkgoknil/AppData/Local/Pub/Cache/hosted/pub.dev/web-1.1.1/lib/src/dom/html.dart:11575:5: Error: Type 'JSAny' not found.
    JSAny? error,
    ^^^^^
/C:/Users/berkgoknil/AppData/Local/Pub/Cache/hosted/pub.dev/web-1.1.1/lib/src/dom/html.dart:11586:12: Error: Type 'JSAny' not found.
  external JSAny? get error;
           ^^^^^
/C:/Users/berkgoknil/AppData/Local/Pub/Cache/hosted/pub.dev/web-1.1.1/lib/src/dom/html.dart:11587:22: Error: Type 'JSAny' not found.
  external set error(JSAny? value);
                     ^^^^^
/C:/Users/berkgoknil/AppData/Local/Pub/Cache/hosted/pub.dev/web-1.1.1/lib/src/dom/html.dart:11601:40: Error: Type 'JSObject' not found.
extension type PromiseRejectionEvent._(JSObject _) implements Event, JSObject {
                                       ^^^^^^^^
/C:/Users/berkgoknil/AppData/Local/Pub/Cache/hosted/pub.dev/web-1.1.1/lib/src/dom/html.dart:11601:70: Error: Type 'JSObject' not found.
extension type PromiseRejectionEvent._(JSObject _) implements Event, JSObject {
                                                                     ^^^^^^^^
/C:/Users/berkgoknil/AppData/Local/Pub/Cache/hosted/pub.dev/web-1.1.1/lib/src/dom/html.dart:11612:12: Error: Type 'JSObject' not found.
  external JSObject get promise;
           ^^^^^^^^
/C:/Users/berkgoknil/AppData/Local/Pub/Cache/hosted/pub.dev/web-1.1.1/lib/src/dom/html.dart:11618:12: Error: Type 'JSAny' not found.
  external JSAny? get reason;
           ^^^^^
/C:/Users/berkgoknil/AppData/Local/Pub/Cache/hosted/pub.dev/web-1.1.1/lib/src/dom/html.dart:11620:44: Error: Type 'JSObject' not found.
extension type PromiseRejectionEventInit._(JSObject _)
                                           ^^^^^^^^
/C:/Users/berkgoknil/AppData/Local/Pub/Cache/hosted/pub.dev/web-1.1.1/lib/src/dom/html.dart:11621:27: Error: Type 'JSObject' not found.
    implements EventInit, JSObject {
                          ^^^^^^^^
/C:/Users/berkgoknil/AppData/Local/Pub/Cache/hosted/pub.dev/web-1.1.1/lib/src/dom/html.dart:11626:14: Error: Type 'JSObject' not found.
    required JSObject promise,
             ^^^^^^^^
/C:/Users/berkgoknil/AppData/Local/Pub/Cache/hosted/pub.dev/web-1.1.1/lib/src/dom/html.dart:11627:5: Error: Type 'JSAny' not found.
    JSAny? reason,
    ^^^^^
/C:/Users/berkgoknil/AppData/Local/Pub/Cache/hosted/pub.dev/web-1.1.1/lib/src/dom/html.dart:11630:12: Error: Type 'JSObject' not found.
  external JSObject get promise;
           ^^^^^^^^
/C:/Users/berkgoknil/AppData/Local/Pub/Cache/hosted/pub.dev/web-1.1.1/lib/src/dom/html.dart:11631:24: Error: Type 'JSObject' not found.
  external set promise(JSObject value);
                       ^^^^^^^^
/C:/Users/berkgoknil/AppData/Local/Pub/Cache/hosted/pub.dev/web-1.1.1/lib/src/dom/html.dart:11632:12: Error: Type 'JSAny' not found.
  external JSAny? get reason;
           ^^^^^
/C:/Users/berkgoknil/AppData/Local/Pub/Cache/hosted/pub.dev/web-1.1.1/lib/src/dom/html.dart:11633:23: Error: Type 'JSAny' not found.
  external set reason(JSAny? value);
                      ^^^^^
/C:/Users/berkgoknil/AppData/Local/Pub/Cache/hosted/pub.dev/web-1.1.1/lib/src/dom/html.dart:11635:33: Error: Type 'JSObject' not found.
extension type GetHTMLOptions._(JSObject _) implements JSObject {
                                ^^^^^^^^
/C:/Users/berkgoknil/AppData/Local/Pub/Cache/hosted/pub.dev/web-1.1.1/lib/src/dom/html.dart:11635:56: Error: Type 'JSObject' not found.
extension type GetHTMLOptions._(JSObject _) implements JSObject {
                                                       ^^^^^^^^
/C:/Users/berkgoknil/AppData/Local/Pub/Cache/hosted/pub.dev/web-1.1.1/lib/src/dom/html.dart:11638:5: Error: Type 'JSArray' not found.
    JSArray<ShadowRoot> shadowRoots,
    ^^^^^^^
/C:/Users/berkgoknil/AppData/Local/Pub/Cache/hosted/pub.dev/web-1.1.1/lib/src/dom/html.dart:11643:12: Error: Type 'JSArray' not found.
  external JSArray<ShadowRoot> get shadowRoots;
           ^^^^^^^
/C:/Users/berkgoknil/AppData/Local/Pub/Cache/hosted/pub.dev/web-1.1.1/lib/src/dom/html.dart:11644:28: Error: Type 'JSArray' not found.
  external set shadowRoots(JSArray<ShadowRoot> value);
                           ^^^^^^^
/C:/Users/berkgoknil/AppData/Local/Pub/Cache/hosted/pub.dev/web-1.1.1/lib/src/dom/html.dart:11675:28: Error: Type 'JSObject' not found.
extension type DOMParser._(JSObject _) implements JSObject {
                           ^^^^^^^^
/C:/Users/berkgoknil/AppData/Local/Pub/Cache/hosted/pub.dev/web-1.1.1/lib/src/dom/html.dart:11675:51: Error: Type 'JSObject' not found.
extension type DOMParser._(JSObject _) implements JSObject {
                                                  ^^^^^^^^
/C:/Users/berkgoknil/AppData/Local/Pub/Cache/hosted/pub.dev/web-1.1.1/lib/src/dom/html.dart:11687:5: Error: Type 'JSAny' not found.
    JSAny string,
    ^^^^^
/C:/Users/berkgoknil/AppData/Local/Pub/Cache/hosted/pub.dev/web-1.1.1/lib/src/dom/html.dart:11703:28: Error: Type 'JSObject' not found.
extension type Navigator._(JSObject _) implements JSObject {
                           ^^^^^^^^
/C:/Users/berkgoknil/AppData/Local/Pub/Cache/hosted/pub.dev/web-1.1.1/lib/src/dom/html.dart:11703:51: Error: Type 'JSObject' not found.
extension type Navigator._(JSObject _) implements JSObject {
                                                  ^^^^^^^^
/C:/Users/berkgoknil/AppData/Local/Pub/Cache/hosted/pub.dev/web-1.1.1/lib/src/dom/html.dart:11716:12: Error: Type 'JSPromise' not found.
  external JSPromise<BatteryManager> getBattery();
           ^^^^^^^^^
/C:/Users/berkgoknil/AppData/Local/Pub/Cache/hosted/pub.dev/web-1.1.1/lib/src/dom/html.dart:11759:12: Error: Type 'JSPromise' not found.
  external JSPromise<MediaKeySystemAccess> requestMediaKeySystemAccess(
           ^^^^^^^^^
/C:/Users/berkgoknil/AppData/Local/Pub/Cache/hosted/pub.dev/web-1.1.1/lib/src/dom/html.dart:11761:5: Error: Type 'JSArray' not found.
    JSArray<MediaKeySystemConfiguration> supportedConfigurations,
    ^^^^^^^
/C:/Users/berkgoknil/AppData/Local/Pub/Cache/hosted/pub.dev/web-1.1.1/lib/src/dom/html.dart:11769:12: Error: Type 'JSArray' not found.
  external JSArray<Gamepad?> getGamepads();
           ^^^^^^^
/C:/Users/berkgoknil/AppData/Local/Pub/Cache/hosted/pub.dev/web-1.1.1/lib/src/dom/html.dart:11805:22: Error: Type 'JSAny' not found.
  external JSPromise<JSAny?> share([ShareData data]);
                     ^^^^^
/C:/Users/berkgoknil/AppData/Local/Pub/Cache/hosted/pub.dev/web-1.1.1/lib/src/dom/html.dart:11805:12: Error: Type 'JSPromise' not found.
  external JSPromise<JSAny?> share([ShareData data]);
           ^^^^^^^^^
/C:/Users/berkgoknil/AppData/Local/Pub/Cache/hosted/pub.dev/web-1.1.1/lib/src/dom/html.dart:11845:12: Error: Type 'JSPromise' not found.
  external JSPromise<MIDIAccess> requestMIDIAccess([MIDIOptions options]);
           ^^^^^^^^^
/C:/Users/berkgoknil/AppData/Local/Pub/Cache/hosted/pub.dev/web-1.1.1/lib/src/dom/html.dart:11851:22: Error: Type 'JSAny' not found.
  external JSPromise<JSAny?> setAppBadge([int contents]);
                     ^^^^^
/C:/Users/berkgoknil/AppData/Local/Pub/Cache/hosted/pub.dev/web-1.1.1/lib/src/dom/html.dart:11851:12: Error: Type 'JSPromise' not found.
  external JSPromise<JSAny?> setAppBadge([int contents]);
           ^^^^^^^^^
/C:/Users/berkgoknil/AppData/Local/Pub/Cache/hosted/pub.dev/web-1.1.1/lib/src/dom/html.dart:11857:22: Error: Type 'JSAny' not found.
  external JSPromise<JSAny?> clearAppBadge();
                     ^^^^^
/C:/Users/berkgoknil/AppData/Local/Pub/Cache/hosted/pub.dev/web-1.1.1/lib/src/dom/html.dart:11857:12: Error: Type 'JSPromise' not found.
  external JSPromise<JSAny?> clearAppBadge();
           ^^^^^^^^^
/C:/Users/berkgoknil/AppData/Local/Pub/Cache/hosted/pub.dev/web-1.1.1/lib/src/dom/html.dart:11980:12: Error: Type 'JSObject' not found.
  external JSObject get presentation;
           ^^^^^^^^
/C:/Users/berkgoknil/AppData/Local/Pub/Cache/hosted/pub.dev/web-1.1.1/lib/src/dom/html.dart:12003:12: Error: Type 'JSObject' not found.
  external JSObject get usb;
           ^^^^^^^^
/C:/Users/berkgoknil/AppData/Local/Pub/Cache/hosted/pub.dev/web-1.1.1/lib/src/dom/html.dart:12021:12: Error: Type 'JSObject' not found.
  external JSObject get windowControlsOverlay;
           ^^^^^^^^
/C:/Users/berkgoknil/AppData/Local/Pub/Cache/hosted/pub.dev/web-1.1.1/lib/src/dom/html.dart:12158:20: Error: Type 'JSString' not found.
  external JSArray<JSString> get languages;
                   ^^^^^^^^
/C:/Users/berkgoknil/AppData/Local/Pub/Cache/hosted/pub.dev/web-1.1.1/lib/src/dom/html.dart:12158:12: Error: Type 'JSArray' not found.
  external JSArray<JSString> get languages;
           ^^^^^^^
/C:/Users/berkgoknil/AppData/Local/Pub/Cache/hosted/pub.dev/web-1.1.1/lib/src/dom/html.dart:12333:30: Error: Type 'JSObject' not found.
extension type PluginArray._(JSObject _) implements JSObject {
                             ^^^^^^^^
/C:/Users/berkgoknil/AppData/Local/Pub/Cache/hosted/pub.dev/web-1.1.1/lib/src/dom/html.dart:12333:53: Error: Type 'JSObject' not found.
extension type PluginArray._(JSObject _) implements JSObject {
                                                    ^^^^^^^^
/C:/Users/berkgoknil/AppData/Local/Pub/Cache/hosted/pub.dev/web-1.1.1/lib/src/dom/html.dart:12356:32: Error: Type 'JSObject' not found.
extension type MimeTypeArray._(JSObject _) implements JSObject {
                               ^^^^^^^^
/C:/Users/berkgoknil/AppData/Local/Pub/Cache/hosted/pub.dev/web-1.1.1/lib/src/dom/html.dart:12356:55: Error: Type 'JSObject' not found.
extension type MimeTypeArray._(JSObject _) implements JSObject {
                                                      ^^^^^^^^
/C:/Users/berkgoknil/AppData/Local/Pub/Cache/hosted/pub.dev/web-1.1.1/lib/src/dom/html.dart:12371:25: Error: Type 'JSObject' not found.
extension type Plugin._(JSObject _) implements JSObject {
                        ^^^^^^^^
/C:/Users/berkgoknil/AppData/Local/Pub/Cache/hosted/pub.dev/web-1.1.1/lib/src/dom/html.dart:12371:48: Error: Type 'JSObject' not found.
extension type Plugin._(JSObject _) implements JSObject {
                                               ^^^^^^^^
/C:/Users/berkgoknil/AppData/Local/Pub/Cache/hosted/pub.dev/web-1.1.1/lib/src/dom/html.dart:12388:27: Error: Type 'JSObject' not found.
extension type MimeType._(JSObject _) implements JSObject {
                          ^^^^^^^^
/C:/Users/berkgoknil/AppData/Local/Pub/Cache/hosted/pub.dev/web-1.1.1/lib/src/dom/html.dart:12388:50: Error: Type 'JSObject' not found.
extension type MimeType._(JSObject _) implements JSObject {
                                                 ^^^^^^^^
/C:/Users/berkgoknil/AppData/Local/Pub/Cache/hosted/pub.dev/web-1.1.1/lib/src/dom/html.dart:12408:30: Error: Type 'JSObject' not found.
extension type ImageBitmap._(JSObject _) implements JSObject {
                             ^^^^^^^^
/C:/Users/berkgoknil/AppData/Local/Pub/Cache/hosted/pub.dev/web-1.1.1/lib/src/dom/html.dart:12408:53: Error: Type 'JSObject' not found.
extension type ImageBitmap._(JSObject _) implements JSObject {
                                                    ^^^^^^^^
/C:/Users/berkgoknil/AppData/Local/Pub/Cache/hosted/pub.dev/web-1.1.1/lib/src/dom/html.dart:12422:37: Error: Type 'JSObject' not found.
extension type ImageBitmapOptions._(JSObject _) implements JSObject {
                                    ^^^^^^^^
/C:/Users/berkgoknil/AppData/Local/Pub/Cache/hosted/pub.dev/web-1.1.1/lib/src/dom/html.dart:12422:60: Error: Type 'JSObject' not found.
extension type ImageBitmapOptions._(JSObject _) implements JSObject {
                                                           ^^^^^^^^
/C:/Users/berkgoknil/AppData/Local/Pub/Cache/hosted/pub.dev/web-1.1.1/lib/src/dom/html.dart:12477:31: Error: Type 'JSObject' not found.
extension type MessageEvent._(JSObject _) implements Event, JSObject {
                              ^^^^^^^^
/C:/Users/berkgoknil/AppData/Local/Pub/Cache/hosted/pub.dev/web-1.1.1/lib/src/dom/html.dart:12477:61: Error: Type 'JSObject' not found.
extension type MessageEvent._(JSObject _) implements Event, JSObject {
                                                            ^^^^^^^^
/C:/Users/berkgoknil/AppData/Local/Pub/Cache/hosted/pub.dev/web-1.1.1/lib/src/dom/html.dart:12487:5: Error: Type 'JSAny' not found.
    JSAny? data,
    ^^^^^
/C:/Users/berkgoknil/AppData/Local/Pub/Cache/hosted/pub.dev/web-1.1.1/lib/src/dom/html.dart:12491:5: Error: Type 'JSArray' not found.
    JSArray<MessagePort> ports,
    ^^^^^^^
/C:/Users/berkgoknil/AppData/Local/Pub/Cache/hosted/pub.dev/web-1.1.1/lib/src/dom/html.dart:12496:12: Error: Type 'JSAny' not found.
  external JSAny? get data;
           ^^^^^
/C:/Users/berkgoknil/AppData/Local/Pub/Cache/hosted/pub.dev/web-1.1.1/lib/src/dom/html.dart:12521:12: Error: Type 'JSArray' not found.
  external JSArray<MessagePort> get ports;
           ^^^^^^^
/C:/Users/berkgoknil/AppData/Local/Pub/Cache/hosted/pub.dev/web-1.1.1/lib/src/dom/html.dart:12523:35: Error: Type 'JSObject' not found.
extension type MessageEventInit._(JSObject _) implements EventInit, JSObject {
                                  ^^^^^^^^
/C:/Users/berkgoknil/AppData/Local/Pub/Cache/hosted/pub.dev/web-1.1.1/lib/src/dom/html.dart:12523:69: Error: Type 'JSObject' not found.
extension type MessageEventInit._(JSObject _) implements EventInit, JSObject {
                                                                    ^^^^^^^^
/C:/Users/berkgoknil/AppData/Local/Pub/Cache/hosted/pub.dev/web-1.1.1/lib/src/dom/html.dart:12528:5: Error: Type 'JSAny' not found.
    JSAny? data,
    ^^^^^
/C:/Users/berkgoknil/AppData/Local/Pub/Cache/hosted/pub.dev/web-1.1.1/lib/src/dom/html.dart:12532:5: Error: Type 'JSArray' not found.
    JSArray<MessagePort> ports,
    ^^^^^^^
/C:/Users/berkgoknil/AppData/Local/Pub/Cache/hosted/pub.dev/web-1.1.1/lib/src/dom/html.dart:12535:12: Error: Type 'JSAny' not found.
  external JSAny? get data;
           ^^^^^
/C:/Users/berkgoknil/AppData/Local/Pub/Cache/hosted/pub.dev/web-1.1.1/lib/src/dom/html.dart:12536:21: Error: Type 'JSAny' not found.
  external set data(JSAny? value);
                    ^^^^^
/C:/Users/berkgoknil/AppData/Local/Pub/Cache/hosted/pub.dev/web-1.1.1/lib/src/dom/html.dart:12543:12: Error: Type 'JSArray' not found.
  external JSArray<MessagePort> get ports;
           ^^^^^^^
/C:/Users/berkgoknil/AppData/Local/Pub/Cache/hosted/pub.dev/web-1.1.1/lib/src/dom/html.dart:12544:22: Error: Type 'JSArray' not found.
  external set ports(JSArray<MessagePort> value);
                     ^^^^^^^
/C:/Users/berkgoknil/AppData/Local/Pub/Cache/hosted/pub.dev/web-1.1.1/lib/src/dom/html.dart:12594:30: Error: Type 'JSObject' not found.
extension type EventSource._(JSObject _) implements EventTarget, JSObject {
                             ^^^^^^^^
/C:/Users/berkgoknil/AppData/Local/Pub/Cache/hosted/pub.dev/web-1.1.1/lib/src/dom/html.dart:12594:66: Error: Type 'JSObject' not found.
extension type EventSource._(JSObject _) implements EventTarget, JSObject {
                                                                 ^^^^^^^^
/C:/Users/berkgoknil/AppData/Local/Pub/Cache/hosted/pub.dev/web-1.1.1/lib/src/dom/html.dart:12634:34: Error: Type 'JSObject' not found.
extension type EventSourceInit._(JSObject _) implements JSObject {
                                 ^^^^^^^^
/C:/Users/berkgoknil/AppData/Local/Pub/Cache/hosted/pub.dev/web-1.1.1/lib/src/dom/html.dart:12634:57: Error: Type 'JSObject' not found.
extension type EventSourceInit._(JSObject _) implements JSObject {
                                                        ^^^^^^^^
/C:/Users/berkgoknil/AppData/Local/Pub/Cache/hosted/pub.dev/web-1.1.1/lib/src/dom/html.dart:12650:33: Error: Type 'JSObject' not found.
extension type MessageChannel._(JSObject _) implements JSObject {
                                ^^^^^^^^
/C:/Users/berkgoknil/AppData/Local/Pub/Cache/hosted/pub.dev/web-1.1.1/lib/src/dom/html.dart:12650:56: Error: Type 'JSObject' not found.
extension type MessageChannel._(JSObject _) implements JSObject {
                                                       ^^^^^^^^
/C:/Users/berkgoknil/AppData/Local/Pub/Cache/hosted/pub.dev/web-1.1.1/lib/src/dom/html.dart:12679:30: Error: Type 'JSObject' not found.
extension type MessagePort._(JSObject _) implements EventTarget, JSObject {
                             ^^^^^^^^
/C:/Users/berkgoknil/AppData/Local/Pub/Cache/hosted/pub.dev/web-1.1.1/lib/src/dom/html.dart:12679:66: Error: Type 'JSObject' not found.
extension type MessagePort._(JSObject _) implements EventTarget, JSObject {
                                                                 ^^^^^^^^
/C:/Users/berkgoknil/AppData/Local/Pub/Cache/hosted/pub.dev/web-1.1.1/lib/src/dom/html.dart:12684:5: Error: Type 'JSAny' not found.
    JSAny? message, [
    ^^^^^
/C:/Users/berkgoknil/AppData/Local/Pub/Cache/hosted/pub.dev/web-1.1.1/lib/src/dom/html.dart:12685:5: Error: Type 'JSObject' not found.
    JSObject optionsOrTransfer,
    ^^^^^^^^
/C:/Users/berkgoknil/AppData/Local/Pub/Cache/hosted/pub.dev/web-1.1.1/lib/src/dom/html.dart:12707:45: Error: Type 'JSObject' not found.
extension type StructuredSerializeOptions._(JSObject _) implements JSObject {
                                            ^^^^^^^^
/C:/Users/berkgoknil/AppData/Local/Pub/Cache/hosted/pub.dev/web-1.1.1/lib/src/dom/html.dart:12707:68: Error: Type 'JSObject' not found.
extension type StructuredSerializeOptions._(JSObject _) implements JSObject {
                                                                   ^^^^^^^^
/C:/Users/berkgoknil/AppData/Local/Pub/Cache/hosted/pub.dev/web-1.1.1/lib/src/dom/html.dart:12708:56: Error: Type 'JSObject' not found.
  external factory StructuredSerializeOptions({JSArray<JSObject> transfer});
                                                       ^^^^^^^^
/C:/Users/berkgoknil/AppData/Local/Pub/Cache/hosted/pub.dev/web-1.1.1/lib/src/dom/html.dart:12708:48: Error: Type 'JSArray' not found.
  external factory StructuredSerializeOptions({JSArray<JSObject> transfer});
                                               ^^^^^^^
/C:/Users/berkgoknil/AppData/Local/Pub/Cache/hosted/pub.dev/web-1.1.1/lib/src/dom/html.dart:12710:20: Error: Type 'JSObject' not found.
  external JSArray<JSObject> get transfer;
                   ^^^^^^^^
/C:/Users/berkgoknil/AppData/Local/Pub/Cache/hosted/pub.dev/web-1.1.1/lib/src/dom/html.dart:12710:12: Error: Type 'JSArray' not found.
  external JSArray<JSObject> get transfer;
           ^^^^^^^
/C:/Users/berkgoknil/AppData/Local/Pub/Cache/hosted/pub.dev/web-1.1.1/lib/src/dom/html.dart:12711:33: Error: Type 'JSObject' not found.
  external set transfer(JSArray<JSObject> value);
                                ^^^^^^^^
/C:/Users/berkgoknil/AppData/Local/Pub/Cache/hosted/pub.dev/web-1.1.1/lib/src/dom/html.dart:12711:25: Error: Type 'JSArray' not found.
  external set transfer(JSArray<JSObject> value);
                        ^^^^^^^
/C:/Users/berkgoknil/AppData/Local/Pub/Cache/hosted/pub.dev/web-1.1.1/lib/src/dom/html.dart:12725:35: Error: Type 'JSObject' not found.
extension type BroadcastChannel._(JSObject _) implements EventTarget, JSObject {
                                  ^^^^^^^^
/C:/Users/berkgoknil/AppData/Local/Pub/Cache/hosted/pub.dev/web-1.1.1/lib/src/dom/html.dart:12725:71: Error: Type 'JSObject' not found.
extension type BroadcastChannel._(JSObject _) implements EventTarget, JSObject {
                                                                      ^^^^^^^^
/C:/Users/berkgoknil/AppData/Local/Pub/Cache/hosted/pub.dev/web-1.1.1/lib/src/dom/html.dart:12734:29: Error: Type 'JSAny' not found.
  external void postMessage(JSAny? message);
                            ^^^^^
/C:/Users/berkgoknil/AppData/Local/Pub/Cache/hosted/pub.dev/web-1.1.1/lib/src/dom/html.dart:12774:36: Error: Type 'JSObject' not found.
extension type WorkerGlobalScope._(JSObject _)
                                   ^^^^^^^^
/C:/Users/berkgoknil/AppData/Local/Pub/Cache/hosted/pub.dev/web-1.1.1/lib/src/dom/html.dart:12775:29: Error: Type 'JSObject' not found.
    implements EventTarget, JSObject {
                            ^^^^^^^^
/C:/Users/berkgoknil/AppData/Local/Pub/Cache/hosted/pub.dev/web-1.1.1/lib/src/dom/html.dart:12778:31: Error: Type 'JSAny' not found.
  external void importScripts(JSAny urls);
                              ^^^^^
/C:/Users/berkgoknil/AppData/Local/Pub/Cache/hosted/pub.dev/web-1.1.1/lib/src/dom/html.dart:12779:29: Error: Type 'JSAny' not found.
  external void reportError(JSAny? e);
                            ^^^^^
/C:/Users/berkgoknil/AppData/Local/Pub/Cache/hosted/pub.dev/web-1.1.1/lib/src/dom/html.dart:12807:5: Error: Type 'JSAny' not found.
    JSAny? arguments, [
    ^^^^^
/C:/Users/berkgoknil/AppData/Local/Pub/Cache/hosted/pub.dev/web-1.1.1/lib/src/dom/html.dart:12813:5: Error: Type 'JSAny' not found.
    JSAny? arguments, [
    ^^^^^
/C:/Users/berkgoknil/AppData/Local/Pub/Cache/hosted/pub.dev/web-1.1.1/lib/src/dom/html.dart:12818:12: Error: Type 'JSPromise' not found.
  external JSPromise<ImageBitmap> createImageBitmap(
           ^^^^^^^^^
/C:/Users/berkgoknil/AppData/Local/Pub/Cache/hosted/pub.dev/web-1.1.1/lib/src/dom/html.dart:12820:5: Error: Type 'JSAny' not found.
    JSAny optionsOrSx,
    ^^^^^
/C:/Users/berkgoknil/AppData/Local/Pub/Cache/hosted/pub.dev/web-1.1.1/lib/src/dom/html.dart:12826:12: Error: Type 'JSAny' not found.
  external JSAny? structuredClone(
           ^^^^^
/C:/Users/berkgoknil/AppData/Local/Pub/Cache/hosted/pub.dev/web-1.1.1/lib/src/dom/html.dart:12827:5: Error: Type 'JSAny' not found.
    JSAny? value, [
    ^^^^^
/C:/Users/berkgoknil/AppData/Local/Pub/Cache/hosted/pub.dev/web-1.1.1/lib/src/dom/html.dart:12830:12: Error: Type 'JSPromise' not found.
  external JSPromise<Response> fetch(
           ^^^^^^^^^
/C:/Users/berkgoknil/AppData/Local/Pub/Cache/hosted/pub.dev/web-1.1.1/lib/src/dom/html.dart:12975:45: Error: Type 'JSObject' not found.
extension type DedicatedWorkerGlobalScope._(JSObject _)
                                            ^^^^^^^^
/C:/Users/berkgoknil/AppData/Local/Pub/Cache/hosted/pub.dev/web-1.1.1/lib/src/dom/html.dart:12976:35: Error: Type 'JSObject' not found.
    implements WorkerGlobalScope, JSObject {
                                  ^^^^^^^^
/C:/Users/berkgoknil/AppData/Local/Pub/Cache/hosted/pub.dev/web-1.1.1/lib/src/dom/html.dart:12999:5: Error: Type 'JSAny' not found.
    JSAny? message, [
    ^^^^^
/C:/Users/berkgoknil/AppData/Local/Pub/Cache/hosted/pub.dev/web-1.1.1/lib/src/dom/html.dart:13000:5: Error: Type 'JSObject' not found.
    JSObject optionsOrTransfer,
    ^^^^^^^^
/C:/Users/berkgoknil/AppData/Local/Pub/Cache/hosted/pub.dev/web-1.1.1/lib/src/dom/html.dart:13081:42: Error: Type 'JSObject' not found.
extension type SharedWorkerGlobalScope._(JSObject _)
                                         ^^^^^^^^
/C:/Users/berkgoknil/AppData/Local/Pub/Cache/hosted/pub.dev/web-1.1.1/lib/src/dom/html.dart:13082:35: Error: Type 'JSObject' not found.
    implements WorkerGlobalScope, JSObject {
                                  ^^^^^^^^
/C:/Users/berkgoknil/AppData/Local/Pub/Cache/hosted/pub.dev/web-1.1.1/lib/src/dom/html.dart:13122:25: Error: Type 'JSObject' not found.
extension type Worker._(JSObject _) implements EventTarget, JSObject {
                        ^^^^^^^^
/C:/Users/berkgoknil/AppData/Local/Pub/Cache/hosted/pub.dev/web-1.1.1/lib/src/dom/html.dart:13122:61: Error: Type 'JSObject' not found.
extension type Worker._(JSObject _) implements EventTarget, JSObject {
                                                            ^^^^^^^^
/C:/Users/berkgoknil/AppData/Local/Pub/Cache/hosted/pub.dev/web-1.1.1/lib/src/dom/html.dart:13124:5: Error: Type 'JSAny' not found.
    JSAny scriptURL, [
    ^^^^^
/C:/Users/berkgoknil/AppData/Local/Pub/Cache/hosted/pub.dev/web-1.1.1/lib/src/dom/html.dart:13149:5: Error: Type 'JSAny' not found.
    JSAny? message, [
    ^^^^^
/C:/Users/berkgoknil/AppData/Local/Pub/Cache/hosted/pub.dev/web-1.1.1/lib/src/dom/html.dart:13150:5: Error: Type 'JSObject' not found.
    JSObject optionsOrTransfer,
    ^^^^^^^^
/C:/Users/berkgoknil/AppData/Local/Pub/Cache/hosted/pub.dev/web-1.1.1/lib/src/dom/html.dart:13159:32: Error: Type 'JSObject' not found.
extension type WorkerOptions._(JSObject _) implements JSObject {
                               ^^^^^^^^
/C:/Users/berkgoknil/AppData/Local/Pub/Cache/hosted/pub.dev/web-1.1.1/lib/src/dom/html.dart:13159:55: Error: Type 'JSObject' not found.
extension type WorkerOptions._(JSObject _) implements JSObject {
                                                      ^^^^^^^^
/C:/Users/berkgoknil/AppData/Local/Pub/Cache/hosted/pub.dev/web-1.1.1/lib/src/dom/html.dart:13188:31: Error: Type 'JSObject' not found.
extension type SharedWorker._(JSObject _) implements EventTarget, JSObject {
                              ^^^^^^^^
/C:/Users/berkgoknil/AppData/Local/Pub/Cache/hosted/pub.dev/web-1.1.1/lib/src/dom/html.dart:13188:67: Error: Type 'JSObject' not found.
extension type SharedWorker._(JSObject _) implements EventTarget, JSObject {
                                                                  ^^^^^^^^
/C:/Users/berkgoknil/AppData/Local/Pub/Cache/hosted/pub.dev/web-1.1.1/lib/src/dom/html.dart:13190:5: Error: Type 'JSAny' not found.
    JSAny scriptURL, [
    ^^^^^
/C:/Users/berkgoknil/AppData/Local/Pub/Cache/hosted/pub.dev/web-1.1.1/lib/src/dom/html.dart:13191:5: Error: Type 'JSAny' not found.
    JSAny options,
    ^^^^^
/C:/Users/berkgoknil/AppData/Local/Pub/Cache/hosted/pub.dev/web-1.1.1/lib/src/dom/html.dart:13211:34: Error: Type 'JSObject' not found.
extension type WorkerNavigator._(JSObject _) implements JSObject {
                                 ^^^^^^^^
/C:/Users/berkgoknil/AppData/Local/Pub/Cache/hosted/pub.dev/web-1.1.1/lib/src/dom/html.dart:13211:57: Error: Type 'JSObject' not found.
extension type WorkerNavigator._(JSObject _) implements JSObject {
                                                        ^^^^^^^^
/C:/Users/berkgoknil/AppData/Local/Pub/Cache/hosted/pub.dev/web-1.1.1/lib/src/dom/html.dart:13240:12: Error: Type 'JSObject' not found.
  external JSObject get usb;
           ^^^^^^^^
/C:/Users/berkgoknil/AppData/Local/Pub/Cache/hosted/pub.dev/web-1.1.1/lib/src/dom/html.dart:13353:20: Error: Type 'JSString' not found.
  external JSArray<JSString> get languages;
                   ^^^^^^^^
/C:/Users/berkgoknil/AppData/Local/Pub/Cache/hosted/pub.dev/web-1.1.1/lib/src/dom/html.dart:13353:12: Error: Type 'JSArray' not found.
  external JSArray<JSString> get languages;
           ^^^^^^^
/C:/Users/berkgoknil/AppData/Local/Pub/Cache/hosted/pub.dev/web-1.1.1/lib/src/dom/html.dart:13425:33: Error: Type 'JSObject' not found.
extension type WorkerLocation._(JSObject _) implements JSObject {
                                ^^^^^^^^
/C:/Users/berkgoknil/AppData/Local/Pub/Cache/hosted/pub.dev/web-1.1.1/lib/src/dom/html.dart:13425:56: Error: Type 'JSObject' not found.
extension type WorkerLocation._(JSObject _) implements JSObject {
                                                       ^^^^^^^^
/C:/Users/berkgoknil/AppData/Local/Pub/Cache/hosted/pub.dev/web-1.1.1/lib/src/dom/html.dart:13476:37: Error: Type 'JSObject' not found.
extension type WorkletGlobalScope._(JSObject _) implements JSObject {}
                                    ^^^^^^^^
/C:/Users/berkgoknil/AppData/Local/Pub/Cache/hosted/pub.dev/web-1.1.1/lib/src/dom/html.dart:13476:60: Error: Type 'JSObject' not found.
extension type WorkletGlobalScope._(JSObject _) implements JSObject {}
                                                           ^^^^^^^^
/C:/Users/berkgoknil/AppData/Local/Pub/Cache/hosted/pub.dev/web-1.1.1/lib/src/dom/html.dart:13498:26: Error: Type 'JSObject' not found.
extension type Worklet._(JSObject _) implements JSObject {
                         ^^^^^^^^
/C:/Users/berkgoknil/AppData/Local/Pub/Cache/hosted/pub.dev/web-1.1.1/lib/src/dom/html.dart:13498:49: Error: Type 'JSObject' not found.
extension type Worklet._(JSObject _) implements JSObject {
                                                ^^^^^^^^
/C:/Users/berkgoknil/AppData/Local/Pub/Cache/hosted/pub.dev/web-1.1.1/lib/src/dom/html.dart:13502:22: Error: Type 'JSAny' not found.
  external JSPromise<JSAny?> addModule(
                     ^^^^^
/C:/Users/berkgoknil/AppData/Local/Pub/Cache/hosted/pub.dev/web-1.1.1/lib/src/dom/html.dart:13502:12: Error: Type 'JSPromise' not found.
  external JSPromise<JSAny?> addModule(
           ^^^^^^^^^
/C:/Users/berkgoknil/AppData/Local/Pub/Cache/hosted/pub.dev/web-1.1.1/lib/src/dom/html.dart:13507:33: Error: Type 'JSObject' not found.
extension type WorkletOptions._(JSObject _) implements JSObject {
                                ^^^^^^^^
/C:/Users/berkgoknil/AppData/Local/Pub/Cache/hosted/pub.dev/web-1.1.1/lib/src/dom/html.dart:13507:56: Error: Type 'JSObject' not found.
extension type WorkletOptions._(JSObject _) implements JSObject {
                                                       ^^^^^^^^
/C:/Users/berkgoknil/AppData/Local/Pub/Cache/hosted/pub.dev/web-1.1.1/lib/src/dom/html.dart:13528:26: Error: Type 'JSObject' not found.
extension type Storage._(JSObject _) implements JSObject {
                         ^^^^^^^^
/C:/Users/berkgoknil/AppData/Local/Pub/Cache/hosted/pub.dev/web-1.1.1/lib/src/dom/html.dart:13528:49: Error: Type 'JSObject' not found.
extension type Storage._(JSObject _) implements JSObject {
                                                ^^^^^^^^
/C:/Users/berkgoknil/AppData/Local/Pub/Cache/hosted/pub.dev/web-1.1.1/lib/src/dom/html.dart:13583:31: Error: Type 'JSObject' not found.
extension type StorageEvent._(JSObject _) implements Event, JSObject {
                              ^^^^^^^^
/C:/Users/berkgoknil/AppData/Local/Pub/Cache/hosted/pub.dev/web-1.1.1/lib/src/dom/html.dart:13583:61: Error: Type 'JSObject' not found.
extension type StorageEvent._(JSObject _) implements Event, JSObject {
                                                            ^^^^^^^^
/C:/Users/berkgoknil/AppData/Local/Pub/Cache/hosted/pub.dev/web-1.1.1/lib/src/dom/html.dart:13622:35: Error: Type 'JSObject' not found.
extension type StorageEventInit._(JSObject _) implements EventInit, JSObject {
                                  ^^^^^^^^
/C:/Users/berkgoknil/AppData/Local/Pub/Cache/hosted/pub.dev/web-1.1.1/lib/src/dom/html.dart:13622:69: Error: Type 'JSObject' not found.
extension type StorageEventInit._(JSObject _) implements EventInit, JSObject {
                                                                    ^^^^^^^^
/C:/Users/berkgoknil/AppData/Local/Pub/Cache/hosted/pub.dev/web-1.1.1/lib/src/dom/html.dart:13655:37: Error: Type 'JSObject' not found.
extension type HTMLMarqueeElement._(JSObject _)
                                    ^^^^^^^^
/C:/Users/berkgoknil/AppData/Local/Pub/Cache/hosted/pub.dev/web-1.1.1/lib/src/dom/html.dart:13656:29: Error: Type 'JSObject' not found.
    implements HTMLElement, JSObject {
                            ^^^^^^^^
/C:/Users/berkgoknil/AppData/Local/Pub/Cache/hosted/pub.dev/web-1.1.1/lib/src/dom/html.dart:13694:38: Error: Type 'JSObject' not found.
extension type HTMLFrameSetElement._(JSObject _)
                                     ^^^^^^^^
/C:/Users/berkgoknil/AppData/Local/Pub/Cache/hosted/pub.dev/web-1.1.1/lib/src/dom/html.dart:13695:29: Error: Type 'JSObject' not found.
    implements HTMLElement, JSObject {
                            ^^^^^^^^
/C:/Users/berkgoknil/AppData/Local/Pub/Cache/hosted/pub.dev/web-1.1.1/lib/src/dom/html.dart:13740:35: Error: Type 'JSObject' not found.
extension type HTMLFrameElement._(JSObject _) implements HTMLElement, JSObject {
                                  ^^^^^^^^
/C:/Users/berkgoknil/AppData/Local/Pub/Cache/hosted/pub.dev/web-1.1.1/lib/src/dom/html.dart:13740:71: Error: Type 'JSObject' not found.
extension type HTMLFrameElement._(JSObject _) implements HTMLElement, JSObject {
                                                                      ^^^^^^^^
/C:/Users/berkgoknil/AppData/Local/Pub/Cache/hosted/pub.dev/web-1.1.1/lib/src/dom/html.dart:13763:39: Error: Type 'JSObject' not found.
extension type HTMLDirectoryElement._(JSObject _)
                                      ^^^^^^^^
/C:/Users/berkgoknil/AppData/Local/Pub/Cache/hosted/pub.dev/web-1.1.1/lib/src/dom/html.dart:13764:29: Error: Type 'JSObject' not found.
    implements HTMLElement, JSObject {
                            ^^^^^^^^
/C:/Users/berkgoknil/AppData/Local/Pub/Cache/hosted/pub.dev/web-1.1.1/lib/src/dom/html.dart:13780:34: Error: Type 'JSObject' not found.
extension type HTMLFontElement._(JSObject _) implements HTMLElement, JSObject {
                                 ^^^^^^^^
/C:/Users/berkgoknil/AppData/Local/Pub/Cache/hosted/pub.dev/web-1.1.1/lib/src/dom/html.dart:13780:70: Error: Type 'JSObject' not found.
extension type HTMLFontElement._(JSObject _) implements HTMLElement, JSObject {
                                                                     ^^^^^^^^
/C:/Users/berkgoknil/AppData/Local/Pub/Cache/hosted/pub.dev/web-1.1.1/lib/src/dom/html.dart:13875:35: Error: Type 'JSObject' not found.
extension type HTMLParamElement._(JSObject _) implements HTMLElement, JSObject {
                                  ^^^^^^^^
/C:/Users/berkgoknil/AppData/Local/Pub/Cache/hosted/pub.dev/web-1.1.1/lib/src/dom/html.dart:13875:71: Error: Type 'JSObject' not found.
extension type HTMLParamElement._(JSObject _) implements HTMLElement, JSObject {
                                                                      ^^^^^^^^
/C:/Users/berkgoknil/AppData/Local/Pub/Cache/hosted/pub.dev/web-1.1.1/lib/src/dom/html.dart:13888:27: Error: Type 'JSObject' not found.
extension type External._(JSObject _) implements JSObject {
                          ^^^^^^^^
/C:/Users/berkgoknil/AppData/Local/Pub/Cache/hosted/pub.dev/web-1.1.1/lib/src/dom/html.dart:13888:50: Error: Type 'JSObject' not found.
extension type External._(JSObject _) implements JSObject {
                                                 ^^^^^^^^
/C:/Users/berkgoknil/AppData/Local/Pub/Cache/hosted/pub.dev/web-1.1.1/lib/src/dom/html.dart:123:59: Error: The type 'JSObject' can't be implemented by an extension type.
extension type HTMLAllCollection._(JSObject _) implements JSObject {
                                                          ^
/C:/Users/berkgoknil/AppData/Local/Pub/Cache/hosted/pub.dev/web-1.1.1/lib/src/dom/html.dart:153:32: Error: The type 'JSObject' can't be implemented by an extension type.
    implements HTMLCollection, JSObject {
                               ^
/C:/Users/berkgoknil/AppData/Local/Pub/Cache/hosted/pub.dev/web-1.1.1/lib/src/dom/html.dart:173:65: Error: The type 'JSObject' can't be implemented by an extension type.
extension type RadioNodeList._(JSObject _) implements NodeList, JSObject {
                                                                ^
/C:/Users/berkgoknil/AppData/Local/Pub/Cache/hosted/pub.dev/web-1.1.1/lib/src/dom/html.dart:201:32: Error: The type 'JSObject' can't be implemented by an extension type.
    implements HTMLCollection, JSObject {
                               ^
/C:/Users/berkgoknil/AppData/Local/Pub/Cache/hosted/pub.dev/web-1.1.1/lib/src/dom/html.dart:246:55: Error: The type 'JSObject' can't be implemented by an extension type.
extension type DOMStringList._(JSObject _) implements JSObject {
                                                      ^
/C:/Users/berkgoknil/AppData/Local/Pub/Cache/hosted/pub.dev/web-1.1.1/lib/src/dom/html.dart:270:62: Error: The type 'JSObject' can't be implemented by an extension type.
extension type HTMLElement._(JSObject _) implements Element, JSObject {
                                                             ^
/C:/Users/berkgoknil/AppData/Local/Pub/Cache/hosted/pub.dev/web-1.1.1/lib/src/dom/html.dart:1247:29: Error: The type 'JSObject' can't be implemented by an extension type.
    implements HTMLElement, JSObject {
                            ^
/C:/Users/berkgoknil/AppData/Local/Pub/Cache/hosted/pub.dev/web-1.1.1/lib/src/dom/html.dart:1280:54: Error: The type 'JSObject' can't be implemented by an extension type.
extension type DOMStringMap._(JSObject _) implements JSObject {
                                                     ^
/C:/Users/berkgoknil/AppData/Local/Pub/Cache/hosted/pub.dev/web-1.1.1/lib/src/dom/html.dart:1299:70: Error: The type 'JSObject' can't be implemented by an extension type.
extension type HTMLHtmlElement._(JSObject _) implements HTMLElement, JSObject {
                                                                     ^
/C:/Users/berkgoknil/AppData/Local/Pub/Cache/hosted/pub.dev/web-1.1.1/lib/src/dom/html.dart:1322:70: Error: The type 'JSObject' can't be implemented by an extension type.
extension type HTMLHeadElement._(JSObject _) implements HTMLElement, JSObject {
                                                                     ^
/C:/Users/berkgoknil/AppData/Local/Pub/Cache/hosted/pub.dev/web-1.1.1/lib/src/dom/html.dart:1335:71: Error: The type 'JSObject' can't be implemented by an extension type.
extension type HTMLTitleElement._(JSObject _) implements HTMLElement, JSObject {
                                                                      ^
/C:/Users/berkgoknil/AppData/Local/Pub/Cache/hosted/pub.dev/web-1.1.1/lib/src/dom/html.dart:1354:70: Error: The type 'JSObject' can't be implemented by an extension type.
extension type HTMLBaseElement._(JSObject _) implements HTMLElement, JSObject {
                                                                     ^
/C:/Users/berkgoknil/AppData/Local/Pub/Cache/hosted/pub.dev/web-1.1.1/lib/src/dom/html.dart:1387:70: Error: The type 'JSObject' can't be implemented by an extension type.
extension type HTMLLinkElement._(JSObject _) implements HTMLElement, JSObject {
                                                                     ^
/C:/Users/berkgoknil/AppData/Local/Pub/Cache/hosted/pub.dev/web-1.1.1/lib/src/dom/html.dart:1537:70: Error: The type 'JSObject' can't be implemented by an extension type.
extension type HTMLMetaElement._(JSObject _) implements HTMLElement, JSObject {
                                                                     ^
/C:/Users/berkgoknil/AppData/Local/Pub/Cache/hosted/pub.dev/web-1.1.1/lib/src/dom/html.dart:1607:71: Error: The type 'JSObject' can't be implemented by an extension type.
extension type HTMLStyleElement._(JSObject _) implements HTMLElement, JSObject {
                                                                      ^
/C:/Users/berkgoknil/AppData/Local/Pub/Cache/hosted/pub.dev/web-1.1.1/lib/src/dom/html.dart:1650:70: Error: The type 'JSObject' can't be implemented by an extension type.
extension type HTMLBodyElement._(JSObject _) implements HTMLElement, JSObject {
                                                                     ^
/C:/Users/berkgoknil/AppData/Local/Pub/Cache/hosted/pub.dev/web-1.1.1/lib/src/dom/html.dart:1716:29: Error: The type 'JSObject' can't be implemented by an extension type.
    implements HTMLElement, JSObject {
                            ^
/C:/Users/berkgoknil/AppData/Local/Pub/Cache/hosted/pub.dev/web-1.1.1/lib/src/dom/html.dart:1748:29: Error: The type 'JSObject' can't be implemented by an extension type.
    implements HTMLElement, JSObject {
                            ^
/C:/Users/berkgoknil/AppData/Local/Pub/Cache/hosted/pub.dev/web-1.1.1/lib/src/dom/html.dart:1764:68: Error: The type 'JSObject' can't be implemented by an extension type.
extension type HTMLHRElement._(JSObject _) implements HTMLElement, JSObject {
                                                                   ^
/C:/Users/berkgoknil/AppData/Local/Pub/Cache/hosted/pub.dev/web-1.1.1/lib/src/dom/html.dart:1788:69: Error: The type 'JSObject' can't be implemented by an extension type.
extension type HTMLPreElement._(JSObject _) implements HTMLElement, JSObject {
                                                                    ^
/C:/Users/berkgoknil/AppData/Local/Pub/Cache/hosted/pub.dev/web-1.1.1/lib/src/dom/html.dart:1811:71: Error: The type 'JSObject' can't be implemented by an extension type.
extension type HTMLQuoteElement._(JSObject _) implements HTMLElement, JSObject {
                                                                      ^
/C:/Users/berkgoknil/AppData/Local/Pub/Cache/hosted/pub.dev/web-1.1.1/lib/src/dom/html.dart:1830:71: Error: The type 'JSObject' can't be implemented by an extension type.
extension type HTMLOListElement._(JSObject _) implements HTMLElement, JSObject {
                                                                      ^
/C:/Users/berkgoknil/AppData/Local/Pub/Cache/hosted/pub.dev/web-1.1.1/lib/src/dom/html.dart:1879:71: Error: The type 'JSObject' can't be implemented by an extension type.
extension type HTMLUListElement._(JSObject _) implements HTMLElement, JSObject {
                                                                      ^
/C:/Users/berkgoknil/AppData/Local/Pub/Cache/hosted/pub.dev/web-1.1.1/lib/src/dom/html.dart:1898:70: Error: The type 'JSObject' can't be implemented by an extension type.
extension type HTMLMenuElement._(JSObject _) implements HTMLElement, JSObject {
                                                                     ^
/C:/Users/berkgoknil/AppData/Local/Pub/Cache/hosted/pub.dev/web-1.1.1/lib/src/dom/html.dart:1914:68: Error: The type 'JSObject' can't be implemented by an extension type.
extension type HTMLLIElement._(JSObject _) implements HTMLElement, JSObject {
                                                                   ^
/C:/Users/berkgoknil/AppData/Local/Pub/Cache/hosted/pub.dev/web-1.1.1/lib/src/dom/html.dart:1932:71: Error: The type 'JSObject' can't be implemented by an extension type.
extension type HTMLDListElement._(JSObject _) implements HTMLElement, JSObject {
                                                                      ^
/C:/Users/berkgoknil/AppData/Local/Pub/Cache/hosted/pub.dev/web-1.1.1/lib/src/dom/html.dart:1948:69: Error: The type 'JSObject' can't be implemented by an extension type.
extension type HTMLDivElement._(JSObject _) implements HTMLElement, JSObject {
                                                                    ^
/C:/Users/berkgoknil/AppData/Local/Pub/Cache/hosted/pub.dev/web-1.1.1/lib/src/dom/html.dart:1971:29: Error: The type 'JSObject' can't be implemented by an extension type.
    implements HTMLElement, JSObject {
                            ^
/C:/Users/berkgoknil/AppData/Local/Pub/Cache/hosted/pub.dev/web-1.1.1/lib/src/dom/html.dart:2179:70: Error: The type 'JSObject' can't be implemented by an extension type.
extension type HTMLDataElement._(JSObject _) implements HTMLElement, JSObject {
                                                                     ^
/C:/Users/berkgoknil/AppData/Local/Pub/Cache/hosted/pub.dev/web-1.1.1/lib/src/dom/html.dart:2199:70: Error: The type 'JSObject' can't be implemented by an extension type.
extension type HTMLTimeElement._(JSObject _) implements HTMLElement, JSObject {
                                                                     ^
/C:/Users/berkgoknil/AppData/Local/Pub/Cache/hosted/pub.dev/web-1.1.1/lib/src/dom/html.dart:2361:70: Error: The type 'JSObject' can't be implemented by an extension type.
extension type HTMLSpanElement._(JSObject _) implements HTMLElement, JSObject {
                                                                     ^
/C:/Users/berkgoknil/AppData/Local/Pub/Cache/hosted/pub.dev/web-1.1.1/lib/src/dom/html.dart:2373:68: Error: The type 'JSObject' can't be implemented by an extension type.
extension type HTMLBRElement._(JSObject _) implements HTMLElement, JSObject {
                                                                   ^
/C:/Users/berkgoknil/AppData/Local/Pub/Cache/hosted/pub.dev/web-1.1.1/lib/src/dom/html.dart:2390:69: Error: The type 'JSObject' can't be implemented by an extension type.
extension type HTMLModElement._(JSObject _) implements HTMLElement, JSObject {
                                                                    ^
/C:/Users/berkgoknil/AppData/Local/Pub/Cache/hosted/pub.dev/web-1.1.1/lib/src/dom/html.dart:2411:29: Error: The type 'JSObject' can't be implemented by an extension type.
    implements HTMLElement, JSObject {
                            ^
/C:/Users/berkgoknil/AppData/Local/Pub/Cache/hosted/pub.dev/web-1.1.1/lib/src/dom/html.dart:2425:29: Error: The type 'JSObject' can't be implemented by an extension type.
    implements HTMLElement, JSObject {
                            ^
/C:/Users/berkgoknil/AppData/Local/Pub/Cache/hosted/pub.dev/web-1.1.1/lib/src/dom/html.dart:2470:71: Error: The type 'JSObject' can't be implemented by an extension type.
extension type HTMLImageElement._(JSObject _) implements HTMLElement, JSObject {
                                                                      ^
/C:/Users/berkgoknil/AppData/Local/Pub/Cache/hosted/pub.dev/web-1.1.1/lib/src/dom/html.dart:2816:29: Error: The type 'JSObject' can't be implemented by an extension type.
    implements HTMLElement, JSObject {
                            ^
/C:/Users/berkgoknil/AppData/Local/Pub/Cache/hosted/pub.dev/web-1.1.1/lib/src/dom/html.dart:2957:71: Error: The type 'JSObject' can't be implemented by an extension type.
extension type HTMLEmbedElement._(JSObject _) implements HTMLElement, JSObject {
                                                                      ^
/C:/Users/berkgoknil/AppData/Local/Pub/Cache/hosted/pub.dev/web-1.1.1/lib/src/dom/html.dart:2999:29: Error: The type 'JSObject' can't be implemented by an extension type.
    implements HTMLElement, JSObject {
                            ^
/C:/Users/berkgoknil/AppData/Local/Pub/Cache/hosted/pub.dev/web-1.1.1/lib/src/dom/html.dart:3151:34: Error: The type 'JSObject' can't be implemented by an extension type.
    implements HTMLMediaElement, JSObject {
                                 ^
/C:/Users/berkgoknil/AppData/Local/Pub/Cache/hosted/pub.dev/web-1.1.1/lib/src/dom/html.dart:3246:34: Error: The type 'JSObject' can't be implemented by an extension type.
    implements HTMLMediaElement, JSObject {
                                 ^
/C:/Users/berkgoknil/AppData/Local/Pub/Cache/hosted/pub.dev/web-1.1.1/lib/src/dom/html.dart:3260:71: Error: The type 'JSObject' can't be implemented by an extension type.
extension type HTMLTrackElement._(JSObject _) implements HTMLElement, JSObject {
                                                                      ^
/C:/Users/berkgoknil/AppData/Local/Pub/Cache/hosted/pub.dev/web-1.1.1/lib/src/dom/html.dart:3305:71: Error: The type 'JSObject' can't be implemented by an extension type.
extension type HTMLMediaElement._(JSObject _) implements HTMLElement, JSObject {
                                                                      ^
/C:/Users/berkgoknil/AppData/Local/Pub/Cache/hosted/pub.dev/web-1.1.1/lib/src/dom/html.dart:3721:52: Error: The type 'JSObject' can't be implemented by an extension type.
extension type MediaError._(JSObject _) implements JSObject {
                                                   ^
/C:/Users/berkgoknil/AppData/Local/Pub/Cache/hosted/pub.dev/web-1.1.1/lib/src/dom/html.dart:3757:69: Error: The type 'JSObject' can't be implemented by an extension type.
extension type AudioTrackList._(JSObject _) implements EventTarget, JSObject {
                                                                    ^
/C:/Users/berkgoknil/AppData/Local/Pub/Cache/hosted/pub.dev/web-1.1.1/lib/src/dom/html.dart:3791:52: Error: The type 'JSObject' can't be implemented by an extension type.
extension type AudioTrack._(JSObject _) implements JSObject {
                                                   ^
/C:/Users/berkgoknil/AppData/Local/Pub/Cache/hosted/pub.dev/web-1.1.1/lib/src/dom/html.dart:3860:69: Error: The type 'JSObject' can't be implemented by an extension type.
extension type VideoTrackList._(JSObject _) implements EventTarget, JSObject {
                                                                    ^
/C:/Users/berkgoknil/AppData/Local/Pub/Cache/hosted/pub.dev/web-1.1.1/lib/src/dom/html.dart:3904:52: Error: The type 'JSObject' can't be implemented by an extension type.
extension type VideoTrack._(JSObject _) implements JSObject {
                                                   ^
/C:/Users/berkgoknil/AppData/Local/Pub/Cache/hosted/pub.dev/web-1.1.1/lib/src/dom/html.dart:3982:68: Error: The type 'JSObject' can't be implemented by an extension type.
extension type TextTrackList._(JSObject _) implements EventTarget, JSObject {
                                                                   ^
/C:/Users/berkgoknil/AppData/Local/Pub/Cache/hosted/pub.dev/web-1.1.1/lib/src/dom/html.dart:4018:64: Error: The type 'JSObject' can't be implemented by an extension type.
extension type TextTrack._(JSObject _) implements EventTarget, JSObject {
                                                               ^
/C:/Users/berkgoknil/AppData/Local/Pub/Cache/hosted/pub.dev/web-1.1.1/lib/src/dom/html.dart:4131:58: Error: The type 'JSObject' can't be implemented by an extension type.
extension type TextTrackCueList._(JSObject _) implements JSObject {
                                                         ^
/C:/Users/berkgoknil/AppData/Local/Pub/Cache/hosted/pub.dev/web-1.1.1/lib/src/dom/html.dart:4156:67: Error: The type 'JSObject' can't be implemented by an extension type.
extension type TextTrackCue._(JSObject _) implements EventTarget, JSObject {
                                                                  ^
/C:/Users/berkgoknil/AppData/Local/Pub/Cache/hosted/pub.dev/web-1.1.1/lib/src/dom/html.dart:4201:52: Error: The type 'JSObject' can't be implemented by an extension type.
extension type TimeRanges._(JSObject _) implements JSObject {
                                                   ^
/C:/Users/berkgoknil/AppData/Local/Pub/Cache/hosted/pub.dev/web-1.1.1/lib/src/dom/html.dart:4237:59: Error: The type 'JSObject' can't be implemented by an extension type.
extension type TrackEvent._(JSObject _) implements Event, JSObject {
                                                          ^
/C:/Users/berkgoknil/AppData/Local/Pub/Cache/hosted/pub.dev/web-1.1.1/lib/src/dom/html.dart:4251:67: Error: The type 'JSObject' can't be implemented by an extension type.
extension type TrackEventInit._(JSObject _) implements EventInit, JSObject {
                                                                  ^
/C:/Users/berkgoknil/AppData/Local/Pub/Cache/hosted/pub.dev/web-1.1.1/lib/src/dom/html.dart:4272:69: Error: The type 'JSObject' can't be implemented by an extension type.
extension type HTMLMapElement._(JSObject _) implements HTMLElement, JSObject {
                                                                    ^
/C:/Users/berkgoknil/AppData/Local/Pub/Cache/hosted/pub.dev/web-1.1.1/lib/src/dom/html.dart:4297:70: Error: The type 'JSObject' can't be implemented by an extension type.
extension type HTMLAreaElement._(JSObject _) implements HTMLElement, JSObject {
                                                                     ^
/C:/Users/berkgoknil/AppData/Local/Pub/Cache/hosted/pub.dev/web-1.1.1/lib/src/dom/html.dart:4465:71: Error: The type 'JSObject' can't be implemented by an extension type.
extension type HTMLTableElement._(JSObject _) implements HTMLElement, JSObject {
                                                                      ^
/C:/Users/berkgoknil/AppData/Local/Pub/Cache/hosted/pub.dev/web-1.1.1/lib/src/dom/html.dart:4671:29: Error: The type 'JSObject' can't be implemented by an extension type.
    implements HTMLElement, JSObject {
                            ^
/C:/Users/berkgoknil/AppData/Local/Pub/Cache/hosted/pub.dev/web-1.1.1/lib/src/dom/html.dart:4687:29: Error: The type 'JSObject' can't be implemented by an extension type.
    implements HTMLElement, JSObject {
                            ^
/C:/Users/berkgoknil/AppData/Local/Pub/Cache/hosted/pub.dev/web-1.1.1/lib/src/dom/html.dart:4770:29: Error: The type 'JSObject' can't be implemented by an extension type.
    implements HTMLElement, JSObject {
                            ^
/C:/Users/berkgoknil/AppData/Local/Pub/Cache/hosted/pub.dev/web-1.1.1/lib/src/dom/html.dart:4842:29: Error: The type 'JSObject' can't be implemented by an extension type.
    implements HTMLElement, JSObject {
                            ^
/C:/Users/berkgoknil/AppData/Local/Pub/Cache/hosted/pub.dev/web-1.1.1/lib/src/dom/html.dart:4938:29: Error: The type 'JSObject' can't be implemented by an extension type.
    implements HTMLElement, JSObject {
                            ^
/C:/Users/berkgoknil/AppData/Local/Pub/Cache/hosted/pub.dev/web-1.1.1/lib/src/dom/html.dart:5079:70: Error: The type 'JSObject' can't be implemented by an extension type.
extension type HTMLFormElement._(JSObject _) implements HTMLElement, JSObject {
                                                                     ^
/C:/Users/berkgoknil/AppData/Local/Pub/Cache/hosted/pub.dev/web-1.1.1/lib/src/dom/html.dart:5258:71: Error: The type 'JSObject' can't be implemented by an extension type.
extension type HTMLLabelElement._(JSObject _) implements HTMLElement, JSObject {
                                                                      ^
/C:/Users/berkgoknil/AppData/Local/Pub/Cache/hosted/pub.dev/web-1.1.1/lib/src/dom/html.dart:5296:71: Error: The type 'JSObject' can't be implemented by an extension type.
extension type HTMLInputElement._(JSObject _) implements HTMLElement, JSObject {
                                                                      ^
/C:/Users/berkgoknil/AppData/Local/Pub/Cache/hosted/pub.dev/web-1.1.1/lib/src/dom/html.dart:5830:29: Error: The type 'JSObject' can't be implemented by an extension type.
    implements HTMLElement, JSObject {
                            ^
/C:/Users/berkgoknil/AppData/Local/Pub/Cache/hosted/pub.dev/web-1.1.1/lib/src/dom/html.dart:5904:29: Error: The type 'JSObject' can't be implemented by an extension type.
    implements HTMLElement, JSObject {
                            ^
/C:/Users/berkgoknil/AppData/Local/Pub/Cache/hosted/pub.dev/web-1.1.1/lib/src/dom/html.dart:6049:29: Error: The type 'JSObject' can't be implemented by an extension type.
    implements HTMLElement, JSObject {
                            ^
/C:/Users/berkgoknil/AppData/Local/Pub/Cache/hosted/pub.dev/web-1.1.1/lib/src/dom/html.dart:6066:29: Error: The type 'JSObject' can't be implemented by an extension type.
    implements HTMLElement, JSObject {
                            ^
/C:/Users/berkgoknil/AppData/Local/Pub/Cache/hosted/pub.dev/web-1.1.1/lib/src/dom/html.dart:6084:29: Error: The type 'JSObject' can't be implemented by an extension type.
    implements HTMLElement, JSObject {
                            ^
/C:/Users/berkgoknil/AppData/Local/Pub/Cache/hosted/pub.dev/web-1.1.1/lib/src/dom/html.dart:6112:29: Error: The type 'JSObject' can't be implemented by an extension type.
    implements HTMLElement, JSObject {
                            ^
/C:/Users/berkgoknil/AppData/Local/Pub/Cache/hosted/pub.dev/web-1.1.1/lib/src/dom/html.dart:6190:29: Error: The type 'JSObject' can't be implemented by an extension type.
    implements HTMLElement, JSObject {
                            ^
/C:/Users/berkgoknil/AppData/Local/Pub/Cache/hosted/pub.dev/web-1.1.1/lib/src/dom/html.dart:6226:29: Error: The type 'JSObject' can't be implemented by an extension type.
    implements HTMLElement, JSObject {
                            ^
/C:/Users/berkgoknil/AppData/Local/Pub/Cache/hosted/pub.dev/web-1.1.1/lib/src/dom/html.dart:6259:71: Error: The type 'JSObject' can't be implemented by an extension type.
extension type HTMLMeterElement._(JSObject _) implements HTMLElement, JSObject {
                                                                      ^
/C:/Users/berkgoknil/AppData/Local/Pub/Cache/hosted/pub.dev/web-1.1.1/lib/src/dom/html.dart:6292:29: Error: The type 'JSObject' can't be implemented by an extension type.
    implements HTMLElement, JSObject {
                            ^
/C:/Users/berkgoknil/AppData/Local/Pub/Cache/hosted/pub.dev/web-1.1.1/lib/src/dom/html.dart:6320:29: Error: The type 'JSObject' can't be implemented by an extension type.
    implements HTMLElement, JSObject {
                            ^
/C:/Users/berkgoknil/AppData/Local/Pub/Cache/hosted/pub.dev/web-1.1.1/lib/src/dom/html.dart:6337:55: Error: The type 'JSObject' can't be implemented by an extension type.
extension type ValidityState._(JSObject _) implements JSObject {
                                                      ^
/C:/Users/berkgoknil/AppData/Local/Pub/Cache/hosted/pub.dev/web-1.1.1/lib/src/dom/html.dart:6521:60: Error: The type 'JSObject' can't be implemented by an extension type.
extension type SubmitEvent._(JSObject _) implements Event, JSObject {
                                                           ^
/C:/Users/berkgoknil/AppData/Local/Pub/Cache/hosted/pub.dev/web-1.1.1/lib/src/dom/html.dart:6532:68: Error: The type 'JSObject' can't be implemented by an extension type.
extension type SubmitEventInit._(JSObject _) implements EventInit, JSObject {
                                                                   ^
/C:/Users/berkgoknil/AppData/Local/Pub/Cache/hosted/pub.dev/web-1.1.1/lib/src/dom/html.dart:6560:62: Error: The type 'JSObject' can't be implemented by an extension type.
extension type FormDataEvent._(JSObject _) implements Event, JSObject {
                                                             ^
/C:/Users/berkgoknil/AppData/Local/Pub/Cache/hosted/pub.dev/web-1.1.1/lib/src/dom/html.dart:6572:70: Error: The type 'JSObject' can't be implemented by an extension type.
extension type FormDataEventInit._(JSObject _) implements EventInit, JSObject {
                                                                     ^
/C:/Users/berkgoknil/AppData/Local/Pub/Cache/hosted/pub.dev/web-1.1.1/lib/src/dom/html.dart:6593:29: Error: The type 'JSObject' can't be implemented by an extension type.
    implements HTMLElement, JSObject {
                            ^
/C:/Users/berkgoknil/AppData/Local/Pub/Cache/hosted/pub.dev/web-1.1.1/lib/src/dom/html.dart:6618:29: Error: The type 'JSObject' can't be implemented by an extension type.
    implements HTMLElement, JSObject {
                            ^
/C:/Users/berkgoknil/AppData/Local/Pub/Cache/hosted/pub.dev/web-1.1.1/lib/src/dom/html.dart:6675:29: Error: The type 'JSObject' can't be implemented by an extension type.
    implements HTMLElement, JSObject {
                            ^
/C:/Users/berkgoknil/AppData/Local/Pub/Cache/hosted/pub.dev/web-1.1.1/lib/src/dom/html.dart:6804:29: Error: The type 'JSObject' can't be implemented by an extension type.
    implements HTMLElement, JSObject {
                            ^
/C:/Users/berkgoknil/AppData/Local/Pub/Cache/hosted/pub.dev/web-1.1.1/lib/src/dom/html.dart:6888:70: Error: The type 'JSObject' can't be implemented by an extension type.
extension type HTMLSlotElement._(JSObject _) implements HTMLElement, JSObject {
                                                                     ^
/C:/Users/berkgoknil/AppData/Local/Pub/Cache/hosted/pub.dev/web-1.1.1/lib/src/dom/html.dart:6930:62: Error: The type 'JSObject' can't be implemented by an extension type.
extension type AssignedNodesOptions._(JSObject _) implements JSObject {
                                                             ^
/C:/Users/berkgoknil/AppData/Local/Pub/Cache/hosted/pub.dev/web-1.1.1/lib/src/dom/html.dart:6947:29: Error: The type 'JSObject' can't be implemented by an extension type.
    implements HTMLElement, JSObject {
                            ^
/C:/Users/berkgoknil/AppData/Local/Pub/Cache/hosted/pub.dev/web-1.1.1/lib/src/dom/html.dart:7061:16: Error: The type 'JSObject' can't be implemented by an extension type.
    implements JSObject {
               ^
/C:/Users/berkgoknil/AppData/Local/Pub/Cache/hosted/pub.dev/web-1.1.1/lib/src/dom/html.dart:7102:66: Error: The type 'JSObject' can't be implemented by an extension type.
extension type CanvasRenderingContext2D._(JSObject _) implements JSObject {
                                                                 ^
/C:/Users/berkgoknil/AppData/Local/Pub/Cache/hosted/pub.dev/web-1.1.1/lib/src/dom/html.dart:8190:56: Error: The type 'JSObject' can't be implemented by an extension type.
extension type CanvasGradient._(JSObject _) implements JSObject {
                                                       ^
/C:/Users/berkgoknil/AppData/Local/Pub/Cache/hosted/pub.dev/web-1.1.1/lib/src/dom/html.dart:8211:55: Error: The type 'JSObject' can't be implemented by an extension type.
extension type CanvasPattern._(JSObject _) implements JSObject {
                                                      ^
/C:/Users/berkgoknil/AppData/Local/Pub/Cache/hosted/pub.dev/web-1.1.1/lib/src/dom/html.dart:8225:53: Error: The type 'JSObject' can't be implemented by an extension type.
extension type TextMetrics._(JSObject _) implements JSObject {
                                                    ^
/C:/Users/berkgoknil/AppData/Local/Pub/Cache/hosted/pub.dev/web-1.1.1/lib/src/dom/html.dart:8301:59: Error: The type 'JSObject' can't be implemented by an extension type.
extension type ImageDataSettings._(JSObject _) implements JSObject {
                                                          ^
/C:/Users/berkgoknil/AppData/Local/Pub/Cache/hosted/pub.dev/web-1.1.1/lib/src/dom/html.dart:8321:51: Error: The type 'JSObject' can't be implemented by an extension type.
extension type ImageData._(JSObject _) implements JSObject {
                                                  ^
/C:/Users/berkgoknil/AppData/Local/Pub/Cache/hosted/pub.dev/web-1.1.1/lib/src/dom/html.dart:8367:48: Error: The type 'JSObject' can't be implemented by an extension type.
extension type Path2D._(JSObject _) implements JSObject {
                                               ^
/C:/Users/berkgoknil/AppData/Local/Pub/Cache/hosted/pub.dev/web-1.1.1/lib/src/dom/html.dart:8454:69: Error: The type 'JSObject' can't be implemented by an extension type.
extension type ImageBitmapRenderingContext._(JSObject _) implements JSObject {
                                                                    ^
/C:/Users/berkgoknil/AppData/Local/Pub/Cache/hosted/pub.dev/web-1.1.1/lib/src/dom/html.dart:8468:60: Error: The type 'JSObject' can't be implemented by an extension type.
extension type ImageEncodeOptions._(JSObject _) implements JSObject {
                                                           ^
/C:/Users/berkgoknil/AppData/Local/Pub/Cache/hosted/pub.dev/web-1.1.1/lib/src/dom/html.dart:8502:70: Error: The type 'JSObject' can't be implemented by an extension type.
extension type OffscreenCanvas._(JSObject _) implements EventTarget, JSObject {
                                                                     ^
/C:/Users/berkgoknil/AppData/Local/Pub/Cache/hosted/pub.dev/web-1.1.1/lib/src/dom/html.dart:8570:16: Error: The type 'JSObject' can't be implemented by an extension type.
    implements JSObject {
               ^
/C:/Users/berkgoknil/AppData/Local/Pub/Cache/hosted/pub.dev/web-1.1.1/lib/src/dom/html.dart:8835:63: Error: The type 'JSObject' can't be implemented by an extension type.
extension type CustomElementRegistry._(JSObject _) implements JSObject {
                                                              ^
/C:/Users/berkgoknil/AppData/Local/Pub/Cache/hosted/pub.dev/web-1.1.1/lib/src/dom/html.dart:8866:66: Error: The type 'JSObject' can't be implemented by an extension type.
extension type ElementDefinitionOptions._(JSObject _) implements JSObject {
                                                                 ^
/C:/Users/berkgoknil/AppData/Local/Pub/Cache/hosted/pub.dev/web-1.1.1/lib/src/dom/html.dart:8888:58: Error: The type 'JSObject' can't be implemented by an extension type.
extension type ElementInternals._(JSObject _) implements JSObject {
                                                         ^
/C:/Users/berkgoknil/AppData/Local/Pub/Cache/hosted/pub.dev/web-1.1.1/lib/src/dom/html.dart:9537:60: Error: The type 'JSObject' can't be implemented by an extension type.
extension type ValidityStateFlags._(JSObject _) implements JSObject {
                                                           ^
/C:/Users/berkgoknil/AppData/Local/Pub/Cache/hosted/pub.dev/web-1.1.1/lib/src/dom/html.dart:9586:56: Error: The type 'JSObject' can't be implemented by an extension type.
extension type CustomStateSet._(JSObject _) implements JSObject {}
                                                       ^
/C:/Users/berkgoknil/AppData/Local/Pub/Cache/hosted/pub.dev/web-1.1.1/lib/src/dom/html.dart:9598:56: Error: The type 'JSObject' can't be implemented by an extension type.
extension type UserActivation._(JSObject _) implements JSObject {
                                                       ^
/C:/Users/berkgoknil/AppData/Local/Pub/Cache/hosted/pub.dev/web-1.1.1/lib/src/dom/html.dart:9627:60: Error: The type 'JSObject' can't be implemented by an extension type.
extension type ToggleEvent._(JSObject _) implements Event, JSObject {
                                                           ^
/C:/Users/berkgoknil/AppData/Local/Pub/Cache/hosted/pub.dev/web-1.1.1/lib/src/dom/html.dart:9641:68: Error: The type 'JSObject' can't be implemented by an extension type.
extension type ToggleEventInit._(JSObject _) implements EventInit, JSObject {
                                                                   ^
/C:/Users/berkgoknil/AppData/Local/Pub/Cache/hosted/pub.dev/web-1.1.1/lib/src/dom/html.dart:9655:54: Error: The type 'JSObject' can't be implemented by an extension type.
extension type FocusOptions._(JSObject _) implements JSObject {
                                                     ^
/C:/Users/berkgoknil/AppData/Local/Pub/Cache/hosted/pub.dev/web-1.1.1/lib/src/dom/html.dart:9679:54: Error: The type 'JSObject' can't be implemented by an extension type.
extension type DataTransfer._(JSObject _) implements JSObject {
                                                     ^
/C:/Users/berkgoknil/AppData/Local/Pub/Cache/hosted/pub.dev/web-1.1.1/lib/src/dom/html.dart:9866:62: Error: The type 'JSObject' can't be implemented by an extension type.
extension type DataTransferItemList._(JSObject _) implements JSObject {
                                                             ^
/C:/Users/berkgoknil/AppData/Local/Pub/Cache/hosted/pub.dev/web-1.1.1/lib/src/dom/html.dart:9916:58: Error: The type 'JSObject' can't be implemented by an extension type.
extension type DataTransferItem._(JSObject _) implements JSObject {
                                                         ^
/C:/Users/berkgoknil/AppData/Local/Pub/Cache/hosted/pub.dev/web-1.1.1/lib/src/dom/html.dart:9965:63: Error: The type 'JSObject' can't be implemented by an extension type.
extension type DragEvent._(JSObject _) implements MouseEvent, JSObject {
                                                              ^
/C:/Users/berkgoknil/AppData/Local/Pub/Cache/hosted/pub.dev/web-1.1.1/lib/src/dom/html.dart:9975:71: Error: The type 'JSObject' can't be implemented by an extension type.
extension type DragEventInit._(JSObject _) implements MouseEventInit, JSObject {
                                                                      ^
/C:/Users/berkgoknil/AppData/Local/Pub/Cache/hosted/pub.dev/web-1.1.1/lib/src/dom/html.dart:10048:61: Error: The type 'JSObject' can't be implemented by an extension type.
extension type Window._(JSObject _) implements EventTarget, JSObject {
                                                            ^
/C:/Users/berkgoknil/AppData/Local/Pub/Cache/hosted/pub.dev/web-1.1.1/lib/src/dom/html.dart:11135:44: Error: The type 'JSObject' can't be implemented by an extension type.
    implements StructuredSerializeOptions, JSObject {
                                           ^
/C:/Users/berkgoknil/AppData/Local/Pub/Cache/hosted/pub.dev/web-1.1.1/lib/src/dom/html.dart:11170:49: Error: The type 'JSObject' can't be implemented by an extension type.
extension type BarProp._(JSObject _) implements JSObject {
                                                ^
/C:/Users/berkgoknil/AppData/Local/Pub/Cache/hosted/pub.dev/web-1.1.1/lib/src/dom/html.dart:11185:50: Error: The type 'JSObject' can't be implemented by an extension type.
extension type Location._(JSObject _) implements JSObject {
                                                 ^
/C:/Users/berkgoknil/AppData/Local/Pub/Cache/hosted/pub.dev/web-1.1.1/lib/src/dom/html.dart:11321:49: Error: The type 'JSObject' can't be implemented by an extension type.
extension type History._(JSObject _) implements JSObject {
                                                ^
/C:/Users/berkgoknil/AppData/Local/Pub/Cache/hosted/pub.dev/web-1.1.1/lib/src/dom/html.dart:11414:62: Error: The type 'JSObject' can't be implemented by an extension type.
extension type PopStateEvent._(JSObject _) implements Event, JSObject {
                                                             ^
/C:/Users/berkgoknil/AppData/Local/Pub/Cache/hosted/pub.dev/web-1.1.1/lib/src/dom/html.dart:11428:70: Error: The type 'JSObject' can't be implemented by an extension type.
extension type PopStateEventInit._(JSObject _) implements EventInit, JSObject {
                                                                     ^
/C:/Users/berkgoknil/AppData/Local/Pub/Cache/hosted/pub.dev/web-1.1.1/lib/src/dom/html.dart:11453:64: Error: The type 'JSObject' can't be implemented by an extension type.
extension type HashChangeEvent._(JSObject _) implements Event, JSObject {
                                                               ^
/C:/Users/berkgoknil/AppData/Local/Pub/Cache/hosted/pub.dev/web-1.1.1/lib/src/dom/html.dart:11470:27: Error: The type 'JSObject' can't be implemented by an extension type.
    implements EventInit, JSObject {
                          ^
/C:/Users/berkgoknil/AppData/Local/Pub/Cache/hosted/pub.dev/web-1.1.1/lib/src/dom/html.dart:11496:68: Error: The type 'JSObject' can't be implemented by an extension type.
extension type PageTransitionEvent._(JSObject _) implements Event, JSObject {
                                                                   ^
/C:/Users/berkgoknil/AppData/Local/Pub/Cache/hosted/pub.dev/web-1.1.1/lib/src/dom/html.dart:11507:27: Error: The type 'JSObject' can't be implemented by an extension type.
    implements EventInit, JSObject {
                          ^
/C:/Users/berkgoknil/AppData/Local/Pub/Cache/hosted/pub.dev/web-1.1.1/lib/src/dom/html.dart:11530:66: Error: The type 'JSObject' can't be implemented by an extension type.
extension type BeforeUnloadEvent._(JSObject _) implements Event, JSObject {
                                                                 ^
/C:/Users/berkgoknil/AppData/Local/Pub/Cache/hosted/pub.dev/web-1.1.1/lib/src/dom/html.dart:11554:59: Error: The type 'JSObject' can't be implemented by an extension type.
extension type ErrorEvent._(JSObject _) implements Event, JSObject {
                                                          ^
/C:/Users/berkgoknil/AppData/Local/Pub/Cache/hosted/pub.dev/web-1.1.1/lib/src/dom/html.dart:11566:67: Error: The type 'JSObject' can't be implemented by an extension type.
extension type ErrorEventInit._(JSObject _) implements EventInit, JSObject {
                                                                  ^
/C:/Users/berkgoknil/AppData/Local/Pub/Cache/hosted/pub.dev/web-1.1.1/lib/src/dom/html.dart:11601:70: Error: The type 'JSObject' can't be implemented by an extension type.
extension type PromiseRejectionEvent._(JSObject _) implements Event, JSObject {
                                                                     ^
/C:/Users/berkgoknil/AppData/Local/Pub/Cache/hosted/pub.dev/web-1.1.1/lib/src/dom/html.dart:11621:27: Error: The type 'JSObject' can't be implemented by an extension type.
    implements EventInit, JSObject {
                          ^
/C:/Users/berkgoknil/AppData/Local/Pub/Cache/hosted/pub.dev/web-1.1.1/lib/src/dom/html.dart:11635:56: Error: The type 'JSObject' can't be implemented by an extension type.
extension type GetHTMLOptions._(JSObject _) implements JSObject {
                                                       ^
/C:/Users/berkgoknil/AppData/Local/Pub/Cache/hosted/pub.dev/web-1.1.1/lib/src/dom/html.dart:11675:51: Error: The type 'JSObject' can't be implemented by an extension type.
extension type DOMParser._(JSObject _) implements JSObject {
                                                  ^
/C:/Users/berkgoknil/AppData/Local/Pub/Cache/hosted/pub.dev/web-1.1.1/lib/src/dom/html.dart:11703:51: Error: The type 'JSObject' can't be implemented by an extension type.
extension type Navigator._(JSObject _) implements JSObject {
                                                  ^
/C:/Users/berkgoknil/AppData/Local/Pub/Cache/hosted/pub.dev/web-1.1.1/lib/src/dom/html.dart:12333:53: Error: The type 'JSObject' can't be implemented by an extension type.
extension type PluginArray._(JSObject _) implements JSObject {
                                                    ^
/C:/Users/berkgoknil/AppData/Local/Pub/Cache/hosted/pub.dev/web-1.1.1/lib/src/dom/html.dart:12356:55: Error: The type 'JSObject' can't be implemented by an extension type.
extension type MimeTypeArray._(JSObject _) implements JSObject {
                                                      ^
/C:/Users/berkgoknil/AppData/Local/Pub/Cache/hosted/pub.dev/web-1.1.1/lib/src/dom/html.dart:12371:48: Error: The type 'JSObject' can't be implemented by an extension type.
extension type Plugin._(JSObject _) implements JSObject {
                                               ^
/C:/Users/berkgoknil/AppData/Local/Pub/Cache/hosted/pub.dev/web-1.1.1/lib/src/dom/html.dart:12388:50: Error: The type 'JSObject' can't be implemented by an extension type.
extension type MimeType._(JSObject _) implements JSObject {
                                                 ^
/C:/Users/berkgoknil/AppData/Local/Pub/Cache/hosted/pub.dev/web-1.1.1/lib/src/dom/html.dart:12408:53: Error: The type 'JSObject' can't be implemented by an extension type.
extension type ImageBitmap._(JSObject _) implements JSObject {
                                                    ^
/C:/Users/berkgoknil/AppData/Local/Pub/Cache/hosted/pub.dev/web-1.1.1/lib/src/dom/html.dart:12422:60: Error: The type 'JSObject' can't be implemented by an extension type.
extension type ImageBitmapOptions._(JSObject _) implements JSObject {
                                                           ^
/C:/Users/berkgoknil/AppData/Local/Pub/Cache/hosted/pub.dev/web-1.1.1/lib/src/dom/html.dart:12477:61: Error: The type 'JSObject' can't be implemented by an extension type.
extension type MessageEvent._(JSObject _) implements Event, JSObject {
                                                            ^
/C:/Users/berkgoknil/AppData/Local/Pub/Cache/hosted/pub.dev/web-1.1.1/lib/src/dom/html.dart:12523:69: Error: The type 'JSObject' can't be implemented by an extension type.
extension type MessageEventInit._(JSObject _) implements EventInit, JSObject {
                                                                    ^
/C:/Users/berkgoknil/AppData/Local/Pub/Cache/hosted/pub.dev/web-1.1.1/lib/src/dom/html.dart:12594:66: Error: The type 'JSObject' can't be implemented by an extension type.
extension type EventSource._(JSObject _) implements EventTarget, JSObject {
                                                                 ^
/C:/Users/berkgoknil/AppData/Local/Pub/Cache/hosted/pub.dev/web-1.1.1/lib/src/dom/html.dart:12634:57: Error: The type 'JSObject' can't be implemented by an extension type.
extension type EventSourceInit._(JSObject _) implements JSObject {
                                                        ^
/C:/Users/berkgoknil/AppData/Local/Pub/Cache/hosted/pub.dev/web-1.1.1/lib/src/dom/html.dart:12650:56: Error: The type 'JSObject' can't be implemented by an extension type.
extension type MessageChannel._(JSObject _) implements JSObject {
                                                       ^
/C:/Users/berkgoknil/AppData/Local/Pub/Cache/hosted/pub.dev/web-1.1.1/lib/src/dom/html.dart:12679:66: Error: The type 'JSObject' can't be implemented by an extension type.
extension type MessagePort._(JSObject _) implements EventTarget, JSObject {
                                                                 ^
/C:/Users/berkgoknil/AppData/Local/Pub/Cache/hosted/pub.dev/web-1.1.1/lib/src/dom/html.dart:12707:68: Error: The type 'JSObject' can't be implemented by an extension type.
extension type StructuredSerializeOptions._(JSObject _) implements JSObject {
                                                                   ^
/C:/Users/berkgoknil/AppData/Local/Pub/Cache/hosted/pub.dev/web-1.1.1/lib/src/dom/html.dart:12725:71: Error: The type 'JSObject' can't be implemented by an extension type.
extension type BroadcastChannel._(JSObject _) implements EventTarget, JSObject {
                                                                      ^
/C:/Users/berkgoknil/AppData/Local/Pub/Cache/hosted/pub.dev/web-1.1.1/lib/src/dom/html.dart:12775:29: Error: The type 'JSObject' can't be implemented by an extension type.
    implements EventTarget, JSObject {
                            ^
/C:/Users/berkgoknil/AppData/Local/Pub/Cache/hosted/pub.dev/web-1.1.1/lib/src/dom/html.dart:12976:35: Error: The type 'JSObject' can't be implemented by an extension type.
    implements WorkerGlobalScope, JSObject {
                                  ^
/C:/Users/berkgoknil/AppData/Local/Pub/Cache/hosted/pub.dev/web-1.1.1/lib/src/dom/html.dart:13082:35: Error: The type 'JSObject' can't be implemented by an extension type.
    implements WorkerGlobalScope, JSObject {
                                  ^
/C:/Users/berkgoknil/AppData/Local/Pub/Cache/hosted/pub.dev/web-1.1.1/lib/src/dom/html.dart:13122:61: Error: The type 'JSObject' can't be implemented by an extension type.
extension type Worker._(JSObject _) implements EventTarget, JSObject {
                                                            ^
/C:/Users/berkgoknil/AppData/Local/Pub/Cache/hosted/pub.dev/web-1.1.1/lib/src/dom/html.dart:13159:55: Error: The type 'JSObject' can't be implemented by an extension type.
extension type WorkerOptions._(JSObject _) implements JSObject {
                                                      ^
/C:/Users/berkgoknil/AppData/Local/Pub/Cache/hosted/pub.dev/web-1.1.1/lib/src/dom/html.dart:13188:67: Error: The type 'JSObject' can't be implemented by an extension type.
extension type SharedWorker._(JSObject _) implements EventTarget, JSObject {
                                                                  ^
/C:/Users/berkgoknil/AppData/Local/Pub/Cache/hosted/pub.dev/web-1.1.1/lib/src/dom/html.dart:13211:57: Error: The type 'JSObject' can't be implemented by an extension type.
extension type WorkerNavigator._(JSObject _) implements JSObject {
                                                        ^
/C:/Users/berkgoknil/AppData/Local/Pub/Cache/hosted/pub.dev/web-1.1.1/lib/src/dom/html.dart:13425:56: Error: The type 'JSObject' can't be implemented by an extension type.
extension type WorkerLocation._(JSObject _) implements JSObject {
                                                       ^
/C:/Users/berkgoknil/AppData/Local/Pub/Cache/hosted/pub.dev/web-1.1.1/lib/src/dom/html.dart:13476:60: Error: The type 'JSObject' can't be implemented by an extension type.
extension type WorkletGlobalScope._(JSObject _) implements JSObject {}
                                                           ^
/C:/Users/berkgoknil/AppData/Local/Pub/Cache/hosted/pub.dev/web-1.1.1/lib/src/dom/html.dart:13498:49: Error: The type 'JSObject' can't be implemented by an extension type.
extension type Worklet._(JSObject _) implements JSObject {
                                                ^
/C:/Users/berkgoknil/AppData/Local/Pub/Cache/hosted/pub.dev/web-1.1.1/lib/src/dom/html.dart:13507:56: Error: The type 'JSObject' can't be implemented by an extension type.
extension type WorkletOptions._(JSObject _) implements JSObject {
                                                       ^
/C:/Users/berkgoknil/AppData/Local/Pub/Cache/hosted/pub.dev/web-1.1.1/lib/src/dom/html.dart:13528:49: Error: The type 'JSObject' can't be implemented by an extension type.
extension type Storage._(JSObject _) implements JSObject {
                                                ^
/C:/Users/berkgoknil/AppData/Local/Pub/Cache/hosted/pub.dev/web-1.1.1/lib/src/dom/html.dart:13583:61: Error: The type 'JSObject' can't be implemented by an extension type.
extension type StorageEvent._(JSObject _) implements Event, JSObject {
                                                            ^
/C:/Users/berkgoknil/AppData/Local/Pub/Cache/hosted/pub.dev/web-1.1.1/lib/src/dom/html.dart:13622:69: Error: The type 'JSObject' can't be implemented by an extension type.
extension type StorageEventInit._(JSObject _) implements EventInit, JSObject {
                                                                    ^
/C:/Users/berkgoknil/AppData/Local/Pub/Cache/hosted/pub.dev/web-1.1.1/lib/src/dom/html.dart:13656:29: Error: The type 'JSObject' can't be implemented by an extension type.
    implements HTMLElement, JSObject {
                            ^
/C:/Users/berkgoknil/AppData/Local/Pub/Cache/hosted/pub.dev/web-1.1.1/lib/src/dom/html.dart:13695:29: Error: The type 'JSObject' can't be implemented by an extension type.
    implements HTMLElement, JSObject {
                            ^
/C:/Users/berkgoknil/AppData/Local/Pub/Cache/hosted/pub.dev/web-1.1.1/lib/src/dom/html.dart:13740:71: Error: The type 'JSObject' can't be implemented by an extension type.
extension type HTMLFrameElement._(JSObject _) implements HTMLElement, JSObject {
                                                                      ^
/C:/Users/berkgoknil/AppData/Local/Pub/Cache/hosted/pub.dev/web-1.1.1/lib/src/dom/html.dart:13764:29: Error: The type 'JSObject' can't be implemented by an extension type.
    implements HTMLElement, JSObject {
                            ^
/C:/Users/berkgoknil/AppData/Local/Pub/Cache/hosted/pub.dev/web-1.1.1/lib/src/dom/html.dart:13780:70: Error: The type 'JSObject' can't be implemented by an extension type.
extension type HTMLFontElement._(JSObject _) implements HTMLElement, JSObject {
                                                                     ^
/C:/Users/berkgoknil/AppData/Local/Pub/Cache/hosted/pub.dev/web-1.1.1/lib/src/dom/html.dart:13875:71: Error: The type 'JSObject' can't be implemented by an extension type.
extension type HTMLParamElement._(JSObject _) implements HTMLElement, JSObject {
                                                                      ^
/C:/Users/berkgoknil/AppData/Local/Pub/Cache/hosted/pub.dev/web-1.1.1/lib/src/dom/html.dart:13888:50: Error: The type 'JSObject' can't be implemented by an extension type.
extension type External._(JSObject _) implements JSObject {
                                                 ^
/C:/Users/berkgoknil/AppData/Local/Pub/Cache/hosted/pub.dev/web-1.1.1/lib/src/dom/html.dart:13:2: Error: Couldn't find constructor 'JS'.
@JS()
 ^^
/C:/Users/berkgoknil/AppData/Local/Pub/Cache/hosted/pub.dev/web-1.1.1/lib/src/dom/html.dart:3286:4: Error: Couldn't find constructor 'JS'.
  @JS('default')
   ^^
/C:/Users/berkgoknil/AppData/Local/Pub/Cache/hosted/pub.dev/web-1.1.1/lib/src/dom/html.dart:3288:4: Error: Couldn't find constructor 'JS'.
  @JS('default')
   ^^
/C:/Users/berkgoknil/AppData/Local/Pub/Cache/hosted/pub.dev/web-1.1.1/lib/src/dom/html.dart:8869:4: Error: Couldn't find constructor 'JS'.
  @JS('extends')
   ^^
/C:/Users/berkgoknil/AppData/Local/Pub/Cache/hosted/pub.dev/web-1.1.1/lib/src/dom/html.dart:8871:4: Error: Couldn't find constructor 'JS'.
  @JS('extends')
   ^^
/C:/Users/berkgoknil/AppData/Local/Pub/Cache/hosted/pub.dev/web-1.1.1/lib/src/dom/html.dart:10013:2: Error: Couldn't find constructor 'JS'.
@JS()
 ^^
/C:/Users/berkgoknil/AppData/Local/Pub/Cache/hosted/pub.dev/web-1.1.1/lib/src/dom/html.dart:123:36: Error: 'JSObject' isn't a type.
extension type HTMLAllCollection._(JSObject _) implements JSObject {
                                   ^^^^^^^^
/C:/Users/berkgoknil/AppData/Local/Pub/Cache/hosted/pub.dev/web-1.1.1/lib/src/dom/html.dart:152:45: Error: 'JSObject' isn't a type.
extension type HTMLFormControlsCollection._(JSObject _)
                                            ^^^^^^^^
/C:/Users/berkgoknil/AppData/Local/Pub/Cache/hosted/pub.dev/web-1.1.1/lib/src/dom/html.dart:173:32: Error: 'JSObject' isn't a type.
extension type RadioNodeList._(JSObject _) implements NodeList, JSObject {
                               ^^^^^^^^
/C:/Users/berkgoknil/AppData/Local/Pub/Cache/hosted/pub.dev/web-1.1.1/lib/src/dom/html.dart:200:40: Error: 'JSObject' isn't a type.
extension type HTMLOptionsCollection._(JSObject _)
                                       ^^^^^^^^
/C:/Users/berkgoknil/AppData/Local/Pub/Cache/hosted/pub.dev/web-1.1.1/lib/src/dom/html.dart:207:5: Error: 'JSObject' isn't a type.
    JSObject element, [
    ^^^^^^^^
/C:/Users/berkgoknil/AppData/Local/Pub/Cache/hosted/pub.dev/web-1.1.1/lib/src/dom/html.dart:208:5: Error: 'JSAny' isn't a type.
    JSAny? before,
    ^^^^^
/C:/Users/berkgoknil/AppData/Local/Pub/Cache/hosted/pub.dev/web-1.1.1/lib/src/dom/html.dart:246:32: Error: 'JSObject' isn't a type.
extension type DOMStringList._(JSObject _) implements JSObject {
                               ^^^^^^^^
/C:/Users/berkgoknil/AppData/Local/Pub/Cache/hosted/pub.dev/web-1.1.1/lib/src/dom/html.dart:270:30: Error: 'JSObject' isn't a type.
extension type HTMLElement._(JSObject _) implements Element, JSObject {
                             ^^^^^^^^
/C:/Users/berkgoknil/AppData/Local/Pub/Cache/hosted/pub.dev/web-1.1.1/lib/src/dom/html.dart:580:23: Error: 'JSAny' isn't a type.
  external set hidden(JSAny? value);
                      ^^^^^
/C:/Users/berkgoknil/AppData/Local/Pub/Cache/hosted/pub.dev/web-1.1.1/lib/src/dom/html.dart:1246:37: Error: 'JSObject' isn't a type.
extension type HTMLUnknownElement._(JSObject _)
                                    ^^^^^^^^
/C:/Users/berkgoknil/AppData/Local/Pub/Cache/hosted/pub.dev/web-1.1.1/lib/src/dom/html.dart:1280:31: Error: 'JSObject' isn't a type.
extension type DOMStringMap._(JSObject _) implements JSObject {
                              ^^^^^^^^
/C:/Users/berkgoknil/AppData/Local/Pub/Cache/hosted/pub.dev/web-1.1.1/lib/src/dom/html.dart:1299:34: Error: 'JSObject' isn't a type.
extension type HTMLHtmlElement._(JSObject _) implements HTMLElement, JSObject {
                                 ^^^^^^^^
/C:/Users/berkgoknil/AppData/Local/Pub/Cache/hosted/pub.dev/web-1.1.1/lib/src/dom/html.dart:1322:34: Error: 'JSObject' isn't a type.
extension type HTMLHeadElement._(JSObject _) implements HTMLElement, JSObject {
                                 ^^^^^^^^
/C:/Users/berkgoknil/AppData/Local/Pub/Cache/hosted/pub.dev/web-1.1.1/lib/src/dom/html.dart:1335:35: Error: 'JSObject' isn't a type.
extension type HTMLTitleElement._(JSObject _) implements HTMLElement, JSObject {
                                  ^^^^^^^^
/C:/Users/berkgoknil/AppData/Local/Pub/Cache/hosted/pub.dev/web-1.1.1/lib/src/dom/html.dart:1354:34: Error: 'JSObject' isn't a type.
extension type HTMLBaseElement._(JSObject _) implements HTMLElement, JSObject {
                                 ^^^^^^^^
/C:/Users/berkgoknil/AppData/Local/Pub/Cache/hosted/pub.dev/web-1.1.1/lib/src/dom/html.dart:1387:34: Error: 'JSObject' isn't a type.
extension type HTMLLinkElement._(JSObject _) implements HTMLElement, JSObject {
                                 ^^^^^^^^
/C:/Users/berkgoknil/AppData/Local/Pub/Cache/hosted/pub.dev/web-1.1.1/lib/src/dom/html.dart:1537:34: Error: 'JSObject' isn't a type.
extension type HTMLMetaElement._(JSObject _) implements HTMLElement, JSObject {
                                 ^^^^^^^^
/C:/Users/berkgoknil/AppData/Local/Pub/Cache/hosted/pub.dev/web-1.1.1/lib/src/dom/html.dart:1607:35: Error: 'JSObject' isn't a type.
extension type HTMLStyleElement._(JSObject _) implements HTMLElement, JSObject {
                                  ^^^^^^^^
/C:/Users/berkgoknil/AppData/Local/Pub/Cache/hosted/pub.dev/web-1.1.1/lib/src/dom/html.dart:1650:34: Error: 'JSObject' isn't a type.
extension type HTMLBodyElement._(JSObject _) implements HTMLElement, JSObject {
                                 ^^^^^^^^
/C:/Users/berkgoknil/AppData/Local/Pub/Cache/hosted/pub.dev/web-1.1.1/lib/src/dom/html.dart:1715:37: Error: 'JSObject' isn't a type.
extension type HTMLHeadingElement._(JSObject _)
                                    ^^^^^^^^
/C:/Users/berkgoknil/AppData/Local/Pub/Cache/hosted/pub.dev/web-1.1.1/lib/src/dom/html.dart:1747:39: Error: 'JSObject' isn't a type.
extension type HTMLParagraphElement._(JSObject _)
                                      ^^^^^^^^
/C:/Users/berkgoknil/AppData/Local/Pub/Cache/hosted/pub.dev/web-1.1.1/lib/src/dom/html.dart:1764:32: Error: 'JSObject' isn't a type.
extension type HTMLHRElement._(JSObject _) implements HTMLElement, JSObject {
                               ^^^^^^^^
/C:/Users/berkgoknil/AppData/Local/Pub/Cache/hosted/pub.dev/web-1.1.1/lib/src/dom/html.dart:1788:33: Error: 'JSObject' isn't a type.
extension type HTMLPreElement._(JSObject _) implements HTMLElement, JSObject {
                                ^^^^^^^^
/C:/Users/berkgoknil/AppData/Local/Pub/Cache/hosted/pub.dev/web-1.1.1/lib/src/dom/html.dart:1811:35: Error: 'JSObject' isn't a type.
extension type HTMLQuoteElement._(JSObject _) implements HTMLElement, JSObject {
                                  ^^^^^^^^
/C:/Users/berkgoknil/AppData/Local/Pub/Cache/hosted/pub.dev/web-1.1.1/lib/src/dom/html.dart:1830:35: Error: 'JSObject' isn't a type.
extension type HTMLOListElement._(JSObject _) implements HTMLElement, JSObject {
                                  ^^^^^^^^
/C:/Users/berkgoknil/AppData/Local/Pub/Cache/hosted/pub.dev/web-1.1.1/lib/src/dom/html.dart:1879:35: Error: 'JSObject' isn't a type.
extension type HTMLUListElement._(JSObject _) implements HTMLElement, JSObject {
                                  ^^^^^^^^
/C:/Users/berkgoknil/AppData/Local/Pub/Cache/hosted/pub.dev/web-1.1.1/lib/src/dom/html.dart:1898:34: Error: 'JSObject' isn't a type.
extension type HTMLMenuElement._(JSObject _) implements HTMLElement, JSObject {
                                 ^^^^^^^^
/C:/Users/berkgoknil/AppData/Local/Pub/Cache/hosted/pub.dev/web-1.1.1/lib/src/dom/html.dart:1914:32: Error: 'JSObject' isn't a type.
extension type HTMLLIElement._(JSObject _) implements HTMLElement, JSObject {
                               ^^^^^^^^
/C:/Users/berkgoknil/AppData/Local/Pub/Cache/hosted/pub.dev/web-1.1.1/lib/src/dom/html.dart:1932:35: Error: 'JSObject' isn't a type.
extension type HTMLDListElement._(JSObject _) implements HTMLElement, JSObject {
                                  ^^^^^^^^
/C:/Users/berkgoknil/AppData/Local/Pub/Cache/hosted/pub.dev/web-1.1.1/lib/src/dom/html.dart:1948:33: Error: 'JSObject' isn't a type.
extension type HTMLDivElement._(JSObject _) implements HTMLElement, JSObject {
                                ^^^^^^^^
/C:/Users/berkgoknil/AppData/Local/Pub/Cache/hosted/pub.dev/web-1.1.1/lib/src/dom/html.dart:1970:36: Error: 'JSObject' isn't a type.
extension type HTMLAnchorElement._(JSObject _)
                                   ^^^^^^^^
/C:/Users/berkgoknil/AppData/Local/Pub/Cache/hosted/pub.dev/web-1.1.1/lib/src/dom/html.dart:2179:34: Error: 'JSObject' isn't a type.
extension type HTMLDataElement._(JSObject _) implements HTMLElement, JSObject {
                                 ^^^^^^^^
/C:/Users/berkgoknil/AppData/Local/Pub/Cache/hosted/pub.dev/web-1.1.1/lib/src/dom/html.dart:2199:34: Error: 'JSObject' isn't a type.
extension type HTMLTimeElement._(JSObject _) implements HTMLElement, JSObject {
                                 ^^^^^^^^
/C:/Users/berkgoknil/AppData/Local/Pub/Cache/hosted/pub.dev/web-1.1.1/lib/src/dom/html.dart:2361:34: Error: 'JSObject' isn't a type.
extension type HTMLSpanElement._(JSObject _) implements HTMLElement, JSObject {
                                 ^^^^^^^^
/C:/Users/berkgoknil/AppData/Local/Pub/Cache/hosted/pub.dev/web-1.1.1/lib/src/dom/html.dart:2373:32: Error: 'JSObject' isn't a type.
extension type HTMLBRElement._(JSObject _) implements HTMLElement, JSObject {
                               ^^^^^^^^
/C:/Users/berkgoknil/AppData/Local/Pub/Cache/hosted/pub.dev/web-1.1.1/lib/src/dom/html.dart:2390:33: Error: 'JSObject' isn't a type.
extension type HTMLModElement._(JSObject _) implements HTMLElement, JSObject {
                                ^^^^^^^^
/C:/Users/berkgoknil/AppData/Local/Pub/Cache/hosted/pub.dev/web-1.1.1/lib/src/dom/html.dart:2410:37: Error: 'JSObject' isn't a type.
extension type HTMLPictureElement._(JSObject _)
                                    ^^^^^^^^
/C:/Users/berkgoknil/AppData/Local/Pub/Cache/hosted/pub.dev/web-1.1.1/lib/src/dom/html.dart:2424:36: Error: 'JSObject' isn't a type.
extension type HTMLSourceElement._(JSObject _)
                                   ^^^^^^^^
/C:/Users/berkgoknil/AppData/Local/Pub/Cache/hosted/pub.dev/web-1.1.1/lib/src/dom/html.dart:2470:35: Error: 'JSObject' isn't a type.
extension type HTMLImageElement._(JSObject _) implements HTMLElement, JSObject {
                                  ^^^^^^^^
/C:/Users/berkgoknil/AppData/Local/Pub/Cache/hosted/pub.dev/web-1.1.1/lib/src/dom/html.dart:2815:36: Error: 'JSObject' isn't a type.
extension type HTMLIFrameElement._(JSObject _)
                                   ^^^^^^^^
/C:/Users/berkgoknil/AppData/Local/Pub/Cache/hosted/pub.dev/web-1.1.1/lib/src/dom/html.dart:2836:23: Error: 'JSAny' isn't a type.
  external set srcdoc(JSAny value);
                      ^^^^^
/C:/Users/berkgoknil/AppData/Local/Pub/Cache/hosted/pub.dev/web-1.1.1/lib/src/dom/html.dart:2957:35: Error: 'JSObject' isn't a type.
extension type HTMLEmbedElement._(JSObject _) implements HTMLElement, JSObject {
                                  ^^^^^^^^
/C:/Users/berkgoknil/AppData/Local/Pub/Cache/hosted/pub.dev/web-1.1.1/lib/src/dom/html.dart:2998:36: Error: 'JSObject' isn't a type.
extension type HTMLObjectElement._(JSObject _)
                                   ^^^^^^^^
/C:/Users/berkgoknil/AppData/Local/Pub/Cache/hosted/pub.dev/web-1.1.1/lib/src/dom/html.dart:3150:35: Error: 'JSObject' isn't a type.
extension type HTMLVideoElement._(JSObject _)
                                  ^^^^^^^^
/C:/Users/berkgoknil/AppData/Local/Pub/Cache/hosted/pub.dev/web-1.1.1/lib/src/dom/html.dart:3245:35: Error: 'JSObject' isn't a type.
extension type HTMLAudioElement._(JSObject _)
                                  ^^^^^^^^
/C:/Users/berkgoknil/AppData/Local/Pub/Cache/hosted/pub.dev/web-1.1.1/lib/src/dom/html.dart:3260:35: Error: 'JSObject' isn't a type.
extension type HTMLTrackElement._(JSObject _) implements HTMLElement, JSObject {
                                  ^^^^^^^^
/C:/Users/berkgoknil/AppData/Local/Pub/Cache/hosted/pub.dev/web-1.1.1/lib/src/dom/html.dart:3305:35: Error: 'JSObject' isn't a type.
extension type HTMLMediaElement._(JSObject _) implements HTMLElement, JSObject {
                                  ^^^^^^^^
/C:/Users/berkgoknil/AppData/Local/Pub/Cache/hosted/pub.dev/web-1.1.1/lib/src/dom/html.dart:3721:29: Error: 'JSObject' isn't a type.
extension type MediaError._(JSObject _) implements JSObject {
                            ^^^^^^^^
/C:/Users/berkgoknil/AppData/Local/Pub/Cache/hosted/pub.dev/web-1.1.1/lib/src/dom/html.dart:3757:33: Error: 'JSObject' isn't a type.
extension type AudioTrackList._(JSObject _) implements EventTarget, JSObject {
                                ^^^^^^^^
/C:/Users/berkgoknil/AppData/Local/Pub/Cache/hosted/pub.dev/web-1.1.1/lib/src/dom/html.dart:3791:29: Error: 'JSObject' isn't a type.
extension type AudioTrack._(JSObject _) implements JSObject {
                            ^^^^^^^^
/C:/Users/berkgoknil/AppData/Local/Pub/Cache/hosted/pub.dev/web-1.1.1/lib/src/dom/html.dart:3860:33: Error: 'JSObject' isn't a type.
extension type VideoTrackList._(JSObject _) implements EventTarget, JSObject {
                                ^^^^^^^^
/C:/Users/berkgoknil/AppData/Local/Pub/Cache/hosted/pub.dev/web-1.1.1/lib/src/dom/html.dart:3904:29: Error: 'JSObject' isn't a type.
extension type VideoTrack._(JSObject _) implements JSObject {
                            ^^^^^^^^
/C:/Users/berkgoknil/AppData/Local/Pub/Cache/hosted/pub.dev/web-1.1.1/lib/src/dom/html.dart:3982:32: Error: 'JSObject' isn't a type.
extension type TextTrackList._(JSObject _) implements EventTarget, JSObject {
                               ^^^^^^^^
/C:/Users/berkgoknil/AppData/Local/Pub/Cache/hosted/pub.dev/web-1.1.1/lib/src/dom/html.dart:4018:28: Error: 'JSObject' isn't a type.
extension type TextTrack._(JSObject _) implements EventTarget, JSObject {
                           ^^^^^^^^
/C:/Users/berkgoknil/AppData/Local/Pub/Cache/hosted/pub.dev/web-1.1.1/lib/src/dom/html.dart:4131:35: Error: 'JSObject' isn't a type.
extension type TextTrackCueList._(JSObject _) implements JSObject {
                                  ^^^^^^^^
/C:/Users/berkgoknil/AppData/Local/Pub/Cache/hosted/pub.dev/web-1.1.1/lib/src/dom/html.dart:4156:31: Error: 'JSObject' isn't a type.
extension type TextTrackCue._(JSObject _) implements EventTarget, JSObject {
                              ^^^^^^^^
/C:/Users/berkgoknil/AppData/Local/Pub/Cache/hosted/pub.dev/web-1.1.1/lib/src/dom/html.dart:4201:29: Error: 'JSObject' isn't a type.
extension type TimeRanges._(JSObject _) implements JSObject {
                            ^^^^^^^^
/C:/Users/berkgoknil/AppData/Local/Pub/Cache/hosted/pub.dev/web-1.1.1/lib/src/dom/html.dart:4237:29: Error: 'JSObject' isn't a type.
extension type TrackEvent._(JSObject _) implements Event, JSObject {
                            ^^^^^^^^
/C:/Users/berkgoknil/AppData/Local/Pub/Cache/hosted/pub.dev/web-1.1.1/lib/src/dom/html.dart:4251:33: Error: 'JSObject' isn't a type.
extension type TrackEventInit._(JSObject _) implements EventInit, JSObject {
                                ^^^^^^^^
/C:/Users/berkgoknil/AppData/Local/Pub/Cache/hosted/pub.dev/web-1.1.1/lib/src/dom/html.dart:4256:5: Error: 'JSObject' isn't a type.
    JSObject? track,
    ^^^^^^^^
/C:/Users/berkgoknil/AppData/Local/Pub/Cache/hosted/pub.dev/web-1.1.1/lib/src/dom/html.dart:4260:22: Error: 'JSObject' isn't a type.
  external set track(JSObject? value);
                     ^^^^^^^^
/C:/Users/berkgoknil/AppData/Local/Pub/Cache/hosted/pub.dev/web-1.1.1/lib/src/dom/html.dart:4272:33: Error: 'JSObject' isn't a type.
extension type HTMLMapElement._(JSObject _) implements HTMLElement, JSObject {
                                ^^^^^^^^
/C:/Users/berkgoknil/AppData/Local/Pub/Cache/hosted/pub.dev/web-1.1.1/lib/src/dom/html.dart:4297:34: Error: 'JSObject' isn't a type.
extension type HTMLAreaElement._(JSObject _) implements HTMLElement, JSObject {
                                 ^^^^^^^^
/C:/Users/berkgoknil/AppData/Local/Pub/Cache/hosted/pub.dev/web-1.1.1/lib/src/dom/html.dart:4465:35: Error: 'JSObject' isn't a type.
extension type HTMLTableElement._(JSObject _) implements HTMLElement, JSObject {
                                  ^^^^^^^^
/C:/Users/berkgoknil/AppData/Local/Pub/Cache/hosted/pub.dev/web-1.1.1/lib/src/dom/html.dart:4670:42: Error: 'JSObject' isn't a type.
extension type HTMLTableCaptionElement._(JSObject _)
                                         ^^^^^^^^
/C:/Users/berkgoknil/AppData/Local/Pub/Cache/hosted/pub.dev/web-1.1.1/lib/src/dom/html.dart:4686:38: Error: 'JSObject' isn't a type.
extension type HTMLTableColElement._(JSObject _)
                                     ^^^^^^^^
/C:/Users/berkgoknil/AppData/Local/Pub/Cache/hosted/pub.dev/web-1.1.1/lib/src/dom/html.dart:4769:42: Error: 'JSObject' isn't a type.
extension type HTMLTableSectionElement._(JSObject _)
                                         ^^^^^^^^
/C:/Users/berkgoknil/AppData/Local/Pub/Cache/hosted/pub.dev/web-1.1.1/lib/src/dom/html.dart:4841:38: Error: 'JSObject' isn't a type.
extension type HTMLTableRowElement._(JSObject _)
                                     ^^^^^^^^
/C:/Users/berkgoknil/AppData/Local/Pub/Cache/hosted/pub.dev/web-1.1.1/lib/src/dom/html.dart:4937:39: Error: 'JSObject' isn't a type.
extension type HTMLTableCellElement._(JSObject _)
                                      ^^^^^^^^
/C:/Users/berkgoknil/AppData/Local/Pub/Cache/hosted/pub.dev/web-1.1.1/lib/src/dom/html.dart:5079:34: Error: 'JSObject' isn't a type.
extension type HTMLFormElement._(JSObject _) implements HTMLElement, JSObject {
                                 ^^^^^^^^
/C:/Users/berkgoknil/AppData/Local/Pub/Cache/hosted/pub.dev/web-1.1.1/lib/src/dom/html.dart:5083:33: Error: 'JSAny' isn't a type.
  external JSObject operator [](JSAny indexOrName);
                                ^^^^^
/C:/Users/berkgoknil/AppData/Local/Pub/Cache/hosted/pub.dev/web-1.1.1/lib/src/dom/html.dart:5258:35: Error: 'JSObject' isn't a type.
extension type HTMLLabelElement._(JSObject _) implements HTMLElement, JSObject {
                                  ^^^^^^^^
/C:/Users/berkgoknil/AppData/Local/Pub/Cache/hosted/pub.dev/web-1.1.1/lib/src/dom/html.dart:5296:35: Error: 'JSObject' isn't a type.
extension type HTMLInputElement._(JSObject _) implements HTMLElement, JSObject {
                                  ^^^^^^^^
/C:/Users/berkgoknil/AppData/Local/Pub/Cache/hosted/pub.dev/web-1.1.1/lib/src/dom/html.dart:5700:28: Error: 'JSObject' isn't a type.
  external set valueAsDate(JSObject? value);
                           ^^^^^^^^
/C:/Users/berkgoknil/AppData/Local/Pub/Cache/hosted/pub.dev/web-1.1.1/lib/src/dom/html.dart:5829:36: Error: 'JSObject' isn't a type.
extension type HTMLButtonElement._(JSObject _)
                                   ^^^^^^^^
/C:/Users/berkgoknil/AppData/Local/Pub/Cache/hosted/pub.dev/web-1.1.1/lib/src/dom/html.dart:5903:36: Error: 'JSObject' isn't a type.
extension type HTMLSelectElement._(JSObject _)
                                   ^^^^^^^^
/C:/Users/berkgoknil/AppData/Local/Pub/Cache/hosted/pub.dev/web-1.1.1/lib/src/dom/html.dart:5932:5: Error: 'JSObject' isn't a type.
    JSObject element, [
    ^^^^^^^^
/C:/Users/berkgoknil/AppData/Local/Pub/Cache/hosted/pub.dev/web-1.1.1/lib/src/dom/html.dart:5933:5: Error: 'JSAny' isn't a type.
    JSAny? before,
    ^^^^^
/C:/Users/berkgoknil/AppData/Local/Pub/Cache/hosted/pub.dev/web-1.1.1/lib/src/dom/html.dart:6048:38: Error: 'JSObject' isn't a type.
extension type HTMLDataListElement._(JSObject _)
                                     ^^^^^^^^
/C:/Users/berkgoknil/AppData/Local/Pub/Cache/hosted/pub.dev/web-1.1.1/lib/src/dom/html.dart:6065:38: Error: 'JSObject' isn't a type.
extension type HTMLOptGroupElement._(JSObject _)
                                     ^^^^^^^^
/C:/Users/berkgoknil/AppData/Local/Pub/Cache/hosted/pub.dev/web-1.1.1/lib/src/dom/html.dart:6083:36: Error: 'JSObject' isn't a type.
extension type HTMLOptionElement._(JSObject _)
                                   ^^^^^^^^
/C:/Users/berkgoknil/AppData/Local/Pub/Cache/hosted/pub.dev/web-1.1.1/lib/src/dom/html.dart:6111:38: Error: 'JSObject' isn't a type.
extension type HTMLTextAreaElement._(JSObject _)
                                     ^^^^^^^^
/C:/Users/berkgoknil/AppData/Local/Pub/Cache/hosted/pub.dev/web-1.1.1/lib/src/dom/html.dart:6189:36: Error: 'JSObject' isn't a type.
extension type HTMLOutputElement._(JSObject _)
                                   ^^^^^^^^
/C:/Users/berkgoknil/AppData/Local/Pub/Cache/hosted/pub.dev/web-1.1.1/lib/src/dom/html.dart:6225:38: Error: 'JSObject' isn't a type.
extension type HTMLProgressElement._(JSObject _)
                                     ^^^^^^^^
/C:/Users/berkgoknil/AppData/Local/Pub/Cache/hosted/pub.dev/web-1.1.1/lib/src/dom/html.dart:6259:35: Error: 'JSObject' isn't a type.
extension type HTMLMeterElement._(JSObject _) implements HTMLElement, JSObject {
                                  ^^^^^^^^
/C:/Users/berkgoknil/AppData/Local/Pub/Cache/hosted/pub.dev/web-1.1.1/lib/src/dom/html.dart:6291:38: Error: 'JSObject' isn't a type.
extension type HTMLFieldSetElement._(JSObject _)
                                     ^^^^^^^^
/C:/Users/berkgoknil/AppData/Local/Pub/Cache/hosted/pub.dev/web-1.1.1/lib/src/dom/html.dart:6319:36: Error: 'JSObject' isn't a type.
extension type HTMLLegendElement._(JSObject _)
                                   ^^^^^^^^
/C:/Users/berkgoknil/AppData/Local/Pub/Cache/hosted/pub.dev/web-1.1.1/lib/src/dom/html.dart:6337:32: Error: 'JSObject' isn't a type.
extension type ValidityState._(JSObject _) implements JSObject {
                               ^^^^^^^^
/C:/Users/berkgoknil/AppData/Local/Pub/Cache/hosted/pub.dev/web-1.1.1/lib/src/dom/html.dart:6521:30: Error: 'JSObject' isn't a type.
extension type SubmitEvent._(JSObject _) implements Event, JSObject {
                             ^^^^^^^^
/C:/Users/berkgoknil/AppData/Local/Pub/Cache/hosted/pub.dev/web-1.1.1/lib/src/dom/html.dart:6532:34: Error: 'JSObject' isn't a type.
extension type SubmitEventInit._(JSObject _) implements EventInit, JSObject {
                                 ^^^^^^^^
/C:/Users/berkgoknil/AppData/Local/Pub/Cache/hosted/pub.dev/web-1.1.1/lib/src/dom/html.dart:6560:32: Error: 'JSObject' isn't a type.
extension type FormDataEvent._(JSObject _) implements Event, JSObject {
                               ^^^^^^^^
/C:/Users/berkgoknil/AppData/Local/Pub/Cache/hosted/pub.dev/web-1.1.1/lib/src/dom/html.dart:6572:36: Error: 'JSObject' isn't a type.
extension type FormDataEventInit._(JSObject _) implements EventInit, JSObject {
                                   ^^^^^^^^
/C:/Users/berkgoknil/AppData/Local/Pub/Cache/hosted/pub.dev/web-1.1.1/lib/src/dom/html.dart:6592:37: Error: 'JSObject' isn't a type.
extension type HTMLDetailsElement._(JSObject _)
                                    ^^^^^^^^
/C:/Users/berkgoknil/AppData/Local/Pub/Cache/hosted/pub.dev/web-1.1.1/lib/src/dom/html.dart:6617:36: Error: 'JSObject' isn't a type.
extension type HTMLDialogElement._(JSObject _)
                                   ^^^^^^^^
/C:/Users/berkgoknil/AppData/Local/Pub/Cache/hosted/pub.dev/web-1.1.1/lib/src/dom/html.dart:6674:36: Error: 'JSObject' isn't a type.
extension type HTMLScriptElement._(JSObject _)
                                   ^^^^^^^^
/C:/Users/berkgoknil/AppData/Local/Pub/Cache/hosted/pub.dev/web-1.1.1/lib/src/dom/html.dart:6803:38: Error: 'JSObject' isn't a type.
extension type HTMLTemplateElement._(JSObject _)
                                     ^^^^^^^^
/C:/Users/berkgoknil/AppData/Local/Pub/Cache/hosted/pub.dev/web-1.1.1/lib/src/dom/html.dart:6888:34: Error: 'JSObject' isn't a type.
extension type HTMLSlotElement._(JSObject _) implements HTMLElement, JSObject {
                                 ^^^^^^^^
/C:/Users/berkgoknil/AppData/Local/Pub/Cache/hosted/pub.dev/web-1.1.1/lib/src/dom/html.dart:6921:24: Error: 'JSObject' isn't a type.
  external void assign(JSObject nodes);
                       ^^^^^^^^
/C:/Users/berkgoknil/AppData/Local/Pub/Cache/hosted/pub.dev/web-1.1.1/lib/src/dom/html.dart:6930:39: Error: 'JSObject' isn't a type.
extension type AssignedNodesOptions._(JSObject _) implements JSObject {
                                      ^^^^^^^^
/C:/Users/berkgoknil/AppData/Local/Pub/Cache/hosted/pub.dev/web-1.1.1/lib/src/dom/html.dart:6946:36: Error: 'JSObject' isn't a type.
extension type HTMLCanvasElement._(JSObject _)
                                   ^^^^^^^^
/C:/Users/berkgoknil/AppData/Local/Pub/Cache/hosted/pub.dev/web-1.1.1/lib/src/dom/html.dart:6966:5: Error: 'JSAny' isn't a type.
    JSAny? options,
    ^^^^^
/C:/Users/berkgoknil/AppData/Local/Pub/Cache/hosted/pub.dev/web-1.1.1/lib/src/dom/html.dart:6987:5: Error: 'JSAny' isn't a type.
    JSAny? quality,
    ^^^^^
/C:/Users/berkgoknil/AppData/Local/Pub/Cache/hosted/pub.dev/web-1.1.1/lib/src/dom/html.dart:7006:5: Error: 'JSAny' isn't a type.
    JSAny? quality,
    ^^^^^
/C:/Users/berkgoknil/AppData/Local/Pub/Cache/hosted/pub.dev/web-1.1.1/lib/src/dom/html.dart:7060:51: Error: 'JSObject' isn't a type.
extension type CanvasRenderingContext2DSettings._(JSObject _)
                                                  ^^^^^^^^
/C:/Users/berkgoknil/AppData/Local/Pub/Cache/hosted/pub.dev/web-1.1.1/lib/src/dom/html.dart:7102:43: Error: 'JSObject' isn't a type.
extension type CanvasRenderingContext2D._(JSObject _) implements JSObject {
                                          ^^^^^^^^
/C:/Users/berkgoknil/AppData/Local/Pub/Cache/hosted/pub.dev/web-1.1.1/lib/src/dom/html.dart:7270:5: Error: 'JSAny' isn't a type.
    JSAny aOrTransform,
    ^^^^^
/C:/Users/berkgoknil/AppData/Local/Pub/Cache/hosted/pub.dev/web-1.1.1/lib/src/dom/html.dart:7438:5: Error: 'JSAny' isn't a type.
    JSAny fillRuleOrPath,
    ^^^^^
/C:/Users/berkgoknil/AppData/Local/Pub/Cache/hosted/pub.dev/web-1.1.1/lib/src/dom/html.dart:7485:5: Error: 'JSAny' isn't a type.
    JSAny fillRuleOrPath,
    ^^^^^
/C:/Users/berkgoknil/AppData/Local/Pub/Cache/hosted/pub.dev/web-1.1.1/lib/src/dom/html.dart:7495:5: Error: 'JSAny' isn't a type.
    JSAny pathOrX,
    ^^^^^
/C:/Users/berkgoknil/AppData/Local/Pub/Cache/hosted/pub.dev/web-1.1.1/lib/src/dom/html.dart:7497:5: Error: 'JSAny' isn't a type.
    JSAny fillRuleOrY,
    ^^^^^
/C:/Users/berkgoknil/AppData/Local/Pub/Cache/hosted/pub.dev/web-1.1.1/lib/src/dom/html.dart:7507:5: Error: 'JSAny' isn't a type.
    JSAny pathOrX,
    ^^^^^
/C:/Users/berkgoknil/AppData/Local/Pub/Cache/hosted/pub.dev/web-1.1.1/lib/src/dom/html.dart:7518:5: Error: 'JSObject' isn't a type.
    JSObject elementOrPath, [
    ^^^^^^^^
/C:/Users/berkgoknil/AppData/Local/Pub/Cache/hosted/pub.dev/web-1.1.1/lib/src/dom/html.dart:7602:5: Error: 'JSAny' isn't a type.
    JSAny imagedataOrSw, [
    ^^^^^
/C:/Users/berkgoknil/AppData/Local/Pub/Cache/hosted/pub.dev/web-1.1.1/lib/src/dom/html.dart:7663:37: Error: 'JSNumber' isn't a type.
  external void setLineDash(JSArray<JSNumber> segments);
                                    ^^^^^^^^
/C:/Users/berkgoknil/AppData/Local/Pub/Cache/hosted/pub.dev/web-1.1.1/lib/src/dom/html.dart:7663:29: Error: 'JSArray' isn't a type.
  external void setLineDash(JSArray<JSNumber> segments);
                            ^^^^^^^
/C:/Users/berkgoknil/AppData/Local/Pub/Cache/hosted/pub.dev/web-1.1.1/lib/src/dom/html.dart:7805:5: Error: 'JSAny' isn't a type.
    JSAny radii,
    ^^^^^
/C:/Users/berkgoknil/AppData/Local/Pub/Cache/hosted/pub.dev/web-1.1.1/lib/src/dom/html.dart:7914:28: Error: 'JSAny' isn't a type.
  external set strokeStyle(JSAny value);
                           ^^^^^
/C:/Users/berkgoknil/AppData/Local/Pub/Cache/hosted/pub.dev/web-1.1.1/lib/src/dom/html.dart:7930:26: Error: 'JSAny' isn't a type.
  external set fillStyle(JSAny value);
                         ^^^^^
/C:/Users/berkgoknil/AppData/Local/Pub/Cache/hosted/pub.dev/web-1.1.1/lib/src/dom/html.dart:8190:33: Error: 'JSObject' isn't a type.
extension type CanvasGradient._(JSObject _) implements JSObject {
                                ^^^^^^^^
/C:/Users/berkgoknil/AppData/Local/Pub/Cache/hosted/pub.dev/web-1.1.1/lib/src/dom/html.dart:8211:32: Error: 'JSObject' isn't a type.
extension type CanvasPattern._(JSObject _) implements JSObject {
                               ^^^^^^^^
/C:/Users/berkgoknil/AppData/Local/Pub/Cache/hosted/pub.dev/web-1.1.1/lib/src/dom/html.dart:8225:30: Error: 'JSObject' isn't a type.
extension type TextMetrics._(JSObject _) implements JSObject {
                             ^^^^^^^^
/C:/Users/berkgoknil/AppData/Local/Pub/Cache/hosted/pub.dev/web-1.1.1/lib/src/dom/html.dart:8301:36: Error: 'JSObject' isn't a type.
extension type ImageDataSettings._(JSObject _) implements JSObject {
                                   ^^^^^^^^
/C:/Users/berkgoknil/AppData/Local/Pub/Cache/hosted/pub.dev/web-1.1.1/lib/src/dom/html.dart:8321:28: Error: 'JSObject' isn't a type.
extension type ImageData._(JSObject _) implements JSObject {
                           ^^^^^^^^
/C:/Users/berkgoknil/AppData/Local/Pub/Cache/hosted/pub.dev/web-1.1.1/lib/src/dom/html.dart:8323:5: Error: 'JSAny' isn't a type.
    JSAny dataOrSw,
    ^^^^^
/C:/Users/berkgoknil/AppData/Local/Pub/Cache/hosted/pub.dev/web-1.1.1/lib/src/dom/html.dart:8325:5: Error: 'JSAny' isn't a type.
    JSAny settingsOrSh,
    ^^^^^
/C:/Users/berkgoknil/AppData/Local/Pub/Cache/hosted/pub.dev/web-1.1.1/lib/src/dom/html.dart:8367:25: Error: 'JSObject' isn't a type.
extension type Path2D._(JSObject _) implements JSObject {
                        ^^^^^^^^
/C:/Users/berkgoknil/AppData/Local/Pub/Cache/hosted/pub.dev/web-1.1.1/lib/src/dom/html.dart:8368:28: Error: 'JSAny' isn't a type.
  external factory Path2D([JSAny path]);
                           ^^^^^
/C:/Users/berkgoknil/AppData/Local/Pub/Cache/hosted/pub.dev/web-1.1.1/lib/src/dom/html.dart:8418:5: Error: 'JSAny' isn't a type.
    JSAny radii,
    ^^^^^
/C:/Users/berkgoknil/AppData/Local/Pub/Cache/hosted/pub.dev/web-1.1.1/lib/src/dom/html.dart:8454:46: Error: 'JSObject' isn't a type.
extension type ImageBitmapRenderingContext._(JSObject _) implements JSObject {
                                             ^^^^^^^^
/C:/Users/berkgoknil/AppData/Local/Pub/Cache/hosted/pub.dev/web-1.1.1/lib/src/dom/html.dart:8468:37: Error: 'JSObject' isn't a type.
extension type ImageEncodeOptions._(JSObject _) implements JSObject {
                                    ^^^^^^^^
/C:/Users/berkgoknil/AppData/Local/Pub/Cache/hosted/pub.dev/web-1.1.1/lib/src/dom/html.dart:8502:34: Error: 'JSObject' isn't a type.
extension type OffscreenCanvas._(JSObject _) implements EventTarget, JSObject {
                                 ^^^^^^^^
/C:/Users/berkgoknil/AppData/Local/Pub/Cache/hosted/pub.dev/web-1.1.1/lib/src/dom/html.dart:8514:5: Error: 'JSAny' isn't a type.
    JSAny? options,
    ^^^^^
/C:/Users/berkgoknil/AppData/Local/Pub/Cache/hosted/pub.dev/web-1.1.1/lib/src/dom/html.dart:8569:52: Error: 'JSObject' isn't a type.
extension type OffscreenCanvasRenderingContext2D._(JSObject _)
                                                   ^^^^^^^^
/C:/Users/berkgoknil/AppData/Local/Pub/Cache/hosted/pub.dev/web-1.1.1/lib/src/dom/html.dart:8594:5: Error: 'JSAny' isn't a type.
    JSAny aOrTransform,
    ^^^^^
/C:/Users/berkgoknil/AppData/Local/Pub/Cache/hosted/pub.dev/web-1.1.1/lib/src/dom/html.dart:8645:5: Error: 'JSAny' isn't a type.
    JSAny fillRuleOrPath,
    ^^^^^
/C:/Users/berkgoknil/AppData/Local/Pub/Cache/hosted/pub.dev/web-1.1.1/lib/src/dom/html.dart:8650:5: Error: 'JSAny' isn't a type.
    JSAny fillRuleOrPath,
    ^^^^^
/C:/Users/berkgoknil/AppData/Local/Pub/Cache/hosted/pub.dev/web-1.1.1/lib/src/dom/html.dart:8654:5: Error: 'JSAny' isn't a type.
    JSAny pathOrX,
    ^^^^^
/C:/Users/berkgoknil/AppData/Local/Pub/Cache/hosted/pub.dev/web-1.1.1/lib/src/dom/html.dart:8656:5: Error: 'JSAny' isn't a type.
    JSAny fillRuleOrY,
    ^^^^^
/C:/Users/berkgoknil/AppData/Local/Pub/Cache/hosted/pub.dev/web-1.1.1/lib/src/dom/html.dart:8660:5: Error: 'JSAny' isn't a type.
    JSAny pathOrX,
    ^^^^^
/C:/Users/berkgoknil/AppData/Local/Pub/Cache/hosted/pub.dev/web-1.1.1/lib/src/dom/html.dart:8689:5: Error: 'JSAny' isn't a type.
    JSAny imagedataOrSw, [
    ^^^^^
/C:/Users/berkgoknil/AppData/Local/Pub/Cache/hosted/pub.dev/web-1.1.1/lib/src/dom/html.dart:8709:37: Error: 'JSNumber' isn't a type.
  external void setLineDash(JSArray<JSNumber> segments);
                                    ^^^^^^^^
/C:/Users/berkgoknil/AppData/Local/Pub/Cache/hosted/pub.dev/web-1.1.1/lib/src/dom/html.dart:8709:29: Error: 'JSArray' isn't a type.
  external void setLineDash(JSArray<JSNumber> segments);
                            ^^^^^^^
/C:/Users/berkgoknil/AppData/Local/Pub/Cache/hosted/pub.dev/web-1.1.1/lib/src/dom/html.dart:8752:5: Error: 'JSAny' isn't a type.
    JSAny radii,
    ^^^^^
/C:/Users/berkgoknil/AppData/Local/Pub/Cache/hosted/pub.dev/web-1.1.1/lib/src/dom/html.dart:8782:28: Error: 'JSAny' isn't a type.
  external set strokeStyle(JSAny value);
                           ^^^^^
/C:/Users/berkgoknil/AppData/Local/Pub/Cache/hosted/pub.dev/web-1.1.1/lib/src/dom/html.dart:8784:26: Error: 'JSAny' isn't a type.
  external set fillStyle(JSAny value);
                         ^^^^^
/C:/Users/berkgoknil/AppData/Local/Pub/Cache/hosted/pub.dev/web-1.1.1/lib/src/dom/html.dart:8835:40: Error: 'JSObject' isn't a type.
extension type CustomElementRegistry._(JSObject _) implements JSObject {
                                       ^^^^^^^^
/C:/Users/berkgoknil/AppData/Local/Pub/Cache/hosted/pub.dev/web-1.1.1/lib/src/dom/html.dart:8866:43: Error: 'JSObject' isn't a type.
extension type ElementDefinitionOptions._(JSObject _) implements JSObject {
                                          ^^^^^^^^
/C:/Users/berkgoknil/AppData/Local/Pub/Cache/hosted/pub.dev/web-1.1.1/lib/src/dom/html.dart:8888:35: Error: 'JSObject' isn't a type.
extension type ElementInternals._(JSObject _) implements JSObject {
                                  ^^^^^^^^
/C:/Users/berkgoknil/AppData/Local/Pub/Cache/hosted/pub.dev/web-1.1.1/lib/src/dom/html.dart:8893:5: Error: 'JSAny' isn't a type.
    JSAny? value, [
    ^^^^^
/C:/Users/berkgoknil/AppData/Local/Pub/Cache/hosted/pub.dev/web-1.1.1/lib/src/dom/html.dart:8894:5: Error: 'JSAny' isn't a type.
    JSAny? state,
    ^^^^^
/C:/Users/berkgoknil/AppData/Local/Pub/Cache/hosted/pub.dev/web-1.1.1/lib/src/dom/html.dart:9537:37: Error: 'JSObject' isn't a type.
extension type ValidityStateFlags._(JSObject _) implements JSObject {
                                    ^^^^^^^^
/C:/Users/berkgoknil/AppData/Local/Pub/Cache/hosted/pub.dev/web-1.1.1/lib/src/dom/html.dart:9586:33: Error: 'JSObject' isn't a type.
extension type CustomStateSet._(JSObject _) implements JSObject {}
                                ^^^^^^^^
/C:/Users/berkgoknil/AppData/Local/Pub/Cache/hosted/pub.dev/web-1.1.1/lib/src/dom/html.dart:9598:33: Error: 'JSObject' isn't a type.
extension type UserActivation._(JSObject _) implements JSObject {
                                ^^^^^^^^
/C:/Users/berkgoknil/AppData/Local/Pub/Cache/hosted/pub.dev/web-1.1.1/lib/src/dom/html.dart:9627:30: Error: 'JSObject' isn't a type.
extension type ToggleEvent._(JSObject _) implements Event, JSObject {
                             ^^^^^^^^
/C:/Users/berkgoknil/AppData/Local/Pub/Cache/hosted/pub.dev/web-1.1.1/lib/src/dom/html.dart:9641:34: Error: 'JSObject' isn't a type.
extension type ToggleEventInit._(JSObject _) implements EventInit, JSObject {
                                 ^^^^^^^^
/C:/Users/berkgoknil/AppData/Local/Pub/Cache/hosted/pub.dev/web-1.1.1/lib/src/dom/html.dart:9655:31: Error: 'JSObject' isn't a type.
extension type FocusOptions._(JSObject _) implements JSObject {
                              ^^^^^^^^
/C:/Users/berkgoknil/AppData/Local/Pub/Cache/hosted/pub.dev/web-1.1.1/lib/src/dom/html.dart:9679:31: Error: 'JSObject' isn't a type.
extension type DataTransfer._(JSObject _) implements JSObject {
                              ^^^^^^^^
/C:/Users/berkgoknil/AppData/Local/Pub/Cache/hosted/pub.dev/web-1.1.1/lib/src/dom/html.dart:9866:39: Error: 'JSObject' isn't a type.
extension type DataTransferItemList._(JSObject _) implements JSObject {
                                      ^^^^^^^^
/C:/Users/berkgoknil/AppData/Local/Pub/Cache/hosted/pub.dev/web-1.1.1/lib/src/dom/html.dart:9876:5: Error: 'JSAny' isn't a type.
    JSAny data, [
    ^^^^^
/C:/Users/berkgoknil/AppData/Local/Pub/Cache/hosted/pub.dev/web-1.1.1/lib/src/dom/html.dart:9916:35: Error: 'JSObject' isn't a type.
extension type DataTransferItem._(JSObject _) implements JSObject {
                                  ^^^^^^^^
/C:/Users/berkgoknil/AppData/Local/Pub/Cache/hosted/pub.dev/web-1.1.1/lib/src/dom/html.dart:9965:28: Error: 'JSObject' isn't a type.
extension type DragEvent._(JSObject _) implements MouseEvent, JSObject {
                           ^^^^^^^^
/C:/Users/berkgoknil/AppData/Local/Pub/Cache/hosted/pub.dev/web-1.1.1/lib/src/dom/html.dart:9975:32: Error: 'JSObject' isn't a type.
extension type DragEventInit._(JSObject _) implements MouseEventInit, JSObject {
                               ^^^^^^^^
/C:/Users/berkgoknil/AppData/Local/Pub/Cache/hosted/pub.dev/web-1.1.1/lib/src/dom/html.dart:9982:5: Error: 'JSObject' isn't a type.
    JSObject? sourceCapabilities,
    ^^^^^^^^
/C:/Users/berkgoknil/AppData/Local/Pub/Cache/hosted/pub.dev/web-1.1.1/lib/src/dom/html.dart:10048:25: Error: 'JSObject' isn't a type.
extension type Window._(JSObject _) implements EventTarget, JSObject {
                        ^^^^^^^^
/C:/Users/berkgoknil/AppData/Local/Pub/Cache/hosted/pub.dev/web-1.1.1/lib/src/dom/html.dart:10167:5: Error: 'JSAny' isn't a type.
    JSAny? message, [
    ^^^^^
/C:/Users/berkgoknil/AppData/Local/Pub/Cache/hosted/pub.dev/web-1.1.1/lib/src/dom/html.dart:10168:5: Error: 'JSAny' isn't a type.
    JSAny optionsOrTargetOrigin,
    ^^^^^
/C:/Users/berkgoknil/AppData/Local/Pub/Cache/hosted/pub.dev/web-1.1.1/lib/src/dom/html.dart:10169:13: Error: 'JSObject' isn't a type.
    JSArray<JSObject> transfer,
            ^^^^^^^^
/C:/Users/berkgoknil/AppData/Local/Pub/Cache/hosted/pub.dev/web-1.1.1/lib/src/dom/html.dart:10169:5: Error: 'JSArray' isn't a type.
    JSArray<JSObject> transfer,
    ^^^^^^^
/C:/Users/berkgoknil/AppData/Local/Pub/Cache/hosted/pub.dev/web-1.1.1/lib/src/dom/html.dart:10222:5: Error: 'JSAny' isn't a type.
    JSAny optionsOrX,
    ^^^^^
/C:/Users/berkgoknil/AppData/Local/Pub/Cache/hosted/pub.dev/web-1.1.1/lib/src/dom/html.dart:10229:5: Error: 'JSAny' isn't a type.
    JSAny optionsOrX,
    ^^^^^
/C:/Users/berkgoknil/AppData/Local/Pub/Cache/hosted/pub.dev/web-1.1.1/lib/src/dom/html.dart:10236:5: Error: 'JSAny' isn't a type.
    JSAny optionsOrX,
    ^^^^^
/C:/Users/berkgoknil/AppData/Local/Pub/Cache/hosted/pub.dev/web-1.1.1/lib/src/dom/html.dart:10296:29: Error: 'JSAny' isn't a type.
  external void reportError(JSAny? e);
                            ^^^^^
/C:/Users/berkgoknil/AppData/Local/Pub/Cache/hosted/pub.dev/web-1.1.1/lib/src/dom/html.dart:10324:5: Error: 'JSAny' isn't a type.
    JSAny? arguments, [
    ^^^^^
/C:/Users/berkgoknil/AppData/Local/Pub/Cache/hosted/pub.dev/web-1.1.1/lib/src/dom/html.dart:10330:5: Error: 'JSAny' isn't a type.
    JSAny? arguments, [
    ^^^^^
/C:/Users/berkgoknil/AppData/Local/Pub/Cache/hosted/pub.dev/web-1.1.1/lib/src/dom/html.dart:10337:5: Error: 'JSAny' isn't a type.
    JSAny optionsOrSx,
    ^^^^^
/C:/Users/berkgoknil/AppData/Local/Pub/Cache/hosted/pub.dev/web-1.1.1/lib/src/dom/html.dart:10344:5: Error: 'JSAny' isn't a type.
    JSAny? value, [
    ^^^^^
/C:/Users/berkgoknil/AppData/Local/Pub/Cache/hosted/pub.dev/web-1.1.1/lib/src/dom/html.dart:10589:23: Error: 'JSAny' isn't a type.
  external set opener(JSAny? value);
                      ^^^^^
/C:/Users/berkgoknil/AppData/Local/Pub/Cache/hosted/pub.dev/web-1.1.1/lib/src/dom/html.dart:11134:43: Error: 'JSObject' isn't a type.
extension type WindowPostMessageOptions._(JSObject _)
                                          ^^^^^^^^
/C:/Users/berkgoknil/AppData/Local/Pub/Cache/hosted/pub.dev/web-1.1.1/lib/src/dom/html.dart:11137:13: Error: 'JSObject' isn't a type.
    JSArray<JSObject> transfer,
            ^^^^^^^^
/C:/Users/berkgoknil/AppData/Local/Pub/Cache/hosted/pub.dev/web-1.1.1/lib/src/dom/html.dart:11137:5: Error: 'JSArray' isn't a type.
    JSArray<JSObject> transfer,
    ^^^^^^^
/C:/Users/berkgoknil/AppData/Local/Pub/Cache/hosted/pub.dev/web-1.1.1/lib/src/dom/html.dart:11170:26: Error: 'JSObject' isn't a type.
extension type BarProp._(JSObject _) implements JSObject {
                         ^^^^^^^^
/C:/Users/berkgoknil/AppData/Local/Pub/Cache/hosted/pub.dev/web-1.1.1/lib/src/dom/html.dart:11185:27: Error: 'JSObject' isn't a type.
extension type Location._(JSObject _) implements JSObject {
                          ^^^^^^^^
/C:/Users/berkgoknil/AppData/Local/Pub/Cache/hosted/pub.dev/web-1.1.1/lib/src/dom/html.dart:11321:26: Error: 'JSObject' isn't a type.
extension type History._(JSObject _) implements JSObject {
                         ^^^^^^^^
/C:/Users/berkgoknil/AppData/Local/Pub/Cache/hosted/pub.dev/web-1.1.1/lib/src/dom/html.dart:11358:5: Error: 'JSAny' isn't a type.
    JSAny? data,
    ^^^^^
/C:/Users/berkgoknil/AppData/Local/Pub/Cache/hosted/pub.dev/web-1.1.1/lib/src/dom/html.dart:11371:5: Error: 'JSAny' isn't a type.
    JSAny? data,
    ^^^^^
/C:/Users/berkgoknil/AppData/Local/Pub/Cache/hosted/pub.dev/web-1.1.1/lib/src/dom/html.dart:11414:32: Error: 'JSObject' isn't a type.
extension type PopStateEvent._(JSObject _) implements Event, JSObject {
                               ^^^^^^^^
/C:/Users/berkgoknil/AppData/Local/Pub/Cache/hosted/pub.dev/web-1.1.1/lib/src/dom/html.dart:11428:36: Error: 'JSObject' isn't a type.
extension type PopStateEventInit._(JSObject _) implements EventInit, JSObject {
                                   ^^^^^^^^
/C:/Users/berkgoknil/AppData/Local/Pub/Cache/hosted/pub.dev/web-1.1.1/lib/src/dom/html.dart:11433:5: Error: 'JSAny' isn't a type.
    JSAny? state,
    ^^^^^
/C:/Users/berkgoknil/AppData/Local/Pub/Cache/hosted/pub.dev/web-1.1.1/lib/src/dom/html.dart:11438:22: Error: 'JSAny' isn't a type.
  external set state(JSAny? value);
                     ^^^^^
/C:/Users/berkgoknil/AppData/Local/Pub/Cache/hosted/pub.dev/web-1.1.1/lib/src/dom/html.dart:11453:34: Error: 'JSObject' isn't a type.
extension type HashChangeEvent._(JSObject _) implements Event, JSObject {
                                 ^^^^^^^^
/C:/Users/berkgoknil/AppData/Local/Pub/Cache/hosted/pub.dev/web-1.1.1/lib/src/dom/html.dart:11469:38: Error: 'JSObject' isn't a type.
extension type HashChangeEventInit._(JSObject _)
                                     ^^^^^^^^
/C:/Users/berkgoknil/AppData/Local/Pub/Cache/hosted/pub.dev/web-1.1.1/lib/src/dom/html.dart:11496:38: Error: 'JSObject' isn't a type.
extension type PageTransitionEvent._(JSObject _) implements Event, JSObject {
                                     ^^^^^^^^
/C:/Users/berkgoknil/AppData/Local/Pub/Cache/hosted/pub.dev/web-1.1.1/lib/src/dom/html.dart:11506:42: Error: 'JSObject' isn't a type.
extension type PageTransitionEventInit._(JSObject _)
                                         ^^^^^^^^
/C:/Users/berkgoknil/AppData/Local/Pub/Cache/hosted/pub.dev/web-1.1.1/lib/src/dom/html.dart:11530:36: Error: 'JSObject' isn't a type.
extension type BeforeUnloadEvent._(JSObject _) implements Event, JSObject {
                                   ^^^^^^^^
/C:/Users/berkgoknil/AppData/Local/Pub/Cache/hosted/pub.dev/web-1.1.1/lib/src/dom/html.dart:11554:29: Error: 'JSObject' isn't a type.
extension type ErrorEvent._(JSObject _) implements Event, JSObject {
                            ^^^^^^^^
/C:/Users/berkgoknil/AppData/Local/Pub/Cache/hosted/pub.dev/web-1.1.1/lib/src/dom/html.dart:11566:33: Error: 'JSObject' isn't a type.
extension type ErrorEventInit._(JSObject _) implements EventInit, JSObject {
                                ^^^^^^^^
/C:/Users/berkgoknil/AppData/Local/Pub/Cache/hosted/pub.dev/web-1.1.1/lib/src/dom/html.dart:11575:5: Error: 'JSAny' isn't a type.
    JSAny? error,
    ^^^^^
/C:/Users/berkgoknil/AppData/Local/Pub/Cache/hosted/pub.dev/web-1.1.1/lib/src/dom/html.dart:11587:22: Error: 'JSAny' isn't a type.
  external set error(JSAny? value);
                     ^^^^^
/C:/Users/berkgoknil/AppData/Local/Pub/Cache/hosted/pub.dev/web-1.1.1/lib/src/dom/html.dart:11601:40: Error: 'JSObject' isn't a type.
extension type PromiseRejectionEvent._(JSObject _) implements Event, JSObject {
                                       ^^^^^^^^
/C:/Users/berkgoknil/AppData/Local/Pub/Cache/hosted/pub.dev/web-1.1.1/lib/src/dom/html.dart:11620:44: Error: 'JSObject' isn't a type.
extension type PromiseRejectionEventInit._(JSObject _)
                                           ^^^^^^^^
/C:/Users/berkgoknil/AppData/Local/Pub/Cache/hosted/pub.dev/web-1.1.1/lib/src/dom/html.dart:11626:14: Error: 'JSObject' isn't a type.
    required JSObject promise,
             ^^^^^^^^
/C:/Users/berkgoknil/AppData/Local/Pub/Cache/hosted/pub.dev/web-1.1.1/lib/src/dom/html.dart:11627:5: Error: 'JSAny' isn't a type.
    JSAny? reason,
    ^^^^^
/C:/Users/berkgoknil/AppData/Local/Pub/Cache/hosted/pub.dev/web-1.1.1/lib/src/dom/html.dart:11631:24: Error: 'JSObject' isn't a type.
  external set promise(JSObject value);
                       ^^^^^^^^
/C:/Users/berkgoknil/AppData/Local/Pub/Cache/hosted/pub.dev/web-1.1.1/lib/src/dom/html.dart:11633:23: Error: 'JSAny' isn't a type.
  external set reason(JSAny? value);
                      ^^^^^
/C:/Users/berkgoknil/AppData/Local/Pub/Cache/hosted/pub.dev/web-1.1.1/lib/src/dom/html.dart:11635:33: Error: 'JSObject' isn't a type.
extension type GetHTMLOptions._(JSObject _) implements JSObject {
                                ^^^^^^^^
/C:/Users/berkgoknil/AppData/Local/Pub/Cache/hosted/pub.dev/web-1.1.1/lib/src/dom/html.dart:11638:5: Error: 'JSArray' isn't a type.
    JSArray<ShadowRoot> shadowRoots,
    ^^^^^^^
/C:/Users/berkgoknil/AppData/Local/Pub/Cache/hosted/pub.dev/web-1.1.1/lib/src/dom/html.dart:11644:28: Error: 'JSArray' isn't a type.
  external set shadowRoots(JSArray<ShadowRoot> value);
                           ^^^^^^^
/C:/Users/berkgoknil/AppData/Local/Pub/Cache/hosted/pub.dev/web-1.1.1/lib/src/dom/html.dart:11675:28: Error: 'JSObject' isn't a type.
extension type DOMParser._(JSObject _) implements JSObject {
                           ^^^^^^^^
/C:/Users/berkgoknil/AppData/Local/Pub/Cache/hosted/pub.dev/web-1.1.1/lib/src/dom/html.dart:11687:5: Error: 'JSAny' isn't a type.
    JSAny string,
    ^^^^^
/C:/Users/berkgoknil/AppData/Local/Pub/Cache/hosted/pub.dev/web-1.1.1/lib/src/dom/html.dart:11703:28: Error: 'JSObject' isn't a type.
extension type Navigator._(JSObject _) implements JSObject {
                           ^^^^^^^^
/C:/Users/berkgoknil/AppData/Local/Pub/Cache/hosted/pub.dev/web-1.1.1/lib/src/dom/html.dart:11761:5: Error: 'JSArray' isn't a type.
    JSArray<MediaKeySystemConfiguration> supportedConfigurations,
    ^^^^^^^
/C:/Users/berkgoknil/AppData/Local/Pub/Cache/hosted/pub.dev/web-1.1.1/lib/src/dom/html.dart:12333:30: Error: 'JSObject' isn't a type.
extension type PluginArray._(JSObject _) implements JSObject {
                             ^^^^^^^^
/C:/Users/berkgoknil/AppData/Local/Pub/Cache/hosted/pub.dev/web-1.1.1/lib/src/dom/html.dart:12356:32: Error: 'JSObject' isn't a type.
extension type MimeTypeArray._(JSObject _) implements JSObject {
                               ^^^^^^^^
/C:/Users/berkgoknil/AppData/Local/Pub/Cache/hosted/pub.dev/web-1.1.1/lib/src/dom/html.dart:12371:25: Error: 'JSObject' isn't a type.
extension type Plugin._(JSObject _) implements JSObject {
                        ^^^^^^^^
/C:/Users/berkgoknil/AppData/Local/Pub/Cache/hosted/pub.dev/web-1.1.1/lib/src/dom/html.dart:12388:27: Error: 'JSObject' isn't a type.
extension type MimeType._(JSObject _) implements JSObject {
                          ^^^^^^^^
/C:/Users/berkgoknil/AppData/Local/Pub/Cache/hosted/pub.dev/web-1.1.1/lib/src/dom/html.dart:12408:30: Error: 'JSObject' isn't a type.
extension type ImageBitmap._(JSObject _) implements JSObject {
                             ^^^^^^^^
/C:/Users/berkgoknil/AppData/Local/Pub/Cache/hosted/pub.dev/web-1.1.1/lib/src/dom/html.dart:12422:37: Error: 'JSObject' isn't a type.
extension type ImageBitmapOptions._(JSObject _) implements JSObject {
                                    ^^^^^^^^
/C:/Users/berkgoknil/AppData/Local/Pub/Cache/hosted/pub.dev/web-1.1.1/lib/src/dom/html.dart:12477:31: Error: 'JSObject' isn't a type.
extension type MessageEvent._(JSObject _) implements Event, JSObject {
                              ^^^^^^^^
/C:/Users/berkgoknil/AppData/Local/Pub/Cache/hosted/pub.dev/web-1.1.1/lib/src/dom/html.dart:12487:5: Error: 'JSAny' isn't a type.
    JSAny? data,
    ^^^^^
/C:/Users/berkgoknil/AppData/Local/Pub/Cache/hosted/pub.dev/web-1.1.1/lib/src/dom/html.dart:12491:5: Error: 'JSArray' isn't a type.
    JSArray<MessagePort> ports,
    ^^^^^^^
/C:/Users/berkgoknil/AppData/Local/Pub/Cache/hosted/pub.dev/web-1.1.1/lib/src/dom/html.dart:12523:35: Error: 'JSObject' isn't a type.
extension type MessageEventInit._(JSObject _) implements EventInit, JSObject {
                                  ^^^^^^^^
/C:/Users/berkgoknil/AppData/Local/Pub/Cache/hosted/pub.dev/web-1.1.1/lib/src/dom/html.dart:12528:5: Error: 'JSAny' isn't a type.
    JSAny? data,
    ^^^^^
/C:/Users/berkgoknil/AppData/Local/Pub/Cache/hosted/pub.dev/web-1.1.1/lib/src/dom/html.dart:12532:5: Error: 'JSArray' isn't a type.
    JSArray<MessagePort> ports,
    ^^^^^^^
/C:/Users/berkgoknil/AppData/Local/Pub/Cache/hosted/pub.dev/web-1.1.1/lib/src/dom/html.dart:12536:21: Error: 'JSAny' isn't a type.
  external set data(JSAny? value);
                    ^^^^^
/C:/Users/berkgoknil/AppData/Local/Pub/Cache/hosted/pub.dev/web-1.1.1/lib/src/dom/html.dart:12544:22: Error: 'JSArray' isn't a type.
  external set ports(JSArray<MessagePort> value);
                     ^^^^^^^
/C:/Users/berkgoknil/AppData/Local/Pub/Cache/hosted/pub.dev/web-1.1.1/lib/src/dom/html.dart:12594:30: Error: 'JSObject' isn't a type.
extension type EventSource._(JSObject _) implements EventTarget, JSObject {
                             ^^^^^^^^
/C:/Users/berkgoknil/AppData/Local/Pub/Cache/hosted/pub.dev/web-1.1.1/lib/src/dom/html.dart:12634:34: Error: 'JSObject' isn't a type.
extension type EventSourceInit._(JSObject _) implements JSObject {
                                 ^^^^^^^^
/C:/Users/berkgoknil/AppData/Local/Pub/Cache/hosted/pub.dev/web-1.1.1/lib/src/dom/html.dart:12650:33: Error: 'JSObject' isn't a type.
extension type MessageChannel._(JSObject _) implements JSObject {
                                ^^^^^^^^
/C:/Users/berkgoknil/AppData/Local/Pub/Cache/hosted/pub.dev/web-1.1.1/lib/src/dom/html.dart:12679:30: Error: 'JSObject' isn't a type.
extension type MessagePort._(JSObject _) implements EventTarget, JSObject {
                             ^^^^^^^^
/C:/Users/berkgoknil/AppData/Local/Pub/Cache/hosted/pub.dev/web-1.1.1/lib/src/dom/html.dart:12684:5: Error: 'JSAny' isn't a type.
    JSAny? message, [
    ^^^^^
/C:/Users/berkgoknil/AppData/Local/Pub/Cache/hosted/pub.dev/web-1.1.1/lib/src/dom/html.dart:12685:5: Error: 'JSObject' isn't a type.
    JSObject optionsOrTransfer,
    ^^^^^^^^
/C:/Users/berkgoknil/AppData/Local/Pub/Cache/hosted/pub.dev/web-1.1.1/lib/src/dom/html.dart:12707:45: Error: 'JSObject' isn't a type.
extension type StructuredSerializeOptions._(JSObject _) implements JSObject {
                                            ^^^^^^^^
/C:/Users/berkgoknil/AppData/Local/Pub/Cache/hosted/pub.dev/web-1.1.1/lib/src/dom/html.dart:12708:56: Error: 'JSObject' isn't a type.
  external factory StructuredSerializeOptions({JSArray<JSObject> transfer});
                                                       ^^^^^^^^
/C:/Users/berkgoknil/AppData/Local/Pub/Cache/hosted/pub.dev/web-1.1.1/lib/src/dom/html.dart:12708:48: Error: 'JSArray' isn't a type.
  external factory StructuredSerializeOptions({JSArray<JSObject> transfer});
                                               ^^^^^^^
/C:/Users/berkgoknil/AppData/Local/Pub/Cache/hosted/pub.dev/web-1.1.1/lib/src/dom/html.dart:12711:33: Error: 'JSObject' isn't a type.
  external set transfer(JSArray<JSObject> value);
                                ^^^^^^^^
/C:/Users/berkgoknil/AppData/Local/Pub/Cache/hosted/pub.dev/web-1.1.1/lib/src/dom/html.dart:12711:25: Error: 'JSArray' isn't a type.
  external set transfer(JSArray<JSObject> value);
                        ^^^^^^^
/C:/Users/berkgoknil/AppData/Local/Pub/Cache/hosted/pub.dev/web-1.1.1/lib/src/dom/html.dart:12725:35: Error: 'JSObject' isn't a type.
extension type BroadcastChannel._(JSObject _) implements EventTarget, JSObject {
                                  ^^^^^^^^
/C:/Users/berkgoknil/AppData/Local/Pub/Cache/hosted/pub.dev/web-1.1.1/lib/src/dom/html.dart:12734:29: Error: 'JSAny' isn't a type.
  external void postMessage(JSAny? message);
                            ^^^^^
/C:/Users/berkgoknil/AppData/Local/Pub/Cache/hosted/pub.dev/web-1.1.1/lib/src/dom/html.dart:12774:36: Error: 'JSObject' isn't a type.
extension type WorkerGlobalScope._(JSObject _)
                                   ^^^^^^^^
/C:/Users/berkgoknil/AppData/Local/Pub/Cache/hosted/pub.dev/web-1.1.1/lib/src/dom/html.dart:12778:31: Error: 'JSAny' isn't a type.
  external void importScripts(JSAny urls);
                              ^^^^^
/C:/Users/berkgoknil/AppData/Local/Pub/Cache/hosted/pub.dev/web-1.1.1/lib/src/dom/html.dart:12779:29: Error: 'JSAny' isn't a type.
  external void reportError(JSAny? e);
                            ^^^^^
/C:/Users/berkgoknil/AppData/Local/Pub/Cache/hosted/pub.dev/web-1.1.1/lib/src/dom/html.dart:12807:5: Error: 'JSAny' isn't a type.
    JSAny? arguments, [
    ^^^^^
/C:/Users/berkgoknil/AppData/Local/Pub/Cache/hosted/pub.dev/web-1.1.1/lib/src/dom/html.dart:12813:5: Error: 'JSAny' isn't a type.
    JSAny? arguments, [
    ^^^^^
/C:/Users/berkgoknil/AppData/Local/Pub/Cache/hosted/pub.dev/web-1.1.1/lib/src/dom/html.dart:12820:5: Error: 'JSAny' isn't a type.
    JSAny optionsOrSx,
    ^^^^^
/C:/Users/berkgoknil/AppData/Local/Pub/Cache/hosted/pub.dev/web-1.1.1/lib/src/dom/html.dart:12827:5: Error: 'JSAny' isn't a type.
    JSAny? value, [
    ^^^^^
/C:/Users/berkgoknil/AppData/Local/Pub/Cache/hosted/pub.dev/web-1.1.1/lib/src/dom/html.dart:12975:45: Error: 'JSObject' isn't a type.
extension type DedicatedWorkerGlobalScope._(JSObject _)
                                            ^^^^^^^^
/C:/Users/berkgoknil/AppData/Local/Pub/Cache/hosted/pub.dev/web-1.1.1/lib/src/dom/html.dart:12999:5: Error: 'JSAny' isn't a type.
    JSAny? message, [
    ^^^^^
/C:/Users/berkgoknil/AppData/Local/Pub/Cache/hosted/pub.dev/web-1.1.1/lib/src/dom/html.dart:13000:5: Error: 'JSObject' isn't a type.
    JSObject optionsOrTransfer,
    ^^^^^^^^
/C:/Users/berkgoknil/AppData/Local/Pub/Cache/hosted/pub.dev/web-1.1.1/lib/src/dom/html.dart:13081:42: Error: 'JSObject' isn't a type.
extension type SharedWorkerGlobalScope._(JSObject _)
                                         ^^^^^^^^
/C:/Users/berkgoknil/AppData/Local/Pub/Cache/hosted/pub.dev/web-1.1.1/lib/src/dom/html.dart:13122:25: Error: 'JSObject' isn't a type.
extension type Worker._(JSObject _) implements EventTarget, JSObject {
                        ^^^^^^^^
/C:/Users/berkgoknil/AppData/Local/Pub/Cache/hosted/pub.dev/web-1.1.1/lib/src/dom/html.dart:13124:5: Error: 'JSAny' isn't a type.
    JSAny scriptURL, [
    ^^^^^
/C:/Users/berkgoknil/AppData/Local/Pub/Cache/hosted/pub.dev/web-1.1.1/lib/src/dom/html.dart:13149:5: Error: 'JSAny' isn't a type.
    JSAny? message, [
    ^^^^^
/C:/Users/berkgoknil/AppData/Local/Pub/Cache/hosted/pub.dev/web-1.1.1/lib/src/dom/html.dart:13150:5: Error: 'JSObject' isn't a type.
    JSObject optionsOrTransfer,
    ^^^^^^^^
/C:/Users/berkgoknil/AppData/Local/Pub/Cache/hosted/pub.dev/web-1.1.1/lib/src/dom/html.dart:13159:32: Error: 'JSObject' isn't a type.
extension type WorkerOptions._(JSObject _) implements JSObject {
                               ^^^^^^^^
/C:/Users/berkgoknil/AppData/Local/Pub/Cache/hosted/pub.dev/web-1.1.1/lib/src/dom/html.dart:13188:31: Error: 'JSObject' isn't a type.
extension type SharedWorker._(JSObject _) implements EventTarget, JSObject {
                              ^^^^^^^^
/C:/Users/berkgoknil/AppData/Local/Pub/Cache/hosted/pub.dev/web-1.1.1/lib/src/dom/html.dart:13190:5: Error: 'JSAny' isn't a type.
    JSAny scriptURL, [
    ^^^^^
/C:/Users/berkgoknil/AppData/Local/Pub/Cache/hosted/pub.dev/web-1.1.1/lib/src/dom/html.dart:13191:5: Error: 'JSAny' isn't a type.
    JSAny options,
    ^^^^^
/C:/Users/berkgoknil/AppData/Local/Pub/Cache/hosted/pub.dev/web-1.1.1/lib/src/dom/html.dart:13211:34: Error: 'JSObject' isn't a type.
extension type WorkerNavigator._(JSObject _) implements JSObject {
                                 ^^^^^^^^
/C:/Users/berkgoknil/AppData/Local/Pub/Cache/hosted/pub.dev/web-1.1.1/lib/src/dom/html.dart:13425:33: Error: 'JSObject' isn't a type.
extension type WorkerLocation._(JSObject _) implements JSObject {
                                ^^^^^^^^
/C:/Users/berkgoknil/AppData/Local/Pub/Cache/hosted/pub.dev/web-1.1.1/lib/src/dom/html.dart:13476:37: Error: 'JSObject' isn't a type.
extension type WorkletGlobalScope._(JSObject _) implements JSObject {}
                                    ^^^^^^^^
/C:/Users/berkgoknil/AppData/Local/Pub/Cache/hosted/pub.dev/web-1.1.1/lib/src/dom/html.dart:13498:26: Error: 'JSObject' isn't a type.
extension type Worklet._(JSObject _) implements JSObject {
                         ^^^^^^^^
/C:/Users/berkgoknil/AppData/Local/Pub/Cache/hosted/pub.dev/web-1.1.1/lib/src/dom/html.dart:13507:33: Error: 'JSObject' isn't a type.
extension type WorkletOptions._(JSObject _) implements JSObject {
                                ^^^^^^^^
/C:/Users/berkgoknil/AppData/Local/Pub/Cache/hosted/pub.dev/web-1.1.1/lib/src/dom/html.dart:13528:26: Error: 'JSObject' isn't a type.
extension type Storage._(JSObject _) implements JSObject {
                         ^^^^^^^^
/C:/Users/berkgoknil/AppData/Local/Pub/Cache/hosted/pub.dev/web-1.1.1/lib/src/dom/html.dart:13583:31: Error: 'JSObject' isn't a type.
extension type StorageEvent._(JSObject _) implements Event, JSObject {
                              ^^^^^^^^
/C:/Users/berkgoknil/AppData/Local/Pub/Cache/hosted/pub.dev/web-1.1.1/lib/src/dom/html.dart:13622:35: Error: 'JSObject' isn't a type.
extension type StorageEventInit._(JSObject _) implements EventInit, JSObject {
                                  ^^^^^^^^
/C:/Users/berkgoknil/AppData/Local/Pub/Cache/hosted/pub.dev/web-1.1.1/lib/src/dom/html.dart:13655:37: Error: 'JSObject' isn't a type.
extension type HTMLMarqueeElement._(JSObject _)
                                    ^^^^^^^^
/C:/Users/berkgoknil/AppData/Local/Pub/Cache/hosted/pub.dev/web-1.1.1/lib/src/dom/html.dart:13694:38: Error: 'JSObject' isn't a type.
extension type HTMLFrameSetElement._(JSObject _)
                                     ^^^^^^^^
/C:/Users/berkgoknil/AppData/Local/Pub/Cache/hosted/pub.dev/web-1.1.1/lib/src/dom/html.dart:13740:35: Error: 'JSObject' isn't a type.
extension type HTMLFrameElement._(JSObject _) implements HTMLElement, JSObject {
                                  ^^^^^^^^
/C:/Users/berkgoknil/AppData/Local/Pub/Cache/hosted/pub.dev/web-1.1.1/lib/src/dom/html.dart:13763:39: Error: 'JSObject' isn't a type.
extension type HTMLDirectoryElement._(JSObject _)
                                      ^^^^^^^^
/C:/Users/berkgoknil/AppData/Local/Pub/Cache/hosted/pub.dev/web-1.1.1/lib/src/dom/html.dart:13780:34: Error: 'JSObject' isn't a type.
extension type HTMLFontElement._(JSObject _) implements HTMLElement, JSObject {
                                 ^^^^^^^^
/C:/Users/berkgoknil/AppData/Local/Pub/Cache/hosted/pub.dev/web-1.1.1/lib/src/dom/html.dart:13875:35: Error: 'JSObject' isn't a type.
extension type HTMLParamElement._(JSObject _) implements HTMLElement, JSObject {
                                  ^^^^^^^^
/C:/Users/berkgoknil/AppData/Local/Pub/Cache/hosted/pub.dev/web-1.1.1/lib/src/dom/html.dart:13888:27: Error: 'JSObject' isn't a type.
extension type External._(JSObject _) implements JSObject {
                          ^^^^^^^^
/C:/Users/berkgoknil/AppData/Local/Pub/Cache/hosted/pub.dev/web-1.1.1/lib/src/dom/webmidi.dart:16:8: Error: Dart library 'dart:js_interop' is not available on this platform.
import 'dart:js_interop';
       ^
/C:/Users/berkgoknil/AppData/Local/Pub/Cache/hosted/pub.dev/web-1.1.1/lib/src/dom/webmidi.dart:25:30: Error: Type 'JSObject' not found.
extension type MIDIOptions._(JSObject _) implements JSObject {
                             ^^^^^^^^
/C:/Users/berkgoknil/AppData/Local/Pub/Cache/hosted/pub.dev/web-1.1.1/lib/src/dom/webmidi.dart:25:53: Error: Type 'JSObject' not found.
extension type MIDIOptions._(JSObject _) implements JSObject {
                                                    ^^^^^^^^
/C:/Users/berkgoknil/AppData/Local/Pub/Cache/hosted/pub.dev/web-1.1.1/lib/src/dom/webmidi.dart:50:31: Error: Type 'JSObject' not found.
extension type MIDIInputMap._(JSObject _) implements JSObject {}
                              ^^^^^^^^
/C:/Users/berkgoknil/AppData/Local/Pub/Cache/hosted/pub.dev/web-1.1.1/lib/src/dom/webmidi.dart:50:54: Error: Type 'JSObject' not found.
extension type MIDIInputMap._(JSObject _) implements JSObject {}
                                                     ^^^^^^^^
/C:/Users/berkgoknil/AppData/Local/Pub/Cache/hosted/pub.dev/web-1.1.1/lib/src/dom/webmidi.dart:65:32: Error: Type 'JSObject' not found.
extension type MIDIOutputMap._(JSObject _) implements JSObject {}
                               ^^^^^^^^
/C:/Users/berkgoknil/AppData/Local/Pub/Cache/hosted/pub.dev/web-1.1.1/lib/src/dom/webmidi.dart:65:55: Error: Type 'JSObject' not found.
extension type MIDIOutputMap._(JSObject _) implements JSObject {}
                                                      ^^^^^^^^
/C:/Users/berkgoknil/AppData/Local/Pub/Cache/hosted/pub.dev/web-1.1.1/lib/src/dom/webmidi.dart:76:29: Error: Type 'JSObject' not found.
extension type MIDIAccess._(JSObject _) implements EventTarget, JSObject {
                            ^^^^^^^^
/C:/Users/berkgoknil/AppData/Local/Pub/Cache/hosted/pub.dev/web-1.1.1/lib/src/dom/webmidi.dart:76:65: Error: Type 'JSObject' not found.
extension type MIDIAccess._(JSObject _) implements EventTarget, JSObject {
                                                                ^^^^^^^^
/C:/Users/berkgoknil/AppData/Local/Pub/Cache/hosted/pub.dev/web-1.1.1/lib/src/dom/webmidi.dart:103:27: Error: Type 'JSObject' not found.
extension type MIDIPort._(JSObject _) implements EventTarget, JSObject {
                          ^^^^^^^^
/C:/Users/berkgoknil/AppData/Local/Pub/Cache/hosted/pub.dev/web-1.1.1/lib/src/dom/webmidi.dart:103:63: Error: Type 'JSObject' not found.
extension type MIDIPort._(JSObject _) implements EventTarget, JSObject {
                                                              ^^^^^^^^
/C:/Users/berkgoknil/AppData/Local/Pub/Cache/hosted/pub.dev/web-1.1.1/lib/src/dom/webmidi.dart:113:12: Error: Type 'JSPromise' not found.
  external JSPromise<MIDIPort> open();
           ^^^^^^^^^
/C:/Users/berkgoknil/AppData/Local/Pub/Cache/hosted/pub.dev/web-1.1.1/lib/src/dom/webmidi.dart:121:12: Error: Type 'JSPromise' not found.
  external JSPromise<MIDIPort> close();
           ^^^^^^^^^
/C:/Users/berkgoknil/AppData/Local/Pub/Cache/hosted/pub.dev/web-1.1.1/lib/src/dom/webmidi.dart:162:28: Error: Type 'JSObject' not found.
extension type MIDIInput._(JSObject _) implements MIDIPort, JSObject {
                           ^^^^^^^^
/C:/Users/berkgoknil/AppData/Local/Pub/Cache/hosted/pub.dev/web-1.1.1/lib/src/dom/webmidi.dart:162:61: Error: Type 'JSObject' not found.
extension type MIDIInput._(JSObject _) implements MIDIPort, JSObject {
                                                            ^^^^^^^^
/C:/Users/berkgoknil/AppData/Local/Pub/Cache/hosted/pub.dev/web-1.1.1/lib/src/dom/webmidi.dart:175:29: Error: Type 'JSObject' not found.
extension type MIDIOutput._(JSObject _) implements MIDIPort, JSObject {
                            ^^^^^^^^
/C:/Users/berkgoknil/AppData/Local/Pub/Cache/hosted/pub.dev/web-1.1.1/lib/src/dom/webmidi.dart:175:62: Error: Type 'JSObject' not found.
extension type MIDIOutput._(JSObject _) implements MIDIPort, JSObject {
                                                             ^^^^^^^^
/C:/Users/berkgoknil/AppData/Local/Pub/Cache/hosted/pub.dev/web-1.1.1/lib/src/dom/webmidi.dart:180:13: Error: Type 'JSNumber' not found.
    JSArray<JSNumber> data, [
            ^^^^^^^^
/C:/Users/berkgoknil/AppData/Local/Pub/Cache/hosted/pub.dev/web-1.1.1/lib/src/dom/webmidi.dart:180:5: Error: Type 'JSArray' not found.
    JSArray<JSNumber> data, [
    ^^^^^^^
/C:/Users/berkgoknil/AppData/Local/Pub/Cache/hosted/pub.dev/web-1.1.1/lib/src/dom/webmidi.dart:200:35: Error: Type 'JSObject' not found.
extension type MIDIMessageEvent._(JSObject _) implements Event, JSObject {
                                  ^^^^^^^^
/C:/Users/berkgoknil/AppData/Local/Pub/Cache/hosted/pub.dev/web-1.1.1/lib/src/dom/webmidi.dart:200:65: Error: Type 'JSObject' not found.
extension type MIDIMessageEvent._(JSObject _) implements Event, JSObject {
                                                                ^^^^^^^^
/C:/Users/berkgoknil/AppData/Local/Pub/Cache/hosted/pub.dev/web-1.1.1/lib/src/dom/webmidi.dart:208:12: Error: Type 'JSUint8Array' not found.
  external JSUint8Array? get data;
           ^^^^^^^^^^^^
/C:/Users/berkgoknil/AppData/Local/Pub/Cache/hosted/pub.dev/web-1.1.1/lib/src/dom/webmidi.dart:210:39: Error: Type 'JSObject' not found.
extension type MIDIMessageEventInit._(JSObject _)
                                      ^^^^^^^^
/C:/Users/berkgoknil/AppData/Local/Pub/Cache/hosted/pub.dev/web-1.1.1/lib/src/dom/webmidi.dart:211:27: Error: Type 'JSObject' not found.
    implements EventInit, JSObject {
                          ^^^^^^^^
/C:/Users/berkgoknil/AppData/Local/Pub/Cache/hosted/pub.dev/web-1.1.1/lib/src/dom/webmidi.dart:216:5: Error: Type 'JSUint8Array' not found.
    JSUint8Array data,
    ^^^^^^^^^^^^
/C:/Users/berkgoknil/AppData/Local/Pub/Cache/hosted/pub.dev/web-1.1.1/lib/src/dom/webmidi.dart:219:12: Error: Type 'JSUint8Array' not found.
  external JSUint8Array get data;
           ^^^^^^^^^^^^
/C:/Users/berkgoknil/AppData/Local/Pub/Cache/hosted/pub.dev/web-1.1.1/lib/src/dom/webmidi.dart:220:21: Error: Type 'JSUint8Array' not found.
  external set data(JSUint8Array value);
                    ^^^^^^^^^^^^
/C:/Users/berkgoknil/AppData/Local/Pub/Cache/hosted/pub.dev/web-1.1.1/lib/src/dom/webmidi.dart:236:38: Error: Type 'JSObject' not found.
extension type MIDIConnectionEvent._(JSObject _) implements Event, JSObject {
                                     ^^^^^^^^
/C:/Users/berkgoknil/AppData/Local/Pub/Cache/hosted/pub.dev/web-1.1.1/lib/src/dom/webmidi.dart:236:68: Error: Type 'JSObject' not found.
extension type MIDIConnectionEvent._(JSObject _) implements Event, JSObject {
                                                                   ^^^^^^^^
/C:/Users/berkgoknil/AppData/Local/Pub/Cache/hosted/pub.dev/web-1.1.1/lib/src/dom/webmidi.dart:246:42: Error: Type 'JSObject' not found.
extension type MIDIConnectionEventInit._(JSObject _)
                                         ^^^^^^^^
/C:/Users/berkgoknil/AppData/Local/Pub/Cache/hosted/pub.dev/web-1.1.1/lib/src/dom/webmidi.dart:247:27: Error: Type 'JSObject' not found.
    implements EventInit, JSObject {
                          ^^^^^^^^
/C:/Users/berkgoknil/AppData/Local/Pub/Cache/hosted/pub.dev/web-1.1.1/lib/src/dom/webmidi.dart:25:53: Error: The type 'JSObject' can't be implemented by an extension type.
extension type MIDIOptions._(JSObject _) implements JSObject {
                                                    ^
/C:/Users/berkgoknil/AppData/Local/Pub/Cache/hosted/pub.dev/web-1.1.1/lib/src/dom/webmidi.dart:50:54: Error: The type 'JSObject' can't be implemented by an extension type.
extension type MIDIInputMap._(JSObject _) implements JSObject {}
                                                     ^
/C:/Users/berkgoknil/AppData/Local/Pub/Cache/hosted/pub.dev/web-1.1.1/lib/src/dom/webmidi.dart:65:55: Error: The type 'JSObject' can't be implemented by an extension type.
extension type MIDIOutputMap._(JSObject _) implements JSObject {}
                                                      ^
/C:/Users/berkgoknil/AppData/Local/Pub/Cache/hosted/pub.dev/web-1.1.1/lib/src/dom/webmidi.dart:76:65: Error: The type 'JSObject' can't be implemented by an extension type.
extension type MIDIAccess._(JSObject _) implements EventTarget, JSObject {
                                                                ^
/C:/Users/berkgoknil/AppData/Local/Pub/Cache/hosted/pub.dev/web-1.1.1/lib/src/dom/webmidi.dart:103:63: Error: The type 'JSObject' can't be implemented by an extension type.
extension type MIDIPort._(JSObject _) implements EventTarget, JSObject {
                                                              ^
/C:/Users/berkgoknil/AppData/Local/Pub/Cache/hosted/pub.dev/web-1.1.1/lib/src/dom/webmidi.dart:162:61: Error: The type 'JSObject' can't be implemented by an extension type.
extension type MIDIInput._(JSObject _) implements MIDIPort, JSObject {
                                                            ^
/C:/Users/berkgoknil/AppData/Local/Pub/Cache/hosted/pub.dev/web-1.1.1/lib/src/dom/webmidi.dart:175:62: Error: The type 'JSObject' can't be implemented by an extension type.
extension type MIDIOutput._(JSObject _) implements MIDIPort, JSObject {
                                                             ^
/C:/Users/berkgoknil/AppData/Local/Pub/Cache/hosted/pub.dev/web-1.1.1/lib/src/dom/webmidi.dart:200:65: Error: The type 'JSObject' can't be implemented by an extension type.
extension type MIDIMessageEvent._(JSObject _) implements Event, JSObject {
                                                                ^
/C:/Users/berkgoknil/AppData/Local/Pub/Cache/hosted/pub.dev/web-1.1.1/lib/src/dom/webmidi.dart:211:27: Error: The type 'JSObject' can't be implemented by an extension type.
    implements EventInit, JSObject {
                          ^
/C:/Users/berkgoknil/AppData/Local/Pub/Cache/hosted/pub.dev/web-1.1.1/lib/src/dom/webmidi.dart:236:68: Error: The type 'JSObject' can't be implemented by an extension type.
extension type MIDIConnectionEvent._(JSObject _) implements Event, JSObject {
                                                                   ^
/C:/Users/berkgoknil/AppData/Local/Pub/Cache/hosted/pub.dev/web-1.1.1/lib/src/dom/webmidi.dart:247:27: Error: The type 'JSObject' can't be implemented by an extension type.
    implements EventInit, JSObject {
                          ^
/C:/Users/berkgoknil/AppData/Local/Pub/Cache/hosted/pub.dev/web-1.1.1/lib/src/dom/webmidi.dart:13:2: Error: Couldn't find constructor 'JS'.
@JS()
 ^^
/C:/Users/berkgoknil/AppData/Local/Pub/Cache/hosted/pub.dev/web-1.1.1/lib/src/dom/webmidi.dart:25:30: Error: 'JSObject' isn't a type.
extension type MIDIOptions._(JSObject _) implements JSObject {
                             ^^^^^^^^
/C:/Users/berkgoknil/AppData/Local/Pub/Cache/hosted/pub.dev/web-1.1.1/lib/src/dom/webmidi.dart:50:31: Error: 'JSObject' isn't a type.
extension type MIDIInputMap._(JSObject _) implements JSObject {}
                              ^^^^^^^^
/C:/Users/berkgoknil/AppData/Local/Pub/Cache/hosted/pub.dev/web-1.1.1/lib/src/dom/webmidi.dart:65:32: Error: 'JSObject' isn't a type.
extension type MIDIOutputMap._(JSObject _) implements JSObject {}
                               ^^^^^^^^
/C:/Users/berkgoknil/AppData/Local/Pub/Cache/hosted/pub.dev/web-1.1.1/lib/src/dom/webmidi.dart:76:29: Error: 'JSObject' isn't a type.
extension type MIDIAccess._(JSObject _) implements EventTarget, JSObject {
                            ^^^^^^^^
/C:/Users/berkgoknil/AppData/Local/Pub/Cache/hosted/pub.dev/web-1.1.1/lib/src/dom/webmidi.dart:103:27: Error: 'JSObject' isn't a type.
extension type MIDIPort._(JSObject _) implements EventTarget, JSObject {
                          ^^^^^^^^
/C:/Users/berkgoknil/AppData/Local/Pub/Cache/hosted/pub.dev/web-1.1.1/lib/src/dom/webmidi.dart:162:28: Error: 'JSObject' isn't a type.
extension type MIDIInput._(JSObject _) implements MIDIPort, JSObject {
                           ^^^^^^^^
/C:/Users/berkgoknil/AppData/Local/Pub/Cache/hosted/pub.dev/web-1.1.1/lib/src/dom/webmidi.dart:175:29: Error: 'JSObject' isn't a type.
extension type MIDIOutput._(JSObject _) implements MIDIPort, JSObject {
                            ^^^^^^^^
/C:/Users/berkgoknil/AppData/Local/Pub/Cache/hosted/pub.dev/web-1.1.1/lib/src/dom/webmidi.dart:180:13: Error: 'JSNumber' isn't a type.
    JSArray<JSNumber> data, [
            ^^^^^^^^
/C:/Users/berkgoknil/AppData/Local/Pub/Cache/hosted/pub.dev/web-1.1.1/lib/src/dom/webmidi.dart:180:5: Error: 'JSArray' isn't a type.
    JSArray<JSNumber> data, [
    ^^^^^^^
/C:/Users/berkgoknil/AppData/Local/Pub/Cache/hosted/pub.dev/web-1.1.1/lib/src/dom/webmidi.dart:200:35: Error: 'JSObject' isn't a type.
extension type MIDIMessageEvent._(JSObject _) implements Event, JSObject {
                                  ^^^^^^^^
/C:/Users/berkgoknil/AppData/Local/Pub/Cache/hosted/pub.dev/web-1.1.1/lib/src/dom/webmidi.dart:210:39: Error: 'JSObject' isn't a type.
extension type MIDIMessageEventInit._(JSObject _)
                                      ^^^^^^^^
/C:/Users/berkgoknil/AppData/Local/Pub/Cache/hosted/pub.dev/web-1.1.1/lib/src/dom/webmidi.dart:216:5: Error: 'JSUint8Array' isn't a type.
    JSUint8Array data,
    ^^^^^^^^^^^^
/C:/Users/berkgoknil/AppData/Local/Pub/Cache/hosted/pub.dev/web-1.1.1/lib/src/dom/webmidi.dart:220:21: Error: 'JSUint8Array' isn't a type.
  external set data(JSUint8Array value);
                    ^^^^^^^^^^^^
/C:/Users/berkgoknil/AppData/Local/Pub/Cache/hosted/pub.dev/web-1.1.1/lib/src/dom/webmidi.dart:236:38: Error: 'JSObject' isn't a type.
extension type MIDIConnectionEvent._(JSObject _) implements Event, JSObject {
                                     ^^^^^^^^
/C:/Users/berkgoknil/AppData/Local/Pub/Cache/hosted/pub.dev/web-1.1.1/lib/src/dom/webmidi.dart:246:42: Error: 'JSObject' isn't a type.
extension type MIDIConnectionEventInit._(JSObject _)
                                         ^^^^^^^^
/C:/Users/berkgoknil/AppData/Local/Pub/Cache/hosted/pub.dev/web-1.1.1/lib/src/dom/hr_time.dart:16:8: Error: Dart library 'dart:js_interop' is not available on this platform.
import 'dart:js_interop';
       ^
/C:/Users/berkgoknil/AppData/Local/Pub/Cache/hosted/pub.dev/web-1.1.1/lib/src/dom/hr_time.dart:40:30: Error: Type 'JSObject' not found.
extension type Performance._(JSObject _) implements EventTarget, JSObject {
                             ^^^^^^^^
/C:/Users/berkgoknil/AppData/Local/Pub/Cache/hosted/pub.dev/web-1.1.1/lib/src/dom/hr_time.dart:40:66: Error: Type 'JSObject' not found.
extension type Performance._(JSObject _) implements EventTarget, JSObject {
                                                                 ^^^^^^^^
/C:/Users/berkgoknil/AppData/Local/Pub/Cache/hosted/pub.dev/web-1.1.1/lib/src/dom/hr_time.dart:50:12: Error: Type 'JSObject' not found.
  external JSObject toJSON();
           ^^^^^^^^
/C:/Users/berkgoknil/AppData/Local/Pub/Cache/hosted/pub.dev/web-1.1.1/lib/src/dom/hr_time.dart:181:5: Error: Type 'JSAny' not found.
    JSAny startOrMeasureOptions,
    ^^^^^
/C:/Users/berkgoknil/AppData/Local/Pub/Cache/hosted/pub.dev/web-1.1.1/lib/src/dom/hr_time.dart:40:66: Error: The type 'JSObject' can't be implemented by an extension type.
extension type Performance._(JSObject _) implements EventTarget, JSObject {
                                                                 ^
/C:/Users/berkgoknil/AppData/Local/Pub/Cache/hosted/pub.dev/web-1.1.1/lib/src/dom/hr_time.dart:13:2: Error: Couldn't find constructor 'JS'.
@JS()
 ^^
/C:/Users/berkgoknil/AppData/Local/Pub/Cache/hosted/pub.dev/web-1.1.1/lib/src/dom/hr_time.dart:40:30: Error: 'JSObject' isn't a type.
extension type Performance._(JSObject _) implements EventTarget, JSObject {
                             ^^^^^^^^
/C:/Users/berkgoknil/AppData/Local/Pub/Cache/hosted/pub.dev/web-1.1.1/lib/src/dom/hr_time.dart:181:5: Error: 'JSAny' isn't a type.
    JSAny startOrMeasureOptions,
    ^^^^^
/C:/Users/berkgoknil/AppData/Local/Pub/Cache/hosted/pub.dev/web-1.1.1/lib/src/dom/user_timing.dart:16:8: Error: Dart library 'dart:js_interop' is not available on this platform.
import 'dart:js_interop';
       ^
/C:/Users/berkgoknil/AppData/Local/Pub/Cache/hosted/pub.dev/web-1.1.1/lib/src/dom/user_timing.dart:21:41: Error: Type 'JSObject' not found.
extension type PerformanceMarkOptions._(JSObject _) implements JSObject {
                                        ^^^^^^^^
/C:/Users/berkgoknil/AppData/Local/Pub/Cache/hosted/pub.dev/web-1.1.1/lib/src/dom/user_timing.dart:21:64: Error: Type 'JSObject' not found.
extension type PerformanceMarkOptions._(JSObject _) implements JSObject {
                                                               ^^^^^^^^
/C:/Users/berkgoknil/AppData/Local/Pub/Cache/hosted/pub.dev/web-1.1.1/lib/src/dom/user_timing.dart:23:5: Error: Type 'JSAny' not found.
    JSAny? detail,
    ^^^^^
/C:/Users/berkgoknil/AppData/Local/Pub/Cache/hosted/pub.dev/web-1.1.1/lib/src/dom/user_timing.dart:27:12: Error: Type 'JSAny' not found.
  external JSAny? get detail;
           ^^^^^
/C:/Users/berkgoknil/AppData/Local/Pub/Cache/hosted/pub.dev/web-1.1.1/lib/src/dom/user_timing.dart:28:23: Error: Type 'JSAny' not found.
  external set detail(JSAny? value);
                      ^^^^^
/C:/Users/berkgoknil/AppData/Local/Pub/Cache/hosted/pub.dev/web-1.1.1/lib/src/dom/user_timing.dart:32:44: Error: Type 'JSObject' not found.
extension type PerformanceMeasureOptions._(JSObject _) implements JSObject {
                                           ^^^^^^^^
/C:/Users/berkgoknil/AppData/Local/Pub/Cache/hosted/pub.dev/web-1.1.1/lib/src/dom/user_timing.dart:32:67: Error: Type 'JSObject' not found.
extension type PerformanceMeasureOptions._(JSObject _) implements JSObject {
                                                                  ^^^^^^^^
/C:/Users/berkgoknil/AppData/Local/Pub/Cache/hosted/pub.dev/web-1.1.1/lib/src/dom/user_timing.dart:34:5: Error: Type 'JSAny' not found.
    JSAny? detail,
    ^^^^^
/C:/Users/berkgoknil/AppData/Local/Pub/Cache/hosted/pub.dev/web-1.1.1/lib/src/dom/user_timing.dart:35:5: Error: Type 'JSAny' not found.
    JSAny start,
    ^^^^^
/C:/Users/berkgoknil/AppData/Local/Pub/Cache/hosted/pub.dev/web-1.1.1/lib/src/dom/user_timing.dart:37:5: Error: Type 'JSAny' not found.
    JSAny end,
    ^^^^^
/C:/Users/berkgoknil/AppData/Local/Pub/Cache/hosted/pub.dev/web-1.1.1/lib/src/dom/user_timing.dart:40:12: Error: Type 'JSAny' not found.
  external JSAny? get detail;
           ^^^^^
/C:/Users/berkgoknil/AppData/Local/Pub/Cache/hosted/pub.dev/web-1.1.1/lib/src/dom/user_timing.dart:41:23: Error: Type 'JSAny' not found.
  external set detail(JSAny? value);
                      ^^^^^
/C:/Users/berkgoknil/AppData/Local/Pub/Cache/hosted/pub.dev/web-1.1.1/lib/src/dom/user_timing.dart:42:12: Error: Type 'JSAny' not found.
  external JSAny get start;
           ^^^^^
/C:/Users/berkgoknil/AppData/Local/Pub/Cache/hosted/pub.dev/web-1.1.1/lib/src/dom/user_timing.dart:43:22: Error: Type 'JSAny' not found.
  external set start(JSAny value);
                     ^^^^^
/C:/Users/berkgoknil/AppData/Local/Pub/Cache/hosted/pub.dev/web-1.1.1/lib/src/dom/user_timing.dart:46:12: Error: Type 'JSAny' not found.
  external JSAny get end;
           ^^^^^
/C:/Users/berkgoknil/AppData/Local/Pub/Cache/hosted/pub.dev/web-1.1.1/lib/src/dom/user_timing.dart:47:20: Error: Type 'JSAny' not found.
  external set end(JSAny value);
                   ^^^^^
/C:/Users/berkgoknil/AppData/Local/Pub/Cache/hosted/pub.dev/web-1.1.1/lib/src/dom/user_timing.dart:62:34: Error: Type 'JSObject' not found.
extension type PerformanceMark._(JSObject _)
                                 ^^^^^^^^
/C:/Users/berkgoknil/AppData/Local/Pub/Cache/hosted/pub.dev/web-1.1.1/lib/src/dom/user_timing.dart:63:34: Error: Type 'JSObject' not found.
    implements PerformanceEntry, JSObject {
                                 ^^^^^^^^
/C:/Users/berkgoknil/AppData/Local/Pub/Cache/hosted/pub.dev/web-1.1.1/lib/src/dom/user_timing.dart:72:12: Error: Type 'JSAny' not found.
  external JSAny? get detail;
           ^^^^^
/C:/Users/berkgoknil/AppData/Local/Pub/Cache/hosted/pub.dev/web-1.1.1/lib/src/dom/user_timing.dart:85:37: Error: Type 'JSObject' not found.
extension type PerformanceMeasure._(JSObject _)
                                    ^^^^^^^^
/C:/Users/berkgoknil/AppData/Local/Pub/Cache/hosted/pub.dev/web-1.1.1/lib/src/dom/user_timing.dart:86:34: Error: Type 'JSObject' not found.
    implements PerformanceEntry, JSObject {
                                 ^^^^^^^^
/C:/Users/berkgoknil/AppData/Local/Pub/Cache/hosted/pub.dev/web-1.1.1/lib/src/dom/user_timing.dart:89:12: Error: Type 'JSAny' not found.
  external JSAny? get detail;
           ^^^^^
/C:/Users/berkgoknil/AppData/Local/Pub/Cache/hosted/pub.dev/web-1.1.1/lib/src/dom/user_timing.dart:21:64: Error: The type 'JSObject' can't be implemented by an extension type.
extension type PerformanceMarkOptions._(JSObject _) implements JSObject {
                                                               ^
/C:/Users/berkgoknil/AppData/Local/Pub/Cache/hosted/pub.dev/web-1.1.1/lib/src/dom/user_timing.dart:32:67: Error: The type 'JSObject' can't be implemented by an extension type.
extension type PerformanceMeasureOptions._(JSObject _) implements JSObject {
                                                                  ^
/C:/Users/berkgoknil/AppData/Local/Pub/Cache/hosted/pub.dev/web-1.1.1/lib/src/dom/user_timing.dart:63:34: Error: The type 'JSObject' can't be implemented by an extension type.
    implements PerformanceEntry, JSObject {
                                 ^
/C:/Users/berkgoknil/AppData/Local/Pub/Cache/hosted/pub.dev/web-1.1.1/lib/src/dom/user_timing.dart:86:34: Error: The type 'JSObject' can't be implemented by an extension type.
    implements PerformanceEntry, JSObject {
                                 ^
/C:/Users/berkgoknil/AppData/Local/Pub/Cache/hosted/pub.dev/web-1.1.1/lib/src/dom/user_timing.dart:13:2: Error: Couldn't find constructor 'JS'.
@JS()
 ^^
/C:/Users/berkgoknil/AppData/Local/Pub/Cache/hosted/pub.dev/web-1.1.1/lib/src/dom/user_timing.dart:21:41: Error: 'JSObject' isn't a type.
extension type PerformanceMarkOptions._(JSObject _) implements JSObject {
                                        ^^^^^^^^
/C:/Users/berkgoknil/AppData/Local/Pub/Cache/hosted/pub.dev/web-1.1.1/lib/src/dom/user_timing.dart:23:5: Error: 'JSAny' isn't a type.
    JSAny? detail,
    ^^^^^
/C:/Users/berkgoknil/AppData/Local/Pub/Cache/hosted/pub.dev/web-1.1.1/lib/src/dom/user_timing.dart:28:23: Error: 'JSAny' isn't a type.
  external set detail(JSAny? value);
                      ^^^^^
/C:/Users/berkgoknil/AppData/Local/Pub/Cache/hosted/pub.dev/web-1.1.1/lib/src/dom/user_timing.dart:32:44: Error: 'JSObject' isn't a type.
extension type PerformanceMeasureOptions._(JSObject _) implements JSObject {
                                           ^^^^^^^^
/C:/Users/berkgoknil/AppData/Local/Pub/Cache/hosted/pub.dev/web-1.1.1/lib/src/dom/user_timing.dart:34:5: Error: 'JSAny' isn't a type.
    JSAny? detail,
    ^^^^^
/C:/Users/berkgoknil/AppData/Local/Pub/Cache/hosted/pub.dev/web-1.1.1/lib/src/dom/user_timing.dart:35:5: Error: 'JSAny' isn't a type.
    JSAny start,
    ^^^^^
/C:/Users/berkgoknil/AppData/Local/Pub/Cache/hosted/pub.dev/web-1.1.1/lib/src/dom/user_timing.dart:37:5: Error: 'JSAny' isn't a type.
    JSAny end,
    ^^^^^
/C:/Users/berkgoknil/AppData/Local/Pub/Cache/hosted/pub.dev/web-1.1.1/lib/src/dom/user_timing.dart:41:23: Error: 'JSAny' isn't a type.
  external set detail(JSAny? value);
                      ^^^^^
/C:/Users/berkgoknil/AppData/Local/Pub/Cache/hosted/pub.dev/web-1.1.1/lib/src/dom/user_timing.dart:43:22: Error: 'JSAny' isn't a type.
  external set start(JSAny value);
                     ^^^^^
/C:/Users/berkgoknil/AppData/Local/Pub/Cache/hosted/pub.dev/web-1.1.1/lib/src/dom/user_timing.dart:47:20: Error: 'JSAny' isn't a type.
  external set end(JSAny value);
                   ^^^^^
/C:/Users/berkgoknil/AppData/Local/Pub/Cache/hosted/pub.dev/web-1.1.1/lib/src/dom/user_timing.dart:62:34: Error: 'JSObject' isn't a type.
extension type PerformanceMark._(JSObject _)
                                 ^^^^^^^^
/C:/Users/berkgoknil/AppData/Local/Pub/Cache/hosted/pub.dev/web-1.1.1/lib/src/dom/user_timing.dart:85:37: Error: 'JSObject' isn't a type.
extension type PerformanceMeasure._(JSObject _)
                                    ^^^^^^^^
/C:/Users/berkgoknil/AppData/Local/Pub/Cache/hosted/pub.dev/web-1.1.1/lib/src/dom/performance_timeline.dart:16:8: Error: Dart library 'dart:js_interop' is not available on this platform.
import 'dart:js_interop';
       ^
/C:/Users/berkgoknil/AppData/Local/Pub/Cache/hosted/pub.dev/web-1.1.1/lib/src/dom/performance_timeline.dart:20:32: Error: Type 'JSArray' not found.
typedef PerformanceEntryList = JSArray<PerformanceEntry>;
                               ^^^^^^^
/C:/Users/berkgoknil/AppData/Local/Pub/Cache/hosted/pub.dev/web-1.1.1/lib/src/dom/performance_timeline.dart:21:39: Error: Type 'JSFunction' not found.
typedef PerformanceObserverCallback = JSFunction;
                                      ^^^^^^^^^^
/C:/Users/berkgoknil/AppData/Local/Pub/Cache/hosted/pub.dev/web-1.1.1/lib/src/dom/performance_timeline.dart:56:35: Error: Type 'JSObject' not found.
extension type PerformanceEntry._(JSObject _) implements JSObject {
                                  ^^^^^^^^
/C:/Users/berkgoknil/AppData/Local/Pub/Cache/hosted/pub.dev/web-1.1.1/lib/src/dom/performance_timeline.dart:56:58: Error: Type 'JSObject' not found.
extension type PerformanceEntry._(JSObject _) implements JSObject {
                                                         ^^^^^^^^
/C:/Users/berkgoknil/AppData/Local/Pub/Cache/hosted/pub.dev/web-1.1.1/lib/src/dom/performance_timeline.dart:59:12: Error: Type 'JSObject' not found.
  external JSObject toJSON();
           ^^^^^^^^
/C:/Users/berkgoknil/AppData/Local/Pub/Cache/hosted/pub.dev/web-1.1.1/lib/src/dom/performance_timeline.dart:93:38: Error: Type 'JSObject' not found.
extension type PerformanceObserver._(JSObject _) implements JSObject {
                                     ^^^^^^^^
/C:/Users/berkgoknil/AppData/Local/Pub/Cache/hosted/pub.dev/web-1.1.1/lib/src/dom/performance_timeline.dart:93:61: Error: Type 'JSObject' not found.
extension type PerformanceObserver._(JSObject _) implements JSObject {
                                                            ^^^^^^^^
/C:/Users/berkgoknil/AppData/Local/Pub/Cache/hosted/pub.dev/web-1.1.1/lib/src/dom/performance_timeline.dart:102:27: Error: Type 'JSString' not found.
  external static JSArray<JSString> get supportedEntryTypes;
                          ^^^^^^^^
/C:/Users/berkgoknil/AppData/Local/Pub/Cache/hosted/pub.dev/web-1.1.1/lib/src/dom/performance_timeline.dart:102:19: Error: Type 'JSArray' not found.
  external static JSArray<JSString> get supportedEntryTypes;
                  ^^^^^^^
/C:/Users/berkgoknil/AppData/Local/Pub/Cache/hosted/pub.dev/web-1.1.1/lib/src/dom/performance_timeline.dart:125:42: Error: Type 'JSObject' not found.
extension type PerformanceObserverInit._(JSObject _) implements JSObject {
                                         ^^^^^^^^
/C:/Users/berkgoknil/AppData/Local/Pub/Cache/hosted/pub.dev/web-1.1.1/lib/src/dom/performance_timeline.dart:125:65: Error: Type 'JSObject' not found.
extension type PerformanceObserverInit._(JSObject _) implements JSObject {
                                                                ^^^^^^^^
/C:/Users/berkgoknil/AppData/Local/Pub/Cache/hosted/pub.dev/web-1.1.1/lib/src/dom/performance_timeline.dart:127:13: Error: Type 'JSString' not found.
    JSArray<JSString> entryTypes,
            ^^^^^^^^
/C:/Users/berkgoknil/AppData/Local/Pub/Cache/hosted/pub.dev/web-1.1.1/lib/src/dom/performance_timeline.dart:127:5: Error: Type 'JSArray' not found.
    JSArray<JSString> entryTypes,
    ^^^^^^^
/C:/Users/berkgoknil/AppData/Local/Pub/Cache/hosted/pub.dev/web-1.1.1/lib/src/dom/performance_timeline.dart:133:20: Error: Type 'JSString' not found.
  external JSArray<JSString> get entryTypes;
                   ^^^^^^^^
/C:/Users/berkgoknil/AppData/Local/Pub/Cache/hosted/pub.dev/web-1.1.1/lib/src/dom/performance_timeline.dart:133:12: Error: Type 'JSArray' not found.
  external JSArray<JSString> get entryTypes;
           ^^^^^^^
/C:/Users/berkgoknil/AppData/Local/Pub/Cache/hosted/pub.dev/web-1.1.1/lib/src/dom/performance_timeline.dart:134:35: Error: Type 'JSString' not found.
  external set entryTypes(JSArray<JSString> value);
                                  ^^^^^^^^
/C:/Users/berkgoknil/AppData/Local/Pub/Cache/hosted/pub.dev/web-1.1.1/lib/src/dom/performance_timeline.dart:134:27: Error: Type 'JSArray' not found.
  external set entryTypes(JSArray<JSString> value);
                          ^^^^^^^
/C:/Users/berkgoknil/AppData/Local/Pub/Cache/hosted/pub.dev/web-1.1.1/lib/src/dom/performance_timeline.dart:151:47: Error: Type 'JSObject' not found.
extension type PerformanceObserverEntryList._(JSObject _) implements JSObject {
                                              ^^^^^^^^
/C:/Users/berkgoknil/AppData/Local/Pub/Cache/hosted/pub.dev/web-1.1.1/lib/src/dom/performance_timeline.dart:151:70: Error: Type 'JSObject' not found.
extension type PerformanceObserverEntryList._(JSObject _) implements JSObject {
                                                                     ^^^^^^^^
/C:/Users/berkgoknil/AppData/Local/Pub/Cache/hosted/pub.dev/web-1.1.1/lib/src/dom/performance_timeline.dart:56:58: Error: The type 'JSObject' can't be implemented by an extension type.
extension type PerformanceEntry._(JSObject _) implements JSObject {
                                                         ^
/C:/Users/berkgoknil/AppData/Local/Pub/Cache/hosted/pub.dev/web-1.1.1/lib/src/dom/performance_timeline.dart:93:61: Error: The type 'JSObject' can't be implemented by an extension type.
extension type PerformanceObserver._(JSObject _) implements JSObject {
                                                            ^
/C:/Users/berkgoknil/AppData/Local/Pub/Cache/hosted/pub.dev/web-1.1.1/lib/src/dom/performance_timeline.dart:125:65: Error: The type 'JSObject' can't be implemented by an extension type.
extension type PerformanceObserverInit._(JSObject _) implements JSObject {
                                                                ^
/C:/Users/berkgoknil/AppData/Local/Pub/Cache/hosted/pub.dev/web-1.1.1/lib/src/dom/performance_timeline.dart:151:70: Error: The type 'JSObject' can't be implemented by an extension type.
extension type PerformanceObserverEntryList._(JSObject _) implements JSObject {
                                                                     ^
/C:/Users/berkgoknil/AppData/Local/Pub/Cache/hosted/pub.dev/web-1.1.1/lib/src/dom/performance_timeline.dart:13:2: Error: Couldn't find constructor 'JS'.
@JS()
 ^^
/C:/Users/berkgoknil/AppData/Local/Pub/Cache/hosted/pub.dev/web-1.1.1/lib/src/dom/performance_timeline.dart:56:35: Error: 'JSObject' isn't a type.
extension type PerformanceEntry._(JSObject _) implements JSObject {
                                  ^^^^^^^^
/C:/Users/berkgoknil/AppData/Local/Pub/Cache/hosted/pub.dev/web-1.1.1/lib/src/dom/performance_timeline.dart:93:38: Error: 'JSObject' isn't a type.
extension type PerformanceObserver._(JSObject _) implements JSObject {
                                     ^^^^^^^^
/C:/Users/berkgoknil/AppData/Local/Pub/Cache/hosted/pub.dev/web-1.1.1/lib/src/dom/performance_timeline.dart:125:42: Error: 'JSObject' isn't a type.
extension type PerformanceObserverInit._(JSObject _) implements JSObject {
                                         ^^^^^^^^
/C:/Users/berkgoknil/AppData/Local/Pub/Cache/hosted/pub.dev/web-1.1.1/lib/src/dom/performance_timeline.dart:127:13: Error: 'JSString' isn't a type.
    JSArray<JSString> entryTypes,
            ^^^^^^^^
/C:/Users/berkgoknil/AppData/Local/Pub/Cache/hosted/pub.dev/web-1.1.1/lib/src/dom/performance_timeline.dart:127:5: Error: 'JSArray' isn't a type.
    JSArray<JSString> entryTypes,
    ^^^^^^^
/C:/Users/berkgoknil/AppData/Local/Pub/Cache/hosted/pub.dev/web-1.1.1/lib/src/dom/performance_timeline.dart:134:35: Error: 'JSString' isn't a type.
  external set entryTypes(JSArray<JSString> value);
                                  ^^^^^^^^
/C:/Users/berkgoknil/AppData/Local/Pub/Cache/hosted/pub.dev/web-1.1.1/lib/src/dom/performance_timeline.dart:134:27: Error: 'JSArray' isn't a type.
  external set entryTypes(JSArray<JSString> value);
                          ^^^^^^^
/C:/Users/berkgoknil/AppData/Local/Pub/Cache/hosted/pub.dev/web-1.1.1/lib/src/dom/performance_timeline.dart:151:47: Error: 'JSObject' isn't a type.
extension type PerformanceObserverEntryList._(JSObject _) implements JSObject {
                                              ^^^^^^^^
/C:/Users/berkgoknil/AppData/Local/Pub/Cache/hosted/pub.dev/web-1.1.1/lib/src/dom/navigation_timing.dart:16:8: Error: Dart library 'dart:js_interop' is not available on this platform.
import 'dart:js_interop';
       ^
/C:/Users/berkgoknil/AppData/Local/Pub/Cache/hosted/pub.dev/web-1.1.1/lib/src/dom/navigation_timing.dart:41:46: Error: Type 'JSObject' not found.
extension type PerformanceNavigationTiming._(JSObject _)
                                             ^^^^^^^^
/C:/Users/berkgoknil/AppData/Local/Pub/Cache/hosted/pub.dev/web-1.1.1/lib/src/dom/navigation_timing.dart:42:43: Error: Type 'JSObject' not found.
    implements PerformanceResourceTiming, JSObject {
                                          ^^^^^^^^
/C:/Users/berkgoknil/AppData/Local/Pub/Cache/hosted/pub.dev/web-1.1.1/lib/src/dom/navigation_timing.dart:46:12: Error: Type 'JSObject' not found.
  external JSObject toJSON();
           ^^^^^^^^
/C:/Users/berkgoknil/AppData/Local/Pub/Cache/hosted/pub.dev/web-1.1.1/lib/src/dom/navigation_timing.dart:181:36: Error: Type 'JSObject' not found.
extension type PerformanceTiming._(JSObject _) implements JSObject {
                                   ^^^^^^^^
/C:/Users/berkgoknil/AppData/Local/Pub/Cache/hosted/pub.dev/web-1.1.1/lib/src/dom/navigation_timing.dart:181:59: Error: Type 'JSObject' not found.
extension type PerformanceTiming._(JSObject _) implements JSObject {
                                                          ^^^^^^^^
/C:/Users/berkgoknil/AppData/Local/Pub/Cache/hosted/pub.dev/web-1.1.1/lib/src/dom/navigation_timing.dart:189:12: Error: Type 'JSObject' not found.
  external JSObject toJSON();
           ^^^^^^^^
/C:/Users/berkgoknil/AppData/Local/Pub/Cache/hosted/pub.dev/web-1.1.1/lib/src/dom/navigation_timing.dart:551:40: Error: Type 'JSObject' not found.
extension type PerformanceNavigation._(JSObject _) implements JSObject {
                                       ^^^^^^^^
/C:/Users/berkgoknil/AppData/Local/Pub/Cache/hosted/pub.dev/web-1.1.1/lib/src/dom/navigation_timing.dart:551:63: Error: Type 'JSObject' not found.
extension type PerformanceNavigation._(JSObject _) implements JSObject {
                                                              ^^^^^^^^
/C:/Users/berkgoknil/AppData/Local/Pub/Cache/hosted/pub.dev/web-1.1.1/lib/src/dom/navigation_timing.dart:567:12: Error: Type 'JSObject' not found.
  external JSObject toJSON();
           ^^^^^^^^
/C:/Users/berkgoknil/AppData/Local/Pub/Cache/hosted/pub.dev/web-1.1.1/lib/src/dom/navigation_timing.dart:42:43: Error: The type 'JSObject' can't be implemented by an extension type.
    implements PerformanceResourceTiming, JSObject {
                                          ^
/C:/Users/berkgoknil/AppData/Local/Pub/Cache/hosted/pub.dev/web-1.1.1/lib/src/dom/navigation_timing.dart:181:59: Error: The type 'JSObject' can't be implemented by an extension type.
extension type PerformanceTiming._(JSObject _) implements JSObject {
                                                          ^
/C:/Users/berkgoknil/AppData/Local/Pub/Cache/hosted/pub.dev/web-1.1.1/lib/src/dom/navigation_timing.dart:551:63: Error: The type 'JSObject' can't be implemented by an extension type.
extension type PerformanceNavigation._(JSObject _) implements JSObject {
                                                              ^
/C:/Users/berkgoknil/AppData/Local/Pub/Cache/hosted/pub.dev/web-1.1.1/lib/src/dom/navigation_timing.dart:13:2: Error: Couldn't find constructor 'JS'.
@JS()
 ^^
/C:/Users/berkgoknil/AppData/Local/Pub/Cache/hosted/pub.dev/web-1.1.1/lib/src/dom/navigation_timing.dart:41:46: Error: 'JSObject' isn't a type.
extension type PerformanceNavigationTiming._(JSObject _)
                                             ^^^^^^^^
/C:/Users/berkgoknil/AppData/Local/Pub/Cache/hosted/pub.dev/web-1.1.1/lib/src/dom/navigation_timing.dart:181:36: Error: 'JSObject' isn't a type.
extension type PerformanceTiming._(JSObject _) implements JSObject {
                                   ^^^^^^^^
/C:/Users/berkgoknil/AppData/Local/Pub/Cache/hosted/pub.dev/web-1.1.1/lib/src/dom/navigation_timing.dart:551:40: Error: 'JSObject' isn't a type.
extension type PerformanceNavigation._(JSObject _) implements JSObject {
                                       ^^^^^^^^
/C:/Users/berkgoknil/AppData/Local/Pub/Cache/hosted/pub.dev/web-1.1.1/lib/src/dom/resource_timing.dart:16:8: Error: Dart library 'dart:js_interop' is not available on this platform.
import 'dart:js_interop';
       ^
/C:/Users/berkgoknil/AppData/Local/Pub/Cache/hosted/pub.dev/web-1.1.1/lib/src/dom/resource_timing.dart:33:44: Error: Type 'JSObject' not found.
extension type PerformanceResourceTiming._(JSObject _)
                                           ^^^^^^^^
/C:/Users/berkgoknil/AppData/Local/Pub/Cache/hosted/pub.dev/web-1.1.1/lib/src/dom/resource_timing.dart:34:34: Error: Type 'JSObject' not found.
    implements PerformanceEntry, JSObject {
                                 ^^^^^^^^
/C:/Users/berkgoknil/AppData/Local/Pub/Cache/hosted/pub.dev/web-1.1.1/lib/src/dom/resource_timing.dart:38:12: Error: Type 'JSObject' not found.
  external JSObject toJSON();
           ^^^^^^^^
/C:/Users/berkgoknil/AppData/Local/Pub/Cache/hosted/pub.dev/web-1.1.1/lib/src/dom/resource_timing.dart:212:12: Error: Type 'JSArray' not found.
  external JSArray<PerformanceServerTiming> get serverTiming;
           ^^^^^^^
/C:/Users/berkgoknil/AppData/Local/Pub/Cache/hosted/pub.dev/web-1.1.1/lib/src/dom/resource_timing.dart:34:34: Error: The type 'JSObject' can't be implemented by an extension type.
    implements PerformanceEntry, JSObject {
                                 ^
/C:/Users/berkgoknil/AppData/Local/Pub/Cache/hosted/pub.dev/web-1.1.1/lib/src/dom/resource_timing.dart:13:2: Error: Couldn't find constructor 'JS'.
@JS()
 ^^
/C:/Users/berkgoknil/AppData/Local/Pub/Cache/hosted/pub.dev/web-1.1.1/lib/src/dom/resource_timing.dart:33:44: Error: 'JSObject' isn't a type.
extension type PerformanceResourceTiming._(JSObject _)
                                           ^^^^^^^^
/C:/Users/berkgoknil/AppData/Local/Pub/Cache/hosted/pub.dev/web-1.1.1/lib/src/dom/server_timing.dart:16:8: Error: Dart library 'dart:js_interop' is not available on this platform.
import 'dart:js_interop';
       ^
/C:/Users/berkgoknil/AppData/Local/Pub/Cache/hosted/pub.dev/web-1.1.1/lib/src/dom/server_timing.dart:30:42: Error: Type 'JSObject' not found.
extension type PerformanceServerTiming._(JSObject _) implements JSObject {
                                         ^^^^^^^^
/C:/Users/berkgoknil/AppData/Local/Pub/Cache/hosted/pub.dev/web-1.1.1/lib/src/dom/server_timing.dart:30:65: Error: Type 'JSObject' not found.
extension type PerformanceServerTiming._(JSObject _) implements JSObject {
                                                                ^^^^^^^^
/C:/Users/berkgoknil/AppData/Local/Pub/Cache/hosted/pub.dev/web-1.1.1/lib/src/dom/server_timing.dart:34:12: Error: Type 'JSObject' not found.
  external JSObject toJSON();
           ^^^^^^^^
/C:/Users/berkgoknil/AppData/Local/Pub/Cache/hosted/pub.dev/web-1.1.1/lib/src/dom/server_timing.dart:30:65: Error: The type 'JSObject' can't be implemented by an extension type.
extension type PerformanceServerTiming._(JSObject _) implements JSObject {
                                                                ^
/C:/Users/berkgoknil/AppData/Local/Pub/Cache/hosted/pub.dev/web-1.1.1/lib/src/dom/server_timing.dart:13:2: Error: Couldn't find constructor 'JS'.
@JS()
 ^^
/C:/Users/berkgoknil/AppData/Local/Pub/Cache/hosted/pub.dev/web-1.1.1/lib/src/dom/server_timing.dart:30:42: Error: 'JSObject' isn't a type.
extension type PerformanceServerTiming._(JSObject _) implements JSObject {
                                         ^^^^^^^^
/C:/Users/berkgoknil/AppData/Local/Pub/Cache/hosted/pub.dev/web-1.1.1/lib/src/dom/event_timing.dart:16:8: Error: Dart library 'dart:js_interop' is not available on this platform.
import 'dart:js_interop';
       ^
/C:/Users/berkgoknil/AppData/Local/Pub/Cache/hosted/pub.dev/web-1.1.1/lib/src/dom/event_timing.dart:29:41: Error: Type 'JSObject' not found.
extension type PerformanceEventTiming._(JSObject _)
                                        ^^^^^^^^
/C:/Users/berkgoknil/AppData/Local/Pub/Cache/hosted/pub.dev/web-1.1.1/lib/src/dom/event_timing.dart:30:34: Error: Type 'JSObject' not found.
    implements PerformanceEntry, JSObject {
                                 ^^^^^^^^
/C:/Users/berkgoknil/AppData/Local/Pub/Cache/hosted/pub.dev/web-1.1.1/lib/src/dom/event_timing.dart:33:12: Error: Type 'JSObject' not found.
  external JSObject toJSON();
           ^^^^^^^^
/C:/Users/berkgoknil/AppData/Local/Pub/Cache/hosted/pub.dev/web-1.1.1/lib/src/dom/event_timing.dart:72:30: Error: Type 'JSObject' not found.
extension type EventCounts._(JSObject _) implements JSObject {}
                             ^^^^^^^^
/C:/Users/berkgoknil/AppData/Local/Pub/Cache/hosted/pub.dev/web-1.1.1/lib/src/dom/event_timing.dart:72:53: Error: Type 'JSObject' not found.
extension type EventCounts._(JSObject _) implements JSObject {}
                                                    ^^^^^^^^
/C:/Users/berkgoknil/AppData/Local/Pub/Cache/hosted/pub.dev/web-1.1.1/lib/src/dom/event_timing.dart:30:34: Error: The type 'JSObject' can't be implemented by an extension type.
    implements PerformanceEntry, JSObject {
                                 ^
/C:/Users/berkgoknil/AppData/Local/Pub/Cache/hosted/pub.dev/web-1.1.1/lib/src/dom/event_timing.dart:72:53: Error: The type 'JSObject' can't be implemented by an extension type.
extension type EventCounts._(JSObject _) implements JSObject {}
                                                    ^
/C:/Users/berkgoknil/AppData/Local/Pub/Cache/hosted/pub.dev/web-1.1.1/lib/src/dom/event_timing.dart:13:2: Error: Couldn't find constructor 'JS'.
@JS()
 ^^
/C:/Users/berkgoknil/AppData/Local/Pub/Cache/hosted/pub.dev/web-1.1.1/lib/src/dom/event_timing.dart:29:41: Error: 'JSObject' isn't a type.
extension type PerformanceEventTiming._(JSObject _)
                                        ^^^^^^^^
/C:/Users/berkgoknil/AppData/Local/Pub/Cache/hosted/pub.dev/web-1.1.1/lib/src/dom/event_timing.dart:72:30: Error: 'JSObject' isn't a type.
extension type EventCounts._(JSObject _) implements JSObject {}
                             ^^^^^^^^
/C:/Users/berkgoknil/AppData/Local/Pub/Cache/hosted/pub.dev/web-1.1.1/lib/src/dom/dom.dart:16:8: Error: Dart library 'dart:js_interop' is not available on this platform.
import 'dart:js_interop';
       ^
/C:/Users/berkgoknil/AppData/Local/Pub/Cache/hosted/pub.dev/web-1.1.1/lib/src/dom/dom.dart:31:28: Error: Type 'JSFunction' not found.
typedef MutationCallback = JSFunction;
                           ^^^^^^^^^^
/C:/Users/berkgoknil/AppData/Local/Pub/Cache/hosted/pub.dev/web-1.1.1/lib/src/dom/dom.dart:32:25: Error: Type 'JSFunction' not found.
typedef EventListener = JSFunction;
                        ^^^^^^^^^^
/C:/Users/berkgoknil/AppData/Local/Pub/Cache/hosted/pub.dev/web-1.1.1/lib/src/dom/dom.dart:33:22: Error: Type 'JSFunction' not found.
typedef NodeFilter = JSFunction;
                     ^^^^^^^^^^
/C:/Users/berkgoknil/AppData/Local/Pub/Cache/hosted/pub.dev/web-1.1.1/lib/src/dom/dom.dart:34:27: Error: Type 'JSFunction' not found.
typedef XPathNSResolver = JSFunction;
                          ^^^^^^^^^^
/C:/Users/berkgoknil/AppData/Local/Pub/Cache/hosted/pub.dev/web-1.1.1/lib/src/dom/dom.dart:83:24: Error: Type 'JSObject' not found.
extension type Event._(JSObject _) implements JSObject {
                       ^^^^^^^^
/C:/Users/berkgoknil/AppData/Local/Pub/Cache/hosted/pub.dev/web-1.1.1/lib/src/dom/dom.dart:83:47: Error: Type 'JSObject' not found.
extension type Event._(JSObject _) implements JSObject {
                                              ^^^^^^^^
/C:/Users/berkgoknil/AppData/Local/Pub/Cache/hosted/pub.dev/web-1.1.1/lib/src/dom/dom.dart:103:12: Error: Type 'JSArray' not found.
  external JSArray<EventTarget> composedPath();
           ^^^^^^^
/C:/Users/berkgoknil/AppData/Local/Pub/Cache/hosted/pub.dev/web-1.1.1/lib/src/dom/dom.dart:305:28: Error: Type 'JSObject' not found.
extension type EventInit._(JSObject _) implements JSObject {
                           ^^^^^^^^
/C:/Users/berkgoknil/AppData/Local/Pub/Cache/hosted/pub.dev/web-1.1.1/lib/src/dom/dom.dart:305:51: Error: Type 'JSObject' not found.
extension type EventInit._(JSObject _) implements JSObject {
                                                  ^^^^^^^^
/C:/Users/berkgoknil/AppData/Local/Pub/Cache/hosted/pub.dev/web-1.1.1/lib/src/dom/dom.dart:334:30: Error: Type 'JSObject' not found.
extension type CustomEvent._(JSObject _) implements Event, JSObject {
                             ^^^^^^^^
/C:/Users/berkgoknil/AppData/Local/Pub/Cache/hosted/pub.dev/web-1.1.1/lib/src/dom/dom.dart:334:60: Error: Type 'JSObject' not found.
extension type CustomEvent._(JSObject _) implements Event, JSObject {
                                                           ^^^^^^^^
/C:/Users/berkgoknil/AppData/Local/Pub/Cache/hosted/pub.dev/web-1.1.1/lib/src/dom/dom.dart:361:5: Error: Type 'JSAny' not found.
    JSAny? detail,
    ^^^^^
/C:/Users/berkgoknil/AppData/Local/Pub/Cache/hosted/pub.dev/web-1.1.1/lib/src/dom/dom.dart:366:12: Error: Type 'JSAny' not found.
  external JSAny? get detail;
           ^^^^^
/C:/Users/berkgoknil/AppData/Local/Pub/Cache/hosted/pub.dev/web-1.1.1/lib/src/dom/dom.dart:368:34: Error: Type 'JSObject' not found.
extension type CustomEventInit._(JSObject _) implements EventInit, JSObject {
                                 ^^^^^^^^
/C:/Users/berkgoknil/AppData/Local/Pub/Cache/hosted/pub.dev/web-1.1.1/lib/src/dom/dom.dart:368:68: Error: Type 'JSObject' not found.
extension type CustomEventInit._(JSObject _) implements EventInit, JSObject {
                                                                   ^^^^^^^^
/C:/Users/berkgoknil/AppData/Local/Pub/Cache/hosted/pub.dev/web-1.1.1/lib/src/dom/dom.dart:373:5: Error: Type 'JSAny' not found.
    JSAny? detail,
    ^^^^^
/C:/Users/berkgoknil/AppData/Local/Pub/Cache/hosted/pub.dev/web-1.1.1/lib/src/dom/dom.dart:376:12: Error: Type 'JSAny' not found.
  external JSAny? get detail;
           ^^^^^
/C:/Users/berkgoknil/AppData/Local/Pub/Cache/hosted/pub.dev/web-1.1.1/lib/src/dom/dom.dart:377:23: Error: Type 'JSAny' not found.
  external set detail(JSAny? value);
                      ^^^^^
/C:/Users/berkgoknil/AppData/Local/Pub/Cache/hosted/pub.dev/web-1.1.1/lib/src/dom/dom.dart:400:30: Error: Type 'JSObject' not found.
extension type EventTarget._(JSObject _) implements JSObject {
                             ^^^^^^^^
/C:/Users/berkgoknil/AppData/Local/Pub/Cache/hosted/pub.dev/web-1.1.1/lib/src/dom/dom.dart:400:53: Error: Type 'JSObject' not found.
extension type EventTarget._(JSObject _) implements JSObject {
                                                    ^^^^^^^^
/C:/Users/berkgoknil/AppData/Local/Pub/Cache/hosted/pub.dev/web-1.1.1/lib/src/dom/dom.dart:453:5: Error: Type 'JSAny' not found.
    JSAny options,
    ^^^^^
/C:/Users/berkgoknil/AppData/Local/Pub/Cache/hosted/pub.dev/web-1.1.1/lib/src/dom/dom.dart:489:5: Error: Type 'JSAny' not found.
    JSAny options,
    ^^^^^
/C:/Users/berkgoknil/AppData/Local/Pub/Cache/hosted/pub.dev/web-1.1.1/lib/src/dom/dom.dart:515:39: Error: Type 'JSObject' not found.
extension type EventListenerOptions._(JSObject _) implements JSObject {
                                      ^^^^^^^^
/C:/Users/berkgoknil/AppData/Local/Pub/Cache/hosted/pub.dev/web-1.1.1/lib/src/dom/dom.dart:515:62: Error: Type 'JSObject' not found.
extension type EventListenerOptions._(JSObject _) implements JSObject {
                                                             ^^^^^^^^
/C:/Users/berkgoknil/AppData/Local/Pub/Cache/hosted/pub.dev/web-1.1.1/lib/src/dom/dom.dart:521:42: Error: Type 'JSObject' not found.
extension type AddEventListenerOptions._(JSObject _)
                                         ^^^^^^^^
/C:/Users/berkgoknil/AppData/Local/Pub/Cache/hosted/pub.dev/web-1.1.1/lib/src/dom/dom.dart:522:38: Error: Type 'JSObject' not found.
    implements EventListenerOptions, JSObject {
                                     ^^^^^^^^
/C:/Users/berkgoknil/AppData/Local/Pub/Cache/hosted/pub.dev/web-1.1.1/lib/src/dom/dom.dart:549:34: Error: Type 'JSObject' not found.
extension type AbortController._(JSObject _) implements JSObject {
                                 ^^^^^^^^
/C:/Users/berkgoknil/AppData/Local/Pub/Cache/hosted/pub.dev/web-1.1.1/lib/src/dom/dom.dart:549:57: Error: Type 'JSObject' not found.
extension type AbortController._(JSObject _) implements JSObject {
                                                        ^^^^^^^^
/C:/Users/berkgoknil/AppData/Local/Pub/Cache/hosted/pub.dev/web-1.1.1/lib/src/dom/dom.dart:557:24: Error: Type 'JSAny' not found.
  external void abort([JSAny? reason]);
                       ^^^^^
/C:/Users/berkgoknil/AppData/Local/Pub/Cache/hosted/pub.dev/web-1.1.1/lib/src/dom/dom.dart:573:30: Error: Type 'JSObject' not found.
extension type AbortSignal._(JSObject _) implements EventTarget, JSObject {
                             ^^^^^^^^
/C:/Users/berkgoknil/AppData/Local/Pub/Cache/hosted/pub.dev/web-1.1.1/lib/src/dom/dom.dart:573:66: Error: Type 'JSObject' not found.
extension type AbortSignal._(JSObject _) implements EventTarget, JSObject {
                                                                 ^^^^^^^^
/C:/Users/berkgoknil/AppData/Local/Pub/Cache/hosted/pub.dev/web-1.1.1/lib/src/dom/dom.dart:592:38: Error: Type 'JSAny' not found.
  external static AbortSignal abort([JSAny? reason]);
                                     ^^^^^
/C:/Users/berkgoknil/AppData/Local/Pub/Cache/hosted/pub.dev/web-1.1.1/lib/src/dom/dom.dart:619:35: Error: Type 'JSArray' not found.
  external static AbortSignal any(JSArray<AbortSignal> signals);
                                  ^^^^^^^
/C:/Users/berkgoknil/AppData/Local/Pub/Cache/hosted/pub.dev/web-1.1.1/lib/src/dom/dom.dart:647:12: Error: Type 'JSAny' not found.
  external JSAny? get reason;
           ^^^^^
/C:/Users/berkgoknil/AppData/Local/Pub/Cache/hosted/pub.dev/web-1.1.1/lib/src/dom/dom.dart:679:27: Error: Type 'JSObject' not found.
extension type NodeList._(JSObject _) implements JSObject {
                          ^^^^^^^^
/C:/Users/berkgoknil/AppData/Local/Pub/Cache/hosted/pub.dev/web-1.1.1/lib/src/dom/dom.dart:679:50: Error: Type 'JSObject' not found.
extension type NodeList._(JSObject _) implements JSObject {
                                                 ^^^^^^^^
/C:/Users/berkgoknil/AppData/Local/Pub/Cache/hosted/pub.dev/web-1.1.1/lib/src/dom/dom.dart:726:33: Error: Type 'JSObject' not found.
extension type HTMLCollection._(JSObject _) implements JSObject {
                                ^^^^^^^^
/C:/Users/berkgoknil/AppData/Local/Pub/Cache/hosted/pub.dev/web-1.1.1/lib/src/dom/dom.dart:726:56: Error: Type 'JSObject' not found.
extension type HTMLCollection._(JSObject _) implements JSObject {
                                                       ^^^^^^^^
/C:/Users/berkgoknil/AppData/Local/Pub/Cache/hosted/pub.dev/web-1.1.1/lib/src/dom/dom.dart:762:35: Error: Type 'JSObject' not found.
extension type MutationObserver._(JSObject _) implements JSObject {
                                  ^^^^^^^^
/C:/Users/berkgoknil/AppData/Local/Pub/Cache/hosted/pub.dev/web-1.1.1/lib/src/dom/dom.dart:762:58: Error: Type 'JSObject' not found.
extension type MutationObserver._(JSObject _) implements JSObject {
                                                         ^^^^^^^^
/C:/Users/berkgoknil/AppData/Local/Pub/Cache/hosted/pub.dev/web-1.1.1/lib/src/dom/dom.dart:800:12: Error: Type 'JSArray' not found.
  external JSArray<MutationRecord> takeRecords();
           ^^^^^^^
/C:/Users/berkgoknil/AppData/Local/Pub/Cache/hosted/pub.dev/web-1.1.1/lib/src/dom/dom.dart:802:39: Error: Type 'JSObject' not found.
extension type MutationObserverInit._(JSObject _) implements JSObject {
                                      ^^^^^^^^
/C:/Users/berkgoknil/AppData/Local/Pub/Cache/hosted/pub.dev/web-1.1.1/lib/src/dom/dom.dart:802:62: Error: Type 'JSObject' not found.
extension type MutationObserverInit._(JSObject _) implements JSObject {
                                                             ^^^^^^^^
/C:/Users/berkgoknil/AppData/Local/Pub/Cache/hosted/pub.dev/web-1.1.1/lib/src/dom/dom.dart:810:13: Error: Type 'JSString' not found.
    JSArray<JSString> attributeFilter,
            ^^^^^^^^
/C:/Users/berkgoknil/AppData/Local/Pub/Cache/hosted/pub.dev/web-1.1.1/lib/src/dom/dom.dart:810:5: Error: Type 'JSArray' not found.
    JSArray<JSString> attributeFilter,
    ^^^^^^^
/C:/Users/berkgoknil/AppData/Local/Pub/Cache/hosted/pub.dev/web-1.1.1/lib/src/dom/dom.dart:825:20: Error: Type 'JSString' not found.
  external JSArray<JSString> get attributeFilter;
                   ^^^^^^^^
/C:/Users/berkgoknil/AppData/Local/Pub/Cache/hosted/pub.dev/web-1.1.1/lib/src/dom/dom.dart:825:12: Error: Type 'JSArray' not found.
  external JSArray<JSString> get attributeFilter;
           ^^^^^^^
/C:/Users/berkgoknil/AppData/Local/Pub/Cache/hosted/pub.dev/web-1.1.1/lib/src/dom/dom.dart:826:40: Error: Type 'JSString' not found.
  external set attributeFilter(JSArray<JSString> value);
                                       ^^^^^^^^
/C:/Users/berkgoknil/AppData/Local/Pub/Cache/hosted/pub.dev/web-1.1.1/lib/src/dom/dom.dart:826:32: Error: Type 'JSArray' not found.
  external set attributeFilter(JSArray<JSString> value);
                               ^^^^^^^
/C:/Users/berkgoknil/AppData/Local/Pub/Cache/hosted/pub.dev/web-1.1.1/lib/src/dom/dom.dart:837:33: Error: Type 'JSObject' not found.
extension type MutationRecord._(JSObject _) implements JSObject {
                                ^^^^^^^^
/C:/Users/berkgoknil/AppData/Local/Pub/Cache/hosted/pub.dev/web-1.1.1/lib/src/dom/dom.dart:837:56: Error: Type 'JSObject' not found.
extension type MutationRecord._(JSObject _) implements JSObject {
                                                       ^^^^^^^^
/C:/Users/berkgoknil/AppData/Local/Pub/Cache/hosted/pub.dev/web-1.1.1/lib/src/dom/dom.dart:911:23: Error: Type 'JSObject' not found.
extension type Node._(JSObject _) implements EventTarget, JSObject {
                      ^^^^^^^^
/C:/Users/berkgoknil/AppData/Local/Pub/Cache/hosted/pub.dev/web-1.1.1/lib/src/dom/dom.dart:911:59: Error: Type 'JSObject' not found.
extension type Node._(JSObject _) implements EventTarget, JSObject {
                                                          ^^^^^^^^
/C:/Users/berkgoknil/AppData/Local/Pub/Cache/hosted/pub.dev/web-1.1.1/lib/src/dom/dom.dart:1310:37: Error: Type 'JSObject' not found.
extension type GetRootNodeOptions._(JSObject _) implements JSObject {
                                    ^^^^^^^^
/C:/Users/berkgoknil/AppData/Local/Pub/Cache/hosted/pub.dev/web-1.1.1/lib/src/dom/dom.dart:1310:60: Error: Type 'JSObject' not found.
extension type GetRootNodeOptions._(JSObject _) implements JSObject {
                                                           ^^^^^^^^
/C:/Users/berkgoknil/AppData/Local/Pub/Cache/hosted/pub.dev/web-1.1.1/lib/src/dom/dom.dart:1340:27: Error: Type 'JSObject' not found.
extension type Document._(JSObject _) implements Node, JSObject {
                          ^^^^^^^^
/C:/Users/berkgoknil/AppData/Local/Pub/Cache/hosted/pub.dev/web-1.1.1/lib/src/dom/dom.dart:1340:56: Error: Type 'JSObject' not found.
extension type Document._(JSObject _) implements Node, JSObject {
                                                       ^^^^^^^^
/C:/Users/berkgoknil/AppData/Local/Pub/Cache/hosted/pub.dev/web-1.1.1/lib/src/dom/dom.dart:1357:44: Error: Type 'JSAny' not found.
  external static Document parseHTMLUnsafe(JSAny html);
                                           ^^^^^
/C:/Users/berkgoknil/AppData/Local/Pub/Cache/hosted/pub.dev/web-1.1.1/lib/src/dom/dom.dart:1403:5: Error: Type 'JSAny' not found.
    JSAny options,
    ^^^^^
/C:/Users/berkgoknil/AppData/Local/Pub/Cache/hosted/pub.dev/web-1.1.1/lib/src/dom/dom.dart:1413:5: Error: Type 'JSAny' not found.
    JSAny options,
    ^^^^^
/C:/Users/berkgoknil/AppData/Local/Pub/Cache/hosted/pub.dev/web-1.1.1/lib/src/dom/dom.dart:1528:48: Error: Type 'JSObject' not found.
  external ViewTransition startViewTransition([JSObject callbackOptions]);
                                               ^^^^^^^^
/C:/Users/berkgoknil/AppData/Local/Pub/Cache/hosted/pub.dev/web-1.1.1/lib/src/dom/dom.dart:1569:12: Error: Type 'JSArray' not found.
  external JSArray<Element> elementsFromPoint(
           ^^^^^^^
/C:/Users/berkgoknil/AppData/Local/Pub/Cache/hosted/pub.dev/web-1.1.1/lib/src/dom/dom.dart:1578:12: Error: Type 'JSObject' not found.
  external JSObject? caretPositionFromPoint(
           ^^^^^^^^
/C:/Users/berkgoknil/AppData/Local/Pub/Cache/hosted/pub.dev/web-1.1.1/lib/src/dom/dom.dart:1590:22: Error: Type 'JSAny' not found.
  external JSPromise<JSAny?> exitFullscreen();
                     ^^^^^
/C:/Users/berkgoknil/AppData/Local/Pub/Cache/hosted/pub.dev/web-1.1.1/lib/src/dom/dom.dart:1590:12: Error: Type 'JSPromise' not found.
  external JSPromise<JSAny?> exitFullscreen();
           ^^^^^^^^^
/C:/Users/berkgoknil/AppData/Local/Pub/Cache/hosted/pub.dev/web-1.1.1/lib/src/dom/dom.dart:1591:12: Error: Type 'JSObject' not found.
  external JSObject operator [](String name);
           ^^^^^^^^
/C:/Users/berkgoknil/AppData/Local/Pub/Cache/hosted/pub.dev/web-1.1.1/lib/src/dom/dom.dart:1607:12: Error: Type 'JSObject' not found.
  external JSObject? open([
           ^^^^^^^^
/C:/Users/berkgoknil/AppData/Local/Pub/Cache/hosted/pub.dev/web-1.1.1/lib/src/dom/dom.dart:1648:23: Error: Type 'JSAny' not found.
  external void write(JSAny text);
                      ^^^^^
/C:/Users/berkgoknil/AppData/Local/Pub/Cache/hosted/pub.dev/web-1.1.1/lib/src/dom/dom.dart:1675:25: Error: Type 'JSAny' not found.
  external void writeln(JSAny text);
                        ^^^^^
/C:/Users/berkgoknil/AppData/Local/Pub/Cache/hosted/pub.dev/web-1.1.1/lib/src/dom/dom.dart:1740:22: Error: Type 'JSAny' not found.
  external JSPromise<JSAny?> exitPictureInPicture();
                     ^^^^^
/C:/Users/berkgoknil/AppData/Local/Pub/Cache/hosted/pub.dev/web-1.1.1/lib/src/dom/dom.dart:1740:12: Error: Type 'JSPromise' not found.
  external JSPromise<JSAny?> exitPictureInPicture();
           ^^^^^^^^^
/C:/Users/berkgoknil/AppData/Local/Pub/Cache/hosted/pub.dev/web-1.1.1/lib/src/dom/dom.dart:1765:22: Error: Type 'JSBoolean' not found.
  external JSPromise<JSBoolean> hasUnpartitionedCookieAccess();
                     ^^^^^^^^^
/C:/Users/berkgoknil/AppData/Local/Pub/Cache/hosted/pub.dev/web-1.1.1/lib/src/dom/dom.dart:1765:12: Error: Type 'JSPromise' not found.
  external JSPromise<JSBoolean> hasUnpartitionedCookieAccess();
           ^^^^^^^^^
/C:/Users/berkgoknil/AppData/Local/Pub/Cache/hosted/pub.dev/web-1.1.1/lib/src/dom/dom.dart:1787:22: Error: Type 'JSBoolean' not found.
  external JSPromise<JSBoolean> hasStorageAccess();
                     ^^^^^^^^^
/C:/Users/berkgoknil/AppData/Local/Pub/Cache/hosted/pub.dev/web-1.1.1/lib/src/dom/dom.dart:1787:12: Error: Type 'JSPromise' not found.
  external JSPromise<JSBoolean> hasStorageAccess();
           ^^^^^^^^^
/C:/Users/berkgoknil/AppData/Local/Pub/Cache/hosted/pub.dev/web-1.1.1/lib/src/dom/dom.dart:1812:22: Error: Type 'JSAny' not found.
  external JSPromise<JSAny?> requestStorageAccess();
                     ^^^^^
/C:/Users/berkgoknil/AppData/Local/Pub/Cache/hosted/pub.dev/web-1.1.1/lib/src/dom/dom.dart:1812:12: Error: Type 'JSPromise' not found.
  external JSPromise<JSAny?> requestStorageAccess();
           ^^^^^^^^^
/C:/Users/berkgoknil/AppData/Local/Pub/Cache/hosted/pub.dev/web-1.1.1/lib/src/dom/dom.dart:1835:12: Error: Type 'JSArray' not found.
  external JSArray<Animation> getAnimations();
           ^^^^^^^
/C:/Users/berkgoknil/AppData/Local/Pub/Cache/hosted/pub.dev/web-1.1.1/lib/src/dom/dom.dart:1844:25: Error: Type 'JSAny' not found.
  external void prepend(JSAny nodes);
                        ^^^^^
/C:/Users/berkgoknil/AppData/Local/Pub/Cache/hosted/pub.dev/web-1.1.1/lib/src/dom/dom.dart:1853:24: Error: Type 'JSAny' not found.
  external void append(JSAny nodes);
                       ^^^^^
/C:/Users/berkgoknil/AppData/Local/Pub/Cache/hosted/pub.dev/web-1.1.1/lib/src/dom/dom.dart:1857:33: Error: Type 'JSAny' not found.
  external void replaceChildren(JSAny nodes);
                                ^^^^^
/C:/Users/berkgoknil/AppData/Local/Pub/Cache/hosted/pub.dev/web-1.1.1/lib/src/dom/dom.dart:2311:12: Error: Type 'JSArray' not found.
  external JSArray<CSSStyleSheet> get adoptedStyleSheets;
           ^^^^^^^
/C:/Users/berkgoknil/AppData/Local/Pub/Cache/hosted/pub.dev/web-1.1.1/lib/src/dom/dom.dart:2312:35: Error: Type 'JSArray' not found.
  external set adoptedStyleSheets(JSArray<CSSStyleSheet> value);
                                  ^^^^^^^
/C:/Users/berkgoknil/AppData/Local/Pub/Cache/hosted/pub.dev/web-1.1.1/lib/src/dom/dom.dart:2606:30: Error: Type 'JSObject' not found.
extension type XMLDocument._(JSObject _) implements Document, JSObject {}
                             ^^^^^^^^
/C:/Users/berkgoknil/AppData/Local/Pub/Cache/hosted/pub.dev/web-1.1.1/lib/src/dom/dom.dart:2606:63: Error: Type 'JSObject' not found.
extension type XMLDocument._(JSObject _) implements Document, JSObject {}
                                                              ^^^^^^^^
/C:/Users/berkgoknil/AppData/Local/Pub/Cache/hosted/pub.dev/web-1.1.1/lib/src/dom/dom.dart:2607:41: Error: Type 'JSObject' not found.
extension type ElementCreationOptions._(JSObject _) implements JSObject {
                                        ^^^^^^^^
/C:/Users/berkgoknil/AppData/Local/Pub/Cache/hosted/pub.dev/web-1.1.1/lib/src/dom/dom.dart:2607:64: Error: Type 'JSObject' not found.
extension type ElementCreationOptions._(JSObject _) implements JSObject {
                                                               ^^^^^^^^
/C:/Users/berkgoknil/AppData/Local/Pub/Cache/hosted/pub.dev/web-1.1.1/lib/src/dom/dom.dart:2624:36: Error: Type 'JSObject' not found.
extension type DOMImplementation._(JSObject _) implements JSObject {
                                   ^^^^^^^^
/C:/Users/berkgoknil/AppData/Local/Pub/Cache/hosted/pub.dev/web-1.1.1/lib/src/dom/dom.dart:2624:59: Error: Type 'JSObject' not found.
extension type DOMImplementation._(JSObject _) implements JSObject {
                                                          ^^^^^^^^
/C:/Users/berkgoknil/AppData/Local/Pub/Cache/hosted/pub.dev/web-1.1.1/lib/src/dom/dom.dart:2668:31: Error: Type 'JSObject' not found.
extension type DocumentType._(JSObject _) implements Node, JSObject {
                              ^^^^^^^^
/C:/Users/berkgoknil/AppData/Local/Pub/Cache/hosted/pub.dev/web-1.1.1/lib/src/dom/dom.dart:2668:60: Error: Type 'JSObject' not found.
extension type DocumentType._(JSObject _) implements Node, JSObject {
                                                           ^^^^^^^^
/C:/Users/berkgoknil/AppData/Local/Pub/Cache/hosted/pub.dev/web-1.1.1/lib/src/dom/dom.dart:2673:24: Error: Type 'JSAny' not found.
  external void before(JSAny nodes);
                       ^^^^^
/C:/Users/berkgoknil/AppData/Local/Pub/Cache/hosted/pub.dev/web-1.1.1/lib/src/dom/dom.dart:2679:23: Error: Type 'JSAny' not found.
  external void after(JSAny nodes);
                      ^^^^^
/C:/Users/berkgoknil/AppData/Local/Pub/Cache/hosted/pub.dev/web-1.1.1/lib/src/dom/dom.dart:2683:29: Error: Type 'JSAny' not found.
  external void replaceWith(JSAny nodes);
                            ^^^^^
/C:/Users/berkgoknil/AppData/Local/Pub/Cache/hosted/pub.dev/web-1.1.1/lib/src/dom/dom.dart:2734:35: Error: Type 'JSObject' not found.
extension type DocumentFragment._(JSObject _) implements Node, JSObject {
                                  ^^^^^^^^
/C:/Users/berkgoknil/AppData/Local/Pub/Cache/hosted/pub.dev/web-1.1.1/lib/src/dom/dom.dart:2734:64: Error: Type 'JSObject' not found.
extension type DocumentFragment._(JSObject _) implements Node, JSObject {
                                                               ^^^^^^^^
/C:/Users/berkgoknil/AppData/Local/Pub/Cache/hosted/pub.dev/web-1.1.1/lib/src/dom/dom.dart:2758:25: Error: Type 'JSAny' not found.
  external void prepend(JSAny nodes);
                        ^^^^^
/C:/Users/berkgoknil/AppData/Local/Pub/Cache/hosted/pub.dev/web-1.1.1/lib/src/dom/dom.dart:2767:24: Error: Type 'JSAny' not found.
  external void append(JSAny nodes);
                       ^^^^^
/C:/Users/berkgoknil/AppData/Local/Pub/Cache/hosted/pub.dev/web-1.1.1/lib/src/dom/dom.dart:2773:33: Error: Type 'JSAny' not found.
  external void replaceChildren(JSAny nodes);
                                ^^^^^
/C:/Users/berkgoknil/AppData/Local/Pub/Cache/hosted/pub.dev/web-1.1.1/lib/src/dom/dom.dart:2832:29: Error: Type 'JSObject' not found.
extension type ShadowRoot._(JSObject _) implements DocumentFragment, JSObject {
                            ^^^^^^^^
/C:/Users/berkgoknil/AppData/Local/Pub/Cache/hosted/pub.dev/web-1.1.1/lib/src/dom/dom.dart:2832:70: Error: Type 'JSObject' not found.
extension type ShadowRoot._(JSObject _) implements DocumentFragment, JSObject {
                                                                     ^^^^^^^^
/C:/Users/berkgoknil/AppData/Local/Pub/Cache/hosted/pub.dev/web-1.1.1/lib/src/dom/dom.dart:2851:31: Error: Type 'JSAny' not found.
  external void setHTMLUnsafe(JSAny html);
                              ^^^^^
/C:/Users/berkgoknil/AppData/Local/Pub/Cache/hosted/pub.dev/web-1.1.1/lib/src/dom/dom.dart:2874:12: Error: Type 'JSArray' not found.
  external JSArray<Animation> getAnimations();
           ^^^^^^^
/C:/Users/berkgoknil/AppData/Local/Pub/Cache/hosted/pub.dev/web-1.1.1/lib/src/dom/dom.dart:2970:12: Error: Type 'JSAny' not found.
  external JSAny get innerHTML;
           ^^^^^
/C:/Users/berkgoknil/AppData/Local/Pub/Cache/hosted/pub.dev/web-1.1.1/lib/src/dom/dom.dart:2971:26: Error: Type 'JSAny' not found.
  external set innerHTML(JSAny value);
                         ^^^^^
/C:/Users/berkgoknil/AppData/Local/Pub/Cache/hosted/pub.dev/web-1.1.1/lib/src/dom/dom.dart:3003:12: Error: Type 'JSArray' not found.
  external JSArray<CSSStyleSheet> get adoptedStyleSheets;
           ^^^^^^^
/C:/Users/berkgoknil/AppData/Local/Pub/Cache/hosted/pub.dev/web-1.1.1/lib/src/dom/dom.dart:3004:35: Error: Type 'JSArray' not found.
  external set adoptedStyleSheets(JSArray<CSSStyleSheet> value);
                                  ^^^^^^^
/C:/Users/berkgoknil/AppData/Local/Pub/Cache/hosted/pub.dev/web-1.1.1/lib/src/dom/dom.dart:3047:26: Error: Type 'JSObject' not found.
extension type Element._(JSObject _) implements Node, JSObject {
                         ^^^^^^^^
/C:/Users/berkgoknil/AppData/Local/Pub/Cache/hosted/pub.dev/web-1.1.1/lib/src/dom/dom.dart:3047:55: Error: Type 'JSObject' not found.
extension type Element._(JSObject _) implements Node, JSObject {
                                                      ^^^^^^^^
/C:/Users/berkgoknil/AppData/Local/Pub/Cache/hosted/pub.dev/web-1.1.1/lib/src/dom/dom.dart:3069:20: Error: Type 'JSString' not found.
  external JSArray<JSString> getAttributeNames();
                   ^^^^^^^^
/C:/Users/berkgoknil/AppData/Local/Pub/Cache/hosted/pub.dev/web-1.1.1/lib/src/dom/dom.dart:3069:12: Error: Type 'JSArray' not found.
  external JSArray<JSString> getAttributeNames();
           ^^^^^^^
/C:/Users/berkgoknil/AppData/Local/Pub/Cache/hosted/pub.dev/web-1.1.1/lib/src/dom/dom.dart:3350:33: Error: Type 'JSAny' not found.
  external void scrollIntoView([JSAny arg]);
                                ^^^^^
/C:/Users/berkgoknil/AppData/Local/Pub/Cache/hosted/pub.dev/web-1.1.1/lib/src/dom/dom.dart:3357:5: Error: Type 'JSAny' not found.
    JSAny optionsOrX,
    ^^^^^
/C:/Users/berkgoknil/AppData/Local/Pub/Cache/hosted/pub.dev/web-1.1.1/lib/src/dom/dom.dart:3365:5: Error: Type 'JSAny' not found.
    JSAny optionsOrX,
    ^^^^^
/C:/Users/berkgoknil/AppData/Local/Pub/Cache/hosted/pub.dev/web-1.1.1/lib/src/dom/dom.dart:3372:5: Error: Type 'JSAny' not found.
    JSAny optionsOrX,
    ^^^^^
/C:/Users/berkgoknil/AppData/Local/Pub/Cache/hosted/pub.dev/web-1.1.1/lib/src/dom/dom.dart:3392:22: Error: Type 'JSAny' not found.
  external JSPromise<JSAny?> requestFullscreen([FullscreenOptions options]);
                     ^^^^^
/C:/Users/berkgoknil/AppData/Local/Pub/Cache/hosted/pub.dev/web-1.1.1/lib/src/dom/dom.dart:3392:12: Error: Type 'JSPromise' not found.
  external JSPromise<JSAny?> requestFullscreen([FullscreenOptions options]);
           ^^^^^^^^^
/C:/Users/berkgoknil/AppData/Local/Pub/Cache/hosted/pub.dev/web-1.1.1/lib/src/dom/dom.dart:3412:31: Error: Type 'JSAny' not found.
  external void setHTMLUnsafe(JSAny html);
                              ^^^^^
/C:/Users/berkgoknil/AppData/Local/Pub/Cache/hosted/pub.dev/web-1.1.1/lib/src/dom/dom.dart:3433:5: Error: Type 'JSAny' not found.
    JSAny string,
    ^^^^^
/C:/Users/berkgoknil/AppData/Local/Pub/Cache/hosted/pub.dev/web-1.1.1/lib/src/dom/dom.dart:3506:22: Error: Type 'JSAny' not found.
  external JSPromise<JSAny?> requestPointerLock([PointerLockOptions options]);
                     ^^^^^
/C:/Users/berkgoknil/AppData/Local/Pub/Cache/hosted/pub.dev/web-1.1.1/lib/src/dom/dom.dart:3506:12: Error: Type 'JSPromise' not found.
  external JSPromise<JSAny?> requestPointerLock([PointerLockOptions options]);
           ^^^^^^^^^
/C:/Users/berkgoknil/AppData/Local/Pub/Cache/hosted/pub.dev/web-1.1.1/lib/src/dom/dom.dart:3512:25: Error: Type 'JSAny' not found.
  external void prepend(JSAny nodes);
                        ^^^^^
/C:/Users/berkgoknil/AppData/Local/Pub/Cache/hosted/pub.dev/web-1.1.1/lib/src/dom/dom.dart:3528:24: Error: Type 'JSAny' not found.
  external void append(JSAny nodes);
                       ^^^^^
/C:/Users/berkgoknil/AppData/Local/Pub/Cache/hosted/pub.dev/web-1.1.1/lib/src/dom/dom.dart:3533:33: Error: Type 'JSAny' not found.
  external void replaceChildren(JSAny nodes);
                                ^^^^^
/C:/Users/berkgoknil/AppData/Local/Pub/Cache/hosted/pub.dev/web-1.1.1/lib/src/dom/dom.dart:3552:24: Error: Type 'JSAny' not found.
  external void before(JSAny nodes);
                       ^^^^^
/C:/Users/berkgoknil/AppData/Local/Pub/Cache/hosted/pub.dev/web-1.1.1/lib/src/dom/dom.dart:3558:23: Error: Type 'JSAny' not found.
  external void after(JSAny nodes);
                      ^^^^^
/C:/Users/berkgoknil/AppData/Local/Pub/Cache/hosted/pub.dev/web-1.1.1/lib/src/dom/dom.dart:3564:29: Error: Type 'JSAny' not found.
  external void replaceWith(JSAny nodes);
                            ^^^^^
/C:/Users/berkgoknil/AppData/Local/Pub/Cache/hosted/pub.dev/web-1.1.1/lib/src/dom/dom.dart:3578:5: Error: Type 'JSObject' not found.
    JSObject? keyframes, [
    ^^^^^^^^
/C:/Users/berkgoknil/AppData/Local/Pub/Cache/hosted/pub.dev/web-1.1.1/lib/src/dom/dom.dart:3579:5: Error: Type 'JSAny' not found.
    JSAny options,
    ^^^^^
/C:/Users/berkgoknil/AppData/Local/Pub/Cache/hosted/pub.dev/web-1.1.1/lib/src/dom/dom.dart:3593:12: Error: Type 'JSArray' not found.
  external JSArray<Animation> getAnimations([GetAnimationsOptions options]);
           ^^^^^^^
/C:/Users/berkgoknil/AppData/Local/Pub/Cache/hosted/pub.dev/web-1.1.1/lib/src/dom/dom.dart:3853:12: Error: Type 'JSAny' not found.
  external JSAny get innerHTML;
           ^^^^^
/C:/Users/berkgoknil/AppData/Local/Pub/Cache/hosted/pub.dev/web-1.1.1/lib/src/dom/dom.dart:3854:26: Error: Type 'JSAny' not found.
  external set innerHTML(JSAny value);
                         ^^^^^
/C:/Users/berkgoknil/AppData/Local/Pub/Cache/hosted/pub.dev/web-1.1.1/lib/src/dom/dom.dart:3867:12: Error: Type 'JSAny' not found.
  external JSAny get outerHTML;
           ^^^^^
/C:/Users/berkgoknil/AppData/Local/Pub/Cache/hosted/pub.dev/web-1.1.1/lib/src/dom/dom.dart:3868:26: Error: Type 'JSAny' not found.
  external set outerHTML(JSAny value);
                         ^^^^^
/C:/Users/berkgoknil/AppData/Local/Pub/Cache/hosted/pub.dev/web-1.1.1/lib/src/dom/dom.dart:4282:33: Error: Type 'JSObject' not found.
extension type ShadowRootInit._(JSObject _) implements JSObject {
                                ^^^^^^^^
/C:/Users/berkgoknil/AppData/Local/Pub/Cache/hosted/pub.dev/web-1.1.1/lib/src/dom/dom.dart:4282:56: Error: Type 'JSObject' not found.
extension type ShadowRootInit._(JSObject _) implements JSObject {
                                                       ^^^^^^^^
/C:/Users/berkgoknil/AppData/Local/Pub/Cache/hosted/pub.dev/web-1.1.1/lib/src/dom/dom.dart:4318:31: Error: Type 'JSObject' not found.
extension type NamedNodeMap._(JSObject _) implements JSObject {
                              ^^^^^^^^
/C:/Users/berkgoknil/AppData/Local/Pub/Cache/hosted/pub.dev/web-1.1.1/lib/src/dom/dom.dart:4318:54: Error: Type 'JSObject' not found.
extension type NamedNodeMap._(JSObject _) implements JSObject {
                                                     ^^^^^^^^
/C:/Users/berkgoknil/AppData/Local/Pub/Cache/hosted/pub.dev/web-1.1.1/lib/src/dom/dom.dart:4410:23: Error: Type 'JSObject' not found.
extension type Attr._(JSObject _) implements Node, JSObject {
                      ^^^^^^^^
/C:/Users/berkgoknil/AppData/Local/Pub/Cache/hosted/pub.dev/web-1.1.1/lib/src/dom/dom.dart:4410:52: Error: Type 'JSObject' not found.
extension type Attr._(JSObject _) implements Node, JSObject {
                                                   ^^^^^^^^
/C:/Users/berkgoknil/AppData/Local/Pub/Cache/hosted/pub.dev/web-1.1.1/lib/src/dom/dom.dart:4500:32: Error: Type 'JSObject' not found.
extension type CharacterData._(JSObject _) implements Node, JSObject {
                               ^^^^^^^^
/C:/Users/berkgoknil/AppData/Local/Pub/Cache/hosted/pub.dev/web-1.1.1/lib/src/dom/dom.dart:4500:61: Error: Type 'JSObject' not found.
extension type CharacterData._(JSObject _) implements Node, JSObject {
                                                            ^^^^^^^^
/C:/Users/berkgoknil/AppData/Local/Pub/Cache/hosted/pub.dev/web-1.1.1/lib/src/dom/dom.dart:4546:24: Error: Type 'JSAny' not found.
  external void before(JSAny nodes);
                       ^^^^^
/C:/Users/berkgoknil/AppData/Local/Pub/Cache/hosted/pub.dev/web-1.1.1/lib/src/dom/dom.dart:4554:23: Error: Type 'JSAny' not found.
  external void after(JSAny nodes);
                      ^^^^^
/C:/Users/berkgoknil/AppData/Local/Pub/Cache/hosted/pub.dev/web-1.1.1/lib/src/dom/dom.dart:4562:29: Error: Type 'JSAny' not found.
  external void replaceWith(JSAny nodes);
                            ^^^^^
/C:/Users/berkgoknil/AppData/Local/Pub/Cache/hosted/pub.dev/web-1.1.1/lib/src/dom/dom.dart:4625:23: Error: Type 'JSObject' not found.
extension type Text._(JSObject _) implements CharacterData, JSObject {
                      ^^^^^^^^
/C:/Users/berkgoknil/AppData/Local/Pub/Cache/hosted/pub.dev/web-1.1.1/lib/src/dom/dom.dart:4625:61: Error: Type 'JSObject' not found.
extension type Text._(JSObject _) implements CharacterData, JSObject {
                                                            ^^^^^^^^
/C:/Users/berkgoknil/AppData/Local/Pub/Cache/hosted/pub.dev/web-1.1.1/lib/src/dom/dom.dart:4691:31: Error: Type 'JSObject' not found.
extension type CDATASection._(JSObject _) implements Text, JSObject {}
                              ^^^^^^^^
/C:/Users/berkgoknil/AppData/Local/Pub/Cache/hosted/pub.dev/web-1.1.1/lib/src/dom/dom.dart:4691:60: Error: Type 'JSObject' not found.
extension type CDATASection._(JSObject _) implements Text, JSObject {}
                                                           ^^^^^^^^
/C:/Users/berkgoknil/AppData/Local/Pub/Cache/hosted/pub.dev/web-1.1.1/lib/src/dom/dom.dart:4724:40: Error: Type 'JSObject' not found.
extension type ProcessingInstruction._(JSObject _)
                                       ^^^^^^^^
/C:/Users/berkgoknil/AppData/Local/Pub/Cache/hosted/pub.dev/web-1.1.1/lib/src/dom/dom.dart:4725:31: Error: Type 'JSObject' not found.
    implements CharacterData, JSObject {
                              ^^^^^^^^
/C:/Users/berkgoknil/AppData/Local/Pub/Cache/hosted/pub.dev/web-1.1.1/lib/src/dom/dom.dart:4761:26: Error: Type 'JSObject' not found.
extension type Comment._(JSObject _) implements CharacterData, JSObject {
                         ^^^^^^^^
/C:/Users/berkgoknil/AppData/Local/Pub/Cache/hosted/pub.dev/web-1.1.1/lib/src/dom/dom.dart:4761:64: Error: Type 'JSObject' not found.
extension type Comment._(JSObject _) implements CharacterData, JSObject {
                                                               ^^^^^^^^
/C:/Users/berkgoknil/AppData/Local/Pub/Cache/hosted/pub.dev/web-1.1.1/lib/src/dom/dom.dart:4779:32: Error: Type 'JSObject' not found.
extension type AbstractRange._(JSObject _) implements JSObject {
                               ^^^^^^^^
/C:/Users/berkgoknil/AppData/Local/Pub/Cache/hosted/pub.dev/web-1.1.1/lib/src/dom/dom.dart:4779:55: Error: Type 'JSObject' not found.
extension type AbstractRange._(JSObject _) implements JSObject {
                                                      ^^^^^^^^
/C:/Users/berkgoknil/AppData/Local/Pub/Cache/hosted/pub.dev/web-1.1.1/lib/src/dom/dom.dart:4801:34: Error: Type 'JSObject' not found.
extension type StaticRangeInit._(JSObject _) implements JSObject {
                                 ^^^^^^^^
/C:/Users/berkgoknil/AppData/Local/Pub/Cache/hosted/pub.dev/web-1.1.1/lib/src/dom/dom.dart:4801:57: Error: Type 'JSObject' not found.
extension type StaticRangeInit._(JSObject _) implements JSObject {
                                                        ^^^^^^^^
/C:/Users/berkgoknil/AppData/Local/Pub/Cache/hosted/pub.dev/web-1.1.1/lib/src/dom/dom.dart:4835:30: Error: Type 'JSObject' not found.
extension type StaticRange._(JSObject _) implements AbstractRange, JSObject {
                             ^^^^^^^^
/C:/Users/berkgoknil/AppData/Local/Pub/Cache/hosted/pub.dev/web-1.1.1/lib/src/dom/dom.dart:4835:68: Error: Type 'JSObject' not found.
extension type StaticRange._(JSObject _) implements AbstractRange, JSObject {
                                                                   ^^^^^^^^
/C:/Users/berkgoknil/AppData/Local/Pub/Cache/hosted/pub.dev/web-1.1.1/lib/src/dom/dom.dart:4853:24: Error: Type 'JSObject' not found.
extension type Range._(JSObject _) implements AbstractRange, JSObject {
                       ^^^^^^^^
/C:/Users/berkgoknil/AppData/Local/Pub/Cache/hosted/pub.dev/web-1.1.1/lib/src/dom/dom.dart:4853:62: Error: Type 'JSObject' not found.
extension type Range._(JSObject _) implements AbstractRange, JSObject {
                                                             ^^^^^^^^
/C:/Users/berkgoknil/AppData/Local/Pub/Cache/hosted/pub.dev/web-1.1.1/lib/src/dom/dom.dart:5088:54: Error: Type 'JSAny' not found.
  external DocumentFragment createContextualFragment(JSAny string);
                                                     ^^^^^
/C:/Users/berkgoknil/AppData/Local/Pub/Cache/hosted/pub.dev/web-1.1.1/lib/src/dom/dom.dart:5118:31: Error: Type 'JSObject' not found.
extension type NodeIterator._(JSObject _) implements JSObject {
                              ^^^^^^^^
/C:/Users/berkgoknil/AppData/Local/Pub/Cache/hosted/pub.dev/web-1.1.1/lib/src/dom/dom.dart:5118:54: Error: Type 'JSObject' not found.
extension type NodeIterator._(JSObject _) implements JSObject {
                                                     ^^^^^^^^
/C:/Users/berkgoknil/AppData/Local/Pub/Cache/hosted/pub.dev/web-1.1.1/lib/src/dom/dom.dart:5204:29: Error: Type 'JSObject' not found.
extension type TreeWalker._(JSObject _) implements JSObject {
                            ^^^^^^^^
/C:/Users/berkgoknil/AppData/Local/Pub/Cache/hosted/pub.dev/web-1.1.1/lib/src/dom/dom.dart:5204:52: Error: Type 'JSObject' not found.
extension type TreeWalker._(JSObject _) implements JSObject {
                                                   ^^^^^^^^
/C:/Users/berkgoknil/AppData/Local/Pub/Cache/hosted/pub.dev/web-1.1.1/lib/src/dom/dom.dart:5381:31: Error: Type 'JSObject' not found.
extension type DOMTokenList._(JSObject _) implements JSObject {
                              ^^^^^^^^
/C:/Users/berkgoknil/AppData/Local/Pub/Cache/hosted/pub.dev/web-1.1.1/lib/src/dom/dom.dart:5381:54: Error: Type 'JSObject' not found.
extension type DOMTokenList._(JSObject _) implements JSObject {
                                                     ^^^^^^^^
/C:/Users/berkgoknil/AppData/Local/Pub/Cache/hosted/pub.dev/web-1.1.1/lib/src/dom/dom.dart:5451:30: Error: Type 'JSObject' not found.
extension type XPathResult._(JSObject _) implements JSObject {
                             ^^^^^^^^
/C:/Users/berkgoknil/AppData/Local/Pub/Cache/hosted/pub.dev/web-1.1.1/lib/src/dom/dom.dart:5451:53: Error: Type 'JSObject' not found.
extension type XPathResult._(JSObject _) implements JSObject {
                                                    ^^^^^^^^
/C:/Users/berkgoknil/AppData/Local/Pub/Cache/hosted/pub.dev/web-1.1.1/lib/src/dom/dom.dart:5539:34: Error: Type 'JSObject' not found.
extension type XPathExpression._(JSObject _) implements JSObject {
                                 ^^^^^^^^
/C:/Users/berkgoknil/AppData/Local/Pub/Cache/hosted/pub.dev/web-1.1.1/lib/src/dom/dom.dart:5539:57: Error: Type 'JSObject' not found.
extension type XPathExpression._(JSObject _) implements JSObject {
                                                        ^^^^^^^^
/C:/Users/berkgoknil/AppData/Local/Pub/Cache/hosted/pub.dev/web-1.1.1/lib/src/dom/dom.dart:5558:33: Error: Type 'JSObject' not found.
extension type XPathEvaluator._(JSObject _) implements JSObject {
                                ^^^^^^^^
/C:/Users/berkgoknil/AppData/Local/Pub/Cache/hosted/pub.dev/web-1.1.1/lib/src/dom/dom.dart:5558:56: Error: Type 'JSObject' not found.
extension type XPathEvaluator._(JSObject _) implements JSObject {
                                                       ^^^^^^^^
/C:/Users/berkgoknil/AppData/Local/Pub/Cache/hosted/pub.dev/web-1.1.1/lib/src/dom/dom.dart:5605:32: Error: Type 'JSObject' not found.
extension type XSLTProcessor._(JSObject _) implements JSObject {
                               ^^^^^^^^
/C:/Users/berkgoknil/AppData/Local/Pub/Cache/hosted/pub.dev/web-1.1.1/lib/src/dom/dom.dart:5605:55: Error: Type 'JSObject' not found.
extension type XSLTProcessor._(JSObject _) implements JSObject {
                                                      ^^^^^^^^
/C:/Users/berkgoknil/AppData/Local/Pub/Cache/hosted/pub.dev/web-1.1.1/lib/src/dom/dom.dart:5631:5: Error: Type 'JSAny' not found.
    JSAny? value,
    ^^^^^
/C:/Users/berkgoknil/AppData/Local/Pub/Cache/hosted/pub.dev/web-1.1.1/lib/src/dom/dom.dart:5637:12: Error: Type 'JSAny' not found.
  external JSAny? getParameter(
           ^^^^^
/C:/Users/berkgoknil/AppData/Local/Pub/Cache/hosted/pub.dev/web-1.1.1/lib/src/dom/dom.dart:83:47: Error: The type 'JSObject' can't be implemented by an extension type.
extension type Event._(JSObject _) implements JSObject {
                                              ^
/C:/Users/berkgoknil/AppData/Local/Pub/Cache/hosted/pub.dev/web-1.1.1/lib/src/dom/dom.dart:305:51: Error: The type 'JSObject' can't be implemented by an extension type.
extension type EventInit._(JSObject _) implements JSObject {
                                                  ^
/C:/Users/berkgoknil/AppData/Local/Pub/Cache/hosted/pub.dev/web-1.1.1/lib/src/dom/dom.dart:334:60: Error: The type 'JSObject' can't be implemented by an extension type.
extension type CustomEvent._(JSObject _) implements Event, JSObject {
                                                           ^
/C:/Users/berkgoknil/AppData/Local/Pub/Cache/hosted/pub.dev/web-1.1.1/lib/src/dom/dom.dart:368:68: Error: The type 'JSObject' can't be implemented by an extension type.
extension type CustomEventInit._(JSObject _) implements EventInit, JSObject {
                                                                   ^
/C:/Users/berkgoknil/AppData/Local/Pub/Cache/hosted/pub.dev/web-1.1.1/lib/src/dom/dom.dart:400:53: Error: The type 'JSObject' can't be implemented by an extension type.
extension type EventTarget._(JSObject _) implements JSObject {
                                                    ^
/C:/Users/berkgoknil/AppData/Local/Pub/Cache/hosted/pub.dev/web-1.1.1/lib/src/dom/dom.dart:515:62: Error: The type 'JSObject' can't be implemented by an extension type.
extension type EventListenerOptions._(JSObject _) implements JSObject {
                                                             ^
/C:/Users/berkgoknil/AppData/Local/Pub/Cache/hosted/pub.dev/web-1.1.1/lib/src/dom/dom.dart:522:38: Error: The type 'JSObject' can't be implemented by an extension type.
    implements EventListenerOptions, JSObject {
                                     ^
/C:/Users/berkgoknil/AppData/Local/Pub/Cache/hosted/pub.dev/web-1.1.1/lib/src/dom/dom.dart:549:57: Error: The type 'JSObject' can't be implemented by an extension type.
extension type AbortController._(JSObject _) implements JSObject {
                                                        ^
/C:/Users/berkgoknil/AppData/Local/Pub/Cache/hosted/pub.dev/web-1.1.1/lib/src/dom/dom.dart:573:66: Error: The type 'JSObject' can't be implemented by an extension type.
extension type AbortSignal._(JSObject _) implements EventTarget, JSObject {
                                                                 ^
/C:/Users/berkgoknil/AppData/Local/Pub/Cache/hosted/pub.dev/web-1.1.1/lib/src/dom/dom.dart:679:50: Error: The type 'JSObject' can't be implemented by an extension type.
extension type NodeList._(JSObject _) implements JSObject {
                                                 ^
/C:/Users/berkgoknil/AppData/Local/Pub/Cache/hosted/pub.dev/web-1.1.1/lib/src/dom/dom.dart:726:56: Error: The type 'JSObject' can't be implemented by an extension type.
extension type HTMLCollection._(JSObject _) implements JSObject {
                                                       ^
/C:/Users/berkgoknil/AppData/Local/Pub/Cache/hosted/pub.dev/web-1.1.1/lib/src/dom/dom.dart:762:58: Error: The type 'JSObject' can't be implemented by an extension type.
extension type MutationObserver._(JSObject _) implements JSObject {
                                                         ^
/C:/Users/berkgoknil/AppData/Local/Pub/Cache/hosted/pub.dev/web-1.1.1/lib/src/dom/dom.dart:802:62: Error: The type 'JSObject' can't be implemented by an extension type.
extension type MutationObserverInit._(JSObject _) implements JSObject {
                                                             ^
/C:/Users/berkgoknil/AppData/Local/Pub/Cache/hosted/pub.dev/web-1.1.1/lib/src/dom/dom.dart:837:56: Error: The type 'JSObject' can't be implemented by an extension type.
extension type MutationRecord._(JSObject _) implements JSObject {
                                                       ^
/C:/Users/berkgoknil/AppData/Local/Pub/Cache/hosted/pub.dev/web-1.1.1/lib/src/dom/dom.dart:911:59: Error: The type 'JSObject' can't be implemented by an extension type.
extension type Node._(JSObject _) implements EventTarget, JSObject {
                                                          ^
/C:/Users/berkgoknil/AppData/Local/Pub/Cache/hosted/pub.dev/web-1.1.1/lib/src/dom/dom.dart:1310:60: Error: The type 'JSObject' can't be implemented by an extension type.
extension type GetRootNodeOptions._(JSObject _) implements JSObject {
                                                           ^
/C:/Users/berkgoknil/AppData/Local/Pub/Cache/hosted/pub.dev/web-1.1.1/lib/src/dom/dom.dart:1340:56: Error: The type 'JSObject' can't be implemented by an extension type.
extension type Document._(JSObject _) implements Node, JSObject {
                                                       ^
/C:/Users/berkgoknil/AppData/Local/Pub/Cache/hosted/pub.dev/web-1.1.1/lib/src/dom/dom.dart:2606:63: Error: The type 'JSObject' can't be implemented by an extension type.
extension type XMLDocument._(JSObject _) implements Document, JSObject {}
                                                              ^
/C:/Users/berkgoknil/AppData/Local/Pub/Cache/hosted/pub.dev/web-1.1.1/lib/src/dom/dom.dart:2607:64: Error: The type 'JSObject' can't be implemented by an extension type.
extension type ElementCreationOptions._(JSObject _) implements JSObject {
                                                               ^
/C:/Users/berkgoknil/AppData/Local/Pub/Cache/hosted/pub.dev/web-1.1.1/lib/src/dom/dom.dart:2624:59: Error: The type 'JSObject' can't be implemented by an extension type.
extension type DOMImplementation._(JSObject _) implements JSObject {
                                                          ^
/C:/Users/berkgoknil/AppData/Local/Pub/Cache/hosted/pub.dev/web-1.1.1/lib/src/dom/dom.dart:2668:60: Error: The type 'JSObject' can't be implemented by an extension type.
extension type DocumentType._(JSObject _) implements Node, JSObject {
                                                           ^
/C:/Users/berkgoknil/AppData/Local/Pub/Cache/hosted/pub.dev/web-1.1.1/lib/src/dom/dom.dart:2734:64: Error: The type 'JSObject' can't be implemented by an extension type.
extension type DocumentFragment._(JSObject _) implements Node, JSObject {
                                                               ^
/C:/Users/berkgoknil/AppData/Local/Pub/Cache/hosted/pub.dev/web-1.1.1/lib/src/dom/dom.dart:2832:70: Error: The type 'JSObject' can't be implemented by an extension type.
extension type ShadowRoot._(JSObject _) implements DocumentFragment, JSObject {
                                                                     ^
/C:/Users/berkgoknil/AppData/Local/Pub/Cache/hosted/pub.dev/web-1.1.1/lib/src/dom/dom.dart:3047:55: Error: The type 'JSObject' can't be implemented by an extension type.
extension type Element._(JSObject _) implements Node, JSObject {
                                                      ^
/C:/Users/berkgoknil/AppData/Local/Pub/Cache/hosted/pub.dev/web-1.1.1/lib/src/dom/dom.dart:4282:56: Error: The type 'JSObject' can't be implemented by an extension type.
extension type ShadowRootInit._(JSObject _) implements JSObject {
                                                       ^
/C:/Users/berkgoknil/AppData/Local/Pub/Cache/hosted/pub.dev/web-1.1.1/lib/src/dom/dom.dart:4318:54: Error: The type 'JSObject' can't be implemented by an extension type.
extension type NamedNodeMap._(JSObject _) implements JSObject {
                                                     ^
/C:/Users/berkgoknil/AppData/Local/Pub/Cache/hosted/pub.dev/web-1.1.1/lib/src/dom/dom.dart:4410:52: Error: The type 'JSObject' can't be implemented by an extension type.
extension type Attr._(JSObject _) implements Node, JSObject {
                                                   ^
/C:/Users/berkgoknil/AppData/Local/Pub/Cache/hosted/pub.dev/web-1.1.1/lib/src/dom/dom.dart:4500:61: Error: The type 'JSObject' can't be implemented by an extension type.
extension type CharacterData._(JSObject _) implements Node, JSObject {
                                                            ^
/C:/Users/berkgoknil/AppData/Local/Pub/Cache/hosted/pub.dev/web-1.1.1/lib/src/dom/dom.dart:4625:61: Error: The type 'JSObject' can't be implemented by an extension type.
extension type Text._(JSObject _) implements CharacterData, JSObject {
                                                            ^
/C:/Users/berkgoknil/AppData/Local/Pub/Cache/hosted/pub.dev/web-1.1.1/lib/src/dom/dom.dart:4691:60: Error: The type 'JSObject' can't be implemented by an extension type.
extension type CDATASection._(JSObject _) implements Text, JSObject {}
                                                           ^
/C:/Users/berkgoknil/AppData/Local/Pub/Cache/hosted/pub.dev/web-1.1.1/lib/src/dom/dom.dart:4725:31: Error: The type 'JSObject' can't be implemented by an extension type.
    implements CharacterData, JSObject {
                              ^
/C:/Users/berkgoknil/AppData/Local/Pub/Cache/hosted/pub.dev/web-1.1.1/lib/src/dom/dom.dart:4761:64: Error: The type 'JSObject' can't be implemented by an extension type.
extension type Comment._(JSObject _) implements CharacterData, JSObject {
                                                               ^
/C:/Users/berkgoknil/AppData/Local/Pub/Cache/hosted/pub.dev/web-1.1.1/lib/src/dom/dom.dart:4779:55: Error: The type 'JSObject' can't be implemented by an extension type.
extension type AbstractRange._(JSObject _) implements JSObject {
                                                      ^
/C:/Users/berkgoknil/AppData/Local/Pub/Cache/hosted/pub.dev/web-1.1.1/lib/src/dom/dom.dart:4801:57: Error: The type 'JSObject' can't be implemented by an extension type.
extension type StaticRangeInit._(JSObject _) implements JSObject {
                                                        ^
/C:/Users/berkgoknil/AppData/Local/Pub/Cache/hosted/pub.dev/web-1.1.1/lib/src/dom/dom.dart:4835:68: Error: The type 'JSObject' can't be implemented by an extension type.
extension type StaticRange._(JSObject _) implements AbstractRange, JSObject {
                                                                   ^
/C:/Users/berkgoknil/AppData/Local/Pub/Cache/hosted/pub.dev/web-1.1.1/lib/src/dom/dom.dart:4853:62: Error: The type 'JSObject' can't be implemented by an extension type.
extension type Range._(JSObject _) implements AbstractRange, JSObject {
                                                             ^
/C:/Users/berkgoknil/AppData/Local/Pub/Cache/hosted/pub.dev/web-1.1.1/lib/src/dom/dom.dart:5118:54: Error: The type 'JSObject' can't be implemented by an extension type.
extension type NodeIterator._(JSObject _) implements JSObject {
                                                     ^
/C:/Users/berkgoknil/AppData/Local/Pub/Cache/hosted/pub.dev/web-1.1.1/lib/src/dom/dom.dart:5204:52: Error: The type 'JSObject' can't be implemented by an extension type.
extension type TreeWalker._(JSObject _) implements JSObject {
                                                   ^
/C:/Users/berkgoknil/AppData/Local/Pub/Cache/hosted/pub.dev/web-1.1.1/lib/src/dom/dom.dart:5381:54: Error: The type 'JSObject' can't be implemented by an extension type.
extension type DOMTokenList._(JSObject _) implements JSObject {
                                                     ^
/C:/Users/berkgoknil/AppData/Local/Pub/Cache/hosted/pub.dev/web-1.1.1/lib/src/dom/dom.dart:5451:53: Error: The type 'JSObject' can't be implemented by an extension type.
extension type XPathResult._(JSObject _) implements JSObject {
                                                    ^
/C:/Users/berkgoknil/AppData/Local/Pub/Cache/hosted/pub.dev/web-1.1.1/lib/src/dom/dom.dart:5539:57: Error: The type 'JSObject' can't be implemented by an extension type.
extension type XPathExpression._(JSObject _) implements JSObject {
                                                        ^
/C:/Users/berkgoknil/AppData/Local/Pub/Cache/hosted/pub.dev/web-1.1.1/lib/src/dom/dom.dart:5558:56: Error: The type 'JSObject' can't be implemented by an extension type.
extension type XPathEvaluator._(JSObject _) implements JSObject {
                                                       ^
/C:/Users/berkgoknil/AppData/Local/Pub/Cache/hosted/pub.dev/web-1.1.1/lib/src/dom/dom.dart:5605:55: Error: The type 'JSObject' can't be implemented by an extension type.
extension type XSLTProcessor._(JSObject _) implements JSObject {
                                                      ^
/C:/Users/berkgoknil/AppData/Local/Pub/Cache/hosted/pub.dev/web-1.1.1/lib/src/dom/dom.dart:13:2: Error: Couldn't find constructor 'JS'.
@JS()
 ^^
/C:/Users/berkgoknil/AppData/Local/Pub/Cache/hosted/pub.dev/web-1.1.1/lib/src/dom/dom.dart:1316:2: Error: Couldn't find constructor 'JS'.
@JS()
 ^^
/C:/Users/berkgoknil/AppData/Local/Pub/Cache/hosted/pub.dev/web-1.1.1/lib/src/dom/dom.dart:2610:4: Error: Couldn't find constructor 'JS'.
  @JS('is')
   ^^
/C:/Users/berkgoknil/AppData/Local/Pub/Cache/hosted/pub.dev/web-1.1.1/lib/src/dom/dom.dart:2612:4: Error: Couldn't find constructor 'JS'.
  @JS('is')
   ^^
/C:/Users/berkgoknil/AppData/Local/Pub/Cache/hosted/pub.dev/web-1.1.1/lib/src/dom/dom.dart:83:24: Error: 'JSObject' isn't a type.
extension type Event._(JSObject _) implements JSObject {
                       ^^^^^^^^
/C:/Users/berkgoknil/AppData/Local/Pub/Cache/hosted/pub.dev/web-1.1.1/lib/src/dom/dom.dart:305:28: Error: 'JSObject' isn't a type.
extension type EventInit._(JSObject _) implements JSObject {
                           ^^^^^^^^
/C:/Users/berkgoknil/AppData/Local/Pub/Cache/hosted/pub.dev/web-1.1.1/lib/src/dom/dom.dart:334:30: Error: 'JSObject' isn't a type.
extension type CustomEvent._(JSObject _) implements Event, JSObject {
                             ^^^^^^^^
/C:/Users/berkgoknil/AppData/Local/Pub/Cache/hosted/pub.dev/web-1.1.1/lib/src/dom/dom.dart:361:5: Error: 'JSAny' isn't a type.
    JSAny? detail,
    ^^^^^
/C:/Users/berkgoknil/AppData/Local/Pub/Cache/hosted/pub.dev/web-1.1.1/lib/src/dom/dom.dart:368:34: Error: 'JSObject' isn't a type.
extension type CustomEventInit._(JSObject _) implements EventInit, JSObject {
                                 ^^^^^^^^
/C:/Users/berkgoknil/AppData/Local/Pub/Cache/hosted/pub.dev/web-1.1.1/lib/src/dom/dom.dart:373:5: Error: 'JSAny' isn't a type.
    JSAny? detail,
    ^^^^^
/C:/Users/berkgoknil/AppData/Local/Pub/Cache/hosted/pub.dev/web-1.1.1/lib/src/dom/dom.dart:377:23: Error: 'JSAny' isn't a type.
  external set detail(JSAny? value);
                      ^^^^^
/C:/Users/berkgoknil/AppData/Local/Pub/Cache/hosted/pub.dev/web-1.1.1/lib/src/dom/dom.dart:400:30: Error: 'JSObject' isn't a type.
extension type EventTarget._(JSObject _) implements JSObject {
                             ^^^^^^^^
/C:/Users/berkgoknil/AppData/Local/Pub/Cache/hosted/pub.dev/web-1.1.1/lib/src/dom/dom.dart:453:5: Error: 'JSAny' isn't a type.
    JSAny options,
    ^^^^^
/C:/Users/berkgoknil/AppData/Local/Pub/Cache/hosted/pub.dev/web-1.1.1/lib/src/dom/dom.dart:489:5: Error: 'JSAny' isn't a type.
    JSAny options,
    ^^^^^
/C:/Users/berkgoknil/AppData/Local/Pub/Cache/hosted/pub.dev/web-1.1.1/lib/src/dom/dom.dart:515:39: Error: 'JSObject' isn't a type.
extension type EventListenerOptions._(JSObject _) implements JSObject {
                                      ^^^^^^^^
/C:/Users/berkgoknil/AppData/Local/Pub/Cache/hosted/pub.dev/web-1.1.1/lib/src/dom/dom.dart:521:42: Error: 'JSObject' isn't a type.
extension type AddEventListenerOptions._(JSObject _)
                                         ^^^^^^^^
/C:/Users/berkgoknil/AppData/Local/Pub/Cache/hosted/pub.dev/web-1.1.1/lib/src/dom/dom.dart:549:34: Error: 'JSObject' isn't a type.
extension type AbortController._(JSObject _) implements JSObject {
                                 ^^^^^^^^
/C:/Users/berkgoknil/AppData/Local/Pub/Cache/hosted/pub.dev/web-1.1.1/lib/src/dom/dom.dart:557:24: Error: 'JSAny' isn't a type.
  external void abort([JSAny? reason]);
                       ^^^^^
/C:/Users/berkgoknil/AppData/Local/Pub/Cache/hosted/pub.dev/web-1.1.1/lib/src/dom/dom.dart:573:30: Error: 'JSObject' isn't a type.
extension type AbortSignal._(JSObject _) implements EventTarget, JSObject {
                             ^^^^^^^^
/C:/Users/berkgoknil/AppData/Local/Pub/Cache/hosted/pub.dev/web-1.1.1/lib/src/dom/dom.dart:592:38: Error: 'JSAny' isn't a type.
  external static AbortSignal abort([JSAny? reason]);
                                     ^^^^^
/C:/Users/berkgoknil/AppData/Local/Pub/Cache/hosted/pub.dev/web-1.1.1/lib/src/dom/dom.dart:619:35: Error: 'JSArray' isn't a type.
  external static AbortSignal any(JSArray<AbortSignal> signals);
                                  ^^^^^^^
/C:/Users/berkgoknil/AppData/Local/Pub/Cache/hosted/pub.dev/web-1.1.1/lib/src/dom/dom.dart:679:27: Error: 'JSObject' isn't a type.
extension type NodeList._(JSObject _) implements JSObject {
                          ^^^^^^^^
/C:/Users/berkgoknil/AppData/Local/Pub/Cache/hosted/pub.dev/web-1.1.1/lib/src/dom/dom.dart:726:33: Error: 'JSObject' isn't a type.
extension type HTMLCollection._(JSObject _) implements JSObject {
                                ^^^^^^^^
/C:/Users/berkgoknil/AppData/Local/Pub/Cache/hosted/pub.dev/web-1.1.1/lib/src/dom/dom.dart:762:35: Error: 'JSObject' isn't a type.
extension type MutationObserver._(JSObject _) implements JSObject {
                                  ^^^^^^^^
/C:/Users/berkgoknil/AppData/Local/Pub/Cache/hosted/pub.dev/web-1.1.1/lib/src/dom/dom.dart:802:39: Error: 'JSObject' isn't a type.
extension type MutationObserverInit._(JSObject _) implements JSObject {
                                      ^^^^^^^^
/C:/Users/berkgoknil/AppData/Local/Pub/Cache/hosted/pub.dev/web-1.1.1/lib/src/dom/dom.dart:810:13: Error: 'JSString' isn't a type.
    JSArray<JSString> attributeFilter,
            ^^^^^^^^
/C:/Users/berkgoknil/AppData/Local/Pub/Cache/hosted/pub.dev/web-1.1.1/lib/src/dom/dom.dart:810:5: Error: 'JSArray' isn't a type.
    JSArray<JSString> attributeFilter,
    ^^^^^^^
/C:/Users/berkgoknil/AppData/Local/Pub/Cache/hosted/pub.dev/web-1.1.1/lib/src/dom/dom.dart:826:40: Error: 'JSString' isn't a type.
  external set attributeFilter(JSArray<JSString> value);
                                       ^^^^^^^^
/C:/Users/berkgoknil/AppData/Local/Pub/Cache/hosted/pub.dev/web-1.1.1/lib/src/dom/dom.dart:826:32: Error: 'JSArray' isn't a type.
  external set attributeFilter(JSArray<JSString> value);
                               ^^^^^^^
/C:/Users/berkgoknil/AppData/Local/Pub/Cache/hosted/pub.dev/web-1.1.1/lib/src/dom/dom.dart:837:33: Error: 'JSObject' isn't a type.
extension type MutationRecord._(JSObject _) implements JSObject {
                                ^^^^^^^^
/C:/Users/berkgoknil/AppData/Local/Pub/Cache/hosted/pub.dev/web-1.1.1/lib/src/dom/dom.dart:911:23: Error: 'JSObject' isn't a type.
extension type Node._(JSObject _) implements EventTarget, JSObject {
                      ^^^^^^^^
/C:/Users/berkgoknil/AppData/Local/Pub/Cache/hosted/pub.dev/web-1.1.1/lib/src/dom/dom.dart:1310:37: Error: 'JSObject' isn't a type.
extension type GetRootNodeOptions._(JSObject _) implements JSObject {
                                    ^^^^^^^^
/C:/Users/berkgoknil/AppData/Local/Pub/Cache/hosted/pub.dev/web-1.1.1/lib/src/dom/dom.dart:1340:27: Error: 'JSObject' isn't a type.
extension type Document._(JSObject _) implements Node, JSObject {
                          ^^^^^^^^
/C:/Users/berkgoknil/AppData/Local/Pub/Cache/hosted/pub.dev/web-1.1.1/lib/src/dom/dom.dart:1357:44: Error: 'JSAny' isn't a type.
  external static Document parseHTMLUnsafe(JSAny html);
                                           ^^^^^
/C:/Users/berkgoknil/AppData/Local/Pub/Cache/hosted/pub.dev/web-1.1.1/lib/src/dom/dom.dart:1403:5: Error: 'JSAny' isn't a type.
    JSAny options,
    ^^^^^
/C:/Users/berkgoknil/AppData/Local/Pub/Cache/hosted/pub.dev/web-1.1.1/lib/src/dom/dom.dart:1413:5: Error: 'JSAny' isn't a type.
    JSAny options,
    ^^^^^
/C:/Users/berkgoknil/AppData/Local/Pub/Cache/hosted/pub.dev/web-1.1.1/lib/src/dom/dom.dart:1528:48: Error: 'JSObject' isn't a type.
  external ViewTransition startViewTransition([JSObject callbackOptions]);
                                               ^^^^^^^^
/C:/Users/berkgoknil/AppData/Local/Pub/Cache/hosted/pub.dev/web-1.1.1/lib/src/dom/dom.dart:1648:23: Error: 'JSAny' isn't a type.
  external void write(JSAny text);
                      ^^^^^
/C:/Users/berkgoknil/AppData/Local/Pub/Cache/hosted/pub.dev/web-1.1.1/lib/src/dom/dom.dart:1675:25: Error: 'JSAny' isn't a type.
  external void writeln(JSAny text);
                        ^^^^^
/C:/Users/berkgoknil/AppData/Local/Pub/Cache/hosted/pub.dev/web-1.1.1/lib/src/dom/dom.dart:1844:25: Error: 'JSAny' isn't a type.
  external void prepend(JSAny nodes);
                        ^^^^^
/C:/Users/berkgoknil/AppData/Local/Pub/Cache/hosted/pub.dev/web-1.1.1/lib/src/dom/dom.dart:1853:24: Error: 'JSAny' isn't a type.
  external void append(JSAny nodes);
                       ^^^^^
/C:/Users/berkgoknil/AppData/Local/Pub/Cache/hosted/pub.dev/web-1.1.1/lib/src/dom/dom.dart:1857:33: Error: 'JSAny' isn't a type.
  external void replaceChildren(JSAny nodes);
                                ^^^^^
/C:/Users/berkgoknil/AppData/Local/Pub/Cache/hosted/pub.dev/web-1.1.1/lib/src/dom/dom.dart:2312:35: Error: 'JSArray' isn't a type.
  external set adoptedStyleSheets(JSArray<CSSStyleSheet> value);
                                  ^^^^^^^
/C:/Users/berkgoknil/AppData/Local/Pub/Cache/hosted/pub.dev/web-1.1.1/lib/src/dom/dom.dart:2606:30: Error: 'JSObject' isn't a type.
extension type XMLDocument._(JSObject _) implements Document, JSObject {}
                             ^^^^^^^^
/C:/Users/berkgoknil/AppData/Local/Pub/Cache/hosted/pub.dev/web-1.1.1/lib/src/dom/dom.dart:2607:41: Error: 'JSObject' isn't a type.
extension type ElementCreationOptions._(JSObject _) implements JSObject {
                                        ^^^^^^^^
/C:/Users/berkgoknil/AppData/Local/Pub/Cache/hosted/pub.dev/web-1.1.1/lib/src/dom/dom.dart:2624:36: Error: 'JSObject' isn't a type.
extension type DOMImplementation._(JSObject _) implements JSObject {
                                   ^^^^^^^^
/C:/Users/berkgoknil/AppData/Local/Pub/Cache/hosted/pub.dev/web-1.1.1/lib/src/dom/dom.dart:2668:31: Error: 'JSObject' isn't a type.
extension type DocumentType._(JSObject _) implements Node, JSObject {
                              ^^^^^^^^
/C:/Users/berkgoknil/AppData/Local/Pub/Cache/hosted/pub.dev/web-1.1.1/lib/src/dom/dom.dart:2673:24: Error: 'JSAny' isn't a type.
  external void before(JSAny nodes);
                       ^^^^^
/C:/Users/berkgoknil/AppData/Local/Pub/Cache/hosted/pub.dev/web-1.1.1/lib/src/dom/dom.dart:2679:23: Error: 'JSAny' isn't a type.
  external void after(JSAny nodes);
                      ^^^^^
/C:/Users/berkgoknil/AppData/Local/Pub/Cache/hosted/pub.dev/web-1.1.1/lib/src/dom/dom.dart:2683:29: Error: 'JSAny' isn't a type.
  external void replaceWith(JSAny nodes);
                            ^^^^^
/C:/Users/berkgoknil/AppData/Local/Pub/Cache/hosted/pub.dev/web-1.1.1/lib/src/dom/dom.dart:2734:35: Error: 'JSObject' isn't a type.
extension type DocumentFragment._(JSObject _) implements Node, JSObject {
                                  ^^^^^^^^
/C:/Users/berkgoknil/AppData/Local/Pub/Cache/hosted/pub.dev/web-1.1.1/lib/src/dom/dom.dart:2758:25: Error: 'JSAny' isn't a type.
  external void prepend(JSAny nodes);
                        ^^^^^
/C:/Users/berkgoknil/AppData/Local/Pub/Cache/hosted/pub.dev/web-1.1.1/lib/src/dom/dom.dart:2767:24: Error: 'JSAny' isn't a type.
  external void append(JSAny nodes);
                       ^^^^^
/C:/Users/berkgoknil/AppData/Local/Pub/Cache/hosted/pub.dev/web-1.1.1/lib/src/dom/dom.dart:2773:33: Error: 'JSAny' isn't a type.
  external void replaceChildren(JSAny nodes);
                                ^^^^^
/C:/Users/berkgoknil/AppData/Local/Pub/Cache/hosted/pub.dev/web-1.1.1/lib/src/dom/dom.dart:2832:29: Error: 'JSObject' isn't a type.
extension type ShadowRoot._(JSObject _) implements DocumentFragment, JSObject {
                            ^^^^^^^^
/C:/Users/berkgoknil/AppData/Local/Pub/Cache/hosted/pub.dev/web-1.1.1/lib/src/dom/dom.dart:2851:31: Error: 'JSAny' isn't a type.
  external void setHTMLUnsafe(JSAny html);
                              ^^^^^
/C:/Users/berkgoknil/AppData/Local/Pub/Cache/hosted/pub.dev/web-1.1.1/lib/src/dom/dom.dart:2971:26: Error: 'JSAny' isn't a type.
  external set innerHTML(JSAny value);
                         ^^^^^
/C:/Users/berkgoknil/AppData/Local/Pub/Cache/hosted/pub.dev/web-1.1.1/lib/src/dom/dom.dart:3004:35: Error: 'JSArray' isn't a type.
  external set adoptedStyleSheets(JSArray<CSSStyleSheet> value);
                                  ^^^^^^^
/C:/Users/berkgoknil/AppData/Local/Pub/Cache/hosted/pub.dev/web-1.1.1/lib/src/dom/dom.dart:3047:26: Error: 'JSObject' isn't a type.
extension type Element._(JSObject _) implements Node, JSObject {
                         ^^^^^^^^
/C:/Users/berkgoknil/AppData/Local/Pub/Cache/hosted/pub.dev/web-1.1.1/lib/src/dom/dom.dart:3350:33: Error: 'JSAny' isn't a type.
  external void scrollIntoView([JSAny arg]);
                                ^^^^^
/C:/Users/berkgoknil/AppData/Local/Pub/Cache/hosted/pub.dev/web-1.1.1/lib/src/dom/dom.dart:3357:5: Error: 'JSAny' isn't a type.
    JSAny optionsOrX,
    ^^^^^
/C:/Users/berkgoknil/AppData/Local/Pub/Cache/hosted/pub.dev/web-1.1.1/lib/src/dom/dom.dart:3365:5: Error: 'JSAny' isn't a type.
    JSAny optionsOrX,
    ^^^^^
/C:/Users/berkgoknil/AppData/Local/Pub/Cache/hosted/pub.dev/web-1.1.1/lib/src/dom/dom.dart:3372:5: Error: 'JSAny' isn't a type.
    JSAny optionsOrX,
    ^^^^^
/C:/Users/berkgoknil/AppData/Local/Pub/Cache/hosted/pub.dev/web-1.1.1/lib/src/dom/dom.dart:3412:31: Error: 'JSAny' isn't a type.
  external void setHTMLUnsafe(JSAny html);
                              ^^^^^
/C:/Users/berkgoknil/AppData/Local/Pub/Cache/hosted/pub.dev/web-1.1.1/lib/src/dom/dom.dart:3433:5: Error: 'JSAny' isn't a type.
    JSAny string,
    ^^^^^
/C:/Users/berkgoknil/AppData/Local/Pub/Cache/hosted/pub.dev/web-1.1.1/lib/src/dom/dom.dart:3512:25: Error: 'JSAny' isn't a type.
  external void prepend(JSAny nodes);
                        ^^^^^
/C:/Users/berkgoknil/AppData/Local/Pub/Cache/hosted/pub.dev/web-1.1.1/lib/src/dom/dom.dart:3528:24: Error: 'JSAny' isn't a type.
  external void append(JSAny nodes);
                       ^^^^^
/C:/Users/berkgoknil/AppData/Local/Pub/Cache/hosted/pub.dev/web-1.1.1/lib/src/dom/dom.dart:3533:33: Error: 'JSAny' isn't a type.
  external void replaceChildren(JSAny nodes);
                                ^^^^^
/C:/Users/berkgoknil/AppData/Local/Pub/Cache/hosted/pub.dev/web-1.1.1/lib/src/dom/dom.dart:3552:24: Error: 'JSAny' isn't a type.
  external void before(JSAny nodes);
                       ^^^^^
/C:/Users/berkgoknil/AppData/Local/Pub/Cache/hosted/pub.dev/web-1.1.1/lib/src/dom/dom.dart:3558:23: Error: 'JSAny' isn't a type.
  external void after(JSAny nodes);
                      ^^^^^
/C:/Users/berkgoknil/AppData/Local/Pub/Cache/hosted/pub.dev/web-1.1.1/lib/src/dom/dom.dart:3564:29: Error: 'JSAny' isn't a type.
  external void replaceWith(JSAny nodes);
                            ^^^^^
/C:/Users/berkgoknil/AppData/Local/Pub/Cache/hosted/pub.dev/web-1.1.1/lib/src/dom/dom.dart:3578:5: Error: 'JSObject' isn't a type.
    JSObject? keyframes, [
    ^^^^^^^^
/C:/Users/berkgoknil/AppData/Local/Pub/Cache/hosted/pub.dev/web-1.1.1/lib/src/dom/dom.dart:3579:5: Error: 'JSAny' isn't a type.
    JSAny options,
    ^^^^^
/C:/Users/berkgoknil/AppData/Local/Pub/Cache/hosted/pub.dev/web-1.1.1/lib/src/dom/dom.dart:3854:26: Error: 'JSAny' isn't a type.
  external set innerHTML(JSAny value);
                         ^^^^^
/C:/Users/berkgoknil/AppData/Local/Pub/Cache/hosted/pub.dev/web-1.1.1/lib/src/dom/dom.dart:3868:26: Error: 'JSAny' isn't a type.
  external set outerHTML(JSAny value);
                         ^^^^^
/C:/Users/berkgoknil/AppData/Local/Pub/Cache/hosted/pub.dev/web-1.1.1/lib/src/dom/dom.dart:4282:33: Error: 'JSObject' isn't a type.
extension type ShadowRootInit._(JSObject _) implements JSObject {
                                ^^^^^^^^
/C:/Users/berkgoknil/AppData/Local/Pub/Cache/hosted/pub.dev/web-1.1.1/lib/src/dom/dom.dart:4318:31: Error: 'JSObject' isn't a type.
extension type NamedNodeMap._(JSObject _) implements JSObject {
                              ^^^^^^^^
/C:/Users/berkgoknil/AppData/Local/Pub/Cache/hosted/pub.dev/web-1.1.1/lib/src/dom/dom.dart:4410:23: Error: 'JSObject' isn't a type.
extension type Attr._(JSObject _) implements Node, JSObject {
                      ^^^^^^^^
/C:/Users/berkgoknil/AppData/Local/Pub/Cache/hosted/pub.dev/web-1.1.1/lib/src/dom/dom.dart:4500:32: Error: 'JSObject' isn't a type.
extension type CharacterData._(JSObject _) implements Node, JSObject {
                               ^^^^^^^^
/C:/Users/berkgoknil/AppData/Local/Pub/Cache/hosted/pub.dev/web-1.1.1/lib/src/dom/dom.dart:4546:24: Error: 'JSAny' isn't a type.
  external void before(JSAny nodes);
                       ^^^^^
/C:/Users/berkgoknil/AppData/Local/Pub/Cache/hosted/pub.dev/web-1.1.1/lib/src/dom/dom.dart:4554:23: Error: 'JSAny' isn't a type.
  external void after(JSAny nodes);
                      ^^^^^
/C:/Users/berkgoknil/AppData/Local/Pub/Cache/hosted/pub.dev/web-1.1.1/lib/src/dom/dom.dart:4562:29: Error: 'JSAny' isn't a type.
  external void replaceWith(JSAny nodes);
                            ^^^^^
/C:/Users/berkgoknil/AppData/Local/Pub/Cache/hosted/pub.dev/web-1.1.1/lib/src/dom/dom.dart:4625:23: Error: 'JSObject' isn't a type.
extension type Text._(JSObject _) implements CharacterData, JSObject {
                      ^^^^^^^^
/C:/Users/berkgoknil/AppData/Local/Pub/Cache/hosted/pub.dev/web-1.1.1/lib/src/dom/dom.dart:4691:31: Error: 'JSObject' isn't a type.
extension type CDATASection._(JSObject _) implements Text, JSObject {}
                              ^^^^^^^^
/C:/Users/berkgoknil/AppData/Local/Pub/Cache/hosted/pub.dev/web-1.1.1/lib/src/dom/dom.dart:4724:40: Error: 'JSObject' isn't a type.
extension type ProcessingInstruction._(JSObject _)
                                       ^^^^^^^^
/C:/Users/berkgoknil/AppData/Local/Pub/Cache/hosted/pub.dev/web-1.1.1/lib/src/dom/dom.dart:4761:26: Error: 'JSObject' isn't a type.
extension type Comment._(JSObject _) implements CharacterData, JSObject {
                         ^^^^^^^^
/C:/Users/berkgoknil/AppData/Local/Pub/Cache/hosted/pub.dev/web-1.1.1/lib/src/dom/dom.dart:4779:32: Error: 'JSObject' isn't a type.
extension type AbstractRange._(JSObject _) implements JSObject {
                               ^^^^^^^^
/C:/Users/berkgoknil/AppData/Local/Pub/Cache/hosted/pub.dev/web-1.1.1/lib/src/dom/dom.dart:4801:34: Error: 'JSObject' isn't a type.
extension type StaticRangeInit._(JSObject _) implements JSObject {
                                 ^^^^^^^^
/C:/Users/berkgoknil/AppData/Local/Pub/Cache/hosted/pub.dev/web-1.1.1/lib/src/dom/dom.dart:4835:30: Error: 'JSObject' isn't a type.
extension type StaticRange._(JSObject _) implements AbstractRange, JSObject {
                             ^^^^^^^^
/C:/Users/berkgoknil/AppData/Local/Pub/Cache/hosted/pub.dev/web-1.1.1/lib/src/dom/dom.dart:4853:24: Error: 'JSObject' isn't a type.
extension type Range._(JSObject _) implements AbstractRange, JSObject {
                       ^^^^^^^^
/C:/Users/berkgoknil/AppData/Local/Pub/Cache/hosted/pub.dev/web-1.1.1/lib/src/dom/dom.dart:5088:54: Error: 'JSAny' isn't a type.
  external DocumentFragment createContextualFragment(JSAny string);
                                                     ^^^^^
/C:/Users/berkgoknil/AppData/Local/Pub/Cache/hosted/pub.dev/web-1.1.1/lib/src/dom/dom.dart:5118:31: Error: 'JSObject' isn't a type.
extension type NodeIterator._(JSObject _) implements JSObject {
                              ^^^^^^^^
/C:/Users/berkgoknil/AppData/Local/Pub/Cache/hosted/pub.dev/web-1.1.1/lib/src/dom/dom.dart:5204:29: Error: 'JSObject' isn't a type.
extension type TreeWalker._(JSObject _) implements JSObject {
                            ^^^^^^^^
/C:/Users/berkgoknil/AppData/Local/Pub/Cache/hosted/pub.dev/web-1.1.1/lib/src/dom/dom.dart:5381:31: Error: 'JSObject' isn't a type.
extension type DOMTokenList._(JSObject _) implements JSObject {
                              ^^^^^^^^
/C:/Users/berkgoknil/AppData/Local/Pub/Cache/hosted/pub.dev/web-1.1.1/lib/src/dom/dom.dart:5451:30: Error: 'JSObject' isn't a type.
extension type XPathResult._(JSObject _) implements JSObject {
                             ^^^^^^^^
/C:/Users/berkgoknil/AppData/Local/Pub/Cache/hosted/pub.dev/web-1.1.1/lib/src/dom/dom.dart:5539:34: Error: 'JSObject' isn't a type.
extension type XPathExpression._(JSObject _) implements JSObject {
                                 ^^^^^^^^
/C:/Users/berkgoknil/AppData/Local/Pub/Cache/hosted/pub.dev/web-1.1.1/lib/src/dom/dom.dart:5558:33: Error: 'JSObject' isn't a type.
extension type XPathEvaluator._(JSObject _) implements JSObject {
                                ^^^^^^^^
/C:/Users/berkgoknil/AppData/Local/Pub/Cache/hosted/pub.dev/web-1.1.1/lib/src/dom/dom.dart:5605:32: Error: 'JSObject' isn't a type.
extension type XSLTProcessor._(JSObject _) implements JSObject {
                               ^^^^^^^^
/C:/Users/berkgoknil/AppData/Local/Pub/Cache/hosted/pub.dev/web-1.1.1/lib/src/dom/dom.dart:5631:5: Error: 'JSAny' isn't a type.
    JSAny? value,
    ^^^^^
/C:/Users/berkgoknil/AppData/Local/Pub/Cache/hosted/pub.dev/web-1.1.1/lib/src/dom/web_animations.dart:16:8: Error: Dart library 'dart:js_interop' is not available on this platform.
import 'dart:js_interop';
       ^
/C:/Users/berkgoknil/AppData/Local/Pub/Cache/hosted/pub.dev/web-1.1.1/lib/src/dom/web_animations.dart:43:36: Error: Type 'JSObject' not found.
extension type AnimationTimeline._(JSObject _) implements JSObject {
                                   ^^^^^^^^
/C:/Users/berkgoknil/AppData/Local/Pub/Cache/hosted/pub.dev/web-1.1.1/lib/src/dom/web_animations.dart:43:59: Error: Type 'JSObject' not found.
extension type AnimationTimeline._(JSObject _) implements JSObject {
                                                          ^^^^^^^^
/C:/Users/berkgoknil/AppData/Local/Pub/Cache/hosted/pub.dev/web-1.1.1/lib/src/dom/web_animations.dart:50:42: Error: Type 'JSObject' not found.
extension type DocumentTimelineOptions._(JSObject _) implements JSObject {
                                         ^^^^^^^^
/C:/Users/berkgoknil/AppData/Local/Pub/Cache/hosted/pub.dev/web-1.1.1/lib/src/dom/web_animations.dart:50:65: Error: Type 'JSObject' not found.
extension type DocumentTimelineOptions._(JSObject _) implements JSObject {
                                                                ^^^^^^^^
/C:/Users/berkgoknil/AppData/Local/Pub/Cache/hosted/pub.dev/web-1.1.1/lib/src/dom/web_animations.dart:66:35: Error: Type 'JSObject' not found.
extension type DocumentTimeline._(JSObject _)
                                  ^^^^^^^^
/C:/Users/berkgoknil/AppData/Local/Pub/Cache/hosted/pub.dev/web-1.1.1/lib/src/dom/web_animations.dart:67:35: Error: Type 'JSObject' not found.
    implements AnimationTimeline, JSObject {
                                  ^^^^^^^^
/C:/Users/berkgoknil/AppData/Local/Pub/Cache/hosted/pub.dev/web-1.1.1/lib/src/dom/web_animations.dart:80:28: Error: Type 'JSObject' not found.
extension type Animation._(JSObject _) implements EventTarget, JSObject {
                           ^^^^^^^^
/C:/Users/berkgoknil/AppData/Local/Pub/Cache/hosted/pub.dev/web-1.1.1/lib/src/dom/web_animations.dart:80:64: Error: Type 'JSObject' not found.
extension type Animation._(JSObject _) implements EventTarget, JSObject {
                                                               ^^^^^^^^
/C:/Users/berkgoknil/AppData/Local/Pub/Cache/hosted/pub.dev/web-1.1.1/lib/src/dom/web_animations.dart:241:12: Error: Type 'JSPromise' not found.
  external JSPromise<Animation> get ready;
           ^^^^^^^^^
/C:/Users/berkgoknil/AppData/Local/Pub/Cache/hosted/pub.dev/web-1.1.1/lib/src/dom/web_animations.dart:252:12: Error: Type 'JSPromise' not found.
  external JSPromise<Animation> get finished;
           ^^^^^^^^^
/C:/Users/berkgoknil/AppData/Local/Pub/Cache/hosted/pub.dev/web-1.1.1/lib/src/dom/web_animations.dart:298:34: Error: Type 'JSObject' not found.
extension type AnimationEffect._(JSObject _) implements JSObject {
                                 ^^^^^^^^
/C:/Users/berkgoknil/AppData/Local/Pub/Cache/hosted/pub.dev/web-1.1.1/lib/src/dom/web_animations.dart:298:57: Error: Type 'JSObject' not found.
extension type AnimationEffect._(JSObject _) implements JSObject {
                                                        ^^^^^^^^
/C:/Users/berkgoknil/AppData/Local/Pub/Cache/hosted/pub.dev/web-1.1.1/lib/src/dom/web_animations.dart:324:31: Error: Type 'JSObject' not found.
extension type EffectTiming._(JSObject _) implements JSObject {
                              ^^^^^^^^
/C:/Users/berkgoknil/AppData/Local/Pub/Cache/hosted/pub.dev/web-1.1.1/lib/src/dom/web_animations.dart:324:54: Error: Type 'JSObject' not found.
extension type EffectTiming._(JSObject _) implements JSObject {
                                                     ^^^^^^^^
/C:/Users/berkgoknil/AppData/Local/Pub/Cache/hosted/pub.dev/web-1.1.1/lib/src/dom/web_animations.dart:334:5: Error: Type 'JSAny' not found.
    JSAny duration,
    ^^^^^
/C:/Users/berkgoknil/AppData/Local/Pub/Cache/hosted/pub.dev/web-1.1.1/lib/src/dom/web_animations.dart:353:12: Error: Type 'JSAny' not found.
  external JSAny get duration;
           ^^^^^
/C:/Users/berkgoknil/AppData/Local/Pub/Cache/hosted/pub.dev/web-1.1.1/lib/src/dom/web_animations.dart:354:25: Error: Type 'JSAny' not found.
  external set duration(JSAny value);
                        ^^^^^
/C:/Users/berkgoknil/AppData/Local/Pub/Cache/hosted/pub.dev/web-1.1.1/lib/src/dom/web_animations.dart:356:39: Error: Type 'JSObject' not found.
extension type OptionalEffectTiming._(JSObject _) implements JSObject {
                                      ^^^^^^^^
/C:/Users/berkgoknil/AppData/Local/Pub/Cache/hosted/pub.dev/web-1.1.1/lib/src/dom/web_animations.dart:356:62: Error: Type 'JSObject' not found.
extension type OptionalEffectTiming._(JSObject _) implements JSObject {
                                                             ^^^^^^^^
/C:/Users/berkgoknil/AppData/Local/Pub/Cache/hosted/pub.dev/web-1.1.1/lib/src/dom/web_animations.dart:363:5: Error: Type 'JSAny' not found.
    JSAny duration,
    ^^^^^
/C:/Users/berkgoknil/AppData/Local/Pub/Cache/hosted/pub.dev/web-1.1.1/lib/src/dom/web_animations.dart:379:12: Error: Type 'JSAny' not found.
  external JSAny get duration;
           ^^^^^
/C:/Users/berkgoknil/AppData/Local/Pub/Cache/hosted/pub.dev/web-1.1.1/lib/src/dom/web_animations.dart:380:25: Error: Type 'JSAny' not found.
  external set duration(JSAny value);
                        ^^^^^
/C:/Users/berkgoknil/AppData/Local/Pub/Cache/hosted/pub.dev/web-1.1.1/lib/src/dom/web_animations.dart:388:39: Error: Type 'JSObject' not found.
extension type ComputedEffectTiming._(JSObject _)
                                      ^^^^^^^^
/C:/Users/berkgoknil/AppData/Local/Pub/Cache/hosted/pub.dev/web-1.1.1/lib/src/dom/web_animations.dart:389:30: Error: Type 'JSObject' not found.
    implements EffectTiming, JSObject {
                             ^^^^^^^^
/C:/Users/berkgoknil/AppData/Local/Pub/Cache/hosted/pub.dev/web-1.1.1/lib/src/dom/web_animations.dart:399:5: Error: Type 'JSAny' not found.
    JSAny duration,
    ^^^^^
/C:/Users/berkgoknil/AppData/Local/Pub/Cache/hosted/pub.dev/web-1.1.1/lib/src/dom/web_animations.dart:432:33: Error: Type 'JSObject' not found.
extension type KeyframeEffect._(JSObject _)
                                ^^^^^^^^
/C:/Users/berkgoknil/AppData/Local/Pub/Cache/hosted/pub.dev/web-1.1.1/lib/src/dom/web_animations.dart:433:33: Error: Type 'JSObject' not found.
    implements AnimationEffect, JSObject {
                                ^^^^^^^^
/C:/Users/berkgoknil/AppData/Local/Pub/Cache/hosted/pub.dev/web-1.1.1/lib/src/dom/web_animations.dart:435:5: Error: Type 'JSObject' not found.
    JSObject? sourceOrTarget, [
    ^^^^^^^^
/C:/Users/berkgoknil/AppData/Local/Pub/Cache/hosted/pub.dev/web-1.1.1/lib/src/dom/web_animations.dart:436:5: Error: Type 'JSObject' not found.
    JSObject? keyframes,
    ^^^^^^^^
/C:/Users/berkgoknil/AppData/Local/Pub/Cache/hosted/pub.dev/web-1.1.1/lib/src/dom/web_animations.dart:437:5: Error: Type 'JSAny' not found.
    JSAny options,
    ^^^^^
/C:/Users/berkgoknil/AppData/Local/Pub/Cache/hosted/pub.dev/web-1.1.1/lib/src/dom/web_animations.dart:443:20: Error: Type 'JSObject' not found.
  external JSArray<JSObject> getKeyframes();
                   ^^^^^^^^
/C:/Users/berkgoknil/AppData/Local/Pub/Cache/hosted/pub.dev/web-1.1.1/lib/src/dom/web_animations.dart:443:12: Error: Type 'JSArray' not found.
  external JSArray<JSObject> getKeyframes();
           ^^^^^^^
/C:/Users/berkgoknil/AppData/Local/Pub/Cache/hosted/pub.dev/web-1.1.1/lib/src/dom/web_animations.dart:448:30: Error: Type 'JSObject' not found.
  external void setKeyframes(JSObject? keyframes);
                             ^^^^^^^^
/C:/Users/berkgoknil/AppData/Local/Pub/Cache/hosted/pub.dev/web-1.1.1/lib/src/dom/web_animations.dart:480:40: Error: Type 'JSObject' not found.
extension type KeyframeEffectOptions._(JSObject _)
                                       ^^^^^^^^
/C:/Users/berkgoknil/AppData/Local/Pub/Cache/hosted/pub.dev/web-1.1.1/lib/src/dom/web_animations.dart:481:30: Error: Type 'JSObject' not found.
    implements EffectTiming, JSObject {
                             ^^^^^^^^
/C:/Users/berkgoknil/AppData/Local/Pub/Cache/hosted/pub.dev/web-1.1.1/lib/src/dom/web_animations.dart:491:5: Error: Type 'JSAny' not found.
    JSAny duration,
    ^^^^^
/C:/Users/berkgoknil/AppData/Local/Pub/Cache/hosted/pub.dev/web-1.1.1/lib/src/dom/web_animations.dart:504:43: Error: Type 'JSObject' not found.
extension type KeyframeAnimationOptions._(JSObject _)
                                          ^^^^^^^^
/C:/Users/berkgoknil/AppData/Local/Pub/Cache/hosted/pub.dev/web-1.1.1/lib/src/dom/web_animations.dart:505:39: Error: Type 'JSObject' not found.
    implements KeyframeEffectOptions, JSObject {
                                      ^^^^^^^^
/C:/Users/berkgoknil/AppData/Local/Pub/Cache/hosted/pub.dev/web-1.1.1/lib/src/dom/web_animations.dart:515:5: Error: Type 'JSAny' not found.
    JSAny duration,
    ^^^^^
/C:/Users/berkgoknil/AppData/Local/Pub/Cache/hosted/pub.dev/web-1.1.1/lib/src/dom/web_animations.dart:521:5: Error: Type 'JSAny' not found.
    JSAny rangeStart,
    ^^^^^
/C:/Users/berkgoknil/AppData/Local/Pub/Cache/hosted/pub.dev/web-1.1.1/lib/src/dom/web_animations.dart:522:5: Error: Type 'JSAny' not found.
    JSAny rangeEnd,
    ^^^^^
/C:/Users/berkgoknil/AppData/Local/Pub/Cache/hosted/pub.dev/web-1.1.1/lib/src/dom/web_animations.dart:529:12: Error: Type 'JSAny' not found.
  external JSAny get rangeStart;
           ^^^^^
/C:/Users/berkgoknil/AppData/Local/Pub/Cache/hosted/pub.dev/web-1.1.1/lib/src/dom/web_animations.dart:530:27: Error: Type 'JSAny' not found.
  external set rangeStart(JSAny value);
                          ^^^^^
/C:/Users/berkgoknil/AppData/Local/Pub/Cache/hosted/pub.dev/web-1.1.1/lib/src/dom/web_animations.dart:531:12: Error: Type 'JSAny' not found.
  external JSAny get rangeEnd;
           ^^^^^
/C:/Users/berkgoknil/AppData/Local/Pub/Cache/hosted/pub.dev/web-1.1.1/lib/src/dom/web_animations.dart:532:25: Error: Type 'JSAny' not found.
  external set rangeEnd(JSAny value);
                        ^^^^^
/C:/Users/berkgoknil/AppData/Local/Pub/Cache/hosted/pub.dev/web-1.1.1/lib/src/dom/web_animations.dart:534:39: Error: Type 'JSObject' not found.
extension type GetAnimationsOptions._(JSObject _) implements JSObject {
                                      ^^^^^^^^
/C:/Users/berkgoknil/AppData/Local/Pub/Cache/hosted/pub.dev/web-1.1.1/lib/src/dom/web_animations.dart:534:62: Error: Type 'JSObject' not found.
extension type GetAnimationsOptions._(JSObject _) implements JSObject {
                                                             ^^^^^^^^
/C:/Users/berkgoknil/AppData/Local/Pub/Cache/hosted/pub.dev/web-1.1.1/lib/src/dom/web_animations.dart:43:59: Error: The type 'JSObject' can't be implemented by an extension type.
extension type AnimationTimeline._(JSObject _) implements JSObject {
                                                          ^
/C:/Users/berkgoknil/AppData/Local/Pub/Cache/hosted/pub.dev/web-1.1.1/lib/src/dom/web_animations.dart:50:65: Error: The type 'JSObject' can't be implemented by an extension type.
extension type DocumentTimelineOptions._(JSObject _) implements JSObject {
                                                                ^
/C:/Users/berkgoknil/AppData/Local/Pub/Cache/hosted/pub.dev/web-1.1.1/lib/src/dom/web_animations.dart:67:35: Error: The type 'JSObject' can't be implemented by an extension type.
    implements AnimationTimeline, JSObject {
                                  ^
/C:/Users/berkgoknil/AppData/Local/Pub/Cache/hosted/pub.dev/web-1.1.1/lib/src/dom/web_animations.dart:80:64: Error: The type 'JSObject' can't be implemented by an extension type.
extension type Animation._(JSObject _) implements EventTarget, JSObject {
                                                               ^
/C:/Users/berkgoknil/AppData/Local/Pub/Cache/hosted/pub.dev/web-1.1.1/lib/src/dom/web_animations.dart:298:57: Error: The type 'JSObject' can't be implemented by an extension type.
extension type AnimationEffect._(JSObject _) implements JSObject {
                                                        ^
/C:/Users/berkgoknil/AppData/Local/Pub/Cache/hosted/pub.dev/web-1.1.1/lib/src/dom/web_animations.dart:324:54: Error: The type 'JSObject' can't be implemented by an extension type.
extension type EffectTiming._(JSObject _) implements JSObject {
                                                     ^
/C:/Users/berkgoknil/AppData/Local/Pub/Cache/hosted/pub.dev/web-1.1.1/lib/src/dom/web_animations.dart:356:62: Error: The type 'JSObject' can't be implemented by an extension type.
extension type OptionalEffectTiming._(JSObject _) implements JSObject {
                                                             ^
/C:/Users/berkgoknil/AppData/Local/Pub/Cache/hosted/pub.dev/web-1.1.1/lib/src/dom/web_animations.dart:389:30: Error: The type 'JSObject' can't be implemented by an extension type.
    implements EffectTiming, JSObject {
                             ^
/C:/Users/berkgoknil/AppData/Local/Pub/Cache/hosted/pub.dev/web-1.1.1/lib/src/dom/web_animations.dart:433:33: Error: The type 'JSObject' can't be implemented by an extension type.
    implements AnimationEffect, JSObject {
                                ^
/C:/Users/berkgoknil/AppData/Local/Pub/Cache/hosted/pub.dev/web-1.1.1/lib/src/dom/web_animations.dart:481:30: Error: The type 'JSObject' can't be implemented by an extension type.
    implements EffectTiming, JSObject {
                             ^
/C:/Users/berkgoknil/AppData/Local/Pub/Cache/hosted/pub.dev/web-1.1.1/lib/src/dom/web_animations.dart:505:39: Error: The type 'JSObject' can't be implemented by an extension type.
    implements KeyframeEffectOptions, JSObject {
                                      ^
/C:/Users/berkgoknil/AppData/Local/Pub/Cache/hosted/pub.dev/web-1.1.1/lib/src/dom/web_animations.dart:534:62: Error: The type 'JSObject' can't be implemented by an extension type.
extension type GetAnimationsOptions._(JSObject _) implements JSObject {
                                                             ^
/C:/Users/berkgoknil/AppData/Local/Pub/Cache/hosted/pub.dev/web-1.1.1/lib/src/dom/web_animations.dart:13:2: Error: Couldn't find constructor 'JS'.
@JS()
 ^^
/C:/Users/berkgoknil/AppData/Local/Pub/Cache/hosted/pub.dev/web-1.1.1/lib/src/dom/web_animations.dart:43:36: Error: 'JSObject' isn't a type.
extension type AnimationTimeline._(JSObject _) implements JSObject {
                                   ^^^^^^^^
/C:/Users/berkgoknil/AppData/Local/Pub/Cache/hosted/pub.dev/web-1.1.1/lib/src/dom/web_animations.dart:50:42: Error: 'JSObject' isn't a type.
extension type DocumentTimelineOptions._(JSObject _) implements JSObject {
                                         ^^^^^^^^
/C:/Users/berkgoknil/AppData/Local/Pub/Cache/hosted/pub.dev/web-1.1.1/lib/src/dom/web_animations.dart:66:35: Error: 'JSObject' isn't a type.
extension type DocumentTimeline._(JSObject _)
                                  ^^^^^^^^
/C:/Users/berkgoknil/AppData/Local/Pub/Cache/hosted/pub.dev/web-1.1.1/lib/src/dom/web_animations.dart:80:28: Error: 'JSObject' isn't a type.
extension type Animation._(JSObject _) implements EventTarget, JSObject {
                           ^^^^^^^^
/C:/Users/berkgoknil/AppData/Local/Pub/Cache/hosted/pub.dev/web-1.1.1/lib/src/dom/web_animations.dart:298:34: Error: 'JSObject' isn't a type.
extension type AnimationEffect._(JSObject _) implements JSObject {
                                 ^^^^^^^^
/C:/Users/berkgoknil/AppData/Local/Pub/Cache/hosted/pub.dev/web-1.1.1/lib/src/dom/web_animations.dart:324:31: Error: 'JSObject' isn't a type.
extension type EffectTiming._(JSObject _) implements JSObject {
                              ^^^^^^^^
/C:/Users/berkgoknil/AppData/Local/Pub/Cache/hosted/pub.dev/web-1.1.1/lib/src/dom/web_animations.dart:334:5: Error: 'JSAny' isn't a type.
    JSAny duration,
    ^^^^^
/C:/Users/berkgoknil/AppData/Local/Pub/Cache/hosted/pub.dev/web-1.1.1/lib/src/dom/web_animations.dart:354:25: Error: 'JSAny' isn't a type.
  external set duration(JSAny value);
                        ^^^^^
/C:/Users/berkgoknil/AppData/Local/Pub/Cache/hosted/pub.dev/web-1.1.1/lib/src/dom/web_animations.dart:356:39: Error: 'JSObject' isn't a type.
extension type OptionalEffectTiming._(JSObject _) implements JSObject {
                                      ^^^^^^^^
/C:/Users/berkgoknil/AppData/Local/Pub/Cache/hosted/pub.dev/web-1.1.1/lib/src/dom/web_animations.dart:363:5: Error: 'JSAny' isn't a type.
    JSAny duration,
    ^^^^^
/C:/Users/berkgoknil/AppData/Local/Pub/Cache/hosted/pub.dev/web-1.1.1/lib/src/dom/web_animations.dart:380:25: Error: 'JSAny' isn't a type.
  external set duration(JSAny value);
                        ^^^^^
/C:/Users/berkgoknil/AppData/Local/Pub/Cache/hosted/pub.dev/web-1.1.1/lib/src/dom/web_animations.dart:388:39: Error: 'JSObject' isn't a type.
extension type ComputedEffectTiming._(JSObject _)
                                      ^^^^^^^^
/C:/Users/berkgoknil/AppData/Local/Pub/Cache/hosted/pub.dev/web-1.1.1/lib/src/dom/web_animations.dart:399:5: Error: 'JSAny' isn't a type.
    JSAny duration,
    ^^^^^
/C:/Users/berkgoknil/AppData/Local/Pub/Cache/hosted/pub.dev/web-1.1.1/lib/src/dom/web_animations.dart:432:33: Error: 'JSObject' isn't a type.
extension type KeyframeEffect._(JSObject _)
                                ^^^^^^^^
/C:/Users/berkgoknil/AppData/Local/Pub/Cache/hosted/pub.dev/web-1.1.1/lib/src/dom/web_animations.dart:435:5: Error: 'JSObject' isn't a type.
    JSObject? sourceOrTarget, [
    ^^^^^^^^
/C:/Users/berkgoknil/AppData/Local/Pub/Cache/hosted/pub.dev/web-1.1.1/lib/src/dom/web_animations.dart:436:5: Error: 'JSObject' isn't a type.
    JSObject? keyframes,
    ^^^^^^^^
/C:/Users/berkgoknil/AppData/Local/Pub/Cache/hosted/pub.dev/web-1.1.1/lib/src/dom/web_animations.dart:437:5: Error: 'JSAny' isn't a type.
    JSAny options,
    ^^^^^
/C:/Users/berkgoknil/AppData/Local/Pub/Cache/hosted/pub.dev/web-1.1.1/lib/src/dom/web_animations.dart:448:30: Error: 'JSObject' isn't a type.
  external void setKeyframes(JSObject? keyframes);
                             ^^^^^^^^
/C:/Users/berkgoknil/AppData/Local/Pub/Cache/hosted/pub.dev/web-1.1.1/lib/src/dom/web_animations.dart:480:40: Error: 'JSObject' isn't a type.
extension type KeyframeEffectOptions._(JSObject _)
                                       ^^^^^^^^
/C:/Users/berkgoknil/AppData/Local/Pub/Cache/hosted/pub.dev/web-1.1.1/lib/src/dom/web_animations.dart:491:5: Error: 'JSAny' isn't a type.
    JSAny duration,
    ^^^^^
/C:/Users/berkgoknil/AppData/Local/Pub/Cache/hosted/pub.dev/web-1.1.1/lib/src/dom/web_animations.dart:504:43: Error: 'JSObject' isn't a type.
extension type KeyframeAnimationOptions._(JSObject _)
                                          ^^^^^^^^
/C:/Users/berkgoknil/AppData/Local/Pub/Cache/hosted/pub.dev/web-1.1.1/lib/src/dom/web_animations.dart:515:5: Error: 'JSAny' isn't a type.
    JSAny duration,
    ^^^^^
/C:/Users/berkgoknil/AppData/Local/Pub/Cache/hosted/pub.dev/web-1.1.1/lib/src/dom/web_animations.dart:521:5: Error: 'JSAny' isn't a type.
    JSAny rangeStart,
    ^^^^^
/C:/Users/berkgoknil/AppData/Local/Pub/Cache/hosted/pub.dev/web-1.1.1/lib/src/dom/web_animations.dart:522:5: Error: 'JSAny' isn't a type.
    JSAny rangeEnd,
    ^^^^^
/C:/Users/berkgoknil/AppData/Local/Pub/Cache/hosted/pub.dev/web-1.1.1/lib/src/dom/web_animations.dart:530:27: Error: 'JSAny' isn't a type.
  external set rangeStart(JSAny value);
                          ^^^^^
/C:/Users/berkgoknil/AppData/Local/Pub/Cache/hosted/pub.dev/web-1.1.1/lib/src/dom/web_animations.dart:532:25: Error: 'JSAny' isn't a type.
  external set rangeEnd(JSAny value);
                        ^^^^^
/C:/Users/berkgoknil/AppData/Local/Pub/Cache/hosted/pub.dev/web-1.1.1/lib/src/dom/web_animations.dart:534:39: Error: 'JSObject' isn't a type.
extension type GetAnimationsOptions._(JSObject _) implements JSObject {
                                      ^^^^^^^^
/C:/Users/berkgoknil/AppData/Local/Pub/Cache/hosted/pub.dev/web-1.1.1/lib/src/dom/web_animations_2.dart:16:8: Error: Dart library 'dart:js_interop' is not available on this platform.
import 'dart:js_interop';
       ^
/C:/Users/berkgoknil/AppData/Local/Pub/Cache/hosted/pub.dev/web-1.1.1/lib/src/dom/web_animations_2.dart:22:38: Error: Type 'JSObject' not found.
extension type TimelineRangeOffset._(JSObject _) implements JSObject {
                                     ^^^^^^^^
/C:/Users/berkgoknil/AppData/Local/Pub/Cache/hosted/pub.dev/web-1.1.1/lib/src/dom/web_animations_2.dart:22:61: Error: Type 'JSObject' not found.
extension type TimelineRangeOffset._(JSObject _) implements JSObject {
                                                            ^^^^^^^^
/C:/Users/berkgoknil/AppData/Local/Pub/Cache/hosted/pub.dev/web-1.1.1/lib/src/dom/web_animations_2.dart:45:41: Error: Type 'JSObject' not found.
extension type AnimationPlaybackEvent._(JSObject _) implements Event, JSObject {
                                        ^^^^^^^^
/C:/Users/berkgoknil/AppData/Local/Pub/Cache/hosted/pub.dev/web-1.1.1/lib/src/dom/web_animations_2.dart:45:71: Error: Type 'JSObject' not found.
extension type AnimationPlaybackEvent._(JSObject _) implements Event, JSObject {
                                                                      ^^^^^^^^
/C:/Users/berkgoknil/AppData/Local/Pub/Cache/hosted/pub.dev/web-1.1.1/lib/src/dom/web_animations_2.dart:64:45: Error: Type 'JSObject' not found.
extension type AnimationPlaybackEventInit._(JSObject _)
                                            ^^^^^^^^
/C:/Users/berkgoknil/AppData/Local/Pub/Cache/hosted/pub.dev/web-1.1.1/lib/src/dom/web_animations_2.dart:65:27: Error: Type 'JSObject' not found.
    implements EventInit, JSObject {
                          ^^^^^^^^
/C:/Users/berkgoknil/AppData/Local/Pub/Cache/hosted/pub.dev/web-1.1.1/lib/src/dom/web_animations_2.dart:22:61: Error: The type 'JSObject' can't be implemented by an extension type.
extension type TimelineRangeOffset._(JSObject _) implements JSObject {
                                                            ^
/C:/Users/berkgoknil/AppData/Local/Pub/Cache/hosted/pub.dev/web-1.1.1/lib/src/dom/web_animations_2.dart:45:71: Error: The type 'JSObject' can't be implemented by an extension type.
extension type AnimationPlaybackEvent._(JSObject _) implements Event, JSObject {
                                                                      ^
/C:/Users/berkgoknil/AppData/Local/Pub/Cache/hosted/pub.dev/web-1.1.1/lib/src/dom/web_animations_2.dart:65:27: Error: The type 'JSObject' can't be implemented by an extension type.
    implements EventInit, JSObject {
                          ^
/C:/Users/berkgoknil/AppData/Local/Pub/Cache/hosted/pub.dev/web-1.1.1/lib/src/dom/web_animations_2.dart:13:2: Error: Couldn't find constructor 'JS'.
@JS()
 ^^
/C:/Users/berkgoknil/AppData/Local/Pub/Cache/hosted/pub.dev/web-1.1.1/lib/src/dom/web_animations_2.dart:22:38: Error: 'JSObject' isn't a type.
extension type TimelineRangeOffset._(JSObject _) implements JSObject {
                                     ^^^^^^^^
/C:/Users/berkgoknil/AppData/Local/Pub/Cache/hosted/pub.dev/web-1.1.1/lib/src/dom/web_animations_2.dart:45:41: Error: 'JSObject' isn't a type.
extension type AnimationPlaybackEvent._(JSObject _) implements Event, JSObject {
                                        ^^^^^^^^
/C:/Users/berkgoknil/AppData/Local/Pub/Cache/hosted/pub.dev/web-1.1.1/lib/src/dom/web_animations_2.dart:64:45: Error: 'JSObject' isn't a type.
extension type AnimationPlaybackEventInit._(JSObject _)
                                            ^^^^^^^^
/C:/Users/berkgoknil/AppData/Local/Pub/Cache/hosted/pub.dev/web-1.1.1/lib/src/dom/css_typed_om.dart:16:8: Error: Dart library 'dart:js_interop' is not available on this platform.
import 'dart:js_interop';
       ^
/C:/Users/berkgoknil/AppData/Local/Pub/Cache/hosted/pub.dev/web-1.1.1/lib/src/dom/css_typed_om.dart:20:30: Error: Type 'JSAny' not found.
typedef CSSUnparsedSegment = JSAny;
                             ^^^^^
/C:/Users/berkgoknil/AppData/Local/Pub/Cache/hosted/pub.dev/web-1.1.1/lib/src/dom/css_typed_om.dart:21:25: Error: Type 'JSAny' not found.
typedef CSSKeywordish = JSAny;
                        ^^^^^
/C:/Users/berkgoknil/AppData/Local/Pub/Cache/hosted/pub.dev/web-1.1.1/lib/src/dom/css_typed_om.dart:22:24: Error: Type 'JSAny' not found.
typedef CSSNumberish = JSAny;
                       ^^^^^
/C:/Users/berkgoknil/AppData/Local/Pub/Cache/hosted/pub.dev/web-1.1.1/lib/src/dom/css_typed_om.dart:23:31: Error: Type 'JSAny' not found.
typedef CSSPerspectiveValue = JSAny;
                              ^^^^^
/C:/Users/berkgoknil/AppData/Local/Pub/Cache/hosted/pub.dev/web-1.1.1/lib/src/dom/css_typed_om.dart:36:32: Error: Type 'JSObject' not found.
extension type CSSStyleValue._(JSObject _) implements JSObject {
                               ^^^^^^^^
/C:/Users/berkgoknil/AppData/Local/Pub/Cache/hosted/pub.dev/web-1.1.1/lib/src/dom/css_typed_om.dart:36:55: Error: Type 'JSObject' not found.
extension type CSSStyleValue._(JSObject _) implements JSObject {
                                                      ^^^^^^^^
/C:/Users/berkgoknil/AppData/Local/Pub/Cache/hosted/pub.dev/web-1.1.1/lib/src/dom/css_typed_om.dart:51:19: Error: Type 'JSArray' not found.
  external static JSArray<CSSStyleValue> parseAll(
                  ^^^^^^^
/C:/Users/berkgoknil/AppData/Local/Pub/Cache/hosted/pub.dev/web-1.1.1/lib/src/dom/css_typed_om.dart:67:43: Error: Type 'JSObject' not found.
extension type StylePropertyMapReadOnly._(JSObject _) implements JSObject {
                                          ^^^^^^^^
/C:/Users/berkgoknil/AppData/Local/Pub/Cache/hosted/pub.dev/web-1.1.1/lib/src/dom/css_typed_om.dart:67:66: Error: Type 'JSObject' not found.
extension type StylePropertyMapReadOnly._(JSObject _) implements JSObject {
                                                                 ^^^^^^^^
/C:/Users/berkgoknil/AppData/Local/Pub/Cache/hosted/pub.dev/web-1.1.1/lib/src/dom/css_typed_om.dart:76:12: Error: Type 'JSArray' not found.
  external JSArray<CSSStyleValue> getAll(String property);
           ^^^^^^^
/C:/Users/berkgoknil/AppData/Local/Pub/Cache/hosted/pub.dev/web-1.1.1/lib/src/dom/css_typed_om.dart:98:35: Error: Type 'JSObject' not found.
extension type StylePropertyMap._(JSObject _)
                                  ^^^^^^^^
/C:/Users/berkgoknil/AppData/Local/Pub/Cache/hosted/pub.dev/web-1.1.1/lib/src/dom/css_typed_om.dart:99:42: Error: Type 'JSObject' not found.
    implements StylePropertyMapReadOnly, JSObject {
                                         ^^^^^^^^
/C:/Users/berkgoknil/AppData/Local/Pub/Cache/hosted/pub.dev/web-1.1.1/lib/src/dom/css_typed_om.dart:104:5: Error: Type 'JSAny' not found.
    JSAny values,
    ^^^^^
/C:/Users/berkgoknil/AppData/Local/Pub/Cache/hosted/pub.dev/web-1.1.1/lib/src/dom/css_typed_om.dart:112:5: Error: Type 'JSAny' not found.
    JSAny values,
    ^^^^^
/C:/Users/berkgoknil/AppData/Local/Pub/Cache/hosted/pub.dev/web-1.1.1/lib/src/dom/css_typed_om.dart:138:35: Error: Type 'JSObject' not found.
extension type CSSUnparsedValue._(JSObject _)
                                  ^^^^^^^^
/C:/Users/berkgoknil/AppData/Local/Pub/Cache/hosted/pub.dev/web-1.1.1/lib/src/dom/css_typed_om.dart:139:31: Error: Type 'JSObject' not found.
    implements CSSStyleValue, JSObject {
                              ^^^^^^^^
/C:/Users/berkgoknil/AppData/Local/Pub/Cache/hosted/pub.dev/web-1.1.1/lib/src/dom/css_typed_om.dart:140:37: Error: Type 'JSArray' not found.
  external factory CSSUnparsedValue(JSArray<CSSUnparsedSegment> members);
                                    ^^^^^^^
/C:/Users/berkgoknil/AppData/Local/Pub/Cache/hosted/pub.dev/web-1.1.1/lib/src/dom/css_typed_om.dart:163:44: Error: Type 'JSObject' not found.
extension type CSSVariableReferenceValue._(JSObject _) implements JSObject {
                                           ^^^^^^^^
/C:/Users/berkgoknil/AppData/Local/Pub/Cache/hosted/pub.dev/web-1.1.1/lib/src/dom/css_typed_om.dart:163:67: Error: Type 'JSObject' not found.
extension type CSSVariableReferenceValue._(JSObject _) implements JSObject {
                                                                  ^^^^^^^^
/C:/Users/berkgoknil/AppData/Local/Pub/Cache/hosted/pub.dev/web-1.1.1/lib/src/dom/css_typed_om.dart:195:34: Error: Type 'JSObject' not found.
extension type CSSKeywordValue._(JSObject _)
                                 ^^^^^^^^
/C:/Users/berkgoknil/AppData/Local/Pub/Cache/hosted/pub.dev/web-1.1.1/lib/src/dom/css_typed_om.dart:196:31: Error: Type 'JSObject' not found.
    implements CSSStyleValue, JSObject {
                              ^^^^^^^^
/C:/Users/berkgoknil/AppData/Local/Pub/Cache/hosted/pub.dev/web-1.1.1/lib/src/dom/css_typed_om.dart:205:33: Error: Type 'JSObject' not found.
extension type CSSNumericType._(JSObject _) implements JSObject {
                                ^^^^^^^^
/C:/Users/berkgoknil/AppData/Local/Pub/Cache/hosted/pub.dev/web-1.1.1/lib/src/dom/css_typed_om.dart:205:56: Error: Type 'JSObject' not found.
extension type CSSNumericType._(JSObject _) implements JSObject {
                                                       ^^^^^^^^
/C:/Users/berkgoknil/AppData/Local/Pub/Cache/hosted/pub.dev/web-1.1.1/lib/src/dom/css_typed_om.dart:243:34: Error: Type 'JSObject' not found.
extension type CSSNumericValue._(JSObject _)
                                 ^^^^^^^^
/C:/Users/berkgoknil/AppData/Local/Pub/Cache/hosted/pub.dev/web-1.1.1/lib/src/dom/css_typed_om.dart:244:31: Error: Type 'JSObject' not found.
    implements CSSStyleValue, JSObject {
                              ^^^^^^^^
/C:/Users/berkgoknil/AppData/Local/Pub/Cache/hosted/pub.dev/web-1.1.1/lib/src/dom/css_typed_om.dart:318:31: Error: Type 'JSObject' not found.
extension type CSSUnitValue._(JSObject _) implements CSSNumericValue, JSObject {
                              ^^^^^^^^
/C:/Users/berkgoknil/AppData/Local/Pub/Cache/hosted/pub.dev/web-1.1.1/lib/src/dom/css_typed_om.dart:318:71: Error: Type 'JSObject' not found.
extension type CSSUnitValue._(JSObject _) implements CSSNumericValue, JSObject {
                                                                      ^^^^^^^^
/C:/Users/berkgoknil/AppData/Local/Pub/Cache/hosted/pub.dev/web-1.1.1/lib/src/dom/css_typed_om.dart:343:31: Error: Type 'JSObject' not found.
extension type CSSMathValue._(JSObject _) implements CSSNumericValue, JSObject {
                              ^^^^^^^^
/C:/Users/berkgoknil/AppData/Local/Pub/Cache/hosted/pub.dev/web-1.1.1/lib/src/dom/css_typed_om.dart:343:71: Error: Type 'JSObject' not found.
extension type CSSMathValue._(JSObject _) implements CSSNumericValue, JSObject {
                                                                      ^^^^^^^^
/C:/Users/berkgoknil/AppData/Local/Pub/Cache/hosted/pub.dev/web-1.1.1/lib/src/dom/css_typed_om.dart:366:29: Error: Type 'JSObject' not found.
extension type CSSMathSum._(JSObject _) implements CSSMathValue, JSObject {
                            ^^^^^^^^
/C:/Users/berkgoknil/AppData/Local/Pub/Cache/hosted/pub.dev/web-1.1.1/lib/src/dom/css_typed_om.dart:366:66: Error: Type 'JSObject' not found.
extension type CSSMathSum._(JSObject _) implements CSSMathValue, JSObject {
                                                                 ^^^^^^^^
/C:/Users/berkgoknil/AppData/Local/Pub/Cache/hosted/pub.dev/web-1.1.1/lib/src/dom/css_typed_om.dart:383:33: Error: Type 'JSObject' not found.
extension type CSSMathProduct._(JSObject _) implements CSSMathValue, JSObject {
                                ^^^^^^^^
/C:/Users/berkgoknil/AppData/Local/Pub/Cache/hosted/pub.dev/web-1.1.1/lib/src/dom/css_typed_om.dart:383:70: Error: Type 'JSObject' not found.
extension type CSSMathProduct._(JSObject _) implements CSSMathValue, JSObject {
                                                                     ^^^^^^^^
/C:/Users/berkgoknil/AppData/Local/Pub/Cache/hosted/pub.dev/web-1.1.1/lib/src/dom/css_typed_om.dart:400:32: Error: Type 'JSObject' not found.
extension type CSSMathNegate._(JSObject _) implements CSSMathValue, JSObject {
                               ^^^^^^^^
/C:/Users/berkgoknil/AppData/Local/Pub/Cache/hosted/pub.dev/web-1.1.1/lib/src/dom/css_typed_om.dart:400:69: Error: Type 'JSObject' not found.
extension type CSSMathNegate._(JSObject _) implements CSSMathValue, JSObject {
                                                                    ^^^^^^^^
/C:/Users/berkgoknil/AppData/Local/Pub/Cache/hosted/pub.dev/web-1.1.1/lib/src/dom/css_typed_om.dart:417:32: Error: Type 'JSObject' not found.
extension type CSSMathInvert._(JSObject _) implements CSSMathValue, JSObject {
                               ^^^^^^^^
/C:/Users/berkgoknil/AppData/Local/Pub/Cache/hosted/pub.dev/web-1.1.1/lib/src/dom/css_typed_om.dart:417:69: Error: Type 'JSObject' not found.
extension type CSSMathInvert._(JSObject _) implements CSSMathValue, JSObject {
                                                                    ^^^^^^^^
/C:/Users/berkgoknil/AppData/Local/Pub/Cache/hosted/pub.dev/web-1.1.1/lib/src/dom/css_typed_om.dart:434:29: Error: Type 'JSObject' not found.
extension type CSSMathMin._(JSObject _) implements CSSMathValue, JSObject {
                            ^^^^^^^^
/C:/Users/berkgoknil/AppData/Local/Pub/Cache/hosted/pub.dev/web-1.1.1/lib/src/dom/css_typed_om.dart:434:66: Error: Type 'JSObject' not found.
extension type CSSMathMin._(JSObject _) implements CSSMathValue, JSObject {
                                                                 ^^^^^^^^
/C:/Users/berkgoknil/AppData/Local/Pub/Cache/hosted/pub.dev/web-1.1.1/lib/src/dom/css_typed_om.dart:450:29: Error: Type 'JSObject' not found.
extension type CSSMathMax._(JSObject _) implements CSSMathValue, JSObject {
                            ^^^^^^^^
/C:/Users/berkgoknil/AppData/Local/Pub/Cache/hosted/pub.dev/web-1.1.1/lib/src/dom/css_typed_om.dart:450:66: Error: Type 'JSObject' not found.
extension type CSSMathMax._(JSObject _) implements CSSMathValue, JSObject {
                                                                 ^^^^^^^^
/C:/Users/berkgoknil/AppData/Local/Pub/Cache/hosted/pub.dev/web-1.1.1/lib/src/dom/css_typed_om.dart:456:31: Error: Type 'JSObject' not found.
extension type CSSMathClamp._(JSObject _) implements CSSMathValue, JSObject {
                              ^^^^^^^^
/C:/Users/berkgoknil/AppData/Local/Pub/Cache/hosted/pub.dev/web-1.1.1/lib/src/dom/css_typed_om.dart:456:68: Error: Type 'JSObject' not found.
extension type CSSMathClamp._(JSObject _) implements CSSMathValue, JSObject {
                                                                   ^^^^^^^^
/C:/Users/berkgoknil/AppData/Local/Pub/Cache/hosted/pub.dev/web-1.1.1/lib/src/dom/css_typed_om.dart:476:34: Error: Type 'JSObject' not found.
extension type CSSNumericArray._(JSObject _) implements JSObject {
                                 ^^^^^^^^
/C:/Users/berkgoknil/AppData/Local/Pub/Cache/hosted/pub.dev/web-1.1.1/lib/src/dom/css_typed_om.dart:476:57: Error: Type 'JSObject' not found.
extension type CSSNumericArray._(JSObject _) implements JSObject {
                                                        ^^^^^^^^
/C:/Users/berkgoknil/AppData/Local/Pub/Cache/hosted/pub.dev/web-1.1.1/lib/src/dom/css_typed_om.dart:493:36: Error: Type 'JSObject' not found.
extension type CSSTransformValue._(JSObject _)
                                   ^^^^^^^^
/C:/Users/berkgoknil/AppData/Local/Pub/Cache/hosted/pub.dev/web-1.1.1/lib/src/dom/css_typed_om.dart:494:31: Error: Type 'JSObject' not found.
    implements CSSStyleValue, JSObject {
                              ^^^^^^^^
/C:/Users/berkgoknil/AppData/Local/Pub/Cache/hosted/pub.dev/web-1.1.1/lib/src/dom/css_typed_om.dart:495:38: Error: Type 'JSArray' not found.
  external factory CSSTransformValue(JSArray<CSSTransformComponent> transforms);
                                     ^^^^^^^
/C:/Users/berkgoknil/AppData/Local/Pub/Cache/hosted/pub.dev/web-1.1.1/lib/src/dom/css_typed_om.dart:531:40: Error: Type 'JSObject' not found.
extension type CSSTransformComponent._(JSObject _) implements JSObject {
                                       ^^^^^^^^
/C:/Users/berkgoknil/AppData/Local/Pub/Cache/hosted/pub.dev/web-1.1.1/lib/src/dom/css_typed_om.dart:531:63: Error: Type 'JSObject' not found.
extension type CSSTransformComponent._(JSObject _) implements JSObject {
                                                              ^^^^^^^^
/C:/Users/berkgoknil/AppData/Local/Pub/Cache/hosted/pub.dev/web-1.1.1/lib/src/dom/css_typed_om.dart:564:31: Error: Type 'JSObject' not found.
extension type CSSTranslate._(JSObject _)
                              ^^^^^^^^
/C:/Users/berkgoknil/AppData/Local/Pub/Cache/hosted/pub.dev/web-1.1.1/lib/src/dom/css_typed_om.dart:565:39: Error: Type 'JSObject' not found.
    implements CSSTransformComponent, JSObject {
                                      ^^^^^^^^
/C:/Users/berkgoknil/AppData/Local/Pub/Cache/hosted/pub.dev/web-1.1.1/lib/src/dom/css_typed_om.dart:606:28: Error: Type 'JSObject' not found.
extension type CSSRotate._(JSObject _)
                           ^^^^^^^^
/C:/Users/berkgoknil/AppData/Local/Pub/Cache/hosted/pub.dev/web-1.1.1/lib/src/dom/css_typed_om.dart:607:39: Error: Type 'JSObject' not found.
    implements CSSTransformComponent, JSObject {
                                      ^^^^^^^^
/C:/Users/berkgoknil/AppData/Local/Pub/Cache/hosted/pub.dev/web-1.1.1/lib/src/dom/css_typed_om.dart:609:5: Error: Type 'JSAny' not found.
    JSAny angleOrX, [
    ^^^^^
/C:/Users/berkgoknil/AppData/Local/Pub/Cache/hosted/pub.dev/web-1.1.1/lib/src/dom/css_typed_om.dart:656:27: Error: Type 'JSObject' not found.
extension type CSSScale._(JSObject _)
                          ^^^^^^^^
/C:/Users/berkgoknil/AppData/Local/Pub/Cache/hosted/pub.dev/web-1.1.1/lib/src/dom/css_typed_om.dart:657:39: Error: Type 'JSObject' not found.
    implements CSSTransformComponent, JSObject {
                                      ^^^^^^^^
/C:/Users/berkgoknil/AppData/Local/Pub/Cache/hosted/pub.dev/web-1.1.1/lib/src/dom/css_typed_om.dart:699:26: Error: Type 'JSObject' not found.
extension type CSSSkew._(JSObject _)
                         ^^^^^^^^
/C:/Users/berkgoknil/AppData/Local/Pub/Cache/hosted/pub.dev/web-1.1.1/lib/src/dom/css_typed_om.dart:700:39: Error: Type 'JSObject' not found.
    implements CSSTransformComponent, JSObject {
                                      ^^^^^^^^
/C:/Users/berkgoknil/AppData/Local/Pub/Cache/hosted/pub.dev/web-1.1.1/lib/src/dom/css_typed_om.dart:730:27: Error: Type 'JSObject' not found.
extension type CSSSkewX._(JSObject _)
                          ^^^^^^^^
/C:/Users/berkgoknil/AppData/Local/Pub/Cache/hosted/pub.dev/web-1.1.1/lib/src/dom/css_typed_om.dart:731:39: Error: Type 'JSObject' not found.
    implements CSSTransformComponent, JSObject {
                                      ^^^^^^^^
/C:/Users/berkgoknil/AppData/Local/Pub/Cache/hosted/pub.dev/web-1.1.1/lib/src/dom/css_typed_om.dart:752:27: Error: Type 'JSObject' not found.
extension type CSSSkewY._(JSObject _)
                          ^^^^^^^^
/C:/Users/berkgoknil/AppData/Local/Pub/Cache/hosted/pub.dev/web-1.1.1/lib/src/dom/css_typed_om.dart:753:39: Error: Type 'JSObject' not found.
    implements CSSTransformComponent, JSObject {
                                      ^^^^^^^^
/C:/Users/berkgoknil/AppData/Local/Pub/Cache/hosted/pub.dev/web-1.1.1/lib/src/dom/css_typed_om.dart:774:33: Error: Type 'JSObject' not found.
extension type CSSPerspective._(JSObject _)
                                ^^^^^^^^
/C:/Users/berkgoknil/AppData/Local/Pub/Cache/hosted/pub.dev/web-1.1.1/lib/src/dom/css_typed_om.dart:775:39: Error: Type 'JSObject' not found.
    implements CSSTransformComponent, JSObject {
                                      ^^^^^^^^
/C:/Users/berkgoknil/AppData/Local/Pub/Cache/hosted/pub.dev/web-1.1.1/lib/src/dom/css_typed_om.dart:801:37: Error: Type 'JSObject' not found.
extension type CSSMatrixComponent._(JSObject _)
                                    ^^^^^^^^
/C:/Users/berkgoknil/AppData/Local/Pub/Cache/hosted/pub.dev/web-1.1.1/lib/src/dom/css_typed_om.dart:802:39: Error: Type 'JSObject' not found.
    implements CSSTransformComponent, JSObject {
                                      ^^^^^^^^
/C:/Users/berkgoknil/AppData/Local/Pub/Cache/hosted/pub.dev/web-1.1.1/lib/src/dom/css_typed_om.dart:820:44: Error: Type 'JSObject' not found.
extension type CSSMatrixComponentOptions._(JSObject _) implements JSObject {
                                           ^^^^^^^^
/C:/Users/berkgoknil/AppData/Local/Pub/Cache/hosted/pub.dev/web-1.1.1/lib/src/dom/css_typed_om.dart:820:67: Error: Type 'JSObject' not found.
extension type CSSMatrixComponentOptions._(JSObject _) implements JSObject {
                                                                  ^^^^^^^^
/C:/Users/berkgoknil/AppData/Local/Pub/Cache/hosted/pub.dev/web-1.1.1/lib/src/dom/css_typed_om.dart:843:32: Error: Type 'JSObject' not found.
extension type CSSImageValue._(JSObject _) implements CSSStyleValue, JSObject {}
                               ^^^^^^^^
/C:/Users/berkgoknil/AppData/Local/Pub/Cache/hosted/pub.dev/web-1.1.1/lib/src/dom/css_typed_om.dart:843:70: Error: Type 'JSObject' not found.
extension type CSSImageValue._(JSObject _) implements CSSStyleValue, JSObject {}
                                                                     ^^^^^^^^
/C:/Users/berkgoknil/AppData/Local/Pub/Cache/hosted/pub.dev/web-1.1.1/lib/src/dom/css_typed_om.dart:36:55: Error: The type 'JSObject' can't be implemented by an extension type.
extension type CSSStyleValue._(JSObject _) implements JSObject {
                                                      ^
/C:/Users/berkgoknil/AppData/Local/Pub/Cache/hosted/pub.dev/web-1.1.1/lib/src/dom/css_typed_om.dart:67:66: Error: The type 'JSObject' can't be implemented by an extension type.
extension type StylePropertyMapReadOnly._(JSObject _) implements JSObject {
                                                                 ^
/C:/Users/berkgoknil/AppData/Local/Pub/Cache/hosted/pub.dev/web-1.1.1/lib/src/dom/css_typed_om.dart:99:42: Error: The type 'JSObject' can't be implemented by an extension type.
    implements StylePropertyMapReadOnly, JSObject {
                                         ^
/C:/Users/berkgoknil/AppData/Local/Pub/Cache/hosted/pub.dev/web-1.1.1/lib/src/dom/css_typed_om.dart:139:31: Error: The type 'JSObject' can't be implemented by an extension type.
    implements CSSStyleValue, JSObject {
                              ^
/C:/Users/berkgoknil/AppData/Local/Pub/Cache/hosted/pub.dev/web-1.1.1/lib/src/dom/css_typed_om.dart:163:67: Error: The type 'JSObject' can't be implemented by an extension type.
extension type CSSVariableReferenceValue._(JSObject _) implements JSObject {
                                                                  ^
/C:/Users/berkgoknil/AppData/Local/Pub/Cache/hosted/pub.dev/web-1.1.1/lib/src/dom/css_typed_om.dart:196:31: Error: The type 'JSObject' can't be implemented by an extension type.
    implements CSSStyleValue, JSObject {
                              ^
/C:/Users/berkgoknil/AppData/Local/Pub/Cache/hosted/pub.dev/web-1.1.1/lib/src/dom/css_typed_om.dart:205:56: Error: The type 'JSObject' can't be implemented by an extension type.
extension type CSSNumericType._(JSObject _) implements JSObject {
                                                       ^
/C:/Users/berkgoknil/AppData/Local/Pub/Cache/hosted/pub.dev/web-1.1.1/lib/src/dom/css_typed_om.dart:244:31: Error: The type 'JSObject' can't be implemented by an extension type.
    implements CSSStyleValue, JSObject {
                              ^
/C:/Users/berkgoknil/AppData/Local/Pub/Cache/hosted/pub.dev/web-1.1.1/lib/src/dom/css_typed_om.dart:318:71: Error: The type 'JSObject' can't be implemented by an extension type.
extension type CSSUnitValue._(JSObject _) implements CSSNumericValue, JSObject {
                                                                      ^
/C:/Users/berkgoknil/AppData/Local/Pub/Cache/hosted/pub.dev/web-1.1.1/lib/src/dom/css_typed_om.dart:343:71: Error: The type 'JSObject' can't be implemented by an extension type.
extension type CSSMathValue._(JSObject _) implements CSSNumericValue, JSObject {
                                                                      ^
/C:/Users/berkgoknil/AppData/Local/Pub/Cache/hosted/pub.dev/web-1.1.1/lib/src/dom/css_typed_om.dart:366:66: Error: The type 'JSObject' can't be implemented by an extension type.
extension type CSSMathSum._(JSObject _) implements CSSMathValue, JSObject {
                                                                 ^
/C:/Users/berkgoknil/AppData/Local/Pub/Cache/hosted/pub.dev/web-1.1.1/lib/src/dom/css_typed_om.dart:383:70: Error: The type 'JSObject' can't be implemented by an extension type.
extension type CSSMathProduct._(JSObject _) implements CSSMathValue, JSObject {
                                                                     ^
/C:/Users/berkgoknil/AppData/Local/Pub/Cache/hosted/pub.dev/web-1.1.1/lib/src/dom/css_typed_om.dart:400:69: Error: The type 'JSObject' can't be implemented by an extension type.
extension type CSSMathNegate._(JSObject _) implements CSSMathValue, JSObject {
                                                                    ^
/C:/Users/berkgoknil/AppData/Local/Pub/Cache/hosted/pub.dev/web-1.1.1/lib/src/dom/css_typed_om.dart:417:69: Error: The type 'JSObject' can't be implemented by an extension type.
extension type CSSMathInvert._(JSObject _) implements CSSMathValue, JSObject {
                                                                    ^
/C:/Users/berkgoknil/AppData/Local/Pub/Cache/hosted/pub.dev/web-1.1.1/lib/src/dom/css_typed_om.dart:434:66: Error: The type 'JSObject' can't be implemented by an extension type.
extension type CSSMathMin._(JSObject _) implements CSSMathValue, JSObject {
                                                                 ^
/C:/Users/berkgoknil/AppData/Local/Pub/Cache/hosted/pub.dev/web-1.1.1/lib/src/dom/css_typed_om.dart:450:66: Error: The type 'JSObject' can't be implemented by an extension type.
extension type CSSMathMax._(JSObject _) implements CSSMathValue, JSObject {
                                                                 ^
/C:/Users/berkgoknil/AppData/Local/Pub/Cache/hosted/pub.dev/web-1.1.1/lib/src/dom/css_typed_om.dart:456:68: Error: The type 'JSObject' can't be implemented by an extension type.
extension type CSSMathClamp._(JSObject _) implements CSSMathValue, JSObject {
                                                                   ^
/C:/Users/berkgoknil/AppData/Local/Pub/Cache/hosted/pub.dev/web-1.1.1/lib/src/dom/css_typed_om.dart:476:57: Error: The type 'JSObject' can't be implemented by an extension type.
extension type CSSNumericArray._(JSObject _) implements JSObject {
                                                        ^
/C:/Users/berkgoknil/AppData/Local/Pub/Cache/hosted/pub.dev/web-1.1.1/lib/src/dom/css_typed_om.dart:494:31: Error: The type 'JSObject' can't be implemented by an extension type.
    implements CSSStyleValue, JSObject {
                              ^
/C:/Users/berkgoknil/AppData/Local/Pub/Cache/hosted/pub.dev/web-1.1.1/lib/src/dom/css_typed_om.dart:531:63: Error: The type 'JSObject' can't be implemented by an extension type.
extension type CSSTransformComponent._(JSObject _) implements JSObject {
                                                              ^
/C:/Users/berkgoknil/AppData/Local/Pub/Cache/hosted/pub.dev/web-1.1.1/lib/src/dom/css_typed_om.dart:565:39: Error: The type 'JSObject' can't be implemented by an extension type.
    implements CSSTransformComponent, JSObject {
                                      ^
/C:/Users/berkgoknil/AppData/Local/Pub/Cache/hosted/pub.dev/web-1.1.1/lib/src/dom/css_typed_om.dart:607:39: Error: The type 'JSObject' can't be implemented by an extension type.
    implements CSSTransformComponent, JSObject {
                                      ^
/C:/Users/berkgoknil/AppData/Local/Pub/Cache/hosted/pub.dev/web-1.1.1/lib/src/dom/css_typed_om.dart:657:39: Error: The type 'JSObject' can't be implemented by an extension type.
    implements CSSTransformComponent, JSObject {
                                      ^
/C:/Users/berkgoknil/AppData/Local/Pub/Cache/hosted/pub.dev/web-1.1.1/lib/src/dom/css_typed_om.dart:700:39: Error: The type 'JSObject' can't be implemented by an extension type.
    implements CSSTransformComponent, JSObject {
                                      ^
/C:/Users/berkgoknil/AppData/Local/Pub/Cache/hosted/pub.dev/web-1.1.1/lib/src/dom/css_typed_om.dart:731:39: Error: The type 'JSObject' can't be implemented by an extension type.
    implements CSSTransformComponent, JSObject {
                                      ^
/C:/Users/berkgoknil/AppData/Local/Pub/Cache/hosted/pub.dev/web-1.1.1/lib/src/dom/css_typed_om.dart:753:39: Error: The type 'JSObject' can't be implemented by an extension type.
    implements CSSTransformComponent, JSObject {
                                      ^
/C:/Users/berkgoknil/AppData/Local/Pub/Cache/hosted/pub.dev/web-1.1.1/lib/src/dom/css_typed_om.dart:775:39: Error: The type 'JSObject' can't be implemented by an extension type.
    implements CSSTransformComponent, JSObject {
                                      ^
/C:/Users/berkgoknil/AppData/Local/Pub/Cache/hosted/pub.dev/web-1.1.1/lib/src/dom/css_typed_om.dart:802:39: Error: The type 'JSObject' can't be implemented by an extension type.
    implements CSSTransformComponent, JSObject {
                                      ^
/C:/Users/berkgoknil/AppData/Local/Pub/Cache/hosted/pub.dev/web-1.1.1/lib/src/dom/css_typed_om.dart:820:67: Error: The type 'JSObject' can't be implemented by an extension type.
extension type CSSMatrixComponentOptions._(JSObject _) implements JSObject {
                                                                  ^
/C:/Users/berkgoknil/AppData/Local/Pub/Cache/hosted/pub.dev/web-1.1.1/lib/src/dom/css_typed_om.dart:843:70: Error: The type 'JSObject' can't be implemented by an extension type.
extension type CSSImageValue._(JSObject _) implements CSSStyleValue, JSObject {}
                                                                     ^
/C:/Users/berkgoknil/AppData/Local/Pub/Cache/hosted/pub.dev/web-1.1.1/lib/src/dom/css_typed_om.dart:13:2: Error: Couldn't find constructor 'JS'.
@JS()
 ^^
/C:/Users/berkgoknil/AppData/Local/Pub/Cache/hosted/pub.dev/web-1.1.1/lib/src/dom/css_typed_om.dart:36:32: Error: 'JSObject' isn't a type.
extension type CSSStyleValue._(JSObject _) implements JSObject {
                               ^^^^^^^^
/C:/Users/berkgoknil/AppData/Local/Pub/Cache/hosted/pub.dev/web-1.1.1/lib/src/dom/css_typed_om.dart:67:43: Error: 'JSObject' isn't a type.
extension type StylePropertyMapReadOnly._(JSObject _) implements JSObject {
                                          ^^^^^^^^
/C:/Users/berkgoknil/AppData/Local/Pub/Cache/hosted/pub.dev/web-1.1.1/lib/src/dom/css_typed_om.dart:98:35: Error: 'JSObject' isn't a type.
extension type StylePropertyMap._(JSObject _)
                                  ^^^^^^^^
/C:/Users/berkgoknil/AppData/Local/Pub/Cache/hosted/pub.dev/web-1.1.1/lib/src/dom/css_typed_om.dart:104:5: Error: 'JSAny' isn't a type.
    JSAny values,
    ^^^^^
/C:/Users/berkgoknil/AppData/Local/Pub/Cache/hosted/pub.dev/web-1.1.1/lib/src/dom/css_typed_om.dart:112:5: Error: 'JSAny' isn't a type.
    JSAny values,
    ^^^^^
/C:/Users/berkgoknil/AppData/Local/Pub/Cache/hosted/pub.dev/web-1.1.1/lib/src/dom/css_typed_om.dart:138:35: Error: 'JSObject' isn't a type.
extension type CSSUnparsedValue._(JSObject _)
                                  ^^^^^^^^
/C:/Users/berkgoknil/AppData/Local/Pub/Cache/hosted/pub.dev/web-1.1.1/lib/src/dom/css_typed_om.dart:140:37: Error: 'JSArray' isn't a type.
  external factory CSSUnparsedValue(JSArray<CSSUnparsedSegment> members);
                                    ^^^^^^^
/C:/Users/berkgoknil/AppData/Local/Pub/Cache/hosted/pub.dev/web-1.1.1/lib/src/dom/css_typed_om.dart:163:44: Error: 'JSObject' isn't a type.
extension type CSSVariableReferenceValue._(JSObject _) implements JSObject {
                                           ^^^^^^^^
/C:/Users/berkgoknil/AppData/Local/Pub/Cache/hosted/pub.dev/web-1.1.1/lib/src/dom/css_typed_om.dart:195:34: Error: 'JSObject' isn't a type.
extension type CSSKeywordValue._(JSObject _)
                                 ^^^^^^^^
/C:/Users/berkgoknil/AppData/Local/Pub/Cache/hosted/pub.dev/web-1.1.1/lib/src/dom/css_typed_om.dart:205:33: Error: 'JSObject' isn't a type.
extension type CSSNumericType._(JSObject _) implements JSObject {
                                ^^^^^^^^
/C:/Users/berkgoknil/AppData/Local/Pub/Cache/hosted/pub.dev/web-1.1.1/lib/src/dom/css_typed_om.dart:243:34: Error: 'JSObject' isn't a type.
extension type CSSNumericValue._(JSObject _)
                                 ^^^^^^^^
/C:/Users/berkgoknil/AppData/Local/Pub/Cache/hosted/pub.dev/web-1.1.1/lib/src/dom/css_typed_om.dart:318:31: Error: 'JSObject' isn't a type.
extension type CSSUnitValue._(JSObject _) implements CSSNumericValue, JSObject {
                              ^^^^^^^^
/C:/Users/berkgoknil/AppData/Local/Pub/Cache/hosted/pub.dev/web-1.1.1/lib/src/dom/css_typed_om.dart:343:31: Error: 'JSObject' isn't a type.
extension type CSSMathValue._(JSObject _) implements CSSNumericValue, JSObject {
                              ^^^^^^^^
/C:/Users/berkgoknil/AppData/Local/Pub/Cache/hosted/pub.dev/web-1.1.1/lib/src/dom/css_typed_om.dart:366:29: Error: 'JSObject' isn't a type.
extension type CSSMathSum._(JSObject _) implements CSSMathValue, JSObject {
                            ^^^^^^^^
/C:/Users/berkgoknil/AppData/Local/Pub/Cache/hosted/pub.dev/web-1.1.1/lib/src/dom/css_typed_om.dart:383:33: Error: 'JSObject' isn't a type.
extension type CSSMathProduct._(JSObject _) implements CSSMathValue, JSObject {
                                ^^^^^^^^
/C:/Users/berkgoknil/AppData/Local/Pub/Cache/hosted/pub.dev/web-1.1.1/lib/src/dom/css_typed_om.dart:400:32: Error: 'JSObject' isn't a type.
extension type CSSMathNegate._(JSObject _) implements CSSMathValue, JSObject {
                               ^^^^^^^^
/C:/Users/berkgoknil/AppData/Local/Pub/Cache/hosted/pub.dev/web-1.1.1/lib/src/dom/css_typed_om.dart:417:32: Error: 'JSObject' isn't a type.
extension type CSSMathInvert._(JSObject _) implements CSSMathValue, JSObject {
                               ^^^^^^^^
/C:/Users/berkgoknil/AppData/Local/Pub/Cache/hosted/pub.dev/web-1.1.1/lib/src/dom/css_typed_om.dart:434:29: Error: 'JSObject' isn't a type.
extension type CSSMathMin._(JSObject _) implements CSSMathValue, JSObject {
                            ^^^^^^^^
/C:/Users/berkgoknil/AppData/Local/Pub/Cache/hosted/pub.dev/web-1.1.1/lib/src/dom/css_typed_om.dart:450:29: Error: 'JSObject' isn't a type.
extension type CSSMathMax._(JSObject _) implements CSSMathValue, JSObject {
                            ^^^^^^^^
/C:/Users/berkgoknil/AppData/Local/Pub/Cache/hosted/pub.dev/web-1.1.1/lib/src/dom/css_typed_om.dart:456:31: Error: 'JSObject' isn't a type.
extension type CSSMathClamp._(JSObject _) implements CSSMathValue, JSObject {
                              ^^^^^^^^
/C:/Users/berkgoknil/AppData/Local/Pub/Cache/hosted/pub.dev/web-1.1.1/lib/src/dom/css_typed_om.dart:476:34: Error: 'JSObject' isn't a type.
extension type CSSNumericArray._(JSObject _) implements JSObject {
                                 ^^^^^^^^
/C:/Users/berkgoknil/AppData/Local/Pub/Cache/hosted/pub.dev/web-1.1.1/lib/src/dom/css_typed_om.dart:493:36: Error: 'JSObject' isn't a type.
extension type CSSTransformValue._(JSObject _)
                                   ^^^^^^^^
/C:/Users/berkgoknil/AppData/Local/Pub/Cache/hosted/pub.dev/web-1.1.1/lib/src/dom/css_typed_om.dart:495:38: Error: 'JSArray' isn't a type.
  external factory CSSTransformValue(JSArray<CSSTransformComponent> transforms);
                                     ^^^^^^^
/C:/Users/berkgoknil/AppData/Local/Pub/Cache/hosted/pub.dev/web-1.1.1/lib/src/dom/css_typed_om.dart:531:40: Error: 'JSObject' isn't a type.
extension type CSSTransformComponent._(JSObject _) implements JSObject {
                                       ^^^^^^^^
/C:/Users/berkgoknil/AppData/Local/Pub/Cache/hosted/pub.dev/web-1.1.1/lib/src/dom/css_typed_om.dart:564:31: Error: 'JSObject' isn't a type.
extension type CSSTranslate._(JSObject _)
                              ^^^^^^^^
/C:/Users/berkgoknil/AppData/Local/Pub/Cache/hosted/pub.dev/web-1.1.1/lib/src/dom/css_typed_om.dart:606:28: Error: 'JSObject' isn't a type.
extension type CSSRotate._(JSObject _)
                           ^^^^^^^^
/C:/Users/berkgoknil/AppData/Local/Pub/Cache/hosted/pub.dev/web-1.1.1/lib/src/dom/css_typed_om.dart:609:5: Error: 'JSAny' isn't a type.
    JSAny angleOrX, [
    ^^^^^
/C:/Users/berkgoknil/AppData/Local/Pub/Cache/hosted/pub.dev/web-1.1.1/lib/src/dom/css_typed_om.dart:656:27: Error: 'JSObject' isn't a type.
extension type CSSScale._(JSObject _)
                          ^^^^^^^^
/C:/Users/berkgoknil/AppData/Local/Pub/Cache/hosted/pub.dev/web-1.1.1/lib/src/dom/css_typed_om.dart:699:26: Error: 'JSObject' isn't a type.
extension type CSSSkew._(JSObject _)
                         ^^^^^^^^
/C:/Users/berkgoknil/AppData/Local/Pub/Cache/hosted/pub.dev/web-1.1.1/lib/src/dom/css_typed_om.dart:730:27: Error: 'JSObject' isn't a type.
extension type CSSSkewX._(JSObject _)
                          ^^^^^^^^
/C:/Users/berkgoknil/AppData/Local/Pub/Cache/hosted/pub.dev/web-1.1.1/lib/src/dom/css_typed_om.dart:752:27: Error: 'JSObject' isn't a type.
extension type CSSSkewY._(JSObject _)
                          ^^^^^^^^
/C:/Users/berkgoknil/AppData/Local/Pub/Cache/hosted/pub.dev/web-1.1.1/lib/src/dom/css_typed_om.dart:774:33: Error: 'JSObject' isn't a type.
extension type CSSPerspective._(JSObject _)
                                ^^^^^^^^
/C:/Users/berkgoknil/AppData/Local/Pub/Cache/hosted/pub.dev/web-1.1.1/lib/src/dom/css_typed_om.dart:801:37: Error: 'JSObject' isn't a type.
extension type CSSMatrixComponent._(JSObject _)
                                    ^^^^^^^^
/C:/Users/berkgoknil/AppData/Local/Pub/Cache/hosted/pub.dev/web-1.1.1/lib/src/dom/css_typed_om.dart:820:44: Error: 'JSObject' isn't a type.
extension type CSSMatrixComponentOptions._(JSObject _) implements JSObject {
                                           ^^^^^^^^
/C:/Users/berkgoknil/AppData/Local/Pub/Cache/hosted/pub.dev/web-1.1.1/lib/src/dom/css_typed_om.dart:843:32: Error: 'JSObject' isn't a type.
extension type CSSImageValue._(JSObject _) implements CSSStyleValue, JSObject {}
                               ^^^^^^^^
/C:/Users/berkgoknil/AppData/Local/Pub/Cache/hosted/pub.dev/web-1.1.1/lib/src/dom/geometry.dart:16:8: Error: Dart library 'dart:js_interop' is not available on this platform.
import 'dart:js_interop';
       ^
/C:/Users/berkgoknil/AppData/Local/Pub/Cache/hosted/pub.dev/web-1.1.1/lib/src/dom/geometry.dart:48:35: Error: Type 'JSObject' not found.
extension type DOMPointReadOnly._(JSObject _) implements JSObject {
                                  ^^^^^^^^
/C:/Users/berkgoknil/AppData/Local/Pub/Cache/hosted/pub.dev/web-1.1.1/lib/src/dom/geometry.dart:48:58: Error: Type 'JSObject' not found.
extension type DOMPointReadOnly._(JSObject _) implements JSObject {
                                                         ^^^^^^^^
/C:/Users/berkgoknil/AppData/Local/Pub/Cache/hosted/pub.dev/web-1.1.1/lib/src/dom/geometry.dart:68:12: Error: Type 'JSObject' not found.
  external JSObject toJSON();
           ^^^^^^^^
/C:/Users/berkgoknil/AppData/Local/Pub/Cache/hosted/pub.dev/web-1.1.1/lib/src/dom/geometry.dart:128:27: Error: Type 'JSObject' not found.
extension type DOMPoint._(JSObject _) implements DOMPointReadOnly, JSObject {
                          ^^^^^^^^
/C:/Users/berkgoknil/AppData/Local/Pub/Cache/hosted/pub.dev/web-1.1.1/lib/src/dom/geometry.dart:128:68: Error: Type 'JSObject' not found.
extension type DOMPoint._(JSObject _) implements DOMPointReadOnly, JSObject {
                                                                   ^^^^^^^^
/C:/Users/berkgoknil/AppData/Local/Pub/Cache/hosted/pub.dev/web-1.1.1/lib/src/dom/geometry.dart:185:31: Error: Type 'JSObject' not found.
extension type DOMPointInit._(JSObject _) implements JSObject {
                              ^^^^^^^^
/C:/Users/berkgoknil/AppData/Local/Pub/Cache/hosted/pub.dev/web-1.1.1/lib/src/dom/geometry.dart:185:54: Error: Type 'JSObject' not found.
extension type DOMPointInit._(JSObject _) implements JSObject {
                                                     ^^^^^^^^
/C:/Users/berkgoknil/AppData/Local/Pub/Cache/hosted/pub.dev/web-1.1.1/lib/src/dom/geometry.dart:210:34: Error: Type 'JSObject' not found.
extension type DOMRectReadOnly._(JSObject _) implements JSObject {
                                 ^^^^^^^^
/C:/Users/berkgoknil/AppData/Local/Pub/Cache/hosted/pub.dev/web-1.1.1/lib/src/dom/geometry.dart:210:57: Error: Type 'JSObject' not found.
extension type DOMRectReadOnly._(JSObject _) implements JSObject {
                                                        ^^^^^^^^
/C:/Users/berkgoknil/AppData/Local/Pub/Cache/hosted/pub.dev/web-1.1.1/lib/src/dom/geometry.dart:222:12: Error: Type 'JSObject' not found.
  external JSObject toJSON();
           ^^^^^^^^
/C:/Users/berkgoknil/AppData/Local/Pub/Cache/hosted/pub.dev/web-1.1.1/lib/src/dom/geometry.dart:274:26: Error: Type 'JSObject' not found.
extension type DOMRect._(JSObject _) implements DOMRectReadOnly, JSObject {
                         ^^^^^^^^
/C:/Users/berkgoknil/AppData/Local/Pub/Cache/hosted/pub.dev/web-1.1.1/lib/src/dom/geometry.dart:274:66: Error: Type 'JSObject' not found.
extension type DOMRect._(JSObject _) implements DOMRectReadOnly, JSObject {
                                                                 ^^^^^^^^
/C:/Users/berkgoknil/AppData/Local/Pub/Cache/hosted/pub.dev/web-1.1.1/lib/src/dom/geometry.dart:295:30: Error: Type 'JSObject' not found.
extension type DOMRectInit._(JSObject _) implements JSObject {
                             ^^^^^^^^
/C:/Users/berkgoknil/AppData/Local/Pub/Cache/hosted/pub.dev/web-1.1.1/lib/src/dom/geometry.dart:295:53: Error: Type 'JSObject' not found.
extension type DOMRectInit._(JSObject _) implements JSObject {
                                                    ^^^^^^^^
/C:/Users/berkgoknil/AppData/Local/Pub/Cache/hosted/pub.dev/web-1.1.1/lib/src/dom/geometry.dart:312:30: Error: Type 'JSObject' not found.
extension type DOMRectList._(JSObject _) implements JSObject {
                             ^^^^^^^^
/C:/Users/berkgoknil/AppData/Local/Pub/Cache/hosted/pub.dev/web-1.1.1/lib/src/dom/geometry.dart:312:53: Error: Type 'JSObject' not found.
extension type DOMRectList._(JSObject _) implements JSObject {
                                                    ^^^^^^^^
/C:/Users/berkgoknil/AppData/Local/Pub/Cache/hosted/pub.dev/web-1.1.1/lib/src/dom/geometry.dart:327:26: Error: Type 'JSObject' not found.
extension type DOMQuad._(JSObject _) implements JSObject {
                         ^^^^^^^^
/C:/Users/berkgoknil/AppData/Local/Pub/Cache/hosted/pub.dev/web-1.1.1/lib/src/dom/geometry.dart:327:49: Error: Type 'JSObject' not found.
extension type DOMQuad._(JSObject _) implements JSObject {
                                                ^^^^^^^^
/C:/Users/berkgoknil/AppData/Local/Pub/Cache/hosted/pub.dev/web-1.1.1/lib/src/dom/geometry.dart:338:12: Error: Type 'JSObject' not found.
  external JSObject toJSON();
           ^^^^^^^^
/C:/Users/berkgoknil/AppData/Local/Pub/Cache/hosted/pub.dev/web-1.1.1/lib/src/dom/geometry.dart:344:30: Error: Type 'JSObject' not found.
extension type DOMQuadInit._(JSObject _) implements JSObject {
                             ^^^^^^^^
/C:/Users/berkgoknil/AppData/Local/Pub/Cache/hosted/pub.dev/web-1.1.1/lib/src/dom/geometry.dart:344:53: Error: Type 'JSObject' not found.
extension type DOMQuadInit._(JSObject _) implements JSObject {
                                                    ^^^^^^^^
/C:/Users/berkgoknil/AppData/Local/Pub/Cache/hosted/pub.dev/web-1.1.1/lib/src/dom/geometry.dart:376:36: Error: Type 'JSObject' not found.
extension type DOMMatrixReadOnly._(JSObject _) implements JSObject {
                                   ^^^^^^^^
/C:/Users/berkgoknil/AppData/Local/Pub/Cache/hosted/pub.dev/web-1.1.1/lib/src/dom/geometry.dart:376:59: Error: Type 'JSObject' not found.
extension type DOMMatrixReadOnly._(JSObject _) implements JSObject {
                                                          ^^^^^^^^
/C:/Users/berkgoknil/AppData/Local/Pub/Cache/hosted/pub.dev/web-1.1.1/lib/src/dom/geometry.dart:377:39: Error: Type 'JSAny' not found.
  external factory DOMMatrixReadOnly([JSAny init]);
                                      ^^^^^
/C:/Users/berkgoknil/AppData/Local/Pub/Cache/hosted/pub.dev/web-1.1.1/lib/src/dom/geometry.dart:380:54: Error: Type 'JSFloat32Array' not found.
  external static DOMMatrixReadOnly fromFloat32Array(JSFloat32Array array32);
                                                     ^^^^^^^^^^^^^^
/C:/Users/berkgoknil/AppData/Local/Pub/Cache/hosted/pub.dev/web-1.1.1/lib/src/dom/geometry.dart:381:54: Error: Type 'JSFloat64Array' not found.
  external static DOMMatrixReadOnly fromFloat64Array(JSFloat64Array array64);
                                                     ^^^^^^^^^^^^^^
/C:/Users/berkgoknil/AppData/Local/Pub/Cache/hosted/pub.dev/web-1.1.1/lib/src/dom/geometry.dart:438:12: Error: Type 'JSFloat32Array' not found.
  external JSFloat32Array toFloat32Array();
           ^^^^^^^^^^^^^^
/C:/Users/berkgoknil/AppData/Local/Pub/Cache/hosted/pub.dev/web-1.1.1/lib/src/dom/geometry.dart:439:12: Error: Type 'JSFloat64Array' not found.
  external JSFloat64Array toFloat64Array();
           ^^^^^^^^^^^^^^
/C:/Users/berkgoknil/AppData/Local/Pub/Cache/hosted/pub.dev/web-1.1.1/lib/src/dom/geometry.dart:440:12: Error: Type 'JSObject' not found.
  external JSObject toJSON();
           ^^^^^^^^
/C:/Users/berkgoknil/AppData/Local/Pub/Cache/hosted/pub.dev/web-1.1.1/lib/src/dom/geometry.dart:481:28: Error: Type 'JSObject' not found.
extension type DOMMatrix._(JSObject _) implements DOMMatrixReadOnly, JSObject {
                           ^^^^^^^^
/C:/Users/berkgoknil/AppData/Local/Pub/Cache/hosted/pub.dev/web-1.1.1/lib/src/dom/geometry.dart:481:70: Error: Type 'JSObject' not found.
extension type DOMMatrix._(JSObject _) implements DOMMatrixReadOnly, JSObject {
                                                                     ^^^^^^^^
/C:/Users/berkgoknil/AppData/Local/Pub/Cache/hosted/pub.dev/web-1.1.1/lib/src/dom/geometry.dart:482:31: Error: Type 'JSAny' not found.
  external factory DOMMatrix([JSAny init]);
                              ^^^^^
/C:/Users/berkgoknil/AppData/Local/Pub/Cache/hosted/pub.dev/web-1.1.1/lib/src/dom/geometry.dart:485:46: Error: Type 'JSFloat32Array' not found.
  external static DOMMatrix fromFloat32Array(JSFloat32Array array32);
                                             ^^^^^^^^^^^^^^
/C:/Users/berkgoknil/AppData/Local/Pub/Cache/hosted/pub.dev/web-1.1.1/lib/src/dom/geometry.dart:486:46: Error: Type 'JSFloat64Array' not found.
  external static DOMMatrix fromFloat64Array(JSFloat64Array array64);
                                             ^^^^^^^^^^^^^^
/C:/Users/berkgoknil/AppData/Local/Pub/Cache/hosted/pub.dev/web-1.1.1/lib/src/dom/geometry.dart:572:34: Error: Type 'JSObject' not found.
extension type DOMMatrix2DInit._(JSObject _) implements JSObject {
                                 ^^^^^^^^
/C:/Users/berkgoknil/AppData/Local/Pub/Cache/hosted/pub.dev/web-1.1.1/lib/src/dom/geometry.dart:572:57: Error: Type 'JSObject' not found.
extension type DOMMatrix2DInit._(JSObject _) implements JSObject {
                                                        ^^^^^^^^
/C:/Users/berkgoknil/AppData/Local/Pub/Cache/hosted/pub.dev/web-1.1.1/lib/src/dom/geometry.dart:613:32: Error: Type 'JSObject' not found.
extension type DOMMatrixInit._(JSObject _)
                               ^^^^^^^^
/C:/Users/berkgoknil/AppData/Local/Pub/Cache/hosted/pub.dev/web-1.1.1/lib/src/dom/geometry.dart:614:33: Error: Type 'JSObject' not found.
    implements DOMMatrix2DInit, JSObject {
                                ^^^^^^^^
/C:/Users/berkgoknil/AppData/Local/Pub/Cache/hosted/pub.dev/web-1.1.1/lib/src/dom/geometry.dart:48:58: Error: The type 'JSObject' can't be implemented by an extension type.
extension type DOMPointReadOnly._(JSObject _) implements JSObject {
                                                         ^
/C:/Users/berkgoknil/AppData/Local/Pub/Cache/hosted/pub.dev/web-1.1.1/lib/src/dom/geometry.dart:128:68: Error: The type 'JSObject' can't be implemented by an extension type.
extension type DOMPoint._(JSObject _) implements DOMPointReadOnly, JSObject {
                                                                   ^
/C:/Users/berkgoknil/AppData/Local/Pub/Cache/hosted/pub.dev/web-1.1.1/lib/src/dom/geometry.dart:185:54: Error: The type 'JSObject' can't be implemented by an extension type.
extension type DOMPointInit._(JSObject _) implements JSObject {
                                                     ^
/C:/Users/berkgoknil/AppData/Local/Pub/Cache/hosted/pub.dev/web-1.1.1/lib/src/dom/geometry.dart:210:57: Error: The type 'JSObject' can't be implemented by an extension type.
extension type DOMRectReadOnly._(JSObject _) implements JSObject {
                                                        ^
/C:/Users/berkgoknil/AppData/Local/Pub/Cache/hosted/pub.dev/web-1.1.1/lib/src/dom/geometry.dart:274:66: Error: The type 'JSObject' can't be implemented by an extension type.
extension type DOMRect._(JSObject _) implements DOMRectReadOnly, JSObject {
                                                                 ^
/C:/Users/berkgoknil/AppData/Local/Pub/Cache/hosted/pub.dev/web-1.1.1/lib/src/dom/geometry.dart:295:53: Error: The type 'JSObject' can't be implemented by an extension type.
extension type DOMRectInit._(JSObject _) implements JSObject {
                                                    ^
/C:/Users/berkgoknil/AppData/Local/Pub/Cache/hosted/pub.dev/web-1.1.1/lib/src/dom/geometry.dart:312:53: Error: The type 'JSObject' can't be implemented by an extension type.
extension type DOMRectList._(JSObject _) implements JSObject {
                                                    ^
/C:/Users/berkgoknil/AppData/Local/Pub/Cache/hosted/pub.dev/web-1.1.1/lib/src/dom/geometry.dart:327:49: Error: The type 'JSObject' can't be implemented by an extension type.
extension type DOMQuad._(JSObject _) implements JSObject {
                                                ^
/C:/Users/berkgoknil/AppData/Local/Pub/Cache/hosted/pub.dev/web-1.1.1/lib/src/dom/geometry.dart:344:53: Error: The type 'JSObject' can't be implemented by an extension type.
extension type DOMQuadInit._(JSObject _) implements JSObject {
                                                    ^
/C:/Users/berkgoknil/AppData/Local/Pub/Cache/hosted/pub.dev/web-1.1.1/lib/src/dom/geometry.dart:376:59: Error: The type 'JSObject' can't be implemented by an extension type.
extension type DOMMatrixReadOnly._(JSObject _) implements JSObject {
                                                          ^
/C:/Users/berkgoknil/AppData/Local/Pub/Cache/hosted/pub.dev/web-1.1.1/lib/src/dom/geometry.dart:481:70: Error: The type 'JSObject' can't be implemented by an extension type.
extension type DOMMatrix._(JSObject _) implements DOMMatrixReadOnly, JSObject {
                                                                     ^
/C:/Users/berkgoknil/AppData/Local/Pub/Cache/hosted/pub.dev/web-1.1.1/lib/src/dom/geometry.dart:572:57: Error: The type 'JSObject' can't be implemented by an extension type.
extension type DOMMatrix2DInit._(JSObject _) implements JSObject {
                                                        ^
/C:/Users/berkgoknil/AppData/Local/Pub/Cache/hosted/pub.dev/web-1.1.1/lib/src/dom/geometry.dart:614:33: Error: The type 'JSObject' can't be implemented by an extension type.
    implements DOMMatrix2DInit, JSObject {
                                ^
/C:/Users/berkgoknil/AppData/Local/Pub/Cache/hosted/pub.dev/web-1.1.1/lib/src/dom/geometry.dart:13:2: Error: Couldn't find constructor 'JS'.
@JS()
 ^^
/C:/Users/berkgoknil/AppData/Local/Pub/Cache/hosted/pub.dev/web-1.1.1/lib/src/dom/geometry.dart:48:35: Error: 'JSObject' isn't a type.
extension type DOMPointReadOnly._(JSObject _) implements JSObject {
                                  ^^^^^^^^
/C:/Users/berkgoknil/AppData/Local/Pub/Cache/hosted/pub.dev/web-1.1.1/lib/src/dom/geometry.dart:128:27: Error: 'JSObject' isn't a type.
extension type DOMPoint._(JSObject _) implements DOMPointReadOnly, JSObject {
                          ^^^^^^^^
/C:/Users/berkgoknil/AppData/Local/Pub/Cache/hosted/pub.dev/web-1.1.1/lib/src/dom/geometry.dart:185:31: Error: 'JSObject' isn't a type.
extension type DOMPointInit._(JSObject _) implements JSObject {
                              ^^^^^^^^
/C:/Users/berkgoknil/AppData/Local/Pub/Cache/hosted/pub.dev/web-1.1.1/lib/src/dom/geometry.dart:210:34: Error: 'JSObject' isn't a type.
extension type DOMRectReadOnly._(JSObject _) implements JSObject {
                                 ^^^^^^^^
/C:/Users/berkgoknil/AppData/Local/Pub/Cache/hosted/pub.dev/web-1.1.1/lib/src/dom/geometry.dart:274:26: Error: 'JSObject' isn't a type.
extension type DOMRect._(JSObject _) implements DOMRectReadOnly, JSObject {
                         ^^^^^^^^
/C:/Users/berkgoknil/AppData/Local/Pub/Cache/hosted/pub.dev/web-1.1.1/lib/src/dom/geometry.dart:295:30: Error: 'JSObject' isn't a type.
extension type DOMRectInit._(JSObject _) implements JSObject {
                             ^^^^^^^^
/C:/Users/berkgoknil/AppData/Local/Pub/Cache/hosted/pub.dev/web-1.1.1/lib/src/dom/geometry.dart:312:30: Error: 'JSObject' isn't a type.
extension type DOMRectList._(JSObject _) implements JSObject {
                             ^^^^^^^^
/C:/Users/berkgoknil/AppData/Local/Pub/Cache/hosted/pub.dev/web-1.1.1/lib/src/dom/geometry.dart:327:26: Error: 'JSObject' isn't a type.
extension type DOMQuad._(JSObject _) implements JSObject {
                         ^^^^^^^^
/C:/Users/berkgoknil/AppData/Local/Pub/Cache/hosted/pub.dev/web-1.1.1/lib/src/dom/geometry.dart:344:30: Error: 'JSObject' isn't a type.
extension type DOMQuadInit._(JSObject _) implements JSObject {
                             ^^^^^^^^
/C:/Users/berkgoknil/AppData/Local/Pub/Cache/hosted/pub.dev/web-1.1.1/lib/src/dom/geometry.dart:376:36: Error: 'JSObject' isn't a type.
extension type DOMMatrixReadOnly._(JSObject _) implements JSObject {
                                   ^^^^^^^^
/C:/Users/berkgoknil/AppData/Local/Pub/Cache/hosted/pub.dev/web-1.1.1/lib/src/dom/geometry.dart:377:39: Error: 'JSAny' isn't a type.
  external factory DOMMatrixReadOnly([JSAny init]);
                                      ^^^^^
/C:/Users/berkgoknil/AppData/Local/Pub/Cache/hosted/pub.dev/web-1.1.1/lib/src/dom/geometry.dart:380:54: Error: 'JSFloat32Array' isn't a type.
  external static DOMMatrixReadOnly fromFloat32Array(JSFloat32Array array32);
                                                     ^^^^^^^^^^^^^^
/C:/Users/berkgoknil/AppData/Local/Pub/Cache/hosted/pub.dev/web-1.1.1/lib/src/dom/geometry.dart:381:54: Error: 'JSFloat64Array' isn't a type.
  external static DOMMatrixReadOnly fromFloat64Array(JSFloat64Array array64);
                                                     ^^^^^^^^^^^^^^
/C:/Users/berkgoknil/AppData/Local/Pub/Cache/hosted/pub.dev/web-1.1.1/lib/src/dom/geometry.dart:481:28: Error: 'JSObject' isn't a type.
extension type DOMMatrix._(JSObject _) implements DOMMatrixReadOnly, JSObject {
                           ^^^^^^^^
/C:/Users/berkgoknil/AppData/Local/Pub/Cache/hosted/pub.dev/web-1.1.1/lib/src/dom/geometry.dart:482:31: Error: 'JSAny' isn't a type.
  external factory DOMMatrix([JSAny init]);
                              ^^^^^
/C:/Users/berkgoknil/AppData/Local/Pub/Cache/hosted/pub.dev/web-1.1.1/lib/src/dom/geometry.dart:485:46: Error: 'JSFloat32Array' isn't a type.
  external static DOMMatrix fromFloat32Array(JSFloat32Array array32);
                                             ^^^^^^^^^^^^^^
/C:/Users/berkgoknil/AppData/Local/Pub/Cache/hosted/pub.dev/web-1.1.1/lib/src/dom/geometry.dart:486:46: Error: 'JSFloat64Array' isn't a type.
  external static DOMMatrix fromFloat64Array(JSFloat64Array array64);
                                             ^^^^^^^^^^^^^^
/C:/Users/berkgoknil/AppData/Local/Pub/Cache/hosted/pub.dev/web-1.1.1/lib/src/dom/geometry.dart:572:34: Error: 'JSObject' isn't a type.
extension type DOMMatrix2DInit._(JSObject _) implements JSObject {
                                 ^^^^^^^^
/C:/Users/berkgoknil/AppData/Local/Pub/Cache/hosted/pub.dev/web-1.1.1/lib/src/dom/geometry.dart:613:32: Error: 'JSObject' isn't a type.
extension type DOMMatrixInit._(JSObject _)
                               ^^^^^^^^
/C:/Users/berkgoknil/AppData/Local/Pub/Cache/hosted/pub.dev/web-1.1.1/lib/src/dom/svg.dart:16:8: Error: Dart library 'dart:js_interop' is not available on this platform.
import 'dart:js_interop';
       ^
/C:/Users/berkgoknil/AppData/Local/Pub/Cache/hosted/pub.dev/web-1.1.1/lib/src/dom/svg.dart:31:29: Error: Type 'JSObject' not found.
extension type SVGElement._(JSObject _) implements Element, JSObject {
                            ^^^^^^^^
/C:/Users/berkgoknil/AppData/Local/Pub/Cache/hosted/pub.dev/web-1.1.1/lib/src/dom/svg.dart:31:61: Error: Type 'JSObject' not found.
extension type SVGElement._(JSObject _) implements Element, JSObject {
                                                            ^^^^^^^^
/C:/Users/berkgoknil/AppData/Local/Pub/Cache/hosted/pub.dev/web-1.1.1/lib/src/dom/svg.dart:307:40: Error: Type 'JSObject' not found.
extension type SVGBoundingBoxOptions._(JSObject _) implements JSObject {
                                       ^^^^^^^^
/C:/Users/berkgoknil/AppData/Local/Pub/Cache/hosted/pub.dev/web-1.1.1/lib/src/dom/svg.dart:307:63: Error: Type 'JSObject' not found.
extension type SVGBoundingBoxOptions._(JSObject _) implements JSObject {
                                                              ^^^^^^^^
/C:/Users/berkgoknil/AppData/Local/Pub/Cache/hosted/pub.dev/web-1.1.1/lib/src/dom/svg.dart:332:37: Error: Type 'JSObject' not found.
extension type SVGGraphicsElement._(JSObject _)
                                    ^^^^^^^^
/C:/Users/berkgoknil/AppData/Local/Pub/Cache/hosted/pub.dev/web-1.1.1/lib/src/dom/svg.dart:333:28: Error: Type 'JSObject' not found.
    implements SVGElement, JSObject {
                           ^^^^^^^^
/C:/Users/berkgoknil/AppData/Local/Pub/Cache/hosted/pub.dev/web-1.1.1/lib/src/dom/svg.dart:366:37: Error: Type 'JSObject' not found.
extension type SVGGeometryElement._(JSObject _)
                                    ^^^^^^^^
/C:/Users/berkgoknil/AppData/Local/Pub/Cache/hosted/pub.dev/web-1.1.1/lib/src/dom/svg.dart:367:36: Error: Type 'JSObject' not found.
    implements SVGGraphicsElement, JSObject {
                                   ^^^^^^^^
/C:/Users/berkgoknil/AppData/Local/Pub/Cache/hosted/pub.dev/web-1.1.1/lib/src/dom/svg.dart:413:28: Error: Type 'JSObject' not found.
extension type SVGNumber._(JSObject _) implements JSObject {
                           ^^^^^^^^
/C:/Users/berkgoknil/AppData/Local/Pub/Cache/hosted/pub.dev/web-1.1.1/lib/src/dom/svg.dart:413:51: Error: Type 'JSObject' not found.
extension type SVGNumber._(JSObject _) implements JSObject {
                                                  ^^^^^^^^
/C:/Users/berkgoknil/AppData/Local/Pub/Cache/hosted/pub.dev/web-1.1.1/lib/src/dom/svg.dart:424:28: Error: Type 'JSObject' not found.
extension type SVGLength._(JSObject _) implements JSObject {
                           ^^^^^^^^
/C:/Users/berkgoknil/AppData/Local/Pub/Cache/hosted/pub.dev/web-1.1.1/lib/src/dom/svg.dart:424:51: Error: Type 'JSObject' not found.
extension type SVGLength._(JSObject _) implements JSObject {
                                                  ^^^^^^^^
/C:/Users/berkgoknil/AppData/Local/Pub/Cache/hosted/pub.dev/web-1.1.1/lib/src/dom/svg.dart:484:27: Error: Type 'JSObject' not found.
extension type SVGAngle._(JSObject _) implements JSObject {
                          ^^^^^^^^
/C:/Users/berkgoknil/AppData/Local/Pub/Cache/hosted/pub.dev/web-1.1.1/lib/src/dom/svg.dart:484:50: Error: Type 'JSObject' not found.
extension type SVGAngle._(JSObject _) implements JSObject {
                                                 ^^^^^^^^
/C:/Users/berkgoknil/AppData/Local/Pub/Cache/hosted/pub.dev/web-1.1.1/lib/src/dom/svg.dart:515:32: Error: Type 'JSObject' not found.
extension type SVGNumberList._(JSObject _) implements JSObject {
                               ^^^^^^^^
/C:/Users/berkgoknil/AppData/Local/Pub/Cache/hosted/pub.dev/web-1.1.1/lib/src/dom/svg.dart:515:55: Error: Type 'JSObject' not found.
extension type SVGNumberList._(JSObject _) implements JSObject {
                                                      ^^^^^^^^
/C:/Users/berkgoknil/AppData/Local/Pub/Cache/hosted/pub.dev/web-1.1.1/lib/src/dom/svg.dart:543:32: Error: Type 'JSObject' not found.
extension type SVGLengthList._(JSObject _) implements JSObject {
                               ^^^^^^^^
/C:/Users/berkgoknil/AppData/Local/Pub/Cache/hosted/pub.dev/web-1.1.1/lib/src/dom/svg.dart:543:55: Error: Type 'JSObject' not found.
extension type SVGLengthList._(JSObject _) implements JSObject {
                                                      ^^^^^^^^
/C:/Users/berkgoknil/AppData/Local/Pub/Cache/hosted/pub.dev/web-1.1.1/lib/src/dom/svg.dart:571:32: Error: Type 'JSObject' not found.
extension type SVGStringList._(JSObject _) implements JSObject {
                               ^^^^^^^^
/C:/Users/berkgoknil/AppData/Local/Pub/Cache/hosted/pub.dev/web-1.1.1/lib/src/dom/svg.dart:571:55: Error: Type 'JSObject' not found.
extension type SVGStringList._(JSObject _) implements JSObject {
                                                      ^^^^^^^^
/C:/Users/berkgoknil/AppData/Local/Pub/Cache/hosted/pub.dev/web-1.1.1/lib/src/dom/svg.dart:598:37: Error: Type 'JSObject' not found.
extension type SVGAnimatedBoolean._(JSObject _) implements JSObject {
                                    ^^^^^^^^
/C:/Users/berkgoknil/AppData/Local/Pub/Cache/hosted/pub.dev/web-1.1.1/lib/src/dom/svg.dart:598:60: Error: Type 'JSObject' not found.
extension type SVGAnimatedBoolean._(JSObject _) implements JSObject {
                                                           ^^^^^^^^
/C:/Users/berkgoknil/AppData/Local/Pub/Cache/hosted/pub.dev/web-1.1.1/lib/src/dom/svg.dart:611:41: Error: Type 'JSObject' not found.
extension type SVGAnimatedEnumeration._(JSObject _) implements JSObject {
                                        ^^^^^^^^
/C:/Users/berkgoknil/AppData/Local/Pub/Cache/hosted/pub.dev/web-1.1.1/lib/src/dom/svg.dart:611:64: Error: Type 'JSObject' not found.
extension type SVGAnimatedEnumeration._(JSObject _) implements JSObject {
                                                               ^^^^^^^^
/C:/Users/berkgoknil/AppData/Local/Pub/Cache/hosted/pub.dev/web-1.1.1/lib/src/dom/svg.dart:629:37: Error: Type 'JSObject' not found.
extension type SVGAnimatedInteger._(JSObject _) implements JSObject {
                                    ^^^^^^^^
/C:/Users/berkgoknil/AppData/Local/Pub/Cache/hosted/pub.dev/web-1.1.1/lib/src/dom/svg.dart:629:60: Error: Type 'JSObject' not found.
extension type SVGAnimatedInteger._(JSObject _) implements JSObject {
                                                           ^^^^^^^^
/C:/Users/berkgoknil/AppData/Local/Pub/Cache/hosted/pub.dev/web-1.1.1/lib/src/dom/svg.dart:641:36: Error: Type 'JSObject' not found.
extension type SVGAnimatedNumber._(JSObject _) implements JSObject {
                                   ^^^^^^^^
/C:/Users/berkgoknil/AppData/Local/Pub/Cache/hosted/pub.dev/web-1.1.1/lib/src/dom/svg.dart:641:59: Error: Type 'JSObject' not found.
extension type SVGAnimatedNumber._(JSObject _) implements JSObject {
                                                          ^^^^^^^^
/C:/Users/berkgoknil/AppData/Local/Pub/Cache/hosted/pub.dev/web-1.1.1/lib/src/dom/svg.dart:654:36: Error: Type 'JSObject' not found.
extension type SVGAnimatedLength._(JSObject _) implements JSObject {
                                   ^^^^^^^^
/C:/Users/berkgoknil/AppData/Local/Pub/Cache/hosted/pub.dev/web-1.1.1/lib/src/dom/svg.dart:654:59: Error: Type 'JSObject' not found.
extension type SVGAnimatedLength._(JSObject _) implements JSObject {
                                                          ^^^^^^^^
/C:/Users/berkgoknil/AppData/Local/Pub/Cache/hosted/pub.dev/web-1.1.1/lib/src/dom/svg.dart:671:35: Error: Type 'JSObject' not found.
extension type SVGAnimatedAngle._(JSObject _) implements JSObject {
                                  ^^^^^^^^
/C:/Users/berkgoknil/AppData/Local/Pub/Cache/hosted/pub.dev/web-1.1.1/lib/src/dom/svg.dart:671:58: Error: Type 'JSObject' not found.
extension type SVGAnimatedAngle._(JSObject _) implements JSObject {
                                                         ^^^^^^^^
/C:/Users/berkgoknil/AppData/Local/Pub/Cache/hosted/pub.dev/web-1.1.1/lib/src/dom/svg.dart:684:36: Error: Type 'JSObject' not found.
extension type SVGAnimatedString._(JSObject _) implements JSObject {
                                   ^^^^^^^^
/C:/Users/berkgoknil/AppData/Local/Pub/Cache/hosted/pub.dev/web-1.1.1/lib/src/dom/svg.dart:684:59: Error: Type 'JSObject' not found.
extension type SVGAnimatedString._(JSObject _) implements JSObject {
                                                          ^^^^^^^^
/C:/Users/berkgoknil/AppData/Local/Pub/Cache/hosted/pub.dev/web-1.1.1/lib/src/dom/svg.dart:745:34: Error: Type 'JSObject' not found.
extension type SVGAnimatedRect._(JSObject _) implements JSObject {
                                 ^^^^^^^^
/C:/Users/berkgoknil/AppData/Local/Pub/Cache/hosted/pub.dev/web-1.1.1/lib/src/dom/svg.dart:745:57: Error: Type 'JSObject' not found.
extension type SVGAnimatedRect._(JSObject _) implements JSObject {
                                                        ^^^^^^^^
/C:/Users/berkgoknil/AppData/Local/Pub/Cache/hosted/pub.dev/web-1.1.1/lib/src/dom/svg.dart:756:40: Error: Type 'JSObject' not found.
extension type SVGAnimatedNumberList._(JSObject _) implements JSObject {
                                       ^^^^^^^^
/C:/Users/berkgoknil/AppData/Local/Pub/Cache/hosted/pub.dev/web-1.1.1/lib/src/dom/svg.dart:756:63: Error: Type 'JSObject' not found.
extension type SVGAnimatedNumberList._(JSObject _) implements JSObject {
                                                              ^^^^^^^^
/C:/Users/berkgoknil/AppData/Local/Pub/Cache/hosted/pub.dev/web-1.1.1/lib/src/dom/svg.dart:767:40: Error: Type 'JSObject' not found.
extension type SVGAnimatedLengthList._(JSObject _) implements JSObject {
                                       ^^^^^^^^
/C:/Users/berkgoknil/AppData/Local/Pub/Cache/hosted/pub.dev/web-1.1.1/lib/src/dom/svg.dart:767:63: Error: Type 'JSObject' not found.
extension type SVGAnimatedLengthList._(JSObject _) implements JSObject {
                                                              ^^^^^^^^
/C:/Users/berkgoknil/AppData/Local/Pub/Cache/hosted/pub.dev/web-1.1.1/lib/src/dom/svg.dart:780:31: Error: Type 'JSObject' not found.
extension type SVGUnitTypes._(JSObject _) implements JSObject {
                              ^^^^^^^^
/C:/Users/berkgoknil/AppData/Local/Pub/Cache/hosted/pub.dev/web-1.1.1/lib/src/dom/svg.dart:780:54: Error: Type 'JSObject' not found.
extension type SVGUnitTypes._(JSObject _) implements JSObject {
                                                     ^^^^^^^^
/C:/Users/berkgoknil/AppData/Local/Pub/Cache/hosted/pub.dev/web-1.1.1/lib/src/dom/svg.dart:798:32: Error: Type 'JSObject' not found.
extension type SVGSVGElement._(JSObject _)
                               ^^^^^^^^
/C:/Users/berkgoknil/AppData/Local/Pub/Cache/hosted/pub.dev/web-1.1.1/lib/src/dom/svg.dart:799:36: Error: Type 'JSObject' not found.
    implements SVGGraphicsElement, JSObject {
                                   ^^^^^^^^
/C:/Users/berkgoknil/AppData/Local/Pub/Cache/hosted/pub.dev/web-1.1.1/lib/src/dom/svg.dart:895:30: Error: Type 'JSObject' not found.
extension type SVGGElement._(JSObject _)
                             ^^^^^^^^
/C:/Users/berkgoknil/AppData/Local/Pub/Cache/hosted/pub.dev/web-1.1.1/lib/src/dom/svg.dart:896:36: Error: Type 'JSObject' not found.
    implements SVGGraphicsElement, JSObject {
                                   ^^^^^^^^
/C:/Users/berkgoknil/AppData/Local/Pub/Cache/hosted/pub.dev/web-1.1.1/lib/src/dom/svg.dart:911:33: Error: Type 'JSObject' not found.
extension type SVGDefsElement._(JSObject _)
                                ^^^^^^^^
/C:/Users/berkgoknil/AppData/Local/Pub/Cache/hosted/pub.dev/web-1.1.1/lib/src/dom/svg.dart:912:36: Error: Type 'JSObject' not found.
    implements SVGGraphicsElement, JSObject {
                                   ^^^^^^^^
/C:/Users/berkgoknil/AppData/Local/Pub/Cache/hosted/pub.dev/web-1.1.1/lib/src/dom/svg.dart:927:33: Error: Type 'JSObject' not found.
extension type SVGDescElement._(JSObject _) implements SVGElement, JSObject {
                                ^^^^^^^^
/C:/Users/berkgoknil/AppData/Local/Pub/Cache/hosted/pub.dev/web-1.1.1/lib/src/dom/svg.dart:927:68: Error: Type 'JSObject' not found.
extension type SVGDescElement._(JSObject _) implements SVGElement, JSObject {
                                                                   ^^^^^^^^
/C:/Users/berkgoknil/AppData/Local/Pub/Cache/hosted/pub.dev/web-1.1.1/lib/src/dom/svg.dart:942:37: Error: Type 'JSObject' not found.
extension type SVGMetadataElement._(JSObject _)
                                    ^^^^^^^^
/C:/Users/berkgoknil/AppData/Local/Pub/Cache/hosted/pub.dev/web-1.1.1/lib/src/dom/svg.dart:943:28: Error: Type 'JSObject' not found.
    implements SVGElement, JSObject {
                           ^^^^^^^^
/C:/Users/berkgoknil/AppData/Local/Pub/Cache/hosted/pub.dev/web-1.1.1/lib/src/dom/svg.dart:958:34: Error: Type 'JSObject' not found.
extension type SVGTitleElement._(JSObject _) implements SVGElement, JSObject {
                                 ^^^^^^^^
/C:/Users/berkgoknil/AppData/Local/Pub/Cache/hosted/pub.dev/web-1.1.1/lib/src/dom/svg.dart:958:69: Error: Type 'JSObject' not found.
extension type SVGTitleElement._(JSObject _) implements SVGElement, JSObject {
                                                                    ^^^^^^^^
/C:/Users/berkgoknil/AppData/Local/Pub/Cache/hosted/pub.dev/web-1.1.1/lib/src/dom/svg.dart:973:35: Error: Type 'JSObject' not found.
extension type SVGSymbolElement._(JSObject _)
                                  ^^^^^^^^
/C:/Users/berkgoknil/AppData/Local/Pub/Cache/hosted/pub.dev/web-1.1.1/lib/src/dom/svg.dart:974:36: Error: Type 'JSObject' not found.
    implements SVGGraphicsElement, JSObject {
                                   ^^^^^^^^
/C:/Users/berkgoknil/AppData/Local/Pub/Cache/hosted/pub.dev/web-1.1.1/lib/src/dom/svg.dart:992:32: Error: Type 'JSObject' not found.
extension type SVGUseElement._(JSObject _)
                               ^^^^^^^^
/C:/Users/berkgoknil/AppData/Local/Pub/Cache/hosted/pub.dev/web-1.1.1/lib/src/dom/svg.dart:993:36: Error: Type 'JSObject' not found.
    implements SVGGraphicsElement, JSObject {
                                   ^^^^^^^^
/C:/Users/berkgoknil/AppData/Local/Pub/Cache/hosted/pub.dev/web-1.1.1/lib/src/dom/svg.dart:1014:35: Error: Type 'JSObject' not found.
extension type SVGSwitchElement._(JSObject _)
                                  ^^^^^^^^
/C:/Users/berkgoknil/AppData/Local/Pub/Cache/hosted/pub.dev/web-1.1.1/lib/src/dom/svg.dart:1015:36: Error: Type 'JSObject' not found.
    implements SVGGraphicsElement, JSObject {
                                   ^^^^^^^^
/C:/Users/berkgoknil/AppData/Local/Pub/Cache/hosted/pub.dev/web-1.1.1/lib/src/dom/svg.dart:1030:34: Error: Type 'JSObject' not found.
extension type SVGStyleElement._(JSObject _) implements SVGElement, JSObject {
                                 ^^^^^^^^
/C:/Users/berkgoknil/AppData/Local/Pub/Cache/hosted/pub.dev/web-1.1.1/lib/src/dom/svg.dart:1030:69: Error: Type 'JSObject' not found.
extension type SVGStyleElement._(JSObject _) implements SVGElement, JSObject {
                                                                    ^^^^^^^^
/C:/Users/berkgoknil/AppData/Local/Pub/Cache/hosted/pub.dev/web-1.1.1/lib/src/dom/svg.dart:1077:31: Error: Type 'JSObject' not found.
extension type SVGTransform._(JSObject _) implements JSObject {
                              ^^^^^^^^
/C:/Users/berkgoknil/AppData/Local/Pub/Cache/hosted/pub.dev/web-1.1.1/lib/src/dom/svg.dart:1077:54: Error: Type 'JSObject' not found.
extension type SVGTransform._(JSObject _) implements JSObject {
                                                     ^^^^^^^^
/C:/Users/berkgoknil/AppData/Local/Pub/Cache/hosted/pub.dev/web-1.1.1/lib/src/dom/svg.dart:1119:35: Error: Type 'JSObject' not found.
extension type SVGTransformList._(JSObject _) implements JSObject {
                                  ^^^^^^^^
/C:/Users/berkgoknil/AppData/Local/Pub/Cache/hosted/pub.dev/web-1.1.1/lib/src/dom/svg.dart:1119:58: Error: Type 'JSObject' not found.
extension type SVGTransformList._(JSObject _) implements JSObject {
                                                         ^^^^^^^^
/C:/Users/berkgoknil/AppData/Local/Pub/Cache/hosted/pub.dev/web-1.1.1/lib/src/dom/svg.dart:1148:43: Error: Type 'JSObject' not found.
extension type SVGAnimatedTransformList._(JSObject _) implements JSObject {
                                          ^^^^^^^^
/C:/Users/berkgoknil/AppData/Local/Pub/Cache/hosted/pub.dev/web-1.1.1/lib/src/dom/svg.dart:1148:66: Error: Type 'JSObject' not found.
extension type SVGAnimatedTransformList._(JSObject _) implements JSObject {
                                                                 ^^^^^^^^
/C:/Users/berkgoknil/AppData/Local/Pub/Cache/hosted/pub.dev/web-1.1.1/lib/src/dom/svg.dart:1159:41: Error: Type 'JSObject' not found.
extension type SVGPreserveAspectRatio._(JSObject _) implements JSObject {
                                        ^^^^^^^^
/C:/Users/berkgoknil/AppData/Local/Pub/Cache/hosted/pub.dev/web-1.1.1/lib/src/dom/svg.dart:1159:64: Error: Type 'JSObject' not found.
extension type SVGPreserveAspectRatio._(JSObject _) implements JSObject {
                                                               ^^^^^^^^
/C:/Users/berkgoknil/AppData/Local/Pub/Cache/hosted/pub.dev/web-1.1.1/lib/src/dom/svg.dart:1200:49: Error: Type 'JSObject' not found.
extension type SVGAnimatedPreserveAspectRatio._(JSObject _)
                                                ^^^^^^^^
/C:/Users/berkgoknil/AppData/Local/Pub/Cache/hosted/pub.dev/web-1.1.1/lib/src/dom/svg.dart:1201:16: Error: Type 'JSObject' not found.
    implements JSObject {
               ^^^^^^^^
/C:/Users/berkgoknil/AppData/Local/Pub/Cache/hosted/pub.dev/web-1.1.1/lib/src/dom/svg.dart:1217:33: Error: Type 'JSObject' not found.
extension type SVGPathElement._(JSObject _)
                                ^^^^^^^^
/C:/Users/berkgoknil/AppData/Local/Pub/Cache/hosted/pub.dev/web-1.1.1/lib/src/dom/svg.dart:1218:36: Error: Type 'JSObject' not found.
    implements SVGGeometryElement, JSObject {
                                   ^^^^^^^^
/C:/Users/berkgoknil/AppData/Local/Pub/Cache/hosted/pub.dev/web-1.1.1/lib/src/dom/svg.dart:1234:33: Error: Type 'JSObject' not found.
extension type SVGRectElement._(JSObject _)
                                ^^^^^^^^
/C:/Users/berkgoknil/AppData/Local/Pub/Cache/hosted/pub.dev/web-1.1.1/lib/src/dom/svg.dart:1235:36: Error: Type 'JSObject' not found.
    implements SVGGeometryElement, JSObject {
                                   ^^^^^^^^
/C:/Users/berkgoknil/AppData/Local/Pub/Cache/hosted/pub.dev/web-1.1.1/lib/src/dom/svg.dart:1257:35: Error: Type 'JSObject' not found.
extension type SVGCircleElement._(JSObject _)
                                  ^^^^^^^^
/C:/Users/berkgoknil/AppData/Local/Pub/Cache/hosted/pub.dev/web-1.1.1/lib/src/dom/svg.dart:1258:36: Error: Type 'JSObject' not found.
    implements SVGGeometryElement, JSObject {
                                   ^^^^^^^^
/C:/Users/berkgoknil/AppData/Local/Pub/Cache/hosted/pub.dev/web-1.1.1/lib/src/dom/svg.dart:1295:36: Error: Type 'JSObject' not found.
extension type SVGEllipseElement._(JSObject _)
                                   ^^^^^^^^
/C:/Users/berkgoknil/AppData/Local/Pub/Cache/hosted/pub.dev/web-1.1.1/lib/src/dom/svg.dart:1296:36: Error: Type 'JSObject' not found.
    implements SVGGeometryElement, JSObject {
                                   ^^^^^^^^
/C:/Users/berkgoknil/AppData/Local/Pub/Cache/hosted/pub.dev/web-1.1.1/lib/src/dom/svg.dart:1317:33: Error: Type 'JSObject' not found.
extension type SVGLineElement._(JSObject _)
                                ^^^^^^^^
/C:/Users/berkgoknil/AppData/Local/Pub/Cache/hosted/pub.dev/web-1.1.1/lib/src/dom/svg.dart:1318:36: Error: Type 'JSObject' not found.
    implements SVGGeometryElement, JSObject {
                                   ^^^^^^^^
/C:/Users/berkgoknil/AppData/Local/Pub/Cache/hosted/pub.dev/web-1.1.1/lib/src/dom/svg.dart:1341:31: Error: Type 'JSObject' not found.
extension type SVGPointList._(JSObject _) implements JSObject {
                              ^^^^^^^^
/C:/Users/berkgoknil/AppData/Local/Pub/Cache/hosted/pub.dev/web-1.1.1/lib/src/dom/svg.dart:1341:54: Error: Type 'JSObject' not found.
extension type SVGPointList._(JSObject _) implements JSObject {
                                                     ^^^^^^^^
/C:/Users/berkgoknil/AppData/Local/Pub/Cache/hosted/pub.dev/web-1.1.1/lib/src/dom/svg.dart:1396:37: Error: Type 'JSObject' not found.
extension type SVGPolylineElement._(JSObject _)
                                    ^^^^^^^^
/C:/Users/berkgoknil/AppData/Local/Pub/Cache/hosted/pub.dev/web-1.1.1/lib/src/dom/svg.dart:1397:36: Error: Type 'JSObject' not found.
    implements SVGGeometryElement, JSObject {
                                   ^^^^^^^^
/C:/Users/berkgoknil/AppData/Local/Pub/Cache/hosted/pub.dev/web-1.1.1/lib/src/dom/svg.dart:1416:36: Error: Type 'JSObject' not found.
extension type SVGPolygonElement._(JSObject _)
                                   ^^^^^^^^
/C:/Users/berkgoknil/AppData/Local/Pub/Cache/hosted/pub.dev/web-1.1.1/lib/src/dom/svg.dart:1417:36: Error: Type 'JSObject' not found.
    implements SVGGeometryElement, JSObject {
                                   ^^^^^^^^
/C:/Users/berkgoknil/AppData/Local/Pub/Cache/hosted/pub.dev/web-1.1.1/lib/src/dom/svg.dart:1438:40: Error: Type 'JSObject' not found.
extension type SVGTextContentElement._(JSObject _)
                                       ^^^^^^^^
/C:/Users/berkgoknil/AppData/Local/Pub/Cache/hosted/pub.dev/web-1.1.1/lib/src/dom/svg.dart:1439:36: Error: Type 'JSObject' not found.
    implements SVGGraphicsElement, JSObject {
                                   ^^^^^^^^
/C:/Users/berkgoknil/AppData/Local/Pub/Cache/hosted/pub.dev/web-1.1.1/lib/src/dom/svg.dart:1473:44: Error: Type 'JSObject' not found.
extension type SVGTextPositioningElement._(JSObject _)
                                           ^^^^^^^^
/C:/Users/berkgoknil/AppData/Local/Pub/Cache/hosted/pub.dev/web-1.1.1/lib/src/dom/svg.dart:1474:39: Error: Type 'JSObject' not found.
    implements SVGTextContentElement, JSObject {
                                      ^^^^^^^^
/C:/Users/berkgoknil/AppData/Local/Pub/Cache/hosted/pub.dev/web-1.1.1/lib/src/dom/svg.dart:1488:33: Error: Type 'JSObject' not found.
extension type SVGTextElement._(JSObject _)
                                ^^^^^^^^
/C:/Users/berkgoknil/AppData/Local/Pub/Cache/hosted/pub.dev/web-1.1.1/lib/src/dom/svg.dart:1489:43: Error: Type 'JSObject' not found.
    implements SVGTextPositioningElement, JSObject {
                                          ^^^^^^^^
/C:/Users/berkgoknil/AppData/Local/Pub/Cache/hosted/pub.dev/web-1.1.1/lib/src/dom/svg.dart:1504:34: Error: Type 'JSObject' not found.
extension type SVGTSpanElement._(JSObject _)
                                 ^^^^^^^^
/C:/Users/berkgoknil/AppData/Local/Pub/Cache/hosted/pub.dev/web-1.1.1/lib/src/dom/svg.dart:1505:43: Error: Type 'JSObject' not found.
    implements SVGTextPositioningElement, JSObject {
                                          ^^^^^^^^
/C:/Users/berkgoknil/AppData/Local/Pub/Cache/hosted/pub.dev/web-1.1.1/lib/src/dom/svg.dart:1520:37: Error: Type 'JSObject' not found.
extension type SVGTextPathElement._(JSObject _)
                                    ^^^^^^^^
/C:/Users/berkgoknil/AppData/Local/Pub/Cache/hosted/pub.dev/web-1.1.1/lib/src/dom/svg.dart:1521:39: Error: Type 'JSObject' not found.
    implements SVGTextContentElement, JSObject {
                                      ^^^^^^^^
/C:/Users/berkgoknil/AppData/Local/Pub/Cache/hosted/pub.dev/web-1.1.1/lib/src/dom/svg.dart:1553:34: Error: Type 'JSObject' not found.
extension type SVGImageElement._(JSObject _)
                                 ^^^^^^^^
/C:/Users/berkgoknil/AppData/Local/Pub/Cache/hosted/pub.dev/web-1.1.1/lib/src/dom/svg.dart:1554:36: Error: Type 'JSObject' not found.
    implements SVGGraphicsElement, JSObject {
                                   ^^^^^^^^
/C:/Users/berkgoknil/AppData/Local/Pub/Cache/hosted/pub.dev/web-1.1.1/lib/src/dom/svg.dart:1604:42: Error: Type 'JSObject' not found.
extension type SVGForeignObjectElement._(JSObject _)
                                         ^^^^^^^^
/C:/Users/berkgoknil/AppData/Local/Pub/Cache/hosted/pub.dev/web-1.1.1/lib/src/dom/svg.dart:1605:36: Error: Type 'JSObject' not found.
    implements SVGGraphicsElement, JSObject {
                                   ^^^^^^^^
/C:/Users/berkgoknil/AppData/Local/Pub/Cache/hosted/pub.dev/web-1.1.1/lib/src/dom/svg.dart:1630:35: Error: Type 'JSObject' not found.
extension type SVGMarkerElement._(JSObject _) implements SVGElement, JSObject {
                                  ^^^^^^^^
/C:/Users/berkgoknil/AppData/Local/Pub/Cache/hosted/pub.dev/web-1.1.1/lib/src/dom/svg.dart:1630:70: Error: Type 'JSObject' not found.
extension type SVGMarkerElement._(JSObject _) implements SVGElement, JSObject {
                                                                     ^^^^^^^^
/C:/Users/berkgoknil/AppData/Local/Pub/Cache/hosted/pub.dev/web-1.1.1/lib/src/dom/svg.dart:1720:37: Error: Type 'JSObject' not found.
extension type SVGGradientElement._(JSObject _)
                                    ^^^^^^^^
/C:/Users/berkgoknil/AppData/Local/Pub/Cache/hosted/pub.dev/web-1.1.1/lib/src/dom/svg.dart:1721:28: Error: Type 'JSObject' not found.
    implements SVGElement, JSObject {
                           ^^^^^^^^
/C:/Users/berkgoknil/AppData/Local/Pub/Cache/hosted/pub.dev/web-1.1.1/lib/src/dom/svg.dart:1742:43: Error: Type 'JSObject' not found.
extension type SVGLinearGradientElement._(JSObject _)
                                          ^^^^^^^^
/C:/Users/berkgoknil/AppData/Local/Pub/Cache/hosted/pub.dev/web-1.1.1/lib/src/dom/svg.dart:1743:36: Error: Type 'JSObject' not found.
    implements SVGGradientElement, JSObject {
                                   ^^^^^^^^
/C:/Users/berkgoknil/AppData/Local/Pub/Cache/hosted/pub.dev/web-1.1.1/lib/src/dom/svg.dart:1763:43: Error: Type 'JSObject' not found.
extension type SVGRadialGradientElement._(JSObject _)
                                          ^^^^^^^^
/C:/Users/berkgoknil/AppData/Local/Pub/Cache/hosted/pub.dev/web-1.1.1/lib/src/dom/svg.dart:1764:36: Error: Type 'JSObject' not found.
    implements SVGGradientElement, JSObject {
                                   ^^^^^^^^
/C:/Users/berkgoknil/AppData/Local/Pub/Cache/hosted/pub.dev/web-1.1.1/lib/src/dom/svg.dart:1786:33: Error: Type 'JSObject' not found.
extension type SVGStopElement._(JSObject _) implements SVGElement, JSObject {
                                ^^^^^^^^
/C:/Users/berkgoknil/AppData/Local/Pub/Cache/hosted/pub.dev/web-1.1.1/lib/src/dom/svg.dart:1786:68: Error: Type 'JSObject' not found.
extension type SVGStopElement._(JSObject _) implements SVGElement, JSObject {
                                                                   ^^^^^^^^
/C:/Users/berkgoknil/AppData/Local/Pub/Cache/hosted/pub.dev/web-1.1.1/lib/src/dom/svg.dart:1803:36: Error: Type 'JSObject' not found.
extension type SVGPatternElement._(JSObject _) implements SVGElement, JSObject {
                                   ^^^^^^^^
/C:/Users/berkgoknil/AppData/Local/Pub/Cache/hosted/pub.dev/web-1.1.1/lib/src/dom/svg.dart:1803:71: Error: Type 'JSObject' not found.
extension type SVGPatternElement._(JSObject _) implements SVGElement, JSObject {
                                                                      ^^^^^^^^
/C:/Users/berkgoknil/AppData/Local/Pub/Cache/hosted/pub.dev/web-1.1.1/lib/src/dom/svg.dart:1829:35: Error: Type 'JSObject' not found.
extension type SVGScriptElement._(JSObject _) implements SVGElement, JSObject {
                                  ^^^^^^^^
/C:/Users/berkgoknil/AppData/Local/Pub/Cache/hosted/pub.dev/web-1.1.1/lib/src/dom/svg.dart:1829:70: Error: Type 'JSObject' not found.
extension type SVGScriptElement._(JSObject _) implements SVGElement, JSObject {
                                                                     ^^^^^^^^
/C:/Users/berkgoknil/AppData/Local/Pub/Cache/hosted/pub.dev/web-1.1.1/lib/src/dom/svg.dart:1851:30: Error: Type 'JSObject' not found.
extension type SVGAElement._(JSObject _)
                             ^^^^^^^^
/C:/Users/berkgoknil/AppData/Local/Pub/Cache/hosted/pub.dev/web-1.1.1/lib/src/dom/svg.dart:1852:36: Error: Type 'JSObject' not found.
    implements SVGGraphicsElement, JSObject {
                                   ^^^^^^^^
/C:/Users/berkgoknil/AppData/Local/Pub/Cache/hosted/pub.dev/web-1.1.1/lib/src/dom/svg.dart:1894:33: Error: Type 'JSObject' not found.
extension type SVGViewElement._(JSObject _) implements SVGElement, JSObject {
                                ^^^^^^^^
/C:/Users/berkgoknil/AppData/Local/Pub/Cache/hosted/pub.dev/web-1.1.1/lib/src/dom/svg.dart:1894:68: Error: Type 'JSObject' not found.
extension type SVGViewElement._(JSObject _) implements SVGElement, JSObject {
                                                                   ^^^^^^^^
/C:/Users/berkgoknil/AppData/Local/Pub/Cache/hosted/pub.dev/web-1.1.1/lib/src/dom/svg.dart:31:61: Error: The type 'JSObject' can't be implemented by an extension type.
extension type SVGElement._(JSObject _) implements Element, JSObject {
                                                            ^
/C:/Users/berkgoknil/AppData/Local/Pub/Cache/hosted/pub.dev/web-1.1.1/lib/src/dom/svg.dart:307:63: Error: The type 'JSObject' can't be implemented by an extension type.
extension type SVGBoundingBoxOptions._(JSObject _) implements JSObject {
                                                              ^
/C:/Users/berkgoknil/AppData/Local/Pub/Cache/hosted/pub.dev/web-1.1.1/lib/src/dom/svg.dart:333:28: Error: The type 'JSObject' can't be implemented by an extension type.
    implements SVGElement, JSObject {
                           ^
/C:/Users/berkgoknil/AppData/Local/Pub/Cache/hosted/pub.dev/web-1.1.1/lib/src/dom/svg.dart:367:36: Error: The type 'JSObject' can't be implemented by an extension type.
    implements SVGGraphicsElement, JSObject {
                                   ^
/C:/Users/berkgoknil/AppData/Local/Pub/Cache/hosted/pub.dev/web-1.1.1/lib/src/dom/svg.dart:413:51: Error: The type 'JSObject' can't be implemented by an extension type.
extension type SVGNumber._(JSObject _) implements JSObject {
                                                  ^
/C:/Users/berkgoknil/AppData/Local/Pub/Cache/hosted/pub.dev/web-1.1.1/lib/src/dom/svg.dart:424:51: Error: The type 'JSObject' can't be implemented by an extension type.
extension type SVGLength._(JSObject _) implements JSObject {
                                                  ^
/C:/Users/berkgoknil/AppData/Local/Pub/Cache/hosted/pub.dev/web-1.1.1/lib/src/dom/svg.dart:484:50: Error: The type 'JSObject' can't be implemented by an extension type.
extension type SVGAngle._(JSObject _) implements JSObject {
                                                 ^
/C:/Users/berkgoknil/AppData/Local/Pub/Cache/hosted/pub.dev/web-1.1.1/lib/src/dom/svg.dart:515:55: Error: The type 'JSObject' can't be implemented by an extension type.
extension type SVGNumberList._(JSObject _) implements JSObject {
                                                      ^
/C:/Users/berkgoknil/AppData/Local/Pub/Cache/hosted/pub.dev/web-1.1.1/lib/src/dom/svg.dart:543:55: Error: The type 'JSObject' can't be implemented by an extension type.
extension type SVGLengthList._(JSObject _) implements JSObject {
                                                      ^
/C:/Users/berkgoknil/AppData/Local/Pub/Cache/hosted/pub.dev/web-1.1.1/lib/src/dom/svg.dart:571:55: Error: The type 'JSObject' can't be implemented by an extension type.
extension type SVGStringList._(JSObject _) implements JSObject {
                                                      ^
/C:/Users/berkgoknil/AppData/Local/Pub/Cache/hosted/pub.dev/web-1.1.1/lib/src/dom/svg.dart:598:60: Error: The type 'JSObject' can't be implemented by an extension type.
extension type SVGAnimatedBoolean._(JSObject _) implements JSObject {
                                                           ^
/C:/Users/berkgoknil/AppData/Local/Pub/Cache/hosted/pub.dev/web-1.1.1/lib/src/dom/svg.dart:611:64: Error: The type 'JSObject' can't be implemented by an extension type.
extension type SVGAnimatedEnumeration._(JSObject _) implements JSObject {
                                                               ^
/C:/Users/berkgoknil/AppData/Local/Pub/Cache/hosted/pub.dev/web-1.1.1/lib/src/dom/svg.dart:629:60: Error: The type 'JSObject' can't be implemented by an extension type.
extension type SVGAnimatedInteger._(JSObject _) implements JSObject {
                                                           ^
/C:/Users/berkgoknil/AppData/Local/Pub/Cache/hosted/pub.dev/web-1.1.1/lib/src/dom/svg.dart:641:59: Error: The type 'JSObject' can't be implemented by an extension type.
extension type SVGAnimatedNumber._(JSObject _) implements JSObject {
                                                          ^
/C:/Users/berkgoknil/AppData/Local/Pub/Cache/hosted/pub.dev/web-1.1.1/lib/src/dom/svg.dart:654:59: Error: The type 'JSObject' can't be implemented by an extension type.
extension type SVGAnimatedLength._(JSObject _) implements JSObject {
                                                          ^
/C:/Users/berkgoknil/AppData/Local/Pub/Cache/hosted/pub.dev/web-1.1.1/lib/src/dom/svg.dart:671:58: Error: The type 'JSObject' can't be implemented by an extension type.
extension type SVGAnimatedAngle._(JSObject _) implements JSObject {
                                                         ^
/C:/Users/berkgoknil/AppData/Local/Pub/Cache/hosted/pub.dev/web-1.1.1/lib/src/dom/svg.dart:684:59: Error: The type 'JSObject' can't be implemented by an extension type.
extension type SVGAnimatedString._(JSObject _) implements JSObject {
                                                          ^
/C:/Users/berkgoknil/AppData/Local/Pub/Cache/hosted/pub.dev/web-1.1.1/lib/src/dom/svg.dart:745:57: Error: The type 'JSObject' can't be implemented by an extension type.
extension type SVGAnimatedRect._(JSObject _) implements JSObject {
                                                        ^
/C:/Users/berkgoknil/AppData/Local/Pub/Cache/hosted/pub.dev/web-1.1.1/lib/src/dom/svg.dart:756:63: Error: The type 'JSObject' can't be implemented by an extension type.
extension type SVGAnimatedNumberList._(JSObject _) implements JSObject {
                                                              ^
/C:/Users/berkgoknil/AppData/Local/Pub/Cache/hosted/pub.dev/web-1.1.1/lib/src/dom/svg.dart:767:63: Error: The type 'JSObject' can't be implemented by an extension type.
extension type SVGAnimatedLengthList._(JSObject _) implements JSObject {
                                                              ^
/C:/Users/berkgoknil/AppData/Local/Pub/Cache/hosted/pub.dev/web-1.1.1/lib/src/dom/svg.dart:780:54: Error: The type 'JSObject' can't be implemented by an extension type.
extension type SVGUnitTypes._(JSObject _) implements JSObject {
                                                     ^
/C:/Users/berkgoknil/AppData/Local/Pub/Cache/hosted/pub.dev/web-1.1.1/lib/src/dom/svg.dart:799:36: Error: The type 'JSObject' can't be implemented by an extension type.
    implements SVGGraphicsElement, JSObject {
                                   ^
/C:/Users/berkgoknil/AppData/Local/Pub/Cache/hosted/pub.dev/web-1.1.1/lib/src/dom/svg.dart:896:36: Error: The type 'JSObject' can't be implemented by an extension type.
    implements SVGGraphicsElement, JSObject {
                                   ^
/C:/Users/berkgoknil/AppData/Local/Pub/Cache/hosted/pub.dev/web-1.1.1/lib/src/dom/svg.dart:912:36: Error: The type 'JSObject' can't be implemented by an extension type.
    implements SVGGraphicsElement, JSObject {
                                   ^
/C:/Users/berkgoknil/AppData/Local/Pub/Cache/hosted/pub.dev/web-1.1.1/lib/src/dom/svg.dart:927:68: Error: The type 'JSObject' can't be implemented by an extension type.
extension type SVGDescElement._(JSObject _) implements SVGElement, JSObject {
                                                                   ^
/C:/Users/berkgoknil/AppData/Local/Pub/Cache/hosted/pub.dev/web-1.1.1/lib/src/dom/svg.dart:943:28: Error: The type 'JSObject' can't be implemented by an extension type.
    implements SVGElement, JSObject {
                           ^
/C:/Users/berkgoknil/AppData/Local/Pub/Cache/hosted/pub.dev/web-1.1.1/lib/src/dom/svg.dart:958:69: Error: The type 'JSObject' can't be implemented by an extension type.
extension type SVGTitleElement._(JSObject _) implements SVGElement, JSObject {
                                                                    ^
/C:/Users/berkgoknil/AppData/Local/Pub/Cache/hosted/pub.dev/web-1.1.1/lib/src/dom/svg.dart:974:36: Error: The type 'JSObject' can't be implemented by an extension type.
    implements SVGGraphicsElement, JSObject {
                                   ^
/C:/Users/berkgoknil/AppData/Local/Pub/Cache/hosted/pub.dev/web-1.1.1/lib/src/dom/svg.dart:993:36: Error: The type 'JSObject' can't be implemented by an extension type.
    implements SVGGraphicsElement, JSObject {
                                   ^
/C:/Users/berkgoknil/AppData/Local/Pub/Cache/hosted/pub.dev/web-1.1.1/lib/src/dom/svg.dart:1015:36: Error: The type 'JSObject' can't be implemented by an extension type.
    implements SVGGraphicsElement, JSObject {
                                   ^
/C:/Users/berkgoknil/AppData/Local/Pub/Cache/hosted/pub.dev/web-1.1.1/lib/src/dom/svg.dart:1030:69: Error: The type 'JSObject' can't be implemented by an extension type.
extension type SVGStyleElement._(JSObject _) implements SVGElement, JSObject {
                                                                    ^
/C:/Users/berkgoknil/AppData/Local/Pub/Cache/hosted/pub.dev/web-1.1.1/lib/src/dom/svg.dart:1077:54: Error: The type 'JSObject' can't be implemented by an extension type.
extension type SVGTransform._(JSObject _) implements JSObject {
                                                     ^
/C:/Users/berkgoknil/AppData/Local/Pub/Cache/hosted/pub.dev/web-1.1.1/lib/src/dom/svg.dart:1119:58: Error: The type 'JSObject' can't be implemented by an extension type.
extension type SVGTransformList._(JSObject _) implements JSObject {
                                                         ^
/C:/Users/berkgoknil/AppData/Local/Pub/Cache/hosted/pub.dev/web-1.1.1/lib/src/dom/svg.dart:1148:66: Error: The type 'JSObject' can't be implemented by an extension type.
extension type SVGAnimatedTransformList._(JSObject _) implements JSObject {
                                                                 ^
/C:/Users/berkgoknil/AppData/Local/Pub/Cache/hosted/pub.dev/web-1.1.1/lib/src/dom/svg.dart:1159:64: Error: The type 'JSObject' can't be implemented by an extension type.
extension type SVGPreserveAspectRatio._(JSObject _) implements JSObject {
                                                               ^
/C:/Users/berkgoknil/AppData/Local/Pub/Cache/hosted/pub.dev/web-1.1.1/lib/src/dom/svg.dart:1201:16: Error: The type 'JSObject' can't be implemented by an extension type.
    implements JSObject {
               ^
/C:/Users/berkgoknil/AppData/Local/Pub/Cache/hosted/pub.dev/web-1.1.1/lib/src/dom/svg.dart:1218:36: Error: The type 'JSObject' can't be implemented by an extension type.
    implements SVGGeometryElement, JSObject {
                                   ^
/C:/Users/berkgoknil/AppData/Local/Pub/Cache/hosted/pub.dev/web-1.1.1/lib/src/dom/svg.dart:1235:36: Error: The type 'JSObject' can't be implemented by an extension type.
    implements SVGGeometryElement, JSObject {
                                   ^
/C:/Users/berkgoknil/AppData/Local/Pub/Cache/hosted/pub.dev/web-1.1.1/lib/src/dom/svg.dart:1258:36: Error: The type 'JSObject' can't be implemented by an extension type.
    implements SVGGeometryElement, JSObject {
                                   ^
/C:/Users/berkgoknil/AppData/Local/Pub/Cache/hosted/pub.dev/web-1.1.1/lib/src/dom/svg.dart:1296:36: Error: The type 'JSObject' can't be implemented by an extension type.
    implements SVGGeometryElement, JSObject {
                                   ^
/C:/Users/berkgoknil/AppData/Local/Pub/Cache/hosted/pub.dev/web-1.1.1/lib/src/dom/svg.dart:1318:36: Error: The type 'JSObject' can't be implemented by an extension type.
    implements SVGGeometryElement, JSObject {
                                   ^
/C:/Users/berkgoknil/AppData/Local/Pub/Cache/hosted/pub.dev/web-1.1.1/lib/src/dom/svg.dart:1341:54: Error: The type 'JSObject' can't be implemented by an extension type.
extension type SVGPointList._(JSObject _) implements JSObject {
                                                     ^
/C:/Users/berkgoknil/AppData/Local/Pub/Cache/hosted/pub.dev/web-1.1.1/lib/src/dom/svg.dart:1397:36: Error: The type 'JSObject' can't be implemented by an extension type.
    implements SVGGeometryElement, JSObject {
                                   ^
/C:/Users/berkgoknil/AppData/Local/Pub/Cache/hosted/pub.dev/web-1.1.1/lib/src/dom/svg.dart:1417:36: Error: The type 'JSObject' can't be implemented by an extension type.
    implements SVGGeometryElement, JSObject {
                                   ^
/C:/Users/berkgoknil/AppData/Local/Pub/Cache/hosted/pub.dev/web-1.1.1/lib/src/dom/svg.dart:1439:36: Error: The type 'JSObject' can't be implemented by an extension type.
    implements SVGGraphicsElement, JSObject {
                                   ^
/C:/Users/berkgoknil/AppData/Local/Pub/Cache/hosted/pub.dev/web-1.1.1/lib/src/dom/svg.dart:1474:39: Error: The type 'JSObject' can't be implemented by an extension type.
    implements SVGTextContentElement, JSObject {
                                      ^
/C:/Users/berkgoknil/AppData/Local/Pub/Cache/hosted/pub.dev/web-1.1.1/lib/src/dom/svg.dart:1489:43: Error: The type 'JSObject' can't be implemented by an extension type.
    implements SVGTextPositioningElement, JSObject {
                                          ^
/C:/Users/berkgoknil/AppData/Local/Pub/Cache/hosted/pub.dev/web-1.1.1/lib/src/dom/svg.dart:1505:43: Error: The type 'JSObject' can't be implemented by an extension type.
    implements SVGTextPositioningElement, JSObject {
                                          ^
/C:/Users/berkgoknil/AppData/Local/Pub/Cache/hosted/pub.dev/web-1.1.1/lib/src/dom/svg.dart:1521:39: Error: The type 'JSObject' can't be implemented by an extension type.
    implements SVGTextContentElement, JSObject {
                                      ^
/C:/Users/berkgoknil/AppData/Local/Pub/Cache/hosted/pub.dev/web-1.1.1/lib/src/dom/svg.dart:1554:36: Error: The type 'JSObject' can't be implemented by an extension type.
    implements SVGGraphicsElement, JSObject {
                                   ^
/C:/Users/berkgoknil/AppData/Local/Pub/Cache/hosted/pub.dev/web-1.1.1/lib/src/dom/svg.dart:1605:36: Error: The type 'JSObject' can't be implemented by an extension type.
    implements SVGGraphicsElement, JSObject {
                                   ^
/C:/Users/berkgoknil/AppData/Local/Pub/Cache/hosted/pub.dev/web-1.1.1/lib/src/dom/svg.dart:1630:70: Error: The type 'JSObject' can't be implemented by an extension type.
extension type SVGMarkerElement._(JSObject _) implements SVGElement, JSObject {
                                                                     ^
/C:/Users/berkgoknil/AppData/Local/Pub/Cache/hosted/pub.dev/web-1.1.1/lib/src/dom/svg.dart:1721:28: Error: The type 'JSObject' can't be implemented by an extension type.
    implements SVGElement, JSObject {
                           ^
/C:/Users/berkgoknil/AppData/Local/Pub/Cache/hosted/pub.dev/web-1.1.1/lib/src/dom/svg.dart:1743:36: Error: The type 'JSObject' can't be implemented by an extension type.
    implements SVGGradientElement, JSObject {
                                   ^
/C:/Users/berkgoknil/AppData/Local/Pub/Cache/hosted/pub.dev/web-1.1.1/lib/src/dom/svg.dart:1764:36: Error: The type 'JSObject' can't be implemented by an extension type.
    implements SVGGradientElement, JSObject {
                                   ^
/C:/Users/berkgoknil/AppData/Local/Pub/Cache/hosted/pub.dev/web-1.1.1/lib/src/dom/svg.dart:1786:68: Error: The type 'JSObject' can't be implemented by an extension type.
extension type SVGStopElement._(JSObject _) implements SVGElement, JSObject {
                                                                   ^
/C:/Users/berkgoknil/AppData/Local/Pub/Cache/hosted/pub.dev/web-1.1.1/lib/src/dom/svg.dart:1803:71: Error: The type 'JSObject' can't be implemented by an extension type.
extension type SVGPatternElement._(JSObject _) implements SVGElement, JSObject {
                                                                      ^
/C:/Users/berkgoknil/AppData/Local/Pub/Cache/hosted/pub.dev/web-1.1.1/lib/src/dom/svg.dart:1829:70: Error: The type 'JSObject' can't be implemented by an extension type.
extension type SVGScriptElement._(JSObject _) implements SVGElement, JSObject {
                                                                     ^
/C:/Users/berkgoknil/AppData/Local/Pub/Cache/hosted/pub.dev/web-1.1.1/lib/src/dom/svg.dart:1852:36: Error: The type 'JSObject' can't be implemented by an extension type.
    implements SVGGraphicsElement, JSObject {
                                   ^
/C:/Users/berkgoknil/AppData/Local/Pub/Cache/hosted/pub.dev/web-1.1.1/lib/src/dom/svg.dart:1894:68: Error: The type 'JSObject' can't be implemented by an extension type.
extension type SVGViewElement._(JSObject _) implements SVGElement, JSObject {
                                                                   ^
/C:/Users/berkgoknil/AppData/Local/Pub/Cache/hosted/pub.dev/web-1.1.1/lib/src/dom/svg.dart:13:2: Error: Couldn't find constructor 'JS'.
@JS()
 ^^
/C:/Users/berkgoknil/AppData/Local/Pub/Cache/hosted/pub.dev/web-1.1.1/lib/src/dom/svg.dart:31:29: Error: 'JSObject' isn't a type.
extension type SVGElement._(JSObject _) implements Element, JSObject {
                            ^^^^^^^^
/C:/Users/berkgoknil/AppData/Local/Pub/Cache/hosted/pub.dev/web-1.1.1/lib/src/dom/svg.dart:307:40: Error: 'JSObject' isn't a type.
extension type SVGBoundingBoxOptions._(JSObject _) implements JSObject {
                                       ^^^^^^^^
/C:/Users/berkgoknil/AppData/Local/Pub/Cache/hosted/pub.dev/web-1.1.1/lib/src/dom/svg.dart:332:37: Error: 'JSObject' isn't a type.
extension type SVGGraphicsElement._(JSObject _)
                                    ^^^^^^^^
/C:/Users/berkgoknil/AppData/Local/Pub/Cache/hosted/pub.dev/web-1.1.1/lib/src/dom/svg.dart:366:37: Error: 'JSObject' isn't a type.
extension type SVGGeometryElement._(JSObject _)
                                    ^^^^^^^^
/C:/Users/berkgoknil/AppData/Local/Pub/Cache/hosted/pub.dev/web-1.1.1/lib/src/dom/svg.dart:413:28: Error: 'JSObject' isn't a type.
extension type SVGNumber._(JSObject _) implements JSObject {
                           ^^^^^^^^
/C:/Users/berkgoknil/AppData/Local/Pub/Cache/hosted/pub.dev/web-1.1.1/lib/src/dom/svg.dart:424:28: Error: 'JSObject' isn't a type.
extension type SVGLength._(JSObject _) implements JSObject {
                           ^^^^^^^^
/C:/Users/berkgoknil/AppData/Local/Pub/Cache/hosted/pub.dev/web-1.1.1/lib/src/dom/svg.dart:484:27: Error: 'JSObject' isn't a type.
extension type SVGAngle._(JSObject _) implements JSObject {
                          ^^^^^^^^
/C:/Users/berkgoknil/AppData/Local/Pub/Cache/hosted/pub.dev/web-1.1.1/lib/src/dom/svg.dart:515:32: Error: 'JSObject' isn't a type.
extension type SVGNumberList._(JSObject _) implements JSObject {
                               ^^^^^^^^
/C:/Users/berkgoknil/AppData/Local/Pub/Cache/hosted/pub.dev/web-1.1.1/lib/src/dom/svg.dart:543:32: Error: 'JSObject' isn't a type.
extension type SVGLengthList._(JSObject _) implements JSObject {
                               ^^^^^^^^
/C:/Users/berkgoknil/AppData/Local/Pub/Cache/hosted/pub.dev/web-1.1.1/lib/src/dom/svg.dart:571:32: Error: 'JSObject' isn't a type.
extension type SVGStringList._(JSObject _) implements JSObject {
                               ^^^^^^^^
/C:/Users/berkgoknil/AppData/Local/Pub/Cache/hosted/pub.dev/web-1.1.1/lib/src/dom/svg.dart:598:37: Error: 'JSObject' isn't a type.
extension type SVGAnimatedBoolean._(JSObject _) implements JSObject {
                                    ^^^^^^^^
/C:/Users/berkgoknil/AppData/Local/Pub/Cache/hosted/pub.dev/web-1.1.1/lib/src/dom/svg.dart:611:41: Error: 'JSObject' isn't a type.
extension type SVGAnimatedEnumeration._(JSObject _) implements JSObject {
                                        ^^^^^^^^
/C:/Users/berkgoknil/AppData/Local/Pub/Cache/hosted/pub.dev/web-1.1.1/lib/src/dom/svg.dart:629:37: Error: 'JSObject' isn't a type.
extension type SVGAnimatedInteger._(JSObject _) implements JSObject {
                                    ^^^^^^^^
/C:/Users/berkgoknil/AppData/Local/Pub/Cache/hosted/pub.dev/web-1.1.1/lib/src/dom/svg.dart:641:36: Error: 'JSObject' isn't a type.
extension type SVGAnimatedNumber._(JSObject _) implements JSObject {
                                   ^^^^^^^^
/C:/Users/berkgoknil/AppData/Local/Pub/Cache/hosted/pub.dev/web-1.1.1/lib/src/dom/svg.dart:654:36: Error: 'JSObject' isn't a type.
extension type SVGAnimatedLength._(JSObject _) implements JSObject {
                                   ^^^^^^^^
/C:/Users/berkgoknil/AppData/Local/Pub/Cache/hosted/pub.dev/web-1.1.1/lib/src/dom/svg.dart:671:35: Error: 'JSObject' isn't a type.
extension type SVGAnimatedAngle._(JSObject _) implements JSObject {
                                  ^^^^^^^^
/C:/Users/berkgoknil/AppData/Local/Pub/Cache/hosted/pub.dev/web-1.1.1/lib/src/dom/svg.dart:684:36: Error: 'JSObject' isn't a type.
extension type SVGAnimatedString._(JSObject _) implements JSObject {
                                   ^^^^^^^^
/C:/Users/berkgoknil/AppData/Local/Pub/Cache/hosted/pub.dev/web-1.1.1/lib/src/dom/svg.dart:745:34: Error: 'JSObject' isn't a type.
extension type SVGAnimatedRect._(JSObject _) implements JSObject {
                                 ^^^^^^^^
/C:/Users/berkgoknil/AppData/Local/Pub/Cache/hosted/pub.dev/web-1.1.1/lib/src/dom/svg.dart:756:40: Error: 'JSObject' isn't a type.
extension type SVGAnimatedNumberList._(JSObject _) implements JSObject {
                                       ^^^^^^^^
/C:/Users/berkgoknil/AppData/Local/Pub/Cache/hosted/pub.dev/web-1.1.1/lib/src/dom/svg.dart:767:40: Error: 'JSObject' isn't a type.
extension type SVGAnimatedLengthList._(JSObject _) implements JSObject {
                                       ^^^^^^^^
/C:/Users/berkgoknil/AppData/Local/Pub/Cache/hosted/pub.dev/web-1.1.1/lib/src/dom/svg.dart:780:31: Error: 'JSObject' isn't a type.
extension type SVGUnitTypes._(JSObject _) implements JSObject {
                              ^^^^^^^^
/C:/Users/berkgoknil/AppData/Local/Pub/Cache/hosted/pub.dev/web-1.1.1/lib/src/dom/svg.dart:798:32: Error: 'JSObject' isn't a type.
extension type SVGSVGElement._(JSObject _)
                               ^^^^^^^^
/C:/Users/berkgoknil/AppData/Local/Pub/Cache/hosted/pub.dev/web-1.1.1/lib/src/dom/svg.dart:895:30: Error: 'JSObject' isn't a type.
extension type SVGGElement._(JSObject _)
                             ^^^^^^^^
/C:/Users/berkgoknil/AppData/Local/Pub/Cache/hosted/pub.dev/web-1.1.1/lib/src/dom/svg.dart:911:33: Error: 'JSObject' isn't a type.
extension type SVGDefsElement._(JSObject _)
                                ^^^^^^^^
/C:/Users/berkgoknil/AppData/Local/Pub/Cache/hosted/pub.dev/web-1.1.1/lib/src/dom/svg.dart:927:33: Error: 'JSObject' isn't a type.
extension type SVGDescElement._(JSObject _) implements SVGElement, JSObject {
                                ^^^^^^^^
/C:/Users/berkgoknil/AppData/Local/Pub/Cache/hosted/pub.dev/web-1.1.1/lib/src/dom/svg.dart:942:37: Error: 'JSObject' isn't a type.
extension type SVGMetadataElement._(JSObject _)
                                    ^^^^^^^^
/C:/Users/berkgoknil/AppData/Local/Pub/Cache/hosted/pub.dev/web-1.1.1/lib/src/dom/svg.dart:958:34: Error: 'JSObject' isn't a type.
extension type SVGTitleElement._(JSObject _) implements SVGElement, JSObject {
                                 ^^^^^^^^
/C:/Users/berkgoknil/AppData/Local/Pub/Cache/hosted/pub.dev/web-1.1.1/lib/src/dom/svg.dart:973:35: Error: 'JSObject' isn't a type.
extension type SVGSymbolElement._(JSObject _)
                                  ^^^^^^^^
/C:/Users/berkgoknil/AppData/Local/Pub/Cache/hosted/pub.dev/web-1.1.1/lib/src/dom/svg.dart:992:32: Error: 'JSObject' isn't a type.
extension type SVGUseElement._(JSObject _)
                               ^^^^^^^^
/C:/Users/berkgoknil/AppData/Local/Pub/Cache/hosted/pub.dev/web-1.1.1/lib/src/dom/svg.dart:1014:35: Error: 'JSObject' isn't a type.
extension type SVGSwitchElement._(JSObject _)
                                  ^^^^^^^^
/C:/Users/berkgoknil/AppData/Local/Pub/Cache/hosted/pub.dev/web-1.1.1/lib/src/dom/svg.dart:1030:34: Error: 'JSObject' isn't a type.
extension type SVGStyleElement._(JSObject _) implements SVGElement, JSObject {
                                 ^^^^^^^^
/C:/Users/berkgoknil/AppData/Local/Pub/Cache/hosted/pub.dev/web-1.1.1/lib/src/dom/svg.dart:1077:31: Error: 'JSObject' isn't a type.
extension type SVGTransform._(JSObject _) implements JSObject {
                              ^^^^^^^^
/C:/Users/berkgoknil/AppData/Local/Pub/Cache/hosted/pub.dev/web-1.1.1/lib/src/dom/svg.dart:1119:35: Error: 'JSObject' isn't a type.
extension type SVGTransformList._(JSObject _) implements JSObject {
                                  ^^^^^^^^
/C:/Users/berkgoknil/AppData/Local/Pub/Cache/hosted/pub.dev/web-1.1.1/lib/src/dom/svg.dart:1148:43: Error: 'JSObject' isn't a type.
extension type SVGAnimatedTransformList._(JSObject _) implements JSObject {
                                          ^^^^^^^^
/C:/Users/berkgoknil/AppData/Local/Pub/Cache/hosted/pub.dev/web-1.1.1/lib/src/dom/svg.dart:1159:41: Error: 'JSObject' isn't a type.
extension type SVGPreserveAspectRatio._(JSObject _) implements JSObject {
                                        ^^^^^^^^
/C:/Users/berkgoknil/AppData/Local/Pub/Cache/hosted/pub.dev/web-1.1.1/lib/src/dom/svg.dart:1200:49: Error: 'JSObject' isn't a type.
extension type SVGAnimatedPreserveAspectRatio._(JSObject _)
                                                ^^^^^^^^
/C:/Users/berkgoknil/AppData/Local/Pub/Cache/hosted/pub.dev/web-1.1.1/lib/src/dom/svg.dart:1217:33: Error: 'JSObject' isn't a type.
extension type SVGPathElement._(JSObject _)
                                ^^^^^^^^
/C:/Users/berkgoknil/AppData/Local/Pub/Cache/hosted/pub.dev/web-1.1.1/lib/src/dom/svg.dart:1234:33: Error: 'JSObject' isn't a type.
extension type SVGRectElement._(JSObject _)
                                ^^^^^^^^
/C:/Users/berkgoknil/AppData/Local/Pub/Cache/hosted/pub.dev/web-1.1.1/lib/src/dom/svg.dart:1257:35: Error: 'JSObject' isn't a type.
extension type SVGCircleElement._(JSObject _)
                                  ^^^^^^^^
/C:/Users/berkgoknil/AppData/Local/Pub/Cache/hosted/pub.dev/web-1.1.1/lib/src/dom/svg.dart:1295:36: Error: 'JSObject' isn't a type.
extension type SVGEllipseElement._(JSObject _)
                                   ^^^^^^^^
/C:/Users/berkgoknil/AppData/Local/Pub/Cache/hosted/pub.dev/web-1.1.1/lib/src/dom/svg.dart:1317:33: Error: 'JSObject' isn't a type.
extension type SVGLineElement._(JSObject _)
                                ^^^^^^^^
/C:/Users/berkgoknil/AppData/Local/Pub/Cache/hosted/pub.dev/web-1.1.1/lib/src/dom/svg.dart:1341:31: Error: 'JSObject' isn't a type.
extension type SVGPointList._(JSObject _) implements JSObject {
                              ^^^^^^^^
/C:/Users/berkgoknil/AppData/Local/Pub/Cache/hosted/pub.dev/web-1.1.1/lib/src/dom/svg.dart:1396:37: Error: 'JSObject' isn't a type.
extension type SVGPolylineElement._(JSObject _)
                                    ^^^^^^^^
/C:/Users/berkgoknil/AppData/Local/Pub/Cache/hosted/pub.dev/web-1.1.1/lib/src/dom/svg.dart:1416:36: Error: 'JSObject' isn't a type.
extension type SVGPolygonElement._(JSObject _)
                                   ^^^^^^^^
/C:/Users/berkgoknil/AppData/Local/Pub/Cache/hosted/pub.dev/web-1.1.1/lib/src/dom/svg.dart:1438:40: Error: 'JSObject' isn't a type.
extension type SVGTextContentElement._(JSObject _)
                                       ^^^^^^^^
/C:/Users/berkgoknil/AppData/Local/Pub/Cache/hosted/pub.dev/web-1.1.1/lib/src/dom/svg.dart:1473:44: Error: 'JSObject' isn't a type.
extension type SVGTextPositioningElement._(JSObject _)
                                           ^^^^^^^^
/C:/Users/berkgoknil/AppData/Local/Pub/Cache/hosted/pub.dev/web-1.1.1/lib/src/dom/svg.dart:1488:33: Error: 'JSObject' isn't a type.
extension type SVGTextElement._(JSObject _)
                                ^^^^^^^^
/C:/Users/berkgoknil/AppData/Local/Pub/Cache/hosted/pub.dev/web-1.1.1/lib/src/dom/svg.dart:1504:34: Error: 'JSObject' isn't a type.
extension type SVGTSpanElement._(JSObject _)
                                 ^^^^^^^^
/C:/Users/berkgoknil/AppData/Local/Pub/Cache/hosted/pub.dev/web-1.1.1/lib/src/dom/svg.dart:1520:37: Error: 'JSObject' isn't a type.
extension type SVGTextPathElement._(JSObject _)
                                    ^^^^^^^^
/C:/Users/berkgoknil/AppData/Local/Pub/Cache/hosted/pub.dev/web-1.1.1/lib/src/dom/svg.dart:1553:34: Error: 'JSObject' isn't a type.
extension type SVGImageElement._(JSObject _)
                                 ^^^^^^^^
/C:/Users/berkgoknil/AppData/Local/Pub/Cache/hosted/pub.dev/web-1.1.1/lib/src/dom/svg.dart:1604:42: Error: 'JSObject' isn't a type.
extension type SVGForeignObjectElement._(JSObject _)
                                         ^^^^^^^^
/C:/Users/berkgoknil/AppData/Local/Pub/Cache/hosted/pub.dev/web-1.1.1/lib/src/dom/svg.dart:1630:35: Error: 'JSObject' isn't a type.
extension type SVGMarkerElement._(JSObject _) implements SVGElement, JSObject {
                                  ^^^^^^^^
/C:/Users/berkgoknil/AppData/Local/Pub/Cache/hosted/pub.dev/web-1.1.1/lib/src/dom/svg.dart:1720:37: Error: 'JSObject' isn't a type.
extension type SVGGradientElement._(JSObject _)
                                    ^^^^^^^^
/C:/Users/berkgoknil/AppData/Local/Pub/Cache/hosted/pub.dev/web-1.1.1/lib/src/dom/svg.dart:1742:43: Error: 'JSObject' isn't a type.
extension type SVGLinearGradientElement._(JSObject _)
                                          ^^^^^^^^
/C:/Users/berkgoknil/AppData/Local/Pub/Cache/hosted/pub.dev/web-1.1.1/lib/src/dom/svg.dart:1763:43: Error: 'JSObject' isn't a type.
extension type SVGRadialGradientElement._(JSObject _)
                                          ^^^^^^^^
/C:/Users/berkgoknil/AppData/Local/Pub/Cache/hosted/pub.dev/web-1.1.1/lib/src/dom/svg.dart:1786:33: Error: 'JSObject' isn't a type.
extension type SVGStopElement._(JSObject _) implements SVGElement, JSObject {
                                ^^^^^^^^
/C:/Users/berkgoknil/AppData/Local/Pub/Cache/hosted/pub.dev/web-1.1.1/lib/src/dom/svg.dart:1803:36: Error: 'JSObject' isn't a type.
extension type SVGPatternElement._(JSObject _) implements SVGElement, JSObject {
                                   ^^^^^^^^
/C:/Users/berkgoknil/AppData/Local/Pub/Cache/hosted/pub.dev/web-1.1.1/lib/src/dom/svg.dart:1829:35: Error: 'JSObject' isn't a type.
extension type SVGScriptElement._(JSObject _) implements SVGElement, JSObject {
                                  ^^^^^^^^
/C:/Users/berkgoknil/AppData/Local/Pub/Cache/hosted/pub.dev/web-1.1.1/lib/src/dom/svg.dart:1851:30: Error: 'JSObject' isn't a type.
extension type SVGAElement._(JSObject _)
                             ^^^^^^^^
/C:/Users/berkgoknil/AppData/Local/Pub/Cache/hosted/pub.dev/web-1.1.1/lib/src/dom/svg.dart:1894:33: Error: 'JSObject' isn't a type.
extension type SVGViewElement._(JSObject _) implements SVGElement, JSObject {
                                ^^^^^^^^
/C:/Users/berkgoknil/AppData/Local/Pub/Cache/hosted/pub.dev/web-1.1.1/lib/src/dom/cssom.dart:16:8: Error: Dart library 'dart:js_interop' is not available on this platform.
import 'dart:js_interop';
       ^
/C:/Users/berkgoknil/AppData/Local/Pub/Cache/hosted/pub.dev/web-1.1.1/lib/src/dom/cssom.dart:33:28: Error: Type 'JSObject' not found.
extension type MediaList._(JSObject _) implements JSObject {
                           ^^^^^^^^
/C:/Users/berkgoknil/AppData/Local/Pub/Cache/hosted/pub.dev/web-1.1.1/lib/src/dom/cssom.dart:33:51: Error: Type 'JSObject' not found.
extension type MediaList._(JSObject _) implements JSObject {
                                                  ^^^^^^^^
/C:/Users/berkgoknil/AppData/Local/Pub/Cache/hosted/pub.dev/web-1.1.1/lib/src/dom/cssom.dart:67:29: Error: Type 'JSObject' not found.
extension type StyleSheet._(JSObject _) implements JSObject {
                            ^^^^^^^^
/C:/Users/berkgoknil/AppData/Local/Pub/Cache/hosted/pub.dev/web-1.1.1/lib/src/dom/cssom.dart:67:52: Error: Type 'JSObject' not found.
extension type StyleSheet._(JSObject _) implements JSObject {
                                                   ^^^^^^^^
/C:/Users/berkgoknil/AppData/Local/Pub/Cache/hosted/pub.dev/web-1.1.1/lib/src/dom/cssom.dart:90:12: Error: Type 'JSObject' not found.
  external JSObject? get ownerNode;
           ^^^^^^^^
/C:/Users/berkgoknil/AppData/Local/Pub/Cache/hosted/pub.dev/web-1.1.1/lib/src/dom/cssom.dart:156:32: Error: Type 'JSObject' not found.
extension type CSSStyleSheet._(JSObject _) implements StyleSheet, JSObject {
                               ^^^^^^^^
/C:/Users/berkgoknil/AppData/Local/Pub/Cache/hosted/pub.dev/web-1.1.1/lib/src/dom/cssom.dart:156:67: Error: Type 'JSObject' not found.
extension type CSSStyleSheet._(JSObject _) implements StyleSheet, JSObject {
                                                                  ^^^^^^^^
/C:/Users/berkgoknil/AppData/Local/Pub/Cache/hosted/pub.dev/web-1.1.1/lib/src/dom/cssom.dart:187:12: Error: Type 'JSPromise' not found.
  external JSPromise<CSSStyleSheet> replace(String text);
           ^^^^^^^^^
/C:/Users/berkgoknil/AppData/Local/Pub/Cache/hosted/pub.dev/web-1.1.1/lib/src/dom/cssom.dart:247:36: Error: Type 'JSObject' not found.
extension type CSSStyleSheetInit._(JSObject _) implements JSObject {
                                   ^^^^^^^^
/C:/Users/berkgoknil/AppData/Local/Pub/Cache/hosted/pub.dev/web-1.1.1/lib/src/dom/cssom.dart:247:59: Error: Type 'JSObject' not found.
extension type CSSStyleSheetInit._(JSObject _) implements JSObject {
                                                          ^^^^^^^^
/C:/Users/berkgoknil/AppData/Local/Pub/Cache/hosted/pub.dev/web-1.1.1/lib/src/dom/cssom.dart:250:5: Error: Type 'JSAny' not found.
    JSAny media,
    ^^^^^
/C:/Users/berkgoknil/AppData/Local/Pub/Cache/hosted/pub.dev/web-1.1.1/lib/src/dom/cssom.dart:256:12: Error: Type 'JSAny' not found.
  external JSAny get media;
           ^^^^^
/C:/Users/berkgoknil/AppData/Local/Pub/Cache/hosted/pub.dev/web-1.1.1/lib/src/dom/cssom.dart:257:22: Error: Type 'JSAny' not found.
  external set media(JSAny value);
                     ^^^^^
/C:/Users/berkgoknil/AppData/Local/Pub/Cache/hosted/pub.dev/web-1.1.1/lib/src/dom/cssom.dart:280:33: Error: Type 'JSObject' not found.
extension type StyleSheetList._(JSObject _) implements JSObject {
                                ^^^^^^^^
/C:/Users/berkgoknil/AppData/Local/Pub/Cache/hosted/pub.dev/web-1.1.1/lib/src/dom/cssom.dart:280:56: Error: Type 'JSObject' not found.
extension type StyleSheetList._(JSObject _) implements JSObject {
                                                       ^^^^^^^^
/C:/Users/berkgoknil/AppData/Local/Pub/Cache/hosted/pub.dev/web-1.1.1/lib/src/dom/cssom.dart:319:30: Error: Type 'JSObject' not found.
extension type CSSRuleList._(JSObject _) implements JSObject {
                             ^^^^^^^^
/C:/Users/berkgoknil/AppData/Local/Pub/Cache/hosted/pub.dev/web-1.1.1/lib/src/dom/cssom.dart:319:53: Error: Type 'JSObject' not found.
extension type CSSRuleList._(JSObject _) implements JSObject {
                                                    ^^^^^^^^
/C:/Users/berkgoknil/AppData/Local/Pub/Cache/hosted/pub.dev/web-1.1.1/lib/src/dom/cssom.dart:354:26: Error: Type 'JSObject' not found.
extension type CSSRule._(JSObject _) implements JSObject {
                         ^^^^^^^^
/C:/Users/berkgoknil/AppData/Local/Pub/Cache/hosted/pub.dev/web-1.1.1/lib/src/dom/cssom.dart:354:49: Error: Type 'JSObject' not found.
extension type CSSRule._(JSObject _) implements JSObject {
                                                ^^^^^^^^
/C:/Users/berkgoknil/AppData/Local/Pub/Cache/hosted/pub.dev/web-1.1.1/lib/src/dom/cssom.dart:441:31: Error: Type 'JSObject' not found.
extension type CSSStyleRule._(JSObject _) implements CSSGroupingRule, JSObject {
                              ^^^^^^^^
/C:/Users/berkgoknil/AppData/Local/Pub/Cache/hosted/pub.dev/web-1.1.1/lib/src/dom/cssom.dart:441:71: Error: Type 'JSObject' not found.
extension type CSSStyleRule._(JSObject _) implements CSSGroupingRule, JSObject {
                                                                      ^^^^^^^^
/C:/Users/berkgoknil/AppData/Local/Pub/Cache/hosted/pub.dev/web-1.1.1/lib/src/dom/cssom.dart:451:12: Error: Type 'JSObject' not found.
  external JSObject get style;
           ^^^^^^^^
/C:/Users/berkgoknil/AppData/Local/Pub/Cache/hosted/pub.dev/web-1.1.1/lib/src/dom/cssom.dart:466:32: Error: Type 'JSObject' not found.
extension type CSSImportRule._(JSObject _) implements CSSRule, JSObject {
                               ^^^^^^^^
/C:/Users/berkgoknil/AppData/Local/Pub/Cache/hosted/pub.dev/web-1.1.1/lib/src/dom/cssom.dart:466:64: Error: Type 'JSObject' not found.
extension type CSSImportRule._(JSObject _) implements CSSRule, JSObject {
                                                               ^^^^^^^^
/C:/Users/berkgoknil/AppData/Local/Pub/Cache/hosted/pub.dev/web-1.1.1/lib/src/dom/cssom.dart:519:34: Error: Type 'JSObject' not found.
extension type CSSGroupingRule._(JSObject _) implements CSSRule, JSObject {
                                 ^^^^^^^^
/C:/Users/berkgoknil/AppData/Local/Pub/Cache/hosted/pub.dev/web-1.1.1/lib/src/dom/cssom.dart:519:66: Error: Type 'JSObject' not found.
extension type CSSGroupingRule._(JSObject _) implements CSSRule, JSObject {
                                                                 ^^^^^^^^
/C:/Users/berkgoknil/AppData/Local/Pub/Cache/hosted/pub.dev/web-1.1.1/lib/src/dom/cssom.dart:544:30: Error: Type 'JSObject' not found.
extension type CSSPageRule._(JSObject _) implements CSSGroupingRule, JSObject {
                             ^^^^^^^^
/C:/Users/berkgoknil/AppData/Local/Pub/Cache/hosted/pub.dev/web-1.1.1/lib/src/dom/cssom.dart:544:70: Error: Type 'JSObject' not found.
extension type CSSPageRule._(JSObject _) implements CSSGroupingRule, JSObject {
                                                                     ^^^^^^^^
/C:/Users/berkgoknil/AppData/Local/Pub/Cache/hosted/pub.dev/web-1.1.1/lib/src/dom/cssom.dart:555:12: Error: Type 'JSObject' not found.
  external JSObject get style;
           ^^^^^^^^
/C:/Users/berkgoknil/AppData/Local/Pub/Cache/hosted/pub.dev/web-1.1.1/lib/src/dom/cssom.dart:566:35: Error: Type 'JSObject' not found.
extension type CSSNamespaceRule._(JSObject _) implements CSSRule, JSObject {
                                  ^^^^^^^^
/C:/Users/berkgoknil/AppData/Local/Pub/Cache/hosted/pub.dev/web-1.1.1/lib/src/dom/cssom.dart:566:67: Error: Type 'JSObject' not found.
extension type CSSNamespaceRule._(JSObject _) implements CSSRule, JSObject {
                                                                  ^^^^^^^^
/C:/Users/berkgoknil/AppData/Local/Pub/Cache/hosted/pub.dev/web-1.1.1/lib/src/dom/cssom.dart:596:38: Error: Type 'JSObject' not found.
extension type CSSStyleDeclaration._(JSObject _) implements JSObject {
                                     ^^^^^^^^
/C:/Users/berkgoknil/AppData/Local/Pub/Cache/hosted/pub.dev/web-1.1.1/lib/src/dom/cssom.dart:596:61: Error: Type 'JSObject' not found.
extension type CSSStyleDeclaration._(JSObject _) implements JSObject {
                                                            ^^^^^^^^
/C:/Users/berkgoknil/AppData/Local/Pub/Cache/hosted/pub.dev/web-1.1.1/lib/src/dom/cssom.dart:1932:23: Error: Type 'JSObject' not found.
extension type $CSS._(JSObject _) implements JSObject {
                      ^^^^^^^^
/C:/Users/berkgoknil/AppData/Local/Pub/Cache/hosted/pub.dev/web-1.1.1/lib/src/dom/cssom.dart:1932:46: Error: Type 'JSObject' not found.
extension type $CSS._(JSObject _) implements JSObject {
                                             ^^^^^^^^
/C:/Users/berkgoknil/AppData/Local/Pub/Cache/hosted/pub.dev/web-1.1.1/lib/src/dom/cssom.dart:33:51: Error: The type 'JSObject' can't be implemented by an extension type.
extension type MediaList._(JSObject _) implements JSObject {
                                                  ^
/C:/Users/berkgoknil/AppData/Local/Pub/Cache/hosted/pub.dev/web-1.1.1/lib/src/dom/cssom.dart:67:52: Error: The type 'JSObject' can't be implemented by an extension type.
extension type StyleSheet._(JSObject _) implements JSObject {
                                                   ^
/C:/Users/berkgoknil/AppData/Local/Pub/Cache/hosted/pub.dev/web-1.1.1/lib/src/dom/cssom.dart:156:67: Error: The type 'JSObject' can't be implemented by an extension type.
extension type CSSStyleSheet._(JSObject _) implements StyleSheet, JSObject {
                                                                  ^
/C:/Users/berkgoknil/AppData/Local/Pub/Cache/hosted/pub.dev/web-1.1.1/lib/src/dom/cssom.dart:247:59: Error: The type 'JSObject' can't be implemented by an extension type.
extension type CSSStyleSheetInit._(JSObject _) implements JSObject {
                                                          ^
/C:/Users/berkgoknil/AppData/Local/Pub/Cache/hosted/pub.dev/web-1.1.1/lib/src/dom/cssom.dart:280:56: Error: The type 'JSObject' can't be implemented by an extension type.
extension type StyleSheetList._(JSObject _) implements JSObject {
                                                       ^
/C:/Users/berkgoknil/AppData/Local/Pub/Cache/hosted/pub.dev/web-1.1.1/lib/src/dom/cssom.dart:319:53: Error: The type 'JSObject' can't be implemented by an extension type.
extension type CSSRuleList._(JSObject _) implements JSObject {
                                                    ^
/C:/Users/berkgoknil/AppData/Local/Pub/Cache/hosted/pub.dev/web-1.1.1/lib/src/dom/cssom.dart:354:49: Error: The type 'JSObject' can't be implemented by an extension type.
extension type CSSRule._(JSObject _) implements JSObject {
                                                ^
/C:/Users/berkgoknil/AppData/Local/Pub/Cache/hosted/pub.dev/web-1.1.1/lib/src/dom/cssom.dart:441:71: Error: The type 'JSObject' can't be implemented by an extension type.
extension type CSSStyleRule._(JSObject _) implements CSSGroupingRule, JSObject {
                                                                      ^
/C:/Users/berkgoknil/AppData/Local/Pub/Cache/hosted/pub.dev/web-1.1.1/lib/src/dom/cssom.dart:466:64: Error: The type 'JSObject' can't be implemented by an extension type.
extension type CSSImportRule._(JSObject _) implements CSSRule, JSObject {
                                                               ^
/C:/Users/berkgoknil/AppData/Local/Pub/Cache/hosted/pub.dev/web-1.1.1/lib/src/dom/cssom.dart:519:66: Error: The type 'JSObject' can't be implemented by an extension type.
extension type CSSGroupingRule._(JSObject _) implements CSSRule, JSObject {
                                                                 ^
/C:/Users/berkgoknil/AppData/Local/Pub/Cache/hosted/pub.dev/web-1.1.1/lib/src/dom/cssom.dart:544:70: Error: The type 'JSObject' can't be implemented by an extension type.
extension type CSSPageRule._(JSObject _) implements CSSGroupingRule, JSObject {
                                                                     ^
/C:/Users/berkgoknil/AppData/Local/Pub/Cache/hosted/pub.dev/web-1.1.1/lib/src/dom/cssom.dart:566:67: Error: The type 'JSObject' can't be implemented by an extension type.
extension type CSSNamespaceRule._(JSObject _) implements CSSRule, JSObject {
                                                                  ^
/C:/Users/berkgoknil/AppData/Local/Pub/Cache/hosted/pub.dev/web-1.1.1/lib/src/dom/cssom.dart:596:61: Error: The type 'JSObject' can't be implemented by an extension type.
extension type CSSStyleDeclaration._(JSObject _) implements JSObject {
                                                            ^
/C:/Users/berkgoknil/AppData/Local/Pub/Cache/hosted/pub.dev/web-1.1.1/lib/src/dom/cssom.dart:1932:46: Error: The type 'JSObject' can't be implemented by an extension type.
extension type $CSS._(JSObject _) implements JSObject {
                                             ^
/C:/Users/berkgoknil/AppData/Local/Pub/Cache/hosted/pub.dev/web-1.1.1/lib/src/dom/cssom.dart:13:2: Error: Couldn't find constructor 'JS'.
@JS()
 ^^
/C:/Users/berkgoknil/AppData/Local/Pub/Cache/hosted/pub.dev/web-1.1.1/lib/src/dom/cssom.dart:1001:4: Error: Couldn't find constructor 'JS'.
  @JS('continue')
   ^^
/C:/Users/berkgoknil/AppData/Local/Pub/Cache/hosted/pub.dev/web-1.1.1/lib/src/dom/cssom.dart:1003:4: Error: Couldn't find constructor 'JS'.
  @JS('continue')
   ^^
/C:/Users/berkgoknil/AppData/Local/Pub/Cache/hosted/pub.dev/web-1.1.1/lib/src/dom/cssom.dart:1920:2: Error: Couldn't find constructor 'JS'.
@JS()
 ^^
/C:/Users/berkgoknil/AppData/Local/Pub/Cache/hosted/pub.dev/web-1.1.1/lib/src/dom/cssom.dart:1931:2: Error: Couldn't find constructor 'JS'.
@JS('CSS')
 ^^
/C:/Users/berkgoknil/AppData/Local/Pub/Cache/hosted/pub.dev/web-1.1.1/lib/src/dom/cssom.dart:1986:4: Error: Couldn't find constructor 'JS'.
  @JS('in')
   ^^
/C:/Users/berkgoknil/AppData/Local/Pub/Cache/hosted/pub.dev/web-1.1.1/lib/src/dom/cssom.dart:33:28: Error: 'JSObject' isn't a type.
extension type MediaList._(JSObject _) implements JSObject {
                           ^^^^^^^^
/C:/Users/berkgoknil/AppData/Local/Pub/Cache/hosted/pub.dev/web-1.1.1/lib/src/dom/cssom.dart:67:29: Error: 'JSObject' isn't a type.
extension type StyleSheet._(JSObject _) implements JSObject {
                            ^^^^^^^^
/C:/Users/berkgoknil/AppData/Local/Pub/Cache/hosted/pub.dev/web-1.1.1/lib/src/dom/cssom.dart:156:32: Error: 'JSObject' isn't a type.
extension type CSSStyleSheet._(JSObject _) implements StyleSheet, JSObject {
                               ^^^^^^^^
/C:/Users/berkgoknil/AppData/Local/Pub/Cache/hosted/pub.dev/web-1.1.1/lib/src/dom/cssom.dart:247:36: Error: 'JSObject' isn't a type.
extension type CSSStyleSheetInit._(JSObject _) implements JSObject {
                                   ^^^^^^^^
/C:/Users/berkgoknil/AppData/Local/Pub/Cache/hosted/pub.dev/web-1.1.1/lib/src/dom/cssom.dart:250:5: Error: 'JSAny' isn't a type.
    JSAny media,
    ^^^^^
/C:/Users/berkgoknil/AppData/Local/Pub/Cache/hosted/pub.dev/web-1.1.1/lib/src/dom/cssom.dart:257:22: Error: 'JSAny' isn't a type.
  external set media(JSAny value);
                     ^^^^^
/C:/Users/berkgoknil/AppData/Local/Pub/Cache/hosted/pub.dev/web-1.1.1/lib/src/dom/cssom.dart:280:33: Error: 'JSObject' isn't a type.
extension type StyleSheetList._(JSObject _) implements JSObject {
                                ^^^^^^^^
/C:/Users/berkgoknil/AppData/Local/Pub/Cache/hosted/pub.dev/web-1.1.1/lib/src/dom/cssom.dart:319:30: Error: 'JSObject' isn't a type.
extension type CSSRuleList._(JSObject _) implements JSObject {
                             ^^^^^^^^
/C:/Users/berkgoknil/AppData/Local/Pub/Cache/hosted/pub.dev/web-1.1.1/lib/src/dom/cssom.dart:354:26: Error: 'JSObject' isn't a type.
extension type CSSRule._(JSObject _) implements JSObject {
                         ^^^^^^^^
/C:/Users/berkgoknil/AppData/Local/Pub/Cache/hosted/pub.dev/web-1.1.1/lib/src/dom/cssom.dart:441:31: Error: 'JSObject' isn't a type.
extension type CSSStyleRule._(JSObject _) implements CSSGroupingRule, JSObject {
                              ^^^^^^^^
/C:/Users/berkgoknil/AppData/Local/Pub/Cache/hosted/pub.dev/web-1.1.1/lib/src/dom/cssom.dart:466:32: Error: 'JSObject' isn't a type.
extension type CSSImportRule._(JSObject _) implements CSSRule, JSObject {
                               ^^^^^^^^
/C:/Users/berkgoknil/AppData/Local/Pub/Cache/hosted/pub.dev/web-1.1.1/lib/src/dom/cssom.dart:519:34: Error: 'JSObject' isn't a type.
extension type CSSGroupingRule._(JSObject _) implements CSSRule, JSObject {
                                 ^^^^^^^^
/C:/Users/berkgoknil/AppData/Local/Pub/Cache/hosted/pub.dev/web-1.1.1/lib/src/dom/cssom.dart:544:30: Error: 'JSObject' isn't a type.
extension type CSSPageRule._(JSObject _) implements CSSGroupingRule, JSObject {
                             ^^^^^^^^
/C:/Users/berkgoknil/AppData/Local/Pub/Cache/hosted/pub.dev/web-1.1.1/lib/src/dom/cssom.dart:566:35: Error: 'JSObject' isn't a type.
extension type CSSNamespaceRule._(JSObject _) implements CSSRule, JSObject {
                                  ^^^^^^^^
/C:/Users/berkgoknil/AppData/Local/Pub/Cache/hosted/pub.dev/web-1.1.1/lib/src/dom/cssom.dart:596:38: Error: 'JSObject' isn't a type.
extension type CSSStyleDeclaration._(JSObject _) implements JSObject {
                                     ^^^^^^^^
/C:/Users/berkgoknil/AppData/Local/Pub/Cache/hosted/pub.dev/web-1.1.1/lib/src/dom/cssom.dart:1932:23: Error: 'JSObject' isn't a type.
extension type $CSS._(JSObject _) implements JSObject {
                      ^^^^^^^^
/C:/Users/berkgoknil/AppData/Local/Pub/Cache/hosted/pub.dev/web-1.1.1/lib/src/dom/css_properties_values_api.dart:16:8: Error: Dart library 'dart:js_interop' is not available on this platform.
import 'dart:js_interop';
       ^
/C:/Users/berkgoknil/AppData/Local/Pub/Cache/hosted/pub.dev/web-1.1.1/lib/src/dom/css_properties_values_api.dart:20:37: Error: Type 'JSObject' not found.
extension type PropertyDefinition._(JSObject _) implements JSObject {
                                    ^^^^^^^^
/C:/Users/berkgoknil/AppData/Local/Pub/Cache/hosted/pub.dev/web-1.1.1/lib/src/dom/css_properties_values_api.dart:20:60: Error: Type 'JSObject' not found.
extension type PropertyDefinition._(JSObject _) implements JSObject {
                                                           ^^^^^^^^
/C:/Users/berkgoknil/AppData/Local/Pub/Cache/hosted/pub.dev/web-1.1.1/lib/src/dom/css_properties_values_api.dart:46:34: Error: Type 'JSObject' not found.
extension type CSSPropertyRule._(JSObject _) implements CSSRule, JSObject {
                                 ^^^^^^^^
/C:/Users/berkgoknil/AppData/Local/Pub/Cache/hosted/pub.dev/web-1.1.1/lib/src/dom/css_properties_values_api.dart:46:66: Error: Type 'JSObject' not found.
extension type CSSPropertyRule._(JSObject _) implements CSSRule, JSObject {
                                                                 ^^^^^^^^
/C:/Users/berkgoknil/AppData/Local/Pub/Cache/hosted/pub.dev/web-1.1.1/lib/src/dom/css_properties_values_api.dart:20:60: Error: The type 'JSObject' can't be implemented by an extension type.
extension type PropertyDefinition._(JSObject _) implements JSObject {
                                                           ^
/C:/Users/berkgoknil/AppData/Local/Pub/Cache/hosted/pub.dev/web-1.1.1/lib/src/dom/css_properties_values_api.dart:46:66: Error: The type 'JSObject' can't be implemented by an extension type.
extension type CSSPropertyRule._(JSObject _) implements CSSRule, JSObject {
                                                                 ^
/C:/Users/berkgoknil/AppData/Local/Pub/Cache/hosted/pub.dev/web-1.1.1/lib/src/dom/css_properties_values_api.dart:13:2: Error: Couldn't find constructor 'JS'.
@JS()
 ^^
/C:/Users/berkgoknil/AppData/Local/Pub/Cache/hosted/pub.dev/web-1.1.1/lib/src/dom/css_properties_values_api.dart:20:37: Error: 'JSObject' isn't a type.
extension type PropertyDefinition._(JSObject _) implements JSObject {
                                    ^^^^^^^^
/C:/Users/berkgoknil/AppData/Local/Pub/Cache/hosted/pub.dev/web-1.1.1/lib/src/dom/css_properties_values_api.dart:46:34: Error: 'JSObject' isn't a type.
extension type CSSPropertyRule._(JSObject _) implements CSSRule, JSObject {
                                 ^^^^^^^^
/C:/Users/berkgoknil/AppData/Local/Pub/Cache/hosted/pub.dev/web-1.1.1/lib/src/dom/css_highlight_api.dart:16:8: Error: Dart library 'dart:js_interop' is not available on this platform.
import 'dart:js_interop';
       ^
/C:/Users/berkgoknil/AppData/Local/Pub/Cache/hosted/pub.dev/web-1.1.1/lib/src/dom/css_highlight_api.dart:39:28: Error: Type 'JSObject' not found.
extension type Highlight._(JSObject _) implements JSObject {
                           ^^^^^^^^
/C:/Users/berkgoknil/AppData/Local/Pub/Cache/hosted/pub.dev/web-1.1.1/lib/src/dom/css_highlight_api.dart:39:51: Error: Type 'JSObject' not found.
extension type Highlight._(JSObject _) implements JSObject {
                                                  ^^^^^^^^
/C:/Users/berkgoknil/AppData/Local/Pub/Cache/hosted/pub.dev/web-1.1.1/lib/src/dom/css_highlight_api.dart:94:36: Error: Type 'JSObject' not found.
extension type HighlightRegistry._(JSObject _) implements JSObject {}
                                   ^^^^^^^^
/C:/Users/berkgoknil/AppData/Local/Pub/Cache/hosted/pub.dev/web-1.1.1/lib/src/dom/css_highlight_api.dart:94:59: Error: Type 'JSObject' not found.
extension type HighlightRegistry._(JSObject _) implements JSObject {}
                                                          ^^^^^^^^
/C:/Users/berkgoknil/AppData/Local/Pub/Cache/hosted/pub.dev/web-1.1.1/lib/src/dom/css_highlight_api.dart:39:51: Error: The type 'JSObject' can't be implemented by an extension type.
extension type Highlight._(JSObject _) implements JSObject {
                                                  ^
/C:/Users/berkgoknil/AppData/Local/Pub/Cache/hosted/pub.dev/web-1.1.1/lib/src/dom/css_highlight_api.dart:94:59: Error: The type 'JSObject' can't be implemented by an extension type.
extension type HighlightRegistry._(JSObject _) implements JSObject {}
                                                          ^
/C:/Users/berkgoknil/AppData/Local/Pub/Cache/hosted/pub.dev/web-1.1.1/lib/src/dom/css_highlight_api.dart:13:2: Error: Couldn't find constructor 'JS'.
@JS()
 ^^
/C:/Users/berkgoknil/AppData/Local/Pub/Cache/hosted/pub.dev/web-1.1.1/lib/src/dom/css_highlight_api.dart:39:28: Error: 'JSObject' isn't a type.
extension type Highlight._(JSObject _) implements JSObject {
                           ^^^^^^^^
/C:/Users/berkgoknil/AppData/Local/Pub/Cache/hosted/pub.dev/web-1.1.1/lib/src/dom/css_highlight_api.dart:94:36: Error: 'JSObject' isn't a type.
extension type HighlightRegistry._(JSObject _) implements JSObject {}
                                   ^^^^^^^^
/C:/Users/berkgoknil/AppData/Local/Pub/Cache/hosted/pub.dev/web-1.1.1/lib/src/dom/selection_api.dart:16:8: Error: Dart library 'dart:js_interop' is not available on this platform.
import 'dart:js_interop';
       ^
/C:/Users/berkgoknil/AppData/Local/Pub/Cache/hosted/pub.dev/web-1.1.1/lib/src/dom/selection_api.dart:39:28: Error: Type 'JSObject' not found.
extension type Selection._(JSObject _) implements JSObject {
                           ^^^^^^^^
/C:/Users/berkgoknil/AppData/Local/Pub/Cache/hosted/pub.dev/web-1.1.1/lib/src/dom/selection_api.dart:39:51: Error: Type 'JSObject' not found.
extension type Selection._(JSObject _) implements JSObject {
                                                  ^^^^^^^^
/C:/Users/berkgoknil/AppData/Local/Pub/Cache/hosted/pub.dev/web-1.1.1/lib/src/dom/selection_api.dart:39:51: Error: The type 'JSObject' can't be implemented by an extension type.
extension type Selection._(JSObject _) implements JSObject {
                                                  ^
/C:/Users/berkgoknil/AppData/Local/Pub/Cache/hosted/pub.dev/web-1.1.1/lib/src/dom/selection_api.dart:13:2: Error: Couldn't find constructor 'JS'.
@JS()
 ^^
/C:/Users/berkgoknil/AppData/Local/Pub/Cache/hosted/pub.dev/web-1.1.1/lib/src/dom/selection_api.dart:39:28: Error: 'JSObject' isn't a type.
extension type Selection._(JSObject _) implements JSObject {
                           ^^^^^^^^
/C:/Users/berkgoknil/AppData/Local/Pub/Cache/hosted/pub.dev/web-1.1.1/lib/src/dom/pointerlock.dart:16:8: Error: Dart library 'dart:js_interop' is not available on this platform.
import 'dart:js_interop';
       ^
/C:/Users/berkgoknil/AppData/Local/Pub/Cache/hosted/pub.dev/web-1.1.1/lib/src/dom/pointerlock.dart:18:37: Error: Type 'JSObject' not found.
extension type PointerLockOptions._(JSObject _) implements JSObject {
                                    ^^^^^^^^
/C:/Users/berkgoknil/AppData/Local/Pub/Cache/hosted/pub.dev/web-1.1.1/lib/src/dom/pointerlock.dart:18:60: Error: Type 'JSObject' not found.
extension type PointerLockOptions._(JSObject _) implements JSObject {
                                                           ^^^^^^^^
/C:/Users/berkgoknil/AppData/Local/Pub/Cache/hosted/pub.dev/web-1.1.1/lib/src/dom/pointerlock.dart:18:60: Error: The type 'JSObject' can't be implemented by an extension type.
extension type PointerLockOptions._(JSObject _) implements JSObject {
                                                           ^
/C:/Users/berkgoknil/AppData/Local/Pub/Cache/hosted/pub.dev/web-1.1.1/lib/src/dom/pointerlock.dart:13:2: Error: Couldn't find constructor 'JS'.
@JS()
 ^^
/C:/Users/berkgoknil/AppData/Local/Pub/Cache/hosted/pub.dev/web-1.1.1/lib/src/dom/pointerlock.dart:18:37: Error: 'JSObject' isn't a type.
extension type PointerLockOptions._(JSObject _) implements JSObject {
                                    ^^^^^^^^
/C:/Users/berkgoknil/AppData/Local/Pub/Cache/hosted/pub.dev/web-1.1.1/lib/src/dom/fullscreen.dart:16:8: Error: Dart library 'dart:js_interop' is not available on this platform.
import 'dart:js_interop';
       ^
/C:/Users/berkgoknil/AppData/Local/Pub/Cache/hosted/pub.dev/web-1.1.1/lib/src/dom/fullscreen.dart:19:36: Error: Type 'JSObject' not found.
extension type FullscreenOptions._(JSObject _) implements JSObject {
                                   ^^^^^^^^
/C:/Users/berkgoknil/AppData/Local/Pub/Cache/hosted/pub.dev/web-1.1.1/lib/src/dom/fullscreen.dart:19:59: Error: Type 'JSObject' not found.
extension type FullscreenOptions._(JSObject _) implements JSObject {
                                                          ^^^^^^^^
/C:/Users/berkgoknil/AppData/Local/Pub/Cache/hosted/pub.dev/web-1.1.1/lib/src/dom/fullscreen.dart:22:5: Error: Type 'JSObject' not found.
    JSObject screen,
    ^^^^^^^^
/C:/Users/berkgoknil/AppData/Local/Pub/Cache/hosted/pub.dev/web-1.1.1/lib/src/dom/fullscreen.dart:27:12: Error: Type 'JSObject' not found.
  external JSObject get screen;
           ^^^^^^^^
/C:/Users/berkgoknil/AppData/Local/Pub/Cache/hosted/pub.dev/web-1.1.1/lib/src/dom/fullscreen.dart:28:23: Error: Type 'JSObject' not found.
  external set screen(JSObject value);
                      ^^^^^^^^
/C:/Users/berkgoknil/AppData/Local/Pub/Cache/hosted/pub.dev/web-1.1.1/lib/src/dom/fullscreen.dart:19:59: Error: The type 'JSObject' can't be implemented by an extension type.
extension type FullscreenOptions._(JSObject _) implements JSObject {
                                                          ^
/C:/Users/berkgoknil/AppData/Local/Pub/Cache/hosted/pub.dev/web-1.1.1/lib/src/dom/fullscreen.dart:13:2: Error: Couldn't find constructor 'JS'.
@JS()
 ^^
/C:/Users/berkgoknil/AppData/Local/Pub/Cache/hosted/pub.dev/web-1.1.1/lib/src/dom/fullscreen.dart:19:36: Error: 'JSObject' isn't a type.
extension type FullscreenOptions._(JSObject _) implements JSObject {
                                   ^^^^^^^^
/C:/Users/berkgoknil/AppData/Local/Pub/Cache/hosted/pub.dev/web-1.1.1/lib/src/dom/fullscreen.dart:22:5: Error: 'JSObject' isn't a type.
    JSObject screen,
    ^^^^^^^^
/C:/Users/berkgoknil/AppData/Local/Pub/Cache/hosted/pub.dev/web-1.1.1/lib/src/dom/fullscreen.dart:28:23: Error: 'JSObject' isn't a type.
  external set screen(JSObject value);
                      ^^^^^^^^
/C:/Users/berkgoknil/AppData/Local/Pub/Cache/hosted/pub.dev/web-1.1.1/lib/src/dom/cssom_view.dart:16:8: Error: Dart library 'dart:js_interop' is not available on this platform.
import 'dart:js_interop';
       ^
/C:/Users/berkgoknil/AppData/Local/Pub/Cache/hosted/pub.dev/web-1.1.1/lib/src/dom/cssom_view.dart:24:32: Error: Type 'JSObject' not found.
extension type ScrollOptions._(JSObject _) implements JSObject {
                               ^^^^^^^^
/C:/Users/berkgoknil/AppData/Local/Pub/Cache/hosted/pub.dev/web-1.1.1/lib/src/dom/cssom_view.dart:24:55: Error: Type 'JSObject' not found.
extension type ScrollOptions._(JSObject _) implements JSObject {
                                                      ^^^^^^^^
/C:/Users/berkgoknil/AppData/Local/Pub/Cache/hosted/pub.dev/web-1.1.1/lib/src/dom/cssom_view.dart:30:34: Error: Type 'JSObject' not found.
extension type ScrollToOptions._(JSObject _)
                                 ^^^^^^^^
/C:/Users/berkgoknil/AppData/Local/Pub/Cache/hosted/pub.dev/web-1.1.1/lib/src/dom/cssom_view.dart:31:31: Error: Type 'JSObject' not found.
    implements ScrollOptions, JSObject {
                              ^^^^^^^^
/C:/Users/berkgoknil/AppData/Local/Pub/Cache/hosted/pub.dev/web-1.1.1/lib/src/dom/cssom_view.dart:63:33: Error: Type 'JSObject' not found.
extension type MediaQueryList._(JSObject _) implements EventTarget, JSObject {
                                ^^^^^^^^
/C:/Users/berkgoknil/AppData/Local/Pub/Cache/hosted/pub.dev/web-1.1.1/lib/src/dom/cssom_view.dart:63:69: Error: Type 'JSObject' not found.
extension type MediaQueryList._(JSObject _) implements EventTarget, JSObject {
                                                                    ^^^^^^^^
/C:/Users/berkgoknil/AppData/Local/Pub/Cache/hosted/pub.dev/web-1.1.1/lib/src/dom/cssom_view.dart:114:38: Error: Type 'JSObject' not found.
extension type MediaQueryListEvent._(JSObject _) implements Event, JSObject {
                                     ^^^^^^^^
/C:/Users/berkgoknil/AppData/Local/Pub/Cache/hosted/pub.dev/web-1.1.1/lib/src/dom/cssom_view.dart:114:68: Error: Type 'JSObject' not found.
extension type MediaQueryListEvent._(JSObject _) implements Event, JSObject {
                                                                   ^^^^^^^^
/C:/Users/berkgoknil/AppData/Local/Pub/Cache/hosted/pub.dev/web-1.1.1/lib/src/dom/cssom_view.dart:131:42: Error: Type 'JSObject' not found.
extension type MediaQueryListEventInit._(JSObject _)
                                         ^^^^^^^^
/C:/Users/berkgoknil/AppData/Local/Pub/Cache/hosted/pub.dev/web-1.1.1/lib/src/dom/cssom_view.dart:132:27: Error: Type 'JSObject' not found.
    implements EventInit, JSObject {
                          ^^^^^^^^
/C:/Users/berkgoknil/AppData/Local/Pub/Cache/hosted/pub.dev/web-1.1.1/lib/src/dom/cssom_view.dart:157:25: Error: Type 'JSObject' not found.
extension type Screen._(JSObject _) implements JSObject {
                        ^^^^^^^^
/C:/Users/berkgoknil/AppData/Local/Pub/Cache/hosted/pub.dev/web-1.1.1/lib/src/dom/cssom_view.dart:157:48: Error: Type 'JSObject' not found.
extension type Screen._(JSObject _) implements JSObject {
                                               ^^^^^^^^
/C:/Users/berkgoknil/AppData/Local/Pub/Cache/hosted/pub.dev/web-1.1.1/lib/src/dom/cssom_view.dart:196:48: Error: Type 'JSObject' not found.
extension type CaretPositionFromPointOptions._(JSObject _) implements JSObject {
                                               ^^^^^^^^
/C:/Users/berkgoknil/AppData/Local/Pub/Cache/hosted/pub.dev/web-1.1.1/lib/src/dom/cssom_view.dart:196:71: Error: Type 'JSObject' not found.
extension type CaretPositionFromPointOptions._(JSObject _) implements JSObject {
                                                                      ^^^^^^^^
/C:/Users/berkgoknil/AppData/Local/Pub/Cache/hosted/pub.dev/web-1.1.1/lib/src/dom/cssom_view.dart:198:8: Error: Type 'JSArray' not found.
      {JSArray<ShadowRoot> shadowRoots});
       ^^^^^^^
/C:/Users/berkgoknil/AppData/Local/Pub/Cache/hosted/pub.dev/web-1.1.1/lib/src/dom/cssom_view.dart:200:12: Error: Type 'JSArray' not found.
  external JSArray<ShadowRoot> get shadowRoots;
           ^^^^^^^
/C:/Users/berkgoknil/AppData/Local/Pub/Cache/hosted/pub.dev/web-1.1.1/lib/src/dom/cssom_view.dart:201:28: Error: Type 'JSArray' not found.
  external set shadowRoots(JSArray<ShadowRoot> value);
                           ^^^^^^^
/C:/Users/berkgoknil/AppData/Local/Pub/Cache/hosted/pub.dev/web-1.1.1/lib/src/dom/cssom_view.dart:203:40: Error: Type 'JSObject' not found.
extension type ScrollIntoViewOptions._(JSObject _)
                                       ^^^^^^^^
/C:/Users/berkgoknil/AppData/Local/Pub/Cache/hosted/pub.dev/web-1.1.1/lib/src/dom/cssom_view.dart:204:31: Error: Type 'JSObject' not found.
    implements ScrollOptions, JSObject {
                              ^^^^^^^^
/C:/Users/berkgoknil/AppData/Local/Pub/Cache/hosted/pub.dev/web-1.1.1/lib/src/dom/cssom_view.dart:216:41: Error: Type 'JSObject' not found.
extension type CheckVisibilityOptions._(JSObject _) implements JSObject {
                                        ^^^^^^^^
/C:/Users/berkgoknil/AppData/Local/Pub/Cache/hosted/pub.dev/web-1.1.1/lib/src/dom/cssom_view.dart:216:64: Error: Type 'JSObject' not found.
extension type CheckVisibilityOptions._(JSObject _) implements JSObject {
                                                               ^^^^^^^^
/C:/Users/berkgoknil/AppData/Local/Pub/Cache/hosted/pub.dev/web-1.1.1/lib/src/dom/cssom_view.dart:255:33: Error: Type 'JSObject' not found.
extension type VisualViewport._(JSObject _) implements EventTarget, JSObject {
                                ^^^^^^^^
/C:/Users/berkgoknil/AppData/Local/Pub/Cache/hosted/pub.dev/web-1.1.1/lib/src/dom/cssom_view.dart:255:69: Error: Type 'JSObject' not found.
extension type VisualViewport._(JSObject _) implements EventTarget, JSObject {
                                                                    ^^^^^^^^
/C:/Users/berkgoknil/AppData/Local/Pub/Cache/hosted/pub.dev/web-1.1.1/lib/src/dom/cssom_view.dart:24:55: Error: The type 'JSObject' can't be implemented by an extension type.
extension type ScrollOptions._(JSObject _) implements JSObject {
                                                      ^
/C:/Users/berkgoknil/AppData/Local/Pub/Cache/hosted/pub.dev/web-1.1.1/lib/src/dom/cssom_view.dart:31:31: Error: The type 'JSObject' can't be implemented by an extension type.
    implements ScrollOptions, JSObject {
                              ^
/C:/Users/berkgoknil/AppData/Local/Pub/Cache/hosted/pub.dev/web-1.1.1/lib/src/dom/cssom_view.dart:63:69: Error: The type 'JSObject' can't be implemented by an extension type.
extension type MediaQueryList._(JSObject _) implements EventTarget, JSObject {
                                                                    ^
/C:/Users/berkgoknil/AppData/Local/Pub/Cache/hosted/pub.dev/web-1.1.1/lib/src/dom/cssom_view.dart:114:68: Error: The type 'JSObject' can't be implemented by an extension type.
extension type MediaQueryListEvent._(JSObject _) implements Event, JSObject {
                                                                   ^
/C:/Users/berkgoknil/AppData/Local/Pub/Cache/hosted/pub.dev/web-1.1.1/lib/src/dom/cssom_view.dart:132:27: Error: The type 'JSObject' can't be implemented by an extension type.
    implements EventInit, JSObject {
                          ^
/C:/Users/berkgoknil/AppData/Local/Pub/Cache/hosted/pub.dev/web-1.1.1/lib/src/dom/cssom_view.dart:157:48: Error: The type 'JSObject' can't be implemented by an extension type.
extension type Screen._(JSObject _) implements JSObject {
                                               ^
/C:/Users/berkgoknil/AppData/Local/Pub/Cache/hosted/pub.dev/web-1.1.1/lib/src/dom/cssom_view.dart:196:71: Error: The type 'JSObject' can't be implemented by an extension type.
extension type CaretPositionFromPointOptions._(JSObject _) implements JSObject {
                                                                      ^
/C:/Users/berkgoknil/AppData/Local/Pub/Cache/hosted/pub.dev/web-1.1.1/lib/src/dom/cssom_view.dart:204:31: Error: The type 'JSObject' can't be implemented by an extension type.
    implements ScrollOptions, JSObject {
                              ^
/C:/Users/berkgoknil/AppData/Local/Pub/Cache/hosted/pub.dev/web-1.1.1/lib/src/dom/cssom_view.dart:216:64: Error: The type 'JSObject' can't be implemented by an extension type.
extension type CheckVisibilityOptions._(JSObject _) implements JSObject {
                                                               ^
/C:/Users/berkgoknil/AppData/Local/Pub/Cache/hosted/pub.dev/web-1.1.1/lib/src/dom/cssom_view.dart:255:69: Error: The type 'JSObject' can't be implemented by an extension type.
extension type VisualViewport._(JSObject _) implements EventTarget, JSObject {
                                                                    ^
/C:/Users/berkgoknil/AppData/Local/Pub/Cache/hosted/pub.dev/web-1.1.1/lib/src/dom/cssom_view.dart:13:2: Error: Couldn't find constructor 'JS'.
@JS()
 ^^
/C:/Users/berkgoknil/AppData/Local/Pub/Cache/hosted/pub.dev/web-1.1.1/lib/src/dom/cssom_view.dart:24:32: Error: 'JSObject' isn't a type.
extension type ScrollOptions._(JSObject _) implements JSObject {
                               ^^^^^^^^
/C:/Users/berkgoknil/AppData/Local/Pub/Cache/hosted/pub.dev/web-1.1.1/lib/src/dom/cssom_view.dart:30:34: Error: 'JSObject' isn't a type.
extension type ScrollToOptions._(JSObject _)
                                 ^^^^^^^^
/C:/Users/berkgoknil/AppData/Local/Pub/Cache/hosted/pub.dev/web-1.1.1/lib/src/dom/cssom_view.dart:63:33: Error: 'JSObject' isn't a type.
extension type MediaQueryList._(JSObject _) implements EventTarget, JSObject {
                                ^^^^^^^^
/C:/Users/berkgoknil/AppData/Local/Pub/Cache/hosted/pub.dev/web-1.1.1/lib/src/dom/cssom_view.dart:114:38: Error: 'JSObject' isn't a type.
extension type MediaQueryListEvent._(JSObject _) implements Event, JSObject {
                                     ^^^^^^^^
/C:/Users/berkgoknil/AppData/Local/Pub/Cache/hosted/pub.dev/web-1.1.1/lib/src/dom/cssom_view.dart:131:42: Error: 'JSObject' isn't a type.
extension type MediaQueryListEventInit._(JSObject _)
                                         ^^^^^^^^
/C:/Users/berkgoknil/AppData/Local/Pub/Cache/hosted/pub.dev/web-1.1.1/lib/src/dom/cssom_view.dart:157:25: Error: 'JSObject' isn't a type.
extension type Screen._(JSObject _) implements JSObject {
                        ^^^^^^^^
/C:/Users/berkgoknil/AppData/Local/Pub/Cache/hosted/pub.dev/web-1.1.1/lib/src/dom/cssom_view.dart:196:48: Error: 'JSObject' isn't a type.
extension type CaretPositionFromPointOptions._(JSObject _) implements JSObject {
                                               ^^^^^^^^
/C:/Users/berkgoknil/AppData/Local/Pub/Cache/hosted/pub.dev/web-1.1.1/lib/src/dom/cssom_view.dart:198:8: Error: 'JSArray' isn't a type.
      {JSArray<ShadowRoot> shadowRoots});
       ^^^^^^^
/C:/Users/berkgoknil/AppData/Local/Pub/Cache/hosted/pub.dev/web-1.1.1/lib/src/dom/cssom_view.dart:201:28: Error: 'JSArray' isn't a type.
  external set shadowRoots(JSArray<ShadowRoot> value);
                           ^^^^^^^
/C:/Users/berkgoknil/AppData/Local/Pub/Cache/hosted/pub.dev/web-1.1.1/lib/src/dom/cssom_view.dart:203:40: Error: 'JSObject' isn't a type.
extension type ScrollIntoViewOptions._(JSObject _)
                                       ^^^^^^^^
/C:/Users/berkgoknil/AppData/Local/Pub/Cache/hosted/pub.dev/web-1.1.1/lib/src/dom/cssom_view.dart:216:41: Error: 'JSObject' isn't a type.
extension type CheckVisibilityOptions._(JSObject _) implements JSObject {
                                        ^^^^^^^^
/C:/Users/berkgoknil/AppData/Local/Pub/Cache/hosted/pub.dev/web-1.1.1/lib/src/dom/cssom_view.dart:255:33: Error: 'JSObject' isn't a type.
extension type VisualViewport._(JSObject _) implements EventTarget, JSObject {
                                ^^^^^^^^
/C:/Users/berkgoknil/AppData/Local/Pub/Cache/hosted/pub.dev/web-1.1.1/lib/src/dom/screen_orientation.dart:16:8: Error: Dart library 'dart:js_interop' is not available on this platform.
import 'dart:js_interop';
       ^
/C:/Users/berkgoknil/AppData/Local/Pub/Cache/hosted/pub.dev/web-1.1.1/lib/src/dom/screen_orientation.dart:35:36: Error: Type 'JSObject' not found.
extension type ScreenOrientation._(JSObject _)
                                   ^^^^^^^^
/C:/Users/berkgoknil/AppData/Local/Pub/Cache/hosted/pub.dev/web-1.1.1/lib/src/dom/screen_orientation.dart:36:29: Error: Type 'JSObject' not found.
    implements EventTarget, JSObject {
                            ^^^^^^^^
/C:/Users/berkgoknil/AppData/Local/Pub/Cache/hosted/pub.dev/web-1.1.1/lib/src/dom/screen_orientation.dart:44:22: Error: Type 'JSAny' not found.
  external JSPromise<JSAny?> lock(OrientationLockType orientation);
                     ^^^^^
/C:/Users/berkgoknil/AppData/Local/Pub/Cache/hosted/pub.dev/web-1.1.1/lib/src/dom/screen_orientation.dart:44:12: Error: Type 'JSPromise' not found.
  external JSPromise<JSAny?> lock(OrientationLockType orientation);
           ^^^^^^^^^
/C:/Users/berkgoknil/AppData/Local/Pub/Cache/hosted/pub.dev/web-1.1.1/lib/src/dom/screen_orientation.dart:36:29: Error: The type 'JSObject' can't be implemented by an extension type.
    implements EventTarget, JSObject {
                            ^
/C:/Users/berkgoknil/AppData/Local/Pub/Cache/hosted/pub.dev/web-1.1.1/lib/src/dom/screen_orientation.dart:13:2: Error: Couldn't find constructor 'JS'.
@JS()
 ^^
/C:/Users/berkgoknil/AppData/Local/Pub/Cache/hosted/pub.dev/web-1.1.1/lib/src/dom/screen_orientation.dart:35:36: Error: 'JSObject' isn't a type.
extension type ScreenOrientation._(JSObject _)
                                   ^^^^^^^^
/C:/Users/berkgoknil/AppData/Local/Pub/Cache/hosted/pub.dev/web-1.1.1/lib/src/dom/css_view_transitions.dart:16:8: Error: Dart library 'dart:js_interop' is not available on this platform.
import 'dart:js_interop';
       ^
/C:/Users/berkgoknil/AppData/Local/Pub/Cache/hosted/pub.dev/web-1.1.1/lib/src/dom/css_view_transitions.dart:18:26: Error: Type 'JSFunction' not found.
typedef UpdateCallback = JSFunction;
                         ^^^^^^^^^^
/C:/Users/berkgoknil/AppData/Local/Pub/Cache/hosted/pub.dev/web-1.1.1/lib/src/dom/css_view_transitions.dart:43:33: Error: Type 'JSObject' not found.
extension type ViewTransition._(JSObject _) implements JSObject {
                                ^^^^^^^^
/C:/Users/berkgoknil/AppData/Local/Pub/Cache/hosted/pub.dev/web-1.1.1/lib/src/dom/css_view_transitions.dart:43:56: Error: Type 'JSObject' not found.
extension type ViewTransition._(JSObject _) implements JSObject {
                                                       ^^^^^^^^
/C:/Users/berkgoknil/AppData/Local/Pub/Cache/hosted/pub.dev/web-1.1.1/lib/src/dom/css_view_transitions.dart:61:22: Error: Type 'JSAny' not found.
  external JSPromise<JSAny?> get updateCallbackDone;
                     ^^^^^
/C:/Users/berkgoknil/AppData/Local/Pub/Cache/hosted/pub.dev/web-1.1.1/lib/src/dom/css_view_transitions.dart:61:12: Error: Type 'JSPromise' not found.
  external JSPromise<JSAny?> get updateCallbackDone;
           ^^^^^^^^^
/C:/Users/berkgoknil/AppData/Local/Pub/Cache/hosted/pub.dev/web-1.1.1/lib/src/dom/css_view_transitions.dart:71:22: Error: Type 'JSAny' not found.
  external JSPromise<JSAny?> get ready;
                     ^^^^^
/C:/Users/berkgoknil/AppData/Local/Pub/Cache/hosted/pub.dev/web-1.1.1/lib/src/dom/css_view_transitions.dart:71:12: Error: Type 'JSPromise' not found.
  external JSPromise<JSAny?> get ready;
           ^^^^^^^^^
/C:/Users/berkgoknil/AppData/Local/Pub/Cache/hosted/pub.dev/web-1.1.1/lib/src/dom/css_view_transitions.dart:86:22: Error: Type 'JSAny' not found.
  external JSPromise<JSAny?> get finished;
                     ^^^^^
/C:/Users/berkgoknil/AppData/Local/Pub/Cache/hosted/pub.dev/web-1.1.1/lib/src/dom/css_view_transitions.dart:86:12: Error: Type 'JSPromise' not found.
  external JSPromise<JSAny?> get finished;
           ^^^^^^^^^
/C:/Users/berkgoknil/AppData/Local/Pub/Cache/hosted/pub.dev/web-1.1.1/lib/src/dom/css_view_transitions.dart:43:56: Error: The type 'JSObject' can't be implemented by an extension type.
extension type ViewTransition._(JSObject _) implements JSObject {
                                                       ^
/C:/Users/berkgoknil/AppData/Local/Pub/Cache/hosted/pub.dev/web-1.1.1/lib/src/dom/css_view_transitions.dart:13:2: Error: Couldn't find constructor 'JS'.
@JS()
 ^^
/C:/Users/berkgoknil/AppData/Local/Pub/Cache/hosted/pub.dev/web-1.1.1/lib/src/dom/css_view_transitions.dart:43:33: Error: 'JSObject' isn't a type.
extension type ViewTransition._(JSObject _) implements JSObject {
                                ^^^^^^^^
/C:/Users/berkgoknil/AppData/Local/Pub/Cache/hosted/pub.dev/web-1.1.1/lib/src/dom/css_font_loading.dart:16:8: Error: Dart library 'dart:js_interop' is not available on this platform.
import 'dart:js_interop';
       ^
/C:/Users/berkgoknil/AppData/Local/Pub/Cache/hosted/pub.dev/web-1.1.1/lib/src/dom/css_font_loading.dart:21:22: Error: Type 'JSObject' not found.
typedef BinaryData = JSObject;
                     ^^^^^^^^
/C:/Users/berkgoknil/AppData/Local/Pub/Cache/hosted/pub.dev/web-1.1.1/lib/src/dom/css_font_loading.dart:24:38: Error: Type 'JSObject' not found.
extension type FontFaceDescriptors._(JSObject _) implements JSObject {
                                     ^^^^^^^^
/C:/Users/berkgoknil/AppData/Local/Pub/Cache/hosted/pub.dev/web-1.1.1/lib/src/dom/css_font_loading.dart:24:61: Error: Type 'JSObject' not found.
extension type FontFaceDescriptors._(JSObject _) implements JSObject {
                                                            ^^^^^^^^
/C:/Users/berkgoknil/AppData/Local/Pub/Cache/hosted/pub.dev/web-1.1.1/lib/src/dom/css_font_loading.dart:74:27: Error: Type 'JSObject' not found.
extension type FontFace._(JSObject _) implements JSObject {
                          ^^^^^^^^
/C:/Users/berkgoknil/AppData/Local/Pub/Cache/hosted/pub.dev/web-1.1.1/lib/src/dom/css_font_loading.dart:74:50: Error: Type 'JSObject' not found.
extension type FontFace._(JSObject _) implements JSObject {
                                                 ^^^^^^^^
/C:/Users/berkgoknil/AppData/Local/Pub/Cache/hosted/pub.dev/web-1.1.1/lib/src/dom/css_font_loading.dart:77:5: Error: Type 'JSAny' not found.
    JSAny source, [
    ^^^^^
/C:/Users/berkgoknil/AppData/Local/Pub/Cache/hosted/pub.dev/web-1.1.1/lib/src/dom/css_font_loading.dart:88:12: Error: Type 'JSPromise' not found.
  external JSPromise<FontFace> load();
           ^^^^^^^^^
/C:/Users/berkgoknil/AppData/Local/Pub/Cache/hosted/pub.dev/web-1.1.1/lib/src/dom/css_font_loading.dart:193:12: Error: Type 'JSPromise' not found.
  external JSPromise<FontFace> get loaded;
           ^^^^^^^^^
/C:/Users/berkgoknil/AppData/Local/Pub/Cache/hosted/pub.dev/web-1.1.1/lib/src/dom/css_font_loading.dart:195:43: Error: Type 'JSObject' not found.
extension type FontFaceSetLoadEventInit._(JSObject _)
                                          ^^^^^^^^
/C:/Users/berkgoknil/AppData/Local/Pub/Cache/hosted/pub.dev/web-1.1.1/lib/src/dom/css_font_loading.dart:196:27: Error: Type 'JSObject' not found.
    implements EventInit, JSObject {
                          ^^^^^^^^
/C:/Users/berkgoknil/AppData/Local/Pub/Cache/hosted/pub.dev/web-1.1.1/lib/src/dom/css_font_loading.dart:201:5: Error: Type 'JSArray' not found.
    JSArray<FontFace> fontfaces,
    ^^^^^^^
/C:/Users/berkgoknil/AppData/Local/Pub/Cache/hosted/pub.dev/web-1.1.1/lib/src/dom/css_font_loading.dart:204:12: Error: Type 'JSArray' not found.
  external JSArray<FontFace> get fontfaces;
           ^^^^^^^
/C:/Users/berkgoknil/AppData/Local/Pub/Cache/hosted/pub.dev/web-1.1.1/lib/src/dom/css_font_loading.dart:205:26: Error: Type 'JSArray' not found.
  external set fontfaces(JSArray<FontFace> value);
                         ^^^^^^^
/C:/Users/berkgoknil/AppData/Local/Pub/Cache/hosted/pub.dev/web-1.1.1/lib/src/dom/css_font_loading.dart:224:39: Error: Type 'JSObject' not found.
extension type FontFaceSetLoadEvent._(JSObject _) implements Event, JSObject {
                                      ^^^^^^^^
/C:/Users/berkgoknil/AppData/Local/Pub/Cache/hosted/pub.dev/web-1.1.1/lib/src/dom/css_font_loading.dart:224:69: Error: Type 'JSObject' not found.
extension type FontFaceSetLoadEvent._(JSObject _) implements Event, JSObject {
                                                                    ^^^^^^^^
/C:/Users/berkgoknil/AppData/Local/Pub/Cache/hosted/pub.dev/web-1.1.1/lib/src/dom/css_font_loading.dart:233:12: Error: Type 'JSArray' not found.
  external JSArray<FontFace> get fontfaces;
           ^^^^^^^
/C:/Users/berkgoknil/AppData/Local/Pub/Cache/hosted/pub.dev/web-1.1.1/lib/src/dom/css_font_loading.dart:251:30: Error: Type 'JSObject' not found.
extension type FontFaceSet._(JSObject _) implements EventTarget, JSObject {
                             ^^^^^^^^
/C:/Users/berkgoknil/AppData/Local/Pub/Cache/hosted/pub.dev/web-1.1.1/lib/src/dom/css_font_loading.dart:251:66: Error: Type 'JSObject' not found.
extension type FontFaceSet._(JSObject _) implements EventTarget, JSObject {
                                                                 ^^^^^^^^
/C:/Users/berkgoknil/AppData/Local/Pub/Cache/hosted/pub.dev/web-1.1.1/lib/src/dom/css_font_loading.dart:252:32: Error: Type 'JSArray' not found.
  external factory FontFaceSet(JSArray<FontFace> initialFaces);
                               ^^^^^^^
/C:/Users/berkgoknil/AppData/Local/Pub/Cache/hosted/pub.dev/web-1.1.1/lib/src/dom/css_font_loading.dart:271:22: Error: Type 'JSArray' not found.
  external JSPromise<JSArray<FontFace>> load(
                     ^^^^^^^
/C:/Users/berkgoknil/AppData/Local/Pub/Cache/hosted/pub.dev/web-1.1.1/lib/src/dom/css_font_loading.dart:271:12: Error: Type 'JSPromise' not found.
  external JSPromise<JSArray<FontFace>> load(
           ^^^^^^^^^
/C:/Users/berkgoknil/AppData/Local/Pub/Cache/hosted/pub.dev/web-1.1.1/lib/src/dom/css_font_loading.dart:298:12: Error: Type 'JSPromise' not found.
  external JSPromise<FontFaceSet> get ready;
           ^^^^^^^^^
/C:/Users/berkgoknil/AppData/Local/Pub/Cache/hosted/pub.dev/web-1.1.1/lib/src/dom/css_font_loading.dart:24:61: Error: The type 'JSObject' can't be implemented by an extension type.
extension type FontFaceDescriptors._(JSObject _) implements JSObject {
                                                            ^
/C:/Users/berkgoknil/AppData/Local/Pub/Cache/hosted/pub.dev/web-1.1.1/lib/src/dom/css_font_loading.dart:74:50: Error: The type 'JSObject' can't be implemented by an extension type.
extension type FontFace._(JSObject _) implements JSObject {
                                                 ^
/C:/Users/berkgoknil/AppData/Local/Pub/Cache/hosted/pub.dev/web-1.1.1/lib/src/dom/css_font_loading.dart:196:27: Error: The type 'JSObject' can't be implemented by an extension type.
    implements EventInit, JSObject {
                          ^
/C:/Users/berkgoknil/AppData/Local/Pub/Cache/hosted/pub.dev/web-1.1.1/lib/src/dom/css_font_loading.dart:224:69: Error: The type 'JSObject' can't be implemented by an extension type.
extension type FontFaceSetLoadEvent._(JSObject _) implements Event, JSObject {
                                                                    ^
/C:/Users/berkgoknil/AppData/Local/Pub/Cache/hosted/pub.dev/web-1.1.1/lib/src/dom/css_font_loading.dart:251:66: Error: The type 'JSObject' can't be implemented by an extension type.
extension type FontFaceSet._(JSObject _) implements EventTarget, JSObject {
                                                                 ^
/C:/Users/berkgoknil/AppData/Local/Pub/Cache/hosted/pub.dev/web-1.1.1/lib/src/dom/css_font_loading.dart:13:2: Error: Couldn't find constructor 'JS'.
@JS()
 ^^
/C:/Users/berkgoknil/AppData/Local/Pub/Cache/hosted/pub.dev/web-1.1.1/lib/src/dom/css_font_loading.dart:24:38: Error: 'JSObject' isn't a type.
extension type FontFaceDescriptors._(JSObject _) implements JSObject {
                                     ^^^^^^^^
/C:/Users/berkgoknil/AppData/Local/Pub/Cache/hosted/pub.dev/web-1.1.1/lib/src/dom/css_font_loading.dart:74:27: Error: 'JSObject' isn't a type.
extension type FontFace._(JSObject _) implements JSObject {
                          ^^^^^^^^
/C:/Users/berkgoknil/AppData/Local/Pub/Cache/hosted/pub.dev/web-1.1.1/lib/src/dom/css_font_loading.dart:77:5: Error: 'JSAny' isn't a type.
    JSAny source, [
    ^^^^^
/C:/Users/berkgoknil/AppData/Local/Pub/Cache/hosted/pub.dev/web-1.1.1/lib/src/dom/css_font_loading.dart:195:43: Error: 'JSObject' isn't a type.
extension type FontFaceSetLoadEventInit._(JSObject _)
                                          ^^^^^^^^
/C:/Users/berkgoknil/AppData/Local/Pub/Cache/hosted/pub.dev/web-1.1.1/lib/src/dom/css_font_loading.dart:201:5: Error: 'JSArray' isn't a type.
    JSArray<FontFace> fontfaces,
    ^^^^^^^
/C:/Users/berkgoknil/AppData/Local/Pub/Cache/hosted/pub.dev/web-1.1.1/lib/src/dom/css_font_loading.dart:205:26: Error: 'JSArray' isn't a type.
  external set fontfaces(JSArray<FontFace> value);
                         ^^^^^^^
/C:/Users/berkgoknil/AppData/Local/Pub/Cache/hosted/pub.dev/web-1.1.1/lib/src/dom/css_font_loading.dart:224:39: Error: 'JSObject' isn't a type.
extension type FontFaceSetLoadEvent._(JSObject _) implements Event, JSObject {
                                      ^^^^^^^^
/C:/Users/berkgoknil/AppData/Local/Pub/Cache/hosted/pub.dev/web-1.1.1/lib/src/dom/css_font_loading.dart:251:30: Error: 'JSObject' isn't a type.
extension type FontFaceSet._(JSObject _) implements EventTarget, JSObject {
                             ^^^^^^^^
/C:/Users/berkgoknil/AppData/Local/Pub/Cache/hosted/pub.dev/web-1.1.1/lib/src/dom/css_font_loading.dart:252:32: Error: 'JSArray' isn't a type.
  external factory FontFaceSet(JSArray<FontFace> initialFaces);
                               ^^^^^^^
/C:/Users/berkgoknil/AppData/Local/Pub/Cache/hosted/pub.dev/web-1.1.1/lib/src/dom/webidl.dart:16:8: Error: Dart library 'dart:js_interop' is not available on this platform.
import 'dart:js_interop';
       ^
/C:/Users/berkgoknil/AppData/Local/Pub/Cache/hosted/pub.dev/web-1.1.1/lib/src/dom/webidl.dart:18:27: Error: Type 'JSObject' not found.
typedef ArrayBufferView = JSObject;
                          ^^^^^^^^
/C:/Users/berkgoknil/AppData/Local/Pub/Cache/hosted/pub.dev/web-1.1.1/lib/src/dom/webidl.dart:19:24: Error: Type 'JSObject' not found.
typedef BufferSource = JSObject;
                       ^^^^^^^^
/C:/Users/berkgoknil/AppData/Local/Pub/Cache/hosted/pub.dev/web-1.1.1/lib/src/dom/webidl.dart:20:35: Error: Type 'JSObject' not found.
typedef AllowSharedBufferSource = JSObject;
                                  ^^^^^^^^
/C:/Users/berkgoknil/AppData/Local/Pub/Cache/hosted/pub.dev/web-1.1.1/lib/src/dom/webidl.dart:21:24: Error: Type 'JSFunction' not found.
typedef VoidFunction = JSFunction;
                       ^^^^^^^^^^
/C:/Users/berkgoknil/AppData/Local/Pub/Cache/hosted/pub.dev/web-1.1.1/lib/src/dom/webidl.dart:39:31: Error: Type 'JSObject' not found.
extension type DOMException._(JSObject _) implements JSObject {
                              ^^^^^^^^
/C:/Users/berkgoknil/AppData/Local/Pub/Cache/hosted/pub.dev/web-1.1.1/lib/src/dom/webidl.dart:39:54: Error: Type 'JSObject' not found.
extension type DOMException._(JSObject _) implements JSObject {
                                                     ^^^^^^^^
/C:/Users/berkgoknil/AppData/Local/Pub/Cache/hosted/pub.dev/web-1.1.1/lib/src/dom/webidl.dart:39:54: Error: The type 'JSObject' can't be implemented by an extension type.
extension type DOMException._(JSObject _) implements JSObject {
                                                     ^
/C:/Users/berkgoknil/AppData/Local/Pub/Cache/hosted/pub.dev/web-1.1.1/lib/src/dom/webidl.dart:13:2: Error: Couldn't find constructor 'JS'.
@JS()
 ^^
/C:/Users/berkgoknil/AppData/Local/Pub/Cache/hosted/pub.dev/web-1.1.1/lib/src/dom/webidl.dart:39:31: Error: 'JSObject' isn't a type.
extension type DOMException._(JSObject _) implements JSObject {
                              ^^^^^^^^
/C:/Users/berkgoknil/AppData/Local/Pub/Cache/hosted/pub.dev/web-1.1.1/lib/src/dom/webcryptoapi.dart:16:8: Error: Dart library 'dart:js_interop' is not available on this platform.
import 'dart:js_interop';
       ^
/C:/Users/berkgoknil/AppData/Local/Pub/Cache/hosted/pub.dev/web-1.1.1/lib/src/dom/webcryptoapi.dart:20:31: Error: Type 'JSAny' not found.
typedef AlgorithmIdentifier = JSAny;
                              ^^^^^
/C:/Users/berkgoknil/AppData/Local/Pub/Cache/hosted/pub.dev/web-1.1.1/lib/src/dom/webcryptoapi.dart:37:25: Error: Type 'JSObject' not found.
extension type Crypto._(JSObject _) implements JSObject {
                        ^^^^^^^^
/C:/Users/berkgoknil/AppData/Local/Pub/Cache/hosted/pub.dev/web-1.1.1/lib/src/dom/webcryptoapi.dart:37:48: Error: Type 'JSObject' not found.
extension type Crypto._(JSObject _) implements JSObject {
                                               ^^^^^^^^
/C:/Users/berkgoknil/AppData/Local/Pub/Cache/hosted/pub.dev/web-1.1.1/lib/src/dom/webcryptoapi.dart:76:28: Error: Type 'JSObject' not found.
extension type CryptoKey._(JSObject _) implements JSObject {
                           ^^^^^^^^
/C:/Users/berkgoknil/AppData/Local/Pub/Cache/hosted/pub.dev/web-1.1.1/lib/src/dom/webcryptoapi.dart:76:51: Error: Type 'JSObject' not found.
extension type CryptoKey._(JSObject _) implements JSObject {
                                                  ^^^^^^^^
/C:/Users/berkgoknil/AppData/Local/Pub/Cache/hosted/pub.dev/web-1.1.1/lib/src/dom/webcryptoapi.dart:106:12: Error: Type 'JSObject' not found.
  external JSObject get algorithm;
           ^^^^^^^^
/C:/Users/berkgoknil/AppData/Local/Pub/Cache/hosted/pub.dev/web-1.1.1/lib/src/dom/webcryptoapi.dart:110:12: Error: Type 'JSObject' not found.
  external JSObject get usages;
           ^^^^^^^^
/C:/Users/berkgoknil/AppData/Local/Pub/Cache/hosted/pub.dev/web-1.1.1/lib/src/dom/webcryptoapi.dart:143:31: Error: Type 'JSObject' not found.
extension type SubtleCrypto._(JSObject _) implements JSObject {
                              ^^^^^^^^
/C:/Users/berkgoknil/AppData/Local/Pub/Cache/hosted/pub.dev/web-1.1.1/lib/src/dom/webcryptoapi.dart:143:54: Error: Type 'JSObject' not found.
extension type SubtleCrypto._(JSObject _) implements JSObject {
                                                     ^^^^^^^^
/C:/Users/berkgoknil/AppData/Local/Pub/Cache/hosted/pub.dev/web-1.1.1/lib/src/dom/webcryptoapi.dart:150:22: Error: Type 'JSAny' not found.
  external JSPromise<JSAny?> encrypt(
                     ^^^^^
/C:/Users/berkgoknil/AppData/Local/Pub/Cache/hosted/pub.dev/web-1.1.1/lib/src/dom/webcryptoapi.dart:150:12: Error: Type 'JSPromise' not found.
  external JSPromise<JSAny?> encrypt(
           ^^^^^^^^^
/C:/Users/berkgoknil/AppData/Local/Pub/Cache/hosted/pub.dev/web-1.1.1/lib/src/dom/webcryptoapi.dart:162:22: Error: Type 'JSAny' not found.
  external JSPromise<JSAny?> decrypt(
                     ^^^^^
/C:/Users/berkgoknil/AppData/Local/Pub/Cache/hosted/pub.dev/web-1.1.1/lib/src/dom/webcryptoapi.dart:162:12: Error: Type 'JSPromise' not found.
  external JSPromise<JSAny?> decrypt(
           ^^^^^^^^^
/C:/Users/berkgoknil/AppData/Local/Pub/Cache/hosted/pub.dev/web-1.1.1/lib/src/dom/webcryptoapi.dart:177:22: Error: Type 'JSAny' not found.
  external JSPromise<JSAny?> sign(
                     ^^^^^
/C:/Users/berkgoknil/AppData/Local/Pub/Cache/hosted/pub.dev/web-1.1.1/lib/src/dom/webcryptoapi.dart:177:12: Error: Type 'JSPromise' not found.
  external JSPromise<JSAny?> sign(
           ^^^^^^^^^
/C:/Users/berkgoknil/AppData/Local/Pub/Cache/hosted/pub.dev/web-1.1.1/lib/src/dom/webcryptoapi.dart:191:22: Error: Type 'JSAny' not found.
  external JSPromise<JSAny?> verify(
                     ^^^^^
/C:/Users/berkgoknil/AppData/Local/Pub/Cache/hosted/pub.dev/web-1.1.1/lib/src/dom/webcryptoapi.dart:191:12: Error: Type 'JSPromise' not found.
  external JSPromise<JSAny?> verify(
           ^^^^^^^^^
/C:/Users/berkgoknil/AppData/Local/Pub/Cache/hosted/pub.dev/web-1.1.1/lib/src/dom/webcryptoapi.dart:212:22: Error: Type 'JSAny' not found.
  external JSPromise<JSAny?> digest(
                     ^^^^^
/C:/Users/berkgoknil/AppData/Local/Pub/Cache/hosted/pub.dev/web-1.1.1/lib/src/dom/webcryptoapi.dart:212:12: Error: Type 'JSPromise' not found.
  external JSPromise<JSAny?> digest(
           ^^^^^^^^^
/C:/Users/berkgoknil/AppData/Local/Pub/Cache/hosted/pub.dev/web-1.1.1/lib/src/dom/webcryptoapi.dart:220:22: Error: Type 'JSAny' not found.
  external JSPromise<JSAny?> generateKey(
                     ^^^^^
/C:/Users/berkgoknil/AppData/Local/Pub/Cache/hosted/pub.dev/web-1.1.1/lib/src/dom/webcryptoapi.dart:220:12: Error: Type 'JSPromise' not found.
  external JSPromise<JSAny?> generateKey(
           ^^^^^^^^^
/C:/Users/berkgoknil/AppData/Local/Pub/Cache/hosted/pub.dev/web-1.1.1/lib/src/dom/webcryptoapi.dart:223:13: Error: Type 'JSString' not found.
    JSArray<JSString> keyUsages,
            ^^^^^^^^
/C:/Users/berkgoknil/AppData/Local/Pub/Cache/hosted/pub.dev/web-1.1.1/lib/src/dom/webcryptoapi.dart:223:5: Error: Type 'JSArray' not found.
    JSArray<JSString> keyUsages,
    ^^^^^^^
/C:/Users/berkgoknil/AppData/Local/Pub/Cache/hosted/pub.dev/web-1.1.1/lib/src/dom/webcryptoapi.dart:241:22: Error: Type 'JSAny' not found.
  external JSPromise<JSAny?> deriveKey(
                     ^^^^^
/C:/Users/berkgoknil/AppData/Local/Pub/Cache/hosted/pub.dev/web-1.1.1/lib/src/dom/webcryptoapi.dart:241:12: Error: Type 'JSPromise' not found.
  external JSPromise<JSAny?> deriveKey(
           ^^^^^^^^^
/C:/Users/berkgoknil/AppData/Local/Pub/Cache/hosted/pub.dev/web-1.1.1/lib/src/dom/webcryptoapi.dart:246:13: Error: Type 'JSString' not found.
    JSArray<JSString> keyUsages,
            ^^^^^^^^
/C:/Users/berkgoknil/AppData/Local/Pub/Cache/hosted/pub.dev/web-1.1.1/lib/src/dom/webcryptoapi.dart:246:5: Error: Type 'JSArray' not found.
    JSArray<JSString> keyUsages,
    ^^^^^^^
/C:/Users/berkgoknil/AppData/Local/Pub/Cache/hosted/pub.dev/web-1.1.1/lib/src/dom/webcryptoapi.dart:275:22: Error: Type 'JSArrayBuffer' not found.
  external JSPromise<JSArrayBuffer> deriveBits(
                     ^^^^^^^^^^^^^
/C:/Users/berkgoknil/AppData/Local/Pub/Cache/hosted/pub.dev/web-1.1.1/lib/src/dom/webcryptoapi.dart:275:12: Error: Type 'JSPromise' not found.
  external JSPromise<JSArrayBuffer> deriveBits(
           ^^^^^^^^^
/C:/Users/berkgoknil/AppData/Local/Pub/Cache/hosted/pub.dev/web-1.1.1/lib/src/dom/webcryptoapi.dart:289:12: Error: Type 'JSPromise' not found.
  external JSPromise<CryptoKey> importKey(
           ^^^^^^^^^
/C:/Users/berkgoknil/AppData/Local/Pub/Cache/hosted/pub.dev/web-1.1.1/lib/src/dom/webcryptoapi.dart:291:5: Error: Type 'JSObject' not found.
    JSObject keyData,
    ^^^^^^^^
/C:/Users/berkgoknil/AppData/Local/Pub/Cache/hosted/pub.dev/web-1.1.1/lib/src/dom/webcryptoapi.dart:294:13: Error: Type 'JSString' not found.
    JSArray<JSString> keyUsages,
            ^^^^^^^^
/C:/Users/berkgoknil/AppData/Local/Pub/Cache/hosted/pub.dev/web-1.1.1/lib/src/dom/webcryptoapi.dart:294:5: Error: Type 'JSArray' not found.
    JSArray<JSString> keyUsages,
    ^^^^^^^
/C:/Users/berkgoknil/AppData/Local/Pub/Cache/hosted/pub.dev/web-1.1.1/lib/src/dom/webcryptoapi.dart:315:22: Error: Type 'JSAny' not found.
  external JSPromise<JSAny?> exportKey(
                     ^^^^^
/C:/Users/berkgoknil/AppData/Local/Pub/Cache/hosted/pub.dev/web-1.1.1/lib/src/dom/webcryptoapi.dart:315:12: Error: Type 'JSPromise' not found.
  external JSPromise<JSAny?> exportKey(
           ^^^^^^^^^
/C:/Users/berkgoknil/AppData/Local/Pub/Cache/hosted/pub.dev/web-1.1.1/lib/src/dom/webcryptoapi.dart:338:22: Error: Type 'JSAny' not found.
  external JSPromise<JSAny?> wrapKey(
                     ^^^^^
/C:/Users/berkgoknil/AppData/Local/Pub/Cache/hosted/pub.dev/web-1.1.1/lib/src/dom/webcryptoapi.dart:338:12: Error: Type 'JSPromise' not found.
  external JSPromise<JSAny?> wrapKey(
           ^^^^^^^^^
/C:/Users/berkgoknil/AppData/Local/Pub/Cache/hosted/pub.dev/web-1.1.1/lib/src/dom/webcryptoapi.dart:367:12: Error: Type 'JSPromise' not found.
  external JSPromise<CryptoKey> unwrapKey(
           ^^^^^^^^^
/C:/Users/berkgoknil/AppData/Local/Pub/Cache/hosted/pub.dev/web-1.1.1/lib/src/dom/webcryptoapi.dart:374:13: Error: Type 'JSString' not found.
    JSArray<JSString> keyUsages,
            ^^^^^^^^
/C:/Users/berkgoknil/AppData/Local/Pub/Cache/hosted/pub.dev/web-1.1.1/lib/src/dom/webcryptoapi.dart:374:5: Error: Type 'JSArray' not found.
    JSArray<JSString> keyUsages,
    ^^^^^^^
/C:/Users/berkgoknil/AppData/Local/Pub/Cache/hosted/pub.dev/web-1.1.1/lib/src/dom/webcryptoapi.dart:377:37: Error: Type 'JSObject' not found.
extension type RsaOtherPrimesInfo._(JSObject _) implements JSObject {
                                    ^^^^^^^^
/C:/Users/berkgoknil/AppData/Local/Pub/Cache/hosted/pub.dev/web-1.1.1/lib/src/dom/webcryptoapi.dart:377:60: Error: Type 'JSObject' not found.
extension type RsaOtherPrimesInfo._(JSObject _) implements JSObject {
                                                           ^^^^^^^^
/C:/Users/berkgoknil/AppData/Local/Pub/Cache/hosted/pub.dev/web-1.1.1/lib/src/dom/webcryptoapi.dart:391:29: Error: Type 'JSObject' not found.
extension type JsonWebKey._(JSObject _) implements JSObject {
                            ^^^^^^^^
/C:/Users/berkgoknil/AppData/Local/Pub/Cache/hosted/pub.dev/web-1.1.1/lib/src/dom/webcryptoapi.dart:391:52: Error: Type 'JSObject' not found.
extension type JsonWebKey._(JSObject _) implements JSObject {
                                                   ^^^^^^^^
/C:/Users/berkgoknil/AppData/Local/Pub/Cache/hosted/pub.dev/web-1.1.1/lib/src/dom/webcryptoapi.dart:395:13: Error: Type 'JSString' not found.
    JSArray<JSString> key_ops,
            ^^^^^^^^
/C:/Users/berkgoknil/AppData/Local/Pub/Cache/hosted/pub.dev/web-1.1.1/lib/src/dom/webcryptoapi.dart:395:5: Error: Type 'JSArray' not found.
    JSArray<JSString> key_ops,
    ^^^^^^^
/C:/Users/berkgoknil/AppData/Local/Pub/Cache/hosted/pub.dev/web-1.1.1/lib/src/dom/webcryptoapi.dart:409:5: Error: Type 'JSArray' not found.
    JSArray<RsaOtherPrimesInfo> oth,
    ^^^^^^^
/C:/Users/berkgoknil/AppData/Local/Pub/Cache/hosted/pub.dev/web-1.1.1/lib/src/dom/webcryptoapi.dart:417:20: Error: Type 'JSString' not found.
  external JSArray<JSString> get key_ops;
                   ^^^^^^^^
/C:/Users/berkgoknil/AppData/Local/Pub/Cache/hosted/pub.dev/web-1.1.1/lib/src/dom/webcryptoapi.dart:417:12: Error: Type 'JSArray' not found.
  external JSArray<JSString> get key_ops;
           ^^^^^^^
/C:/Users/berkgoknil/AppData/Local/Pub/Cache/hosted/pub.dev/web-1.1.1/lib/src/dom/webcryptoapi.dart:418:32: Error: Type 'JSString' not found.
  external set key_ops(JSArray<JSString> value);
                               ^^^^^^^^
/C:/Users/berkgoknil/AppData/Local/Pub/Cache/hosted/pub.dev/web-1.1.1/lib/src/dom/webcryptoapi.dart:418:24: Error: Type 'JSArray' not found.
  external set key_ops(JSArray<JSString> value);
                       ^^^^^^^
/C:/Users/berkgoknil/AppData/Local/Pub/Cache/hosted/pub.dev/web-1.1.1/lib/src/dom/webcryptoapi.dart:445:12: Error: Type 'JSArray' not found.
  external JSArray<RsaOtherPrimesInfo> get oth;
           ^^^^^^^
/C:/Users/berkgoknil/AppData/Local/Pub/Cache/hosted/pub.dev/web-1.1.1/lib/src/dom/webcryptoapi.dart:446:20: Error: Type 'JSArray' not found.
  external set oth(JSArray<RsaOtherPrimesInfo> value);
                   ^^^^^^^
/C:/Users/berkgoknil/AppData/Local/Pub/Cache/hosted/pub.dev/web-1.1.1/lib/src/dom/webcryptoapi.dart:37:48: Error: The type 'JSObject' can't be implemented by an extension type.
extension type Crypto._(JSObject _) implements JSObject {
                                               ^
/C:/Users/berkgoknil/AppData/Local/Pub/Cache/hosted/pub.dev/web-1.1.1/lib/src/dom/webcryptoapi.dart:76:51: Error: The type 'JSObject' can't be implemented by an extension type.
extension type CryptoKey._(JSObject _) implements JSObject {
                                                  ^
/C:/Users/berkgoknil/AppData/Local/Pub/Cache/hosted/pub.dev/web-1.1.1/lib/src/dom/webcryptoapi.dart:143:54: Error: The type 'JSObject' can't be implemented by an extension type.
extension type SubtleCrypto._(JSObject _) implements JSObject {
                                                     ^
/C:/Users/berkgoknil/AppData/Local/Pub/Cache/hosted/pub.dev/web-1.1.1/lib/src/dom/webcryptoapi.dart:377:60: Error: The type 'JSObject' can't be implemented by an extension type.
extension type RsaOtherPrimesInfo._(JSObject _) implements JSObject {
                                                           ^
/C:/Users/berkgoknil/AppData/Local/Pub/Cache/hosted/pub.dev/web-1.1.1/lib/src/dom/webcryptoapi.dart:391:52: Error: The type 'JSObject' can't be implemented by an extension type.
extension type JsonWebKey._(JSObject _) implements JSObject {
                                                   ^
/C:/Users/berkgoknil/AppData/Local/Pub/Cache/hosted/pub.dev/web-1.1.1/lib/src/dom/webcryptoapi.dart:13:2: Error: Couldn't find constructor 'JS'.
@JS()
 ^^
/C:/Users/berkgoknil/AppData/Local/Pub/Cache/hosted/pub.dev/web-1.1.1/lib/src/dom/webcryptoapi.dart:37:25: Error: 'JSObject' isn't a type.
extension type Crypto._(JSObject _) implements JSObject {
                        ^^^^^^^^
/C:/Users/berkgoknil/AppData/Local/Pub/Cache/hosted/pub.dev/web-1.1.1/lib/src/dom/webcryptoapi.dart:76:28: Error: 'JSObject' isn't a type.
extension type CryptoKey._(JSObject _) implements JSObject {
                           ^^^^^^^^
/C:/Users/berkgoknil/AppData/Local/Pub/Cache/hosted/pub.dev/web-1.1.1/lib/src/dom/webcryptoapi.dart:143:31: Error: 'JSObject' isn't a type.
extension type SubtleCrypto._(JSObject _) implements JSObject {
                              ^^^^^^^^
/C:/Users/berkgoknil/AppData/Local/Pub/Cache/hosted/pub.dev/web-1.1.1/lib/src/dom/webcryptoapi.dart:223:13: Error: 'JSString' isn't a type.
    JSArray<JSString> keyUsages,
            ^^^^^^^^
/C:/Users/berkgoknil/AppData/Local/Pub/Cache/hosted/pub.dev/web-1.1.1/lib/src/dom/webcryptoapi.dart:223:5: Error: 'JSArray' isn't a type.
    JSArray<JSString> keyUsages,
    ^^^^^^^
/C:/Users/berkgoknil/AppData/Local/Pub/Cache/hosted/pub.dev/web-1.1.1/lib/src/dom/webcryptoapi.dart:246:13: Error: 'JSString' isn't a type.
    JSArray<JSString> keyUsages,
            ^^^^^^^^
/C:/Users/berkgoknil/AppData/Local/Pub/Cache/hosted/pub.dev/web-1.1.1/lib/src/dom/webcryptoapi.dart:246:5: Error: 'JSArray' isn't a type.
    JSArray<JSString> keyUsages,
    ^^^^^^^
/C:/Users/berkgoknil/AppData/Local/Pub/Cache/hosted/pub.dev/web-1.1.1/lib/src/dom/webcryptoapi.dart:291:5: Error: 'JSObject' isn't a type.
    JSObject keyData,
    ^^^^^^^^
/C:/Users/berkgoknil/AppData/Local/Pub/Cache/hosted/pub.dev/web-1.1.1/lib/src/dom/webcryptoapi.dart:294:13: Error: 'JSString' isn't a type.
    JSArray<JSString> keyUsages,
            ^^^^^^^^
/C:/Users/berkgoknil/AppData/Local/Pub/Cache/hosted/pub.dev/web-1.1.1/lib/src/dom/webcryptoapi.dart:294:5: Error: 'JSArray' isn't a type.
    JSArray<JSString> keyUsages,
    ^^^^^^^
/C:/Users/berkgoknil/AppData/Local/Pub/Cache/hosted/pub.dev/web-1.1.1/lib/src/dom/webcryptoapi.dart:374:13: Error: 'JSString' isn't a type.
    JSArray<JSString> keyUsages,
            ^^^^^^^^
/C:/Users/berkgoknil/AppData/Local/Pub/Cache/hosted/pub.dev/web-1.1.1/lib/src/dom/webcryptoapi.dart:374:5: Error: 'JSArray' isn't a type.
    JSArray<JSString> keyUsages,
    ^^^^^^^
/C:/Users/berkgoknil/AppData/Local/Pub/Cache/hosted/pub.dev/web-1.1.1/lib/src/dom/webcryptoapi.dart:377:37: Error: 'JSObject' isn't a type.
extension type RsaOtherPrimesInfo._(JSObject _) implements JSObject {
                                    ^^^^^^^^
/C:/Users/berkgoknil/AppData/Local/Pub/Cache/hosted/pub.dev/web-1.1.1/lib/src/dom/webcryptoapi.dart:391:29: Error: 'JSObject' isn't a type.
extension type JsonWebKey._(JSObject _) implements JSObject {
                            ^^^^^^^^
/C:/Users/berkgoknil/AppData/Local/Pub/Cache/hosted/pub.dev/web-1.1.1/lib/src/dom/webcryptoapi.dart:395:13: Error: 'JSString' isn't a type.
    JSArray<JSString> key_ops,
            ^^^^^^^^
/C:/Users/berkgoknil/AppData/Local/Pub/Cache/hosted/pub.dev/web-1.1.1/lib/src/dom/webcryptoapi.dart:395:5: Error: 'JSArray' isn't a type.
    JSArray<JSString> key_ops,
    ^^^^^^^
/C:/Users/berkgoknil/AppData/Local/Pub/Cache/hosted/pub.dev/web-1.1.1/lib/src/dom/webcryptoapi.dart:409:5: Error: 'JSArray' isn't a type.
    JSArray<RsaOtherPrimesInfo> oth,
    ^^^^^^^
/C:/Users/berkgoknil/AppData/Local/Pub/Cache/hosted/pub.dev/web-1.1.1/lib/src/dom/webcryptoapi.dart:418:32: Error: 'JSString' isn't a type.
  external set key_ops(JSArray<JSString> value);
                               ^^^^^^^^
/C:/Users/berkgoknil/AppData/Local/Pub/Cache/hosted/pub.dev/web-1.1.1/lib/src/dom/webcryptoapi.dart:418:24: Error: 'JSArray' isn't a type.
  external set key_ops(JSArray<JSString> value);
                       ^^^^^^^
/C:/Users/berkgoknil/AppData/Local/Pub/Cache/hosted/pub.dev/web-1.1.1/lib/src/dom/webcryptoapi.dart:446:20: Error: 'JSArray' isn't a type.
  external set oth(JSArray<RsaOtherPrimesInfo> value);
                   ^^^^^^^
/C:/Users/berkgoknil/AppData/Local/Pub/Cache/hosted/pub.dev/web-1.1.1/lib/src/dom/web_share.dart:16:8: Error: Dart library 'dart:js_interop' is not available on this platform.
import 'dart:js_interop';
       ^
/C:/Users/berkgoknil/AppData/Local/Pub/Cache/hosted/pub.dev/web-1.1.1/lib/src/dom/web_share.dart:20:28: Error: Type 'JSObject' not found.
extension type ShareData._(JSObject _) implements JSObject {
                           ^^^^^^^^
/C:/Users/berkgoknil/AppData/Local/Pub/Cache/hosted/pub.dev/web-1.1.1/lib/src/dom/web_share.dart:20:51: Error: Type 'JSObject' not found.
extension type ShareData._(JSObject _) implements JSObject {
                                                  ^^^^^^^^
/C:/Users/berkgoknil/AppData/Local/Pub/Cache/hosted/pub.dev/web-1.1.1/lib/src/dom/web_share.dart:22:5: Error: Type 'JSArray' not found.
    JSArray<File> files,
    ^^^^^^^
/C:/Users/berkgoknil/AppData/Local/Pub/Cache/hosted/pub.dev/web-1.1.1/lib/src/dom/web_share.dart:28:12: Error: Type 'JSArray' not found.
  external JSArray<File> get files;
           ^^^^^^^
/C:/Users/berkgoknil/AppData/Local/Pub/Cache/hosted/pub.dev/web-1.1.1/lib/src/dom/web_share.dart:29:22: Error: Type 'JSArray' not found.
  external set files(JSArray<File> value);
                     ^^^^^^^
/C:/Users/berkgoknil/AppData/Local/Pub/Cache/hosted/pub.dev/web-1.1.1/lib/src/dom/web_share.dart:20:51: Error: The type 'JSObject' can't be implemented by an extension type.
extension type ShareData._(JSObject _) implements JSObject {
                                                  ^
/C:/Users/berkgoknil/AppData/Local/Pub/Cache/hosted/pub.dev/web-1.1.1/lib/src/dom/web_share.dart:13:2: Error: Couldn't find constructor 'JS'.
@JS()
 ^^
/C:/Users/berkgoknil/AppData/Local/Pub/Cache/hosted/pub.dev/web-1.1.1/lib/src/dom/web_share.dart:20:28: Error: 'JSObject' isn't a type.
extension type ShareData._(JSObject _) implements JSObject {
                           ^^^^^^^^
/C:/Users/berkgoknil/AppData/Local/Pub/Cache/hosted/pub.dev/web-1.1.1/lib/src/dom/web_share.dart:22:5: Error: 'JSArray' isn't a type.
    JSArray<File> files,
    ^^^^^^^
/C:/Users/berkgoknil/AppData/Local/Pub/Cache/hosted/pub.dev/web-1.1.1/lib/src/dom/web_share.dart:29:22: Error: 'JSArray' isn't a type.
  external set files(JSArray<File> value);
                     ^^^^^^^
/C:/Users/berkgoknil/AppData/Local/Pub/Cache/hosted/pub.dev/web-1.1.1/lib/src/dom/fileapi.dart:16:8: Error: Dart library 'dart:js_interop' is not available on this platform.
import 'dart:js_interop';
       ^
/C:/Users/berkgoknil/AppData/Local/Pub/Cache/hosted/pub.dev/web-1.1.1/lib/src/dom/fileapi.dart:23:20: Error: Type 'JSAny' not found.
typedef BlobPart = JSAny;
                   ^^^^^
/C:/Users/berkgoknil/AppData/Local/Pub/Cache/hosted/pub.dev/web-1.1.1/lib/src/dom/fileapi.dart:38:23: Error: Type 'JSObject' not found.
extension type Blob._(JSObject _) implements JSObject {
                      ^^^^^^^^
/C:/Users/berkgoknil/AppData/Local/Pub/Cache/hosted/pub.dev/web-1.1.1/lib/src/dom/fileapi.dart:38:46: Error: Type 'JSObject' not found.
extension type Blob._(JSObject _) implements JSObject {
                                             ^^^^^^^^
/C:/Users/berkgoknil/AppData/Local/Pub/Cache/hosted/pub.dev/web-1.1.1/lib/src/dom/fileapi.dart:40:5: Error: Type 'JSArray' not found.
    JSArray<BlobPart> blobParts,
    ^^^^^^^
/C:/Users/berkgoknil/AppData/Local/Pub/Cache/hosted/pub.dev/web-1.1.1/lib/src/dom/fileapi.dart:62:22: Error: Type 'JSString' not found.
  external JSPromise<JSString> text();
                     ^^^^^^^^
/C:/Users/berkgoknil/AppData/Local/Pub/Cache/hosted/pub.dev/web-1.1.1/lib/src/dom/fileapi.dart:62:12: Error: Type 'JSPromise' not found.
  external JSPromise<JSString> text();
           ^^^^^^^^^
/C:/Users/berkgoknil/AppData/Local/Pub/Cache/hosted/pub.dev/web-1.1.1/lib/src/dom/fileapi.dart:68:22: Error: Type 'JSArrayBuffer' not found.
  external JSPromise<JSArrayBuffer> arrayBuffer();
                     ^^^^^^^^^^^^^
/C:/Users/berkgoknil/AppData/Local/Pub/Cache/hosted/pub.dev/web-1.1.1/lib/src/dom/fileapi.dart:68:12: Error: Type 'JSPromise' not found.
  external JSPromise<JSArrayBuffer> arrayBuffer();
           ^^^^^^^^^
/C:/Users/berkgoknil/AppData/Local/Pub/Cache/hosted/pub.dev/web-1.1.1/lib/src/dom/fileapi.dart:89:34: Error: Type 'JSObject' not found.
extension type BlobPropertyBag._(JSObject _) implements JSObject {
                                 ^^^^^^^^
/C:/Users/berkgoknil/AppData/Local/Pub/Cache/hosted/pub.dev/web-1.1.1/lib/src/dom/fileapi.dart:89:57: Error: Type 'JSObject' not found.
extension type BlobPropertyBag._(JSObject _) implements JSObject {
                                                        ^^^^^^^^
/C:/Users/berkgoknil/AppData/Local/Pub/Cache/hosted/pub.dev/web-1.1.1/lib/src/dom/fileapi.dart:122:23: Error: Type 'JSObject' not found.
extension type File._(JSObject _) implements Blob, JSObject {
                      ^^^^^^^^
/C:/Users/berkgoknil/AppData/Local/Pub/Cache/hosted/pub.dev/web-1.1.1/lib/src/dom/fileapi.dart:122:52: Error: Type 'JSObject' not found.
extension type File._(JSObject _) implements Blob, JSObject {
                                                   ^^^^^^^^
/C:/Users/berkgoknil/AppData/Local/Pub/Cache/hosted/pub.dev/web-1.1.1/lib/src/dom/fileapi.dart:124:5: Error: Type 'JSArray' not found.
    JSArray<BlobPart> fileBits,
    ^^^^^^^
/C:/Users/berkgoknil/AppData/Local/Pub/Cache/hosted/pub.dev/web-1.1.1/lib/src/dom/fileapi.dart:150:34: Error: Type 'JSObject' not found.
extension type FilePropertyBag._(JSObject _)
                                 ^^^^^^^^
/C:/Users/berkgoknil/AppData/Local/Pub/Cache/hosted/pub.dev/web-1.1.1/lib/src/dom/fileapi.dart:151:33: Error: Type 'JSObject' not found.
    implements BlobPropertyBag, JSObject {
                                ^^^^^^^^
/C:/Users/berkgoknil/AppData/Local/Pub/Cache/hosted/pub.dev/web-1.1.1/lib/src/dom/fileapi.dart:201:27: Error: Type 'JSObject' not found.
extension type FileList._(JSObject _) implements JSObject {
                          ^^^^^^^^
/C:/Users/berkgoknil/AppData/Local/Pub/Cache/hosted/pub.dev/web-1.1.1/lib/src/dom/fileapi.dart:201:50: Error: Type 'JSObject' not found.
extension type FileList._(JSObject _) implements JSObject {
                                                 ^^^^^^^^
/C:/Users/berkgoknil/AppData/Local/Pub/Cache/hosted/pub.dev/web-1.1.1/lib/src/dom/fileapi.dart:233:29: Error: Type 'JSObject' not found.
extension type FileReader._(JSObject _) implements EventTarget, JSObject {
                            ^^^^^^^^
/C:/Users/berkgoknil/AppData/Local/Pub/Cache/hosted/pub.dev/web-1.1.1/lib/src/dom/fileapi.dart:233:65: Error: Type 'JSObject' not found.
extension type FileReader._(JSObject _) implements EventTarget, JSObject {
                                                                ^^^^^^^^
/C:/Users/berkgoknil/AppData/Local/Pub/Cache/hosted/pub.dev/web-1.1.1/lib/src/dom/fileapi.dart:327:12: Error: Type 'JSAny' not found.
  external JSAny? get result;
           ^^^^^
/C:/Users/berkgoknil/AppData/Local/Pub/Cache/hosted/pub.dev/web-1.1.1/lib/src/dom/fileapi.dart:359:33: Error: Type 'JSObject' not found.
extension type FileReaderSync._(JSObject _) implements JSObject {
                                ^^^^^^^^
/C:/Users/berkgoknil/AppData/Local/Pub/Cache/hosted/pub.dev/web-1.1.1/lib/src/dom/fileapi.dart:359:56: Error: Type 'JSObject' not found.
extension type FileReaderSync._(JSObject _) implements JSObject {
                                                       ^^^^^^^^
/C:/Users/berkgoknil/AppData/Local/Pub/Cache/hosted/pub.dev/web-1.1.1/lib/src/dom/fileapi.dart:370:12: Error: Type 'JSArrayBuffer' not found.
  external JSArrayBuffer readAsArrayBuffer(Blob blob);
           ^^^^^^^^^^^^^
/C:/Users/berkgoknil/AppData/Local/Pub/Cache/hosted/pub.dev/web-1.1.1/lib/src/dom/fileapi.dart:38:46: Error: The type 'JSObject' can't be implemented by an extension type.
extension type Blob._(JSObject _) implements JSObject {
                                             ^
/C:/Users/berkgoknil/AppData/Local/Pub/Cache/hosted/pub.dev/web-1.1.1/lib/src/dom/fileapi.dart:89:57: Error: The type 'JSObject' can't be implemented by an extension type.
extension type BlobPropertyBag._(JSObject _) implements JSObject {
                                                        ^
/C:/Users/berkgoknil/AppData/Local/Pub/Cache/hosted/pub.dev/web-1.1.1/lib/src/dom/fileapi.dart:122:52: Error: The type 'JSObject' can't be implemented by an extension type.
extension type File._(JSObject _) implements Blob, JSObject {
                                                   ^
/C:/Users/berkgoknil/AppData/Local/Pub/Cache/hosted/pub.dev/web-1.1.1/lib/src/dom/fileapi.dart:151:33: Error: The type 'JSObject' can't be implemented by an extension type.
    implements BlobPropertyBag, JSObject {
                                ^
/C:/Users/berkgoknil/AppData/Local/Pub/Cache/hosted/pub.dev/web-1.1.1/lib/src/dom/fileapi.dart:201:50: Error: The type 'JSObject' can't be implemented by an extension type.
extension type FileList._(JSObject _) implements JSObject {
                                                 ^
/C:/Users/berkgoknil/AppData/Local/Pub/Cache/hosted/pub.dev/web-1.1.1/lib/src/dom/fileapi.dart:233:65: Error: The type 'JSObject' can't be implemented by an extension type.
extension type FileReader._(JSObject _) implements EventTarget, JSObject {
                                                                ^
/C:/Users/berkgoknil/AppData/Local/Pub/Cache/hosted/pub.dev/web-1.1.1/lib/src/dom/fileapi.dart:359:56: Error: The type 'JSObject' can't be implemented by an extension type.
extension type FileReaderSync._(JSObject _) implements JSObject {
                                                       ^
/C:/Users/berkgoknil/AppData/Local/Pub/Cache/hosted/pub.dev/web-1.1.1/lib/src/dom/fileapi.dart:13:2: Error: Couldn't find constructor 'JS'.
@JS()
 ^^
/C:/Users/berkgoknil/AppData/Local/Pub/Cache/hosted/pub.dev/web-1.1.1/lib/src/dom/fileapi.dart:38:23: Error: 'JSObject' isn't a type.
extension type Blob._(JSObject _) implements JSObject {
                      ^^^^^^^^
/C:/Users/berkgoknil/AppData/Local/Pub/Cache/hosted/pub.dev/web-1.1.1/lib/src/dom/fileapi.dart:40:5: Error: 'JSArray' isn't a type.
    JSArray<BlobPart> blobParts,
    ^^^^^^^
/C:/Users/berkgoknil/AppData/Local/Pub/Cache/hosted/pub.dev/web-1.1.1/lib/src/dom/fileapi.dart:89:34: Error: 'JSObject' isn't a type.
extension type BlobPropertyBag._(JSObject _) implements JSObject {
                                 ^^^^^^^^
/C:/Users/berkgoknil/AppData/Local/Pub/Cache/hosted/pub.dev/web-1.1.1/lib/src/dom/fileapi.dart:122:23: Error: 'JSObject' isn't a type.
extension type File._(JSObject _) implements Blob, JSObject {
                      ^^^^^^^^
/C:/Users/berkgoknil/AppData/Local/Pub/Cache/hosted/pub.dev/web-1.1.1/lib/src/dom/fileapi.dart:124:5: Error: 'JSArray' isn't a type.
    JSArray<BlobPart> fileBits,
    ^^^^^^^
/C:/Users/berkgoknil/AppData/Local/Pub/Cache/hosted/pub.dev/web-1.1.1/lib/src/dom/fileapi.dart:150:34: Error: 'JSObject' isn't a type.
extension type FilePropertyBag._(JSObject _)
                                 ^^^^^^^^
/C:/Users/berkgoknil/AppData/Local/Pub/Cache/hosted/pub.dev/web-1.1.1/lib/src/dom/fileapi.dart:201:27: Error: 'JSObject' isn't a type.
extension type FileList._(JSObject _) implements JSObject {
                          ^^^^^^^^
/C:/Users/berkgoknil/AppData/Local/Pub/Cache/hosted/pub.dev/web-1.1.1/lib/src/dom/fileapi.dart:233:29: Error: 'JSObject' isn't a type.
extension type FileReader._(JSObject _) implements EventTarget, JSObject {
                            ^^^^^^^^
/C:/Users/berkgoknil/AppData/Local/Pub/Cache/hosted/pub.dev/web-1.1.1/lib/src/dom/fileapi.dart:359:33: Error: 'JSObject' isn't a type.
extension type FileReaderSync._(JSObject _) implements JSObject {
                                ^^^^^^^^
/C:/Users/berkgoknil/AppData/Local/Pub/Cache/hosted/pub.dev/web-1.1.1/lib/src/dom/streams.dart:16:8: Error: Dart library 'dart:js_interop' is not available on this platform.
import 'dart:js_interop';
       ^
/C:/Users/berkgoknil/AppData/Local/Pub/Cache/hosted/pub.dev/web-1.1.1/lib/src/dom/streams.dart:21:32: Error: Type 'JSObject' not found.
typedef ReadableStreamReader = JSObject;
                               ^^^^^^^^
/C:/Users/berkgoknil/AppData/Local/Pub/Cache/hosted/pub.dev/web-1.1.1/lib/src/dom/streams.dart:22:31: Error: Type 'JSFunction' not found.
typedef QueuingStrategySize = JSFunction;
                              ^^^^^^^^^^
/C:/Users/berkgoknil/AppData/Local/Pub/Cache/hosted/pub.dev/web-1.1.1/lib/src/dom/streams.dart:39:33: Error: Type 'JSObject' not found.
extension type ReadableStream._(JSObject _) implements JSObject {
                                ^^^^^^^^
/C:/Users/berkgoknil/AppData/Local/Pub/Cache/hosted/pub.dev/web-1.1.1/lib/src/dom/streams.dart:39:56: Error: Type 'JSObject' not found.
extension type ReadableStream._(JSObject _) implements JSObject {
                                                       ^^^^^^^^
/C:/Users/berkgoknil/AppData/Local/Pub/Cache/hosted/pub.dev/web-1.1.1/lib/src/dom/streams.dart:41:5: Error: Type 'JSObject' not found.
    JSObject underlyingSource,
    ^^^^^^^^
/C:/Users/berkgoknil/AppData/Local/Pub/Cache/hosted/pub.dev/web-1.1.1/lib/src/dom/streams.dart:55:22: Error: Type 'JSAny' not found.
  external JSPromise<JSAny?> cancel([JSAny? reason]);
                     ^^^^^
/C:/Users/berkgoknil/AppData/Local/Pub/Cache/hosted/pub.dev/web-1.1.1/lib/src/dom/streams.dart:55:12: Error: Type 'JSPromise' not found.
  external JSPromise<JSAny?> cancel([JSAny? reason]);
           ^^^^^^^^^
/C:/Users/berkgoknil/AppData/Local/Pub/Cache/hosted/pub.dev/web-1.1.1/lib/src/dom/streams.dart:55:38: Error: Type 'JSAny' not found.
  external JSPromise<JSAny?> cancel([JSAny? reason]);
                                     ^^^^^
/C:/Users/berkgoknil/AppData/Local/Pub/Cache/hosted/pub.dev/web-1.1.1/lib/src/dom/streams.dart:83:22: Error: Type 'JSAny' not found.
  external JSPromise<JSAny?> pipeTo(
                     ^^^^^
/C:/Users/berkgoknil/AppData/Local/Pub/Cache/hosted/pub.dev/web-1.1.1/lib/src/dom/streams.dart:83:12: Error: Type 'JSPromise' not found.
  external JSPromise<JSAny?> pipeTo(
           ^^^^^^^^^
/C:/Users/berkgoknil/AppData/Local/Pub/Cache/hosted/pub.dev/web-1.1.1/lib/src/dom/streams.dart:131:12: Error: Type 'JSArray' not found.
  external JSArray<ReadableStream> tee();
           ^^^^^^^
/C:/Users/berkgoknil/AppData/Local/Pub/Cache/hosted/pub.dev/web-1.1.1/lib/src/dom/streams.dart:143:49: Error: Type 'JSObject' not found.
extension type ReadableStreamGetReaderOptions._(JSObject _)
                                                ^^^^^^^^
/C:/Users/berkgoknil/AppData/Local/Pub/Cache/hosted/pub.dev/web-1.1.1/lib/src/dom/streams.dart:144:16: Error: Type 'JSObject' not found.
    implements JSObject {
               ^^^^^^^^
/C:/Users/berkgoknil/AppData/Local/Pub/Cache/hosted/pub.dev/web-1.1.1/lib/src/dom/streams.dart:151:39: Error: Type 'JSObject' not found.
extension type ReadableWritablePair._(JSObject _) implements JSObject {
                                      ^^^^^^^^
/C:/Users/berkgoknil/AppData/Local/Pub/Cache/hosted/pub.dev/web-1.1.1/lib/src/dom/streams.dart:151:62: Error: Type 'JSObject' not found.
extension type ReadableWritablePair._(JSObject _) implements JSObject {
                                                             ^^^^^^^^
/C:/Users/berkgoknil/AppData/Local/Pub/Cache/hosted/pub.dev/web-1.1.1/lib/src/dom/streams.dart:162:36: Error: Type 'JSObject' not found.
extension type StreamPipeOptions._(JSObject _) implements JSObject {
                                   ^^^^^^^^
/C:/Users/berkgoknil/AppData/Local/Pub/Cache/hosted/pub.dev/web-1.1.1/lib/src/dom/streams.dart:162:59: Error: Type 'JSObject' not found.
extension type StreamPipeOptions._(JSObject _) implements JSObject {
                                                          ^^^^^^^^
/C:/Users/berkgoknil/AppData/Local/Pub/Cache/hosted/pub.dev/web-1.1.1/lib/src/dom/streams.dart:204:46: Error: Type 'JSObject' not found.
extension type ReadableStreamDefaultReader._(JSObject _) implements JSObject {
                                             ^^^^^^^^
/C:/Users/berkgoknil/AppData/Local/Pub/Cache/hosted/pub.dev/web-1.1.1/lib/src/dom/streams.dart:204:69: Error: Type 'JSObject' not found.
extension type ReadableStreamDefaultReader._(JSObject _) implements JSObject {
                                                                    ^^^^^^^^
/C:/Users/berkgoknil/AppData/Local/Pub/Cache/hosted/pub.dev/web-1.1.1/lib/src/dom/streams.dart:210:12: Error: Type 'JSPromise' not found.
  external JSPromise<ReadableStreamReadResult> read();
           ^^^^^^^^^
/C:/Users/berkgoknil/AppData/Local/Pub/Cache/hosted/pub.dev/web-1.1.1/lib/src/dom/streams.dart:244:22: Error: Type 'JSAny' not found.
  external JSPromise<JSAny?> cancel([JSAny? reason]);
                     ^^^^^
/C:/Users/berkgoknil/AppData/Local/Pub/Cache/hosted/pub.dev/web-1.1.1/lib/src/dom/streams.dart:244:12: Error: Type 'JSPromise' not found.
  external JSPromise<JSAny?> cancel([JSAny? reason]);
           ^^^^^^^^^
/C:/Users/berkgoknil/AppData/Local/Pub/Cache/hosted/pub.dev/web-1.1.1/lib/src/dom/streams.dart:244:38: Error: Type 'JSAny' not found.
  external JSPromise<JSAny?> cancel([JSAny? reason]);
                                     ^^^^^
/C:/Users/berkgoknil/AppData/Local/Pub/Cache/hosted/pub.dev/web-1.1.1/lib/src/dom/streams.dart:252:22: Error: Type 'JSAny' not found.
  external JSPromise<JSAny?> get closed;
                     ^^^^^
/C:/Users/berkgoknil/AppData/Local/Pub/Cache/hosted/pub.dev/web-1.1.1/lib/src/dom/streams.dart:252:12: Error: Type 'JSPromise' not found.
  external JSPromise<JSAny?> get closed;
           ^^^^^^^^^
/C:/Users/berkgoknil/AppData/Local/Pub/Cache/hosted/pub.dev/web-1.1.1/lib/src/dom/streams.dart:254:43: Error: Type 'JSObject' not found.
extension type ReadableStreamReadResult._(JSObject _) implements JSObject {
                                          ^^^^^^^^
/C:/Users/berkgoknil/AppData/Local/Pub/Cache/hosted/pub.dev/web-1.1.1/lib/src/dom/streams.dart:254:66: Error: Type 'JSObject' not found.
extension type ReadableStreamReadResult._(JSObject _) implements JSObject {
                                                                 ^^^^^^^^
/C:/Users/berkgoknil/AppData/Local/Pub/Cache/hosted/pub.dev/web-1.1.1/lib/src/dom/streams.dart:256:5: Error: Type 'JSAny' not found.
    JSAny? value,
    ^^^^^
/C:/Users/berkgoknil/AppData/Local/Pub/Cache/hosted/pub.dev/web-1.1.1/lib/src/dom/streams.dart:260:12: Error: Type 'JSAny' not found.
  external JSAny? get value;
           ^^^^^
/C:/Users/berkgoknil/AppData/Local/Pub/Cache/hosted/pub.dev/web-1.1.1/lib/src/dom/streams.dart:261:22: Error: Type 'JSAny' not found.
  external set value(JSAny? value);
                     ^^^^^
/C:/Users/berkgoknil/AppData/Local/Pub/Cache/hosted/pub.dev/web-1.1.1/lib/src/dom/streams.dart:298:43: Error: Type 'JSObject' not found.
extension type ReadableStreamBYOBReader._(JSObject _) implements JSObject {
                                          ^^^^^^^^
/C:/Users/berkgoknil/AppData/Local/Pub/Cache/hosted/pub.dev/web-1.1.1/lib/src/dom/streams.dart:298:66: Error: Type 'JSObject' not found.
extension type ReadableStreamBYOBReader._(JSObject _) implements JSObject {
                                                                 ^^^^^^^^
/C:/Users/berkgoknil/AppData/Local/Pub/Cache/hosted/pub.dev/web-1.1.1/lib/src/dom/streams.dart:332:12: Error: Type 'JSPromise' not found.
  external JSPromise<ReadableStreamReadResult> read(
           ^^^^^^^^^
/C:/Users/berkgoknil/AppData/Local/Pub/Cache/hosted/pub.dev/web-1.1.1/lib/src/dom/streams.dart:358:22: Error: Type 'JSAny' not found.
  external JSPromise<JSAny?> cancel([JSAny? reason]);
                     ^^^^^
/C:/Users/berkgoknil/AppData/Local/Pub/Cache/hosted/pub.dev/web-1.1.1/lib/src/dom/streams.dart:358:12: Error: Type 'JSPromise' not found.
  external JSPromise<JSAny?> cancel([JSAny? reason]);
           ^^^^^^^^^
/C:/Users/berkgoknil/AppData/Local/Pub/Cache/hosted/pub.dev/web-1.1.1/lib/src/dom/streams.dart:358:38: Error: Type 'JSAny' not found.
  external JSPromise<JSAny?> cancel([JSAny? reason]);
                                     ^^^^^
/C:/Users/berkgoknil/AppData/Local/Pub/Cache/hosted/pub.dev/web-1.1.1/lib/src/dom/streams.dart:366:22: Error: Type 'JSAny' not found.
  external JSPromise<JSAny?> get closed;
                     ^^^^^
/C:/Users/berkgoknil/AppData/Local/Pub/Cache/hosted/pub.dev/web-1.1.1/lib/src/dom/streams.dart:366:12: Error: Type 'JSPromise' not found.
  external JSPromise<JSAny?> get closed;
           ^^^^^^^^^
/C:/Users/berkgoknil/AppData/Local/Pub/Cache/hosted/pub.dev/web-1.1.1/lib/src/dom/streams.dart:368:54: Error: Type 'JSObject' not found.
extension type ReadableStreamBYOBReaderReadOptions._(JSObject _)
                                                     ^^^^^^^^
/C:/Users/berkgoknil/AppData/Local/Pub/Cache/hosted/pub.dev/web-1.1.1/lib/src/dom/streams.dart:369:16: Error: Type 'JSObject' not found.
    implements JSObject {
               ^^^^^^^^
/C:/Users/berkgoknil/AppData/Local/Pub/Cache/hosted/pub.dev/web-1.1.1/lib/src/dom/streams.dart:386:50: Error: Type 'JSObject' not found.
extension type ReadableStreamDefaultController._(JSObject _)
                                                 ^^^^^^^^
/C:/Users/berkgoknil/AppData/Local/Pub/Cache/hosted/pub.dev/web-1.1.1/lib/src/dom/streams.dart:387:16: Error: Type 'JSObject' not found.
    implements JSObject {
               ^^^^^^^^
/C:/Users/berkgoknil/AppData/Local/Pub/Cache/hosted/pub.dev/web-1.1.1/lib/src/dom/streams.dart:403:26: Error: Type 'JSAny' not found.
  external void enqueue([JSAny? chunk]);
                         ^^^^^
/C:/Users/berkgoknil/AppData/Local/Pub/Cache/hosted/pub.dev/web-1.1.1/lib/src/dom/streams.dart:411:24: Error: Type 'JSAny' not found.
  external void error([JSAny? e]);
                       ^^^^^
/C:/Users/berkgoknil/AppData/Local/Pub/Cache/hosted/pub.dev/web-1.1.1/lib/src/dom/streams.dart:481:47: Error: Type 'JSObject' not found.
extension type ReadableByteStreamController._(JSObject _) implements JSObject {
                                              ^^^^^^^^
/C:/Users/berkgoknil/AppData/Local/Pub/Cache/hosted/pub.dev/web-1.1.1/lib/src/dom/streams.dart:481:70: Error: Type 'JSObject' not found.
extension type ReadableByteStreamController._(JSObject _) implements JSObject {
                                                                     ^^^^^^^^
/C:/Users/berkgoknil/AppData/Local/Pub/Cache/hosted/pub.dev/web-1.1.1/lib/src/dom/streams.dart:513:24: Error: Type 'JSAny' not found.
  external void error([JSAny? e]);
                       ^^^^^
/C:/Users/berkgoknil/AppData/Local/Pub/Cache/hosted/pub.dev/web-1.1.1/lib/src/dom/streams.dart:591:44: Error: Type 'JSObject' not found.
extension type ReadableStreamBYOBRequest._(JSObject _) implements JSObject {
                                           ^^^^^^^^
/C:/Users/berkgoknil/AppData/Local/Pub/Cache/hosted/pub.dev/web-1.1.1/lib/src/dom/streams.dart:591:67: Error: Type 'JSObject' not found.
extension type ReadableStreamBYOBRequest._(JSObject _) implements JSObject {
                                                                  ^^^^^^^^
/C:/Users/berkgoknil/AppData/Local/Pub/Cache/hosted/pub.dev/web-1.1.1/lib/src/dom/streams.dart:637:33: Error: Type 'JSObject' not found.
extension type WritableStream._(JSObject _) implements JSObject {
                                ^^^^^^^^
/C:/Users/berkgoknil/AppData/Local/Pub/Cache/hosted/pub.dev/web-1.1.1/lib/src/dom/streams.dart:637:56: Error: Type 'JSObject' not found.
extension type WritableStream._(JSObject _) implements JSObject {
                                                       ^^^^^^^^
/C:/Users/berkgoknil/AppData/Local/Pub/Cache/hosted/pub.dev/web-1.1.1/lib/src/dom/streams.dart:639:5: Error: Type 'JSObject' not found.
    JSObject underlyingSink,
    ^^^^^^^^
/C:/Users/berkgoknil/AppData/Local/Pub/Cache/hosted/pub.dev/web-1.1.1/lib/src/dom/streams.dart:647:22: Error: Type 'JSAny' not found.
  external JSPromise<JSAny?> abort([JSAny? reason]);
                     ^^^^^
/C:/Users/berkgoknil/AppData/Local/Pub/Cache/hosted/pub.dev/web-1.1.1/lib/src/dom/streams.dart:647:12: Error: Type 'JSPromise' not found.
  external JSPromise<JSAny?> abort([JSAny? reason]);
           ^^^^^^^^^
/C:/Users/berkgoknil/AppData/Local/Pub/Cache/hosted/pub.dev/web-1.1.1/lib/src/dom/streams.dart:647:37: Error: Type 'JSAny' not found.
  external JSPromise<JSAny?> abort([JSAny? reason]);
                                    ^^^^^
/C:/Users/berkgoknil/AppData/Local/Pub/Cache/hosted/pub.dev/web-1.1.1/lib/src/dom/streams.dart:656:22: Error: Type 'JSAny' not found.
  external JSPromise<JSAny?> close();
                     ^^^^^
/C:/Users/berkgoknil/AppData/Local/Pub/Cache/hosted/pub.dev/web-1.1.1/lib/src/dom/streams.dart:656:12: Error: Type 'JSPromise' not found.
  external JSPromise<JSAny?> close();
           ^^^^^^^^^
/C:/Users/berkgoknil/AppData/Local/Pub/Cache/hosted/pub.dev/web-1.1.1/lib/src/dom/streams.dart:681:46: Error: Type 'JSObject' not found.
extension type WritableStreamDefaultWriter._(JSObject _) implements JSObject {
                                             ^^^^^^^^
/C:/Users/berkgoknil/AppData/Local/Pub/Cache/hosted/pub.dev/web-1.1.1/lib/src/dom/streams.dart:681:69: Error: Type 'JSObject' not found.
extension type WritableStreamDefaultWriter._(JSObject _) implements JSObject {
                                                                    ^^^^^^^^
/C:/Users/berkgoknil/AppData/Local/Pub/Cache/hosted/pub.dev/web-1.1.1/lib/src/dom/streams.dart:693:22: Error: Type 'JSAny' not found.
  external JSPromise<JSAny?> abort([JSAny? reason]);
                     ^^^^^
/C:/Users/berkgoknil/AppData/Local/Pub/Cache/hosted/pub.dev/web-1.1.1/lib/src/dom/streams.dart:693:12: Error: Type 'JSPromise' not found.
  external JSPromise<JSAny?> abort([JSAny? reason]);
           ^^^^^^^^^
/C:/Users/berkgoknil/AppData/Local/Pub/Cache/hosted/pub.dev/web-1.1.1/lib/src/dom/streams.dart:693:37: Error: Type 'JSAny' not found.
  external JSPromise<JSAny?> abort([JSAny? reason]);
                                    ^^^^^
/C:/Users/berkgoknil/AppData/Local/Pub/Cache/hosted/pub.dev/web-1.1.1/lib/src/dom/streams.dart:704:22: Error: Type 'JSAny' not found.
  external JSPromise<JSAny?> close();
                     ^^^^^
/C:/Users/berkgoknil/AppData/Local/Pub/Cache/hosted/pub.dev/web-1.1.1/lib/src/dom/streams.dart:704:12: Error: Type 'JSPromise' not found.
  external JSPromise<JSAny?> close();
           ^^^^^^^^^
/C:/Users/berkgoknil/AppData/Local/Pub/Cache/hosted/pub.dev/web-1.1.1/lib/src/dom/streams.dart:726:22: Error: Type 'JSAny' not found.
  external JSPromise<JSAny?> write([JSAny? chunk]);
                     ^^^^^
/C:/Users/berkgoknil/AppData/Local/Pub/Cache/hosted/pub.dev/web-1.1.1/lib/src/dom/streams.dart:726:12: Error: Type 'JSPromise' not found.
  external JSPromise<JSAny?> write([JSAny? chunk]);
           ^^^^^^^^^
/C:/Users/berkgoknil/AppData/Local/Pub/Cache/hosted/pub.dev/web-1.1.1/lib/src/dom/streams.dart:726:37: Error: Type 'JSAny' not found.
  external JSPromise<JSAny?> write([JSAny? chunk]);
                                    ^^^^^
/C:/Users/berkgoknil/AppData/Local/Pub/Cache/hosted/pub.dev/web-1.1.1/lib/src/dom/streams.dart:732:22: Error: Type 'JSAny' not found.
  external JSPromise<JSAny?> get closed;
                     ^^^^^
/C:/Users/berkgoknil/AppData/Local/Pub/Cache/hosted/pub.dev/web-1.1.1/lib/src/dom/streams.dart:732:12: Error: Type 'JSPromise' not found.
  external JSPromise<JSAny?> get closed;
           ^^^^^^^^^
/C:/Users/berkgoknil/AppData/Local/Pub/Cache/hosted/pub.dev/web-1.1.1/lib/src/dom/streams.dart:745:22: Error: Type 'JSAny' not found.
  external JSPromise<JSAny?> get ready;
                     ^^^^^
/C:/Users/berkgoknil/AppData/Local/Pub/Cache/hosted/pub.dev/web-1.1.1/lib/src/dom/streams.dart:745:12: Error: Type 'JSPromise' not found.
  external JSPromise<JSAny?> get ready;
           ^^^^^^^^^
/C:/Users/berkgoknil/AppData/Local/Pub/Cache/hosted/pub.dev/web-1.1.1/lib/src/dom/streams.dart:758:50: Error: Type 'JSObject' not found.
extension type WritableStreamDefaultController._(JSObject _)
                                                 ^^^^^^^^
/C:/Users/berkgoknil/AppData/Local/Pub/Cache/hosted/pub.dev/web-1.1.1/lib/src/dom/streams.dart:759:16: Error: Type 'JSObject' not found.
    implements JSObject {
               ^^^^^^^^
/C:/Users/berkgoknil/AppData/Local/Pub/Cache/hosted/pub.dev/web-1.1.1/lib/src/dom/streams.dart:771:24: Error: Type 'JSAny' not found.
  external void error([JSAny? e]);
                       ^^^^^
/C:/Users/berkgoknil/AppData/Local/Pub/Cache/hosted/pub.dev/web-1.1.1/lib/src/dom/streams.dart:801:34: Error: Type 'JSObject' not found.
extension type TransformStream._(JSObject _) implements JSObject {
                                 ^^^^^^^^
/C:/Users/berkgoknil/AppData/Local/Pub/Cache/hosted/pub.dev/web-1.1.1/lib/src/dom/streams.dart:801:57: Error: Type 'JSObject' not found.
extension type TransformStream._(JSObject _) implements JSObject {
                                                        ^^^^^^^^
/C:/Users/berkgoknil/AppData/Local/Pub/Cache/hosted/pub.dev/web-1.1.1/lib/src/dom/streams.dart:803:5: Error: Type 'JSObject' not found.
    JSObject transformer,
    ^^^^^^^^
/C:/Users/berkgoknil/AppData/Local/Pub/Cache/hosted/pub.dev/web-1.1.1/lib/src/dom/streams.dart:834:51: Error: Type 'JSObject' not found.
extension type TransformStreamDefaultController._(JSObject _)
                                                  ^^^^^^^^
/C:/Users/berkgoknil/AppData/Local/Pub/Cache/hosted/pub.dev/web-1.1.1/lib/src/dom/streams.dart:835:16: Error: Type 'JSObject' not found.
    implements JSObject {
               ^^^^^^^^
/C:/Users/berkgoknil/AppData/Local/Pub/Cache/hosted/pub.dev/web-1.1.1/lib/src/dom/streams.dart:841:26: Error: Type 'JSAny' not found.
  external void enqueue([JSAny? chunk]);
                         ^^^^^
/C:/Users/berkgoknil/AppData/Local/Pub/Cache/hosted/pub.dev/web-1.1.1/lib/src/dom/streams.dart:847:24: Error: Type 'JSAny' not found.
  external void error([JSAny? reason]);
                       ^^^^^
/C:/Users/berkgoknil/AppData/Local/Pub/Cache/hosted/pub.dev/web-1.1.1/lib/src/dom/streams.dart:869:34: Error: Type 'JSObject' not found.
extension type QueuingStrategy._(JSObject _) implements JSObject {
                                 ^^^^^^^^
/C:/Users/berkgoknil/AppData/Local/Pub/Cache/hosted/pub.dev/web-1.1.1/lib/src/dom/streams.dart:869:57: Error: Type 'JSObject' not found.
extension type QueuingStrategy._(JSObject _) implements JSObject {
                                                        ^^^^^^^^
/C:/Users/berkgoknil/AppData/Local/Pub/Cache/hosted/pub.dev/web-1.1.1/lib/src/dom/streams.dart:880:38: Error: Type 'JSObject' not found.
extension type QueuingStrategyInit._(JSObject _) implements JSObject {
                                     ^^^^^^^^
/C:/Users/berkgoknil/AppData/Local/Pub/Cache/hosted/pub.dev/web-1.1.1/lib/src/dom/streams.dart:880:61: Error: Type 'JSObject' not found.
extension type QueuingStrategyInit._(JSObject _) implements JSObject {
                                                            ^^^^^^^^
/C:/Users/berkgoknil/AppData/Local/Pub/Cache/hosted/pub.dev/web-1.1.1/lib/src/dom/streams.dart:896:44: Error: Type 'JSObject' not found.
extension type ByteLengthQueuingStrategy._(JSObject _) implements JSObject {
                                           ^^^^^^^^
/C:/Users/berkgoknil/AppData/Local/Pub/Cache/hosted/pub.dev/web-1.1.1/lib/src/dom/streams.dart:896:67: Error: Type 'JSObject' not found.
extension type ByteLengthQueuingStrategy._(JSObject _) implements JSObject {
                                                                  ^^^^^^^^
/C:/Users/berkgoknil/AppData/Local/Pub/Cache/hosted/pub.dev/web-1.1.1/lib/src/dom/streams.dart:918:12: Error: Type 'JSFunction' not found.
  external JSFunction get size;
           ^^^^^^^^^^
/C:/Users/berkgoknil/AppData/Local/Pub/Cache/hosted/pub.dev/web-1.1.1/lib/src/dom/streams.dart:930:39: Error: Type 'JSObject' not found.
extension type CountQueuingStrategy._(JSObject _) implements JSObject {
                                      ^^^^^^^^
/C:/Users/berkgoknil/AppData/Local/Pub/Cache/hosted/pub.dev/web-1.1.1/lib/src/dom/streams.dart:930:62: Error: Type 'JSObject' not found.
extension type CountQueuingStrategy._(JSObject _) implements JSObject {
                                                             ^^^^^^^^
/C:/Users/berkgoknil/AppData/Local/Pub/Cache/hosted/pub.dev/web-1.1.1/lib/src/dom/streams.dart:941:12: Error: Type 'JSFunction' not found.
  external JSFunction get size;
           ^^^^^^^^^^
/C:/Users/berkgoknil/AppData/Local/Pub/Cache/hosted/pub.dev/web-1.1.1/lib/src/dom/streams.dart:39:56: Error: The type 'JSObject' can't be implemented by an extension type.
extension type ReadableStream._(JSObject _) implements JSObject {
                                                       ^
/C:/Users/berkgoknil/AppData/Local/Pub/Cache/hosted/pub.dev/web-1.1.1/lib/src/dom/streams.dart:144:16: Error: The type 'JSObject' can't be implemented by an extension type.
    implements JSObject {
               ^
/C:/Users/berkgoknil/AppData/Local/Pub/Cache/hosted/pub.dev/web-1.1.1/lib/src/dom/streams.dart:151:62: Error: The type 'JSObject' can't be implemented by an extension type.
extension type ReadableWritablePair._(JSObject _) implements JSObject {
                                                             ^
/C:/Users/berkgoknil/AppData/Local/Pub/Cache/hosted/pub.dev/web-1.1.1/lib/src/dom/streams.dart:162:59: Error: The type 'JSObject' can't be implemented by an extension type.
extension type StreamPipeOptions._(JSObject _) implements JSObject {
                                                          ^
/C:/Users/berkgoknil/AppData/Local/Pub/Cache/hosted/pub.dev/web-1.1.1/lib/src/dom/streams.dart:204:69: Error: The type 'JSObject' can't be implemented by an extension type.
extension type ReadableStreamDefaultReader._(JSObject _) implements JSObject {
                                                                    ^
/C:/Users/berkgoknil/AppData/Local/Pub/Cache/hosted/pub.dev/web-1.1.1/lib/src/dom/streams.dart:254:66: Error: The type 'JSObject' can't be implemented by an extension type.
extension type ReadableStreamReadResult._(JSObject _) implements JSObject {
                                                                 ^
/C:/Users/berkgoknil/AppData/Local/Pub/Cache/hosted/pub.dev/web-1.1.1/lib/src/dom/streams.dart:298:66: Error: The type 'JSObject' can't be implemented by an extension type.
extension type ReadableStreamBYOBReader._(JSObject _) implements JSObject {
                                                                 ^
/C:/Users/berkgoknil/AppData/Local/Pub/Cache/hosted/pub.dev/web-1.1.1/lib/src/dom/streams.dart:369:16: Error: The type 'JSObject' can't be implemented by an extension type.
    implements JSObject {
               ^
/C:/Users/berkgoknil/AppData/Local/Pub/Cache/hosted/pub.dev/web-1.1.1/lib/src/dom/streams.dart:387:16: Error: The type 'JSObject' can't be implemented by an extension type.
    implements JSObject {
               ^
/C:/Users/berkgoknil/AppData/Local/Pub/Cache/hosted/pub.dev/web-1.1.1/lib/src/dom/streams.dart:481:70: Error: The type 'JSObject' can't be implemented by an extension type.
extension type ReadableByteStreamController._(JSObject _) implements JSObject {
                                                                     ^
/C:/Users/berkgoknil/AppData/Local/Pub/Cache/hosted/pub.dev/web-1.1.1/lib/src/dom/streams.dart:591:67: Error: The type 'JSObject' can't be implemented by an extension type.
extension type ReadableStreamBYOBRequest._(JSObject _) implements JSObject {
                                                                  ^
/C:/Users/berkgoknil/AppData/Local/Pub/Cache/hosted/pub.dev/web-1.1.1/lib/src/dom/streams.dart:637:56: Error: The type 'JSObject' can't be implemented by an extension type.
extension type WritableStream._(JSObject _) implements JSObject {
                                                       ^
/C:/Users/berkgoknil/AppData/Local/Pub/Cache/hosted/pub.dev/web-1.1.1/lib/src/dom/streams.dart:681:69: Error: The type 'JSObject' can't be implemented by an extension type.
extension type WritableStreamDefaultWriter._(JSObject _) implements JSObject {
                                                                    ^
/C:/Users/berkgoknil/AppData/Local/Pub/Cache/hosted/pub.dev/web-1.1.1/lib/src/dom/streams.dart:759:16: Error: The type 'JSObject' can't be implemented by an extension type.
    implements JSObject {
               ^
/C:/Users/berkgoknil/AppData/Local/Pub/Cache/hosted/pub.dev/web-1.1.1/lib/src/dom/streams.dart:801:57: Error: The type 'JSObject' can't be implemented by an extension type.
extension type TransformStream._(JSObject _) implements JSObject {
                                                        ^
/C:/Users/berkgoknil/AppData/Local/Pub/Cache/hosted/pub.dev/web-1.1.1/lib/src/dom/streams.dart:835:16: Error: The type 'JSObject' can't be implemented by an extension type.
    implements JSObject {
               ^
/C:/Users/berkgoknil/AppData/Local/Pub/Cache/hosted/pub.dev/web-1.1.1/lib/src/dom/streams.dart:869:57: Error: The type 'JSObject' can't be implemented by an extension type.
extension type QueuingStrategy._(JSObject _) implements JSObject {
                                                        ^
/C:/Users/berkgoknil/AppData/Local/Pub/Cache/hosted/pub.dev/web-1.1.1/lib/src/dom/streams.dart:880:61: Error: The type 'JSObject' can't be implemented by an extension type.
extension type QueuingStrategyInit._(JSObject _) implements JSObject {
                                                            ^
/C:/Users/berkgoknil/AppData/Local/Pub/Cache/hosted/pub.dev/web-1.1.1/lib/src/dom/streams.dart:896:67: Error: The type 'JSObject' can't be implemented by an extension type.
extension type ByteLengthQueuingStrategy._(JSObject _) implements JSObject {
                                                                  ^
/C:/Users/berkgoknil/AppData/Local/Pub/Cache/hosted/pub.dev/web-1.1.1/lib/src/dom/streams.dart:930:62: Error: The type 'JSObject' can't be implemented by an extension type.
extension type CountQueuingStrategy._(JSObject _) implements JSObject {
                                                             ^
/C:/Users/berkgoknil/AppData/Local/Pub/Cache/hosted/pub.dev/web-1.1.1/lib/src/dom/streams.dart:13:2: Error: Couldn't find constructor 'JS'.
@JS()
 ^^
/C:/Users/berkgoknil/AppData/Local/Pub/Cache/hosted/pub.dev/web-1.1.1/lib/src/dom/streams.dart:39:33: Error: 'JSObject' isn't a type.
extension type ReadableStream._(JSObject _) implements JSObject {
                                ^^^^^^^^
/C:/Users/berkgoknil/AppData/Local/Pub/Cache/hosted/pub.dev/web-1.1.1/lib/src/dom/streams.dart:41:5: Error: 'JSObject' isn't a type.
    JSObject underlyingSource,
    ^^^^^^^^
/C:/Users/berkgoknil/AppData/Local/Pub/Cache/hosted/pub.dev/web-1.1.1/lib/src/dom/streams.dart:55:38: Error: 'JSAny' isn't a type.
  external JSPromise<JSAny?> cancel([JSAny? reason]);
                                     ^^^^^
/C:/Users/berkgoknil/AppData/Local/Pub/Cache/hosted/pub.dev/web-1.1.1/lib/src/dom/streams.dart:143:49: Error: 'JSObject' isn't a type.
extension type ReadableStreamGetReaderOptions._(JSObject _)
                                                ^^^^^^^^
/C:/Users/berkgoknil/AppData/Local/Pub/Cache/hosted/pub.dev/web-1.1.1/lib/src/dom/streams.dart:151:39: Error: 'JSObject' isn't a type.
extension type ReadableWritablePair._(JSObject _) implements JSObject {
                                      ^^^^^^^^
/C:/Users/berkgoknil/AppData/Local/Pub/Cache/hosted/pub.dev/web-1.1.1/lib/src/dom/streams.dart:162:36: Error: 'JSObject' isn't a type.
extension type StreamPipeOptions._(JSObject _) implements JSObject {
                                   ^^^^^^^^
/C:/Users/berkgoknil/AppData/Local/Pub/Cache/hosted/pub.dev/web-1.1.1/lib/src/dom/streams.dart:204:46: Error: 'JSObject' isn't a type.
extension type ReadableStreamDefaultReader._(JSObject _) implements JSObject {
                                             ^^^^^^^^
/C:/Users/berkgoknil/AppData/Local/Pub/Cache/hosted/pub.dev/web-1.1.1/lib/src/dom/streams.dart:244:38: Error: 'JSAny' isn't a type.
  external JSPromise<JSAny?> cancel([JSAny? reason]);
                                     ^^^^^
/C:/Users/berkgoknil/AppData/Local/Pub/Cache/hosted/pub.dev/web-1.1.1/lib/src/dom/streams.dart:254:43: Error: 'JSObject' isn't a type.
extension type ReadableStreamReadResult._(JSObject _) implements JSObject {
                                          ^^^^^^^^
/C:/Users/berkgoknil/AppData/Local/Pub/Cache/hosted/pub.dev/web-1.1.1/lib/src/dom/streams.dart:256:5: Error: 'JSAny' isn't a type.
    JSAny? value,
    ^^^^^
/C:/Users/berkgoknil/AppData/Local/Pub/Cache/hosted/pub.dev/web-1.1.1/lib/src/dom/streams.dart:261:22: Error: 'JSAny' isn't a type.
  external set value(JSAny? value);
                     ^^^^^
/C:/Users/berkgoknil/AppData/Local/Pub/Cache/hosted/pub.dev/web-1.1.1/lib/src/dom/streams.dart:298:43: Error: 'JSObject' isn't a type.
extension type ReadableStreamBYOBReader._(JSObject _) implements JSObject {
                                          ^^^^^^^^
/C:/Users/berkgoknil/AppData/Local/Pub/Cache/hosted/pub.dev/web-1.1.1/lib/src/dom/streams.dart:358:38: Error: 'JSAny' isn't a type.
  external JSPromise<JSAny?> cancel([JSAny? reason]);
                                     ^^^^^
/C:/Users/berkgoknil/AppData/Local/Pub/Cache/hosted/pub.dev/web-1.1.1/lib/src/dom/streams.dart:368:54: Error: 'JSObject' isn't a type.
extension type ReadableStreamBYOBReaderReadOptions._(JSObject _)
                                                     ^^^^^^^^
/C:/Users/berkgoknil/AppData/Local/Pub/Cache/hosted/pub.dev/web-1.1.1/lib/src/dom/streams.dart:386:50: Error: 'JSObject' isn't a type.
extension type ReadableStreamDefaultController._(JSObject _)
                                                 ^^^^^^^^
/C:/Users/berkgoknil/AppData/Local/Pub/Cache/hosted/pub.dev/web-1.1.1/lib/src/dom/streams.dart:403:26: Error: 'JSAny' isn't a type.
  external void enqueue([JSAny? chunk]);
                         ^^^^^
/C:/Users/berkgoknil/AppData/Local/Pub/Cache/hosted/pub.dev/web-1.1.1/lib/src/dom/streams.dart:411:24: Error: 'JSAny' isn't a type.
  external void error([JSAny? e]);
                       ^^^^^
/C:/Users/berkgoknil/AppData/Local/Pub/Cache/hosted/pub.dev/web-1.1.1/lib/src/dom/streams.dart:481:47: Error: 'JSObject' isn't a type.
extension type ReadableByteStreamController._(JSObject _) implements JSObject {
                                              ^^^^^^^^
/C:/Users/berkgoknil/AppData/Local/Pub/Cache/hosted/pub.dev/web-1.1.1/lib/src/dom/streams.dart:513:24: Error: 'JSAny' isn't a type.
  external void error([JSAny? e]);
                       ^^^^^
/C:/Users/berkgoknil/AppData/Local/Pub/Cache/hosted/pub.dev/web-1.1.1/lib/src/dom/streams.dart:591:44: Error: 'JSObject' isn't a type.
extension type ReadableStreamBYOBRequest._(JSObject _) implements JSObject {
                                           ^^^^^^^^
/C:/Users/berkgoknil/AppData/Local/Pub/Cache/hosted/pub.dev/web-1.1.1/lib/src/dom/streams.dart:637:33: Error: 'JSObject' isn't a type.
extension type WritableStream._(JSObject _) implements JSObject {
                                ^^^^^^^^
/C:/Users/berkgoknil/AppData/Local/Pub/Cache/hosted/pub.dev/web-1.1.1/lib/src/dom/streams.dart:639:5: Error: 'JSObject' isn't a type.
    JSObject underlyingSink,
    ^^^^^^^^
/C:/Users/berkgoknil/AppData/Local/Pub/Cache/hosted/pub.dev/web-1.1.1/lib/src/dom/streams.dart:647:37: Error: 'JSAny' isn't a type.
  external JSPromise<JSAny?> abort([JSAny? reason]);
                                    ^^^^^
/C:/Users/berkgoknil/AppData/Local/Pub/Cache/hosted/pub.dev/web-1.1.1/lib/src/dom/streams.dart:681:46: Error: 'JSObject' isn't a type.
extension type WritableStreamDefaultWriter._(JSObject _) implements JSObject {
                                             ^^^^^^^^
/C:/Users/berkgoknil/AppData/Local/Pub/Cache/hosted/pub.dev/web-1.1.1/lib/src/dom/streams.dart:693:37: Error: 'JSAny' isn't a type.
  external JSPromise<JSAny?> abort([JSAny? reason]);
                                    ^^^^^
/C:/Users/berkgoknil/AppData/Local/Pub/Cache/hosted/pub.dev/web-1.1.1/lib/src/dom/streams.dart:726:37: Error: 'JSAny' isn't a type.
  external JSPromise<JSAny?> write([JSAny? chunk]);
                                    ^^^^^
/C:/Users/berkgoknil/AppData/Local/Pub/Cache/hosted/pub.dev/web-1.1.1/lib/src/dom/streams.dart:758:50: Error: 'JSObject' isn't a type.
extension type WritableStreamDefaultController._(JSObject _)
                                                 ^^^^^^^^
/C:/Users/berkgoknil/AppData/Local/Pub/Cache/hosted/pub.dev/web-1.1.1/lib/src/dom/streams.dart:771:24: Error: 'JSAny' isn't a type.
  external void error([JSAny? e]);
                       ^^^^^
/C:/Users/berkgoknil/AppData/Local/Pub/Cache/hosted/pub.dev/web-1.1.1/lib/src/dom/streams.dart:801:34: Error: 'JSObject' isn't a type.
extension type TransformStream._(JSObject _) implements JSObject {
                                 ^^^^^^^^
/C:/Users/berkgoknil/AppData/Local/Pub/Cache/hosted/pub.dev/web-1.1.1/lib/src/dom/streams.dart:803:5: Error: 'JSObject' isn't a type.
    JSObject transformer,
    ^^^^^^^^
/C:/Users/berkgoknil/AppData/Local/Pub/Cache/hosted/pub.dev/web-1.1.1/lib/src/dom/streams.dart:834:51: Error: 'JSObject' isn't a type.
extension type TransformStreamDefaultController._(JSObject _)
                                                  ^^^^^^^^
/C:/Users/berkgoknil/AppData/Local/Pub/Cache/hosted/pub.dev/web-1.1.1/lib/src/dom/streams.dart:841:26: Error: 'JSAny' isn't a type.
  external void enqueue([JSAny? chunk]);
                         ^^^^^
/C:/Users/berkgoknil/AppData/Local/Pub/Cache/hosted/pub.dev/web-1.1.1/lib/src/dom/streams.dart:847:24: Error: 'JSAny' isn't a type.
  external void error([JSAny? reason]);
                       ^^^^^
/C:/Users/berkgoknil/AppData/Local/Pub/Cache/hosted/pub.dev/web-1.1.1/lib/src/dom/streams.dart:869:34: Error: 'JSObject' isn't a type.
extension type QueuingStrategy._(JSObject _) implements JSObject {
                                 ^^^^^^^^
/C:/Users/berkgoknil/AppData/Local/Pub/Cache/hosted/pub.dev/web-1.1.1/lib/src/dom/streams.dart:880:38: Error: 'JSObject' isn't a type.
extension type QueuingStrategyInit._(JSObject _) implements JSObject {
                                     ^^^^^^^^
/C:/Users/berkgoknil/AppData/Local/Pub/Cache/hosted/pub.dev/web-1.1.1/lib/src/dom/streams.dart:896:44: Error: 'JSObject' isn't a type.
extension type ByteLengthQueuingStrategy._(JSObject _) implements JSObject {
                                           ^^^^^^^^
/C:/Users/berkgoknil/AppData/Local/Pub/Cache/hosted/pub.dev/web-1.1.1/lib/src/dom/streams.dart:930:39: Error: 'JSObject' isn't a type.
extension type CountQueuingStrategy._(JSObject _) implements JSObject {
                                      ^^^^^^^^
/C:/Users/berkgoknil/AppData/Local/Pub/Cache/hosted/pub.dev/web-1.1.1/lib/src/dom/web_locks.dart:16:8: Error: Dart library 'dart:js_interop' is not available on this platform.
import 'dart:js_interop';
       ^
/C:/Users/berkgoknil/AppData/Local/Pub/Cache/hosted/pub.dev/web-1.1.1/lib/src/dom/web_locks.dart:20:31: Error: Type 'JSFunction' not found.
typedef LockGrantedCallback = JSFunction;
                              ^^^^^^^^^^
/C:/Users/berkgoknil/AppData/Local/Pub/Cache/hosted/pub.dev/web-1.1.1/lib/src/dom/web_locks.dart:33:30: Error: Type 'JSObject' not found.
extension type LockManager._(JSObject _) implements JSObject {
                             ^^^^^^^^
/C:/Users/berkgoknil/AppData/Local/Pub/Cache/hosted/pub.dev/web-1.1.1/lib/src/dom/web_locks.dart:33:53: Error: Type 'JSObject' not found.
extension type LockManager._(JSObject _) implements JSObject {
                                                    ^^^^^^^^
/C:/Users/berkgoknil/AppData/Local/Pub/Cache/hosted/pub.dev/web-1.1.1/lib/src/dom/web_locks.dart:65:22: Error: Type 'JSAny' not found.
  external JSPromise<JSAny?> request(
                     ^^^^^
/C:/Users/berkgoknil/AppData/Local/Pub/Cache/hosted/pub.dev/web-1.1.1/lib/src/dom/web_locks.dart:65:12: Error: Type 'JSPromise' not found.
  external JSPromise<JSAny?> request(
           ^^^^^^^^^
/C:/Users/berkgoknil/AppData/Local/Pub/Cache/hosted/pub.dev/web-1.1.1/lib/src/dom/web_locks.dart:67:5: Error: Type 'JSObject' not found.
    JSObject callbackOrOptions, [
    ^^^^^^^^
/C:/Users/berkgoknil/AppData/Local/Pub/Cache/hosted/pub.dev/web-1.1.1/lib/src/dom/web_locks.dart:74:12: Error: Type 'JSPromise' not found.
  external JSPromise<LockManagerSnapshot> query();
           ^^^^^^^^^
/C:/Users/berkgoknil/AppData/Local/Pub/Cache/hosted/pub.dev/web-1.1.1/lib/src/dom/web_locks.dart:76:30: Error: Type 'JSObject' not found.
extension type LockOptions._(JSObject _) implements JSObject {
                             ^^^^^^^^
/C:/Users/berkgoknil/AppData/Local/Pub/Cache/hosted/pub.dev/web-1.1.1/lib/src/dom/web_locks.dart:76:53: Error: Type 'JSObject' not found.
extension type LockOptions._(JSObject _) implements JSObject {
                                                    ^^^^^^^^
/C:/Users/berkgoknil/AppData/Local/Pub/Cache/hosted/pub.dev/web-1.1.1/lib/src/dom/web_locks.dart:93:38: Error: Type 'JSObject' not found.
extension type LockManagerSnapshot._(JSObject _) implements JSObject {
                                     ^^^^^^^^
/C:/Users/berkgoknil/AppData/Local/Pub/Cache/hosted/pub.dev/web-1.1.1/lib/src/dom/web_locks.dart:93:61: Error: Type 'JSObject' not found.
extension type LockManagerSnapshot._(JSObject _) implements JSObject {
                                                            ^^^^^^^^
/C:/Users/berkgoknil/AppData/Local/Pub/Cache/hosted/pub.dev/web-1.1.1/lib/src/dom/web_locks.dart:95:5: Error: Type 'JSArray' not found.
    JSArray<LockInfo> held,
    ^^^^^^^
/C:/Users/berkgoknil/AppData/Local/Pub/Cache/hosted/pub.dev/web-1.1.1/lib/src/dom/web_locks.dart:96:5: Error: Type 'JSArray' not found.
    JSArray<LockInfo> pending,
    ^^^^^^^
/C:/Users/berkgoknil/AppData/Local/Pub/Cache/hosted/pub.dev/web-1.1.1/lib/src/dom/web_locks.dart:99:12: Error: Type 'JSArray' not found.
  external JSArray<LockInfo> get held;
           ^^^^^^^
/C:/Users/berkgoknil/AppData/Local/Pub/Cache/hosted/pub.dev/web-1.1.1/lib/src/dom/web_locks.dart:100:21: Error: Type 'JSArray' not found.
  external set held(JSArray<LockInfo> value);
                    ^^^^^^^
/C:/Users/berkgoknil/AppData/Local/Pub/Cache/hosted/pub.dev/web-1.1.1/lib/src/dom/web_locks.dart:101:12: Error: Type 'JSArray' not found.
  external JSArray<LockInfo> get pending;
           ^^^^^^^
/C:/Users/berkgoknil/AppData/Local/Pub/Cache/hosted/pub.dev/web-1.1.1/lib/src/dom/web_locks.dart:102:24: Error: Type 'JSArray' not found.
  external set pending(JSArray<LockInfo> value);
                       ^^^^^^^
/C:/Users/berkgoknil/AppData/Local/Pub/Cache/hosted/pub.dev/web-1.1.1/lib/src/dom/web_locks.dart:104:27: Error: Type 'JSObject' not found.
extension type LockInfo._(JSObject _) implements JSObject {
                          ^^^^^^^^
/C:/Users/berkgoknil/AppData/Local/Pub/Cache/hosted/pub.dev/web-1.1.1/lib/src/dom/web_locks.dart:104:50: Error: Type 'JSObject' not found.
extension type LockInfo._(JSObject _) implements JSObject {
                                                 ^^^^^^^^
/C:/Users/berkgoknil/AppData/Local/Pub/Cache/hosted/pub.dev/web-1.1.1/lib/src/dom/web_locks.dart:130:23: Error: Type 'JSObject' not found.
extension type Lock._(JSObject _) implements JSObject {
                      ^^^^^^^^
/C:/Users/berkgoknil/AppData/Local/Pub/Cache/hosted/pub.dev/web-1.1.1/lib/src/dom/web_locks.dart:130:46: Error: Type 'JSObject' not found.
extension type Lock._(JSObject _) implements JSObject {
                                             ^^^^^^^^
/C:/Users/berkgoknil/AppData/Local/Pub/Cache/hosted/pub.dev/web-1.1.1/lib/src/dom/web_locks.dart:33:53: Error: The type 'JSObject' can't be implemented by an extension type.
extension type LockManager._(JSObject _) implements JSObject {
                                                    ^
/C:/Users/berkgoknil/AppData/Local/Pub/Cache/hosted/pub.dev/web-1.1.1/lib/src/dom/web_locks.dart:76:53: Error: The type 'JSObject' can't be implemented by an extension type.
extension type LockOptions._(JSObject _) implements JSObject {
                                                    ^
/C:/Users/berkgoknil/AppData/Local/Pub/Cache/hosted/pub.dev/web-1.1.1/lib/src/dom/web_locks.dart:93:61: Error: The type 'JSObject' can't be implemented by an extension type.
extension type LockManagerSnapshot._(JSObject _) implements JSObject {
                                                            ^
/C:/Users/berkgoknil/AppData/Local/Pub/Cache/hosted/pub.dev/web-1.1.1/lib/src/dom/web_locks.dart:104:50: Error: The type 'JSObject' can't be implemented by an extension type.
extension type LockInfo._(JSObject _) implements JSObject {
                                                 ^
/C:/Users/berkgoknil/AppData/Local/Pub/Cache/hosted/pub.dev/web-1.1.1/lib/src/dom/web_locks.dart:130:46: Error: The type 'JSObject' can't be implemented by an extension type.
extension type Lock._(JSObject _) implements JSObject {
                                             ^
/C:/Users/berkgoknil/AppData/Local/Pub/Cache/hosted/pub.dev/web-1.1.1/lib/src/dom/web_locks.dart:13:2: Error: Couldn't find constructor 'JS'.
@JS()
 ^^
/C:/Users/berkgoknil/AppData/Local/Pub/Cache/hosted/pub.dev/web-1.1.1/lib/src/dom/web_locks.dart:33:30: Error: 'JSObject' isn't a type.
extension type LockManager._(JSObject _) implements JSObject {
                             ^^^^^^^^
/C:/Users/berkgoknil/AppData/Local/Pub/Cache/hosted/pub.dev/web-1.1.1/lib/src/dom/web_locks.dart:67:5: Error: 'JSObject' isn't a type.
    JSObject callbackOrOptions, [
    ^^^^^^^^
/C:/Users/berkgoknil/AppData/Local/Pub/Cache/hosted/pub.dev/web-1.1.1/lib/src/dom/web_locks.dart:76:30: Error: 'JSObject' isn't a type.
extension type LockOptions._(JSObject _) implements JSObject {
                             ^^^^^^^^
/C:/Users/berkgoknil/AppData/Local/Pub/Cache/hosted/pub.dev/web-1.1.1/lib/src/dom/web_locks.dart:93:38: Error: 'JSObject' isn't a type.
extension type LockManagerSnapshot._(JSObject _) implements JSObject {
                                     ^^^^^^^^
/C:/Users/berkgoknil/AppData/Local/Pub/Cache/hosted/pub.dev/web-1.1.1/lib/src/dom/web_locks.dart:95:5: Error: 'JSArray' isn't a type.
    JSArray<LockInfo> held,
    ^^^^^^^
/C:/Users/berkgoknil/AppData/Local/Pub/Cache/hosted/pub.dev/web-1.1.1/lib/src/dom/web_locks.dart:96:5: Error: 'JSArray' isn't a type.
    JSArray<LockInfo> pending,
    ^^^^^^^
/C:/Users/berkgoknil/AppData/Local/Pub/Cache/hosted/pub.dev/web-1.1.1/lib/src/dom/web_locks.dart:100:21: Error: 'JSArray' isn't a type.
  external set held(JSArray<LockInfo> value);
                    ^^^^^^^
/C:/Users/berkgoknil/AppData/Local/Pub/Cache/hosted/pub.dev/web-1.1.1/lib/src/dom/web_locks.dart:102:24: Error: 'JSArray' isn't a type.
  external set pending(JSArray<LockInfo> value);
                       ^^^^^^^
/C:/Users/berkgoknil/AppData/Local/Pub/Cache/hosted/pub.dev/web-1.1.1/lib/src/dom/web_locks.dart:104:27: Error: 'JSObject' isn't a type.
extension type LockInfo._(JSObject _) implements JSObject {
                          ^^^^^^^^
/C:/Users/berkgoknil/AppData/Local/Pub/Cache/hosted/pub.dev/web-1.1.1/lib/src/dom/web_locks.dart:130:23: Error: 'JSObject' isn't a type.
extension type Lock._(JSObject _) implements JSObject {
                      ^^^^^^^^
/C:/Users/berkgoknil/AppData/Local/Pub/Cache/hosted/pub.dev/web-1.1.1/lib/src/dom/video_rvfc.dart:16:8: Error: Dart library 'dart:js_interop' is not available on this platform.
import 'dart:js_interop';
       ^
/C:/Users/berkgoknil/AppData/Local/Pub/Cache/hosted/pub.dev/web-1.1.1/lib/src/dom/video_rvfc.dart:18:37: Error: Type 'JSFunction' not found.
typedef VideoFrameRequestCallback = JSFunction;
                                    ^^^^^^^^^^
/C:/Users/berkgoknil/AppData/Local/Pub/Cache/hosted/pub.dev/web-1.1.1/lib/src/dom/video_rvfc.dart:13:2: Error: Couldn't find constructor 'JS'.
@JS()
 ^^
/C:/Users/berkgoknil/AppData/Local/Pub/Cache/hosted/pub.dev/web-1.1.1/lib/src/dom/vibration.dart:16:8: Error: Dart library 'dart:js_interop' is not available on this platform.
import 'dart:js_interop';
       ^
/C:/Users/berkgoknil/AppData/Local/Pub/Cache/hosted/pub.dev/web-1.1.1/lib/src/dom/vibration.dart:18:26: Error: Type 'JSAny' not found.
typedef VibratePattern = JSAny;
                         ^^^^^
/C:/Users/berkgoknil/AppData/Local/Pub/Cache/hosted/pub.dev/web-1.1.1/lib/src/dom/vibration.dart:13:2: Error: Couldn't find constructor 'JS'.
@JS()
 ^^
/C:/Users/berkgoknil/AppData/Local/Pub/Cache/hosted/pub.dev/web-1.1.1/lib/src/dom/uievents.dart:16:8: Error: Dart library 'dart:js_interop' is not available on this platform.
import 'dart:js_interop';
       ^
/C:/Users/berkgoknil/AppData/Local/Pub/Cache/hosted/pub.dev/web-1.1.1/lib/src/dom/uievents.dart:35:26: Error: Type 'JSObject' not found.
extension type UIEvent._(JSObject _) implements Event, JSObject {
                         ^^^^^^^^
/C:/Users/berkgoknil/AppData/Local/Pub/Cache/hosted/pub.dev/web-1.1.1/lib/src/dom/uievents.dart:35:56: Error: Type 'JSObject' not found.
extension type UIEvent._(JSObject _) implements Event, JSObject {
                                                       ^^^^^^^^
/C:/Users/berkgoknil/AppData/Local/Pub/Cache/hosted/pub.dev/web-1.1.1/lib/src/dom/uievents.dart:86:30: Error: Type 'JSObject' not found.
extension type UIEventInit._(JSObject _) implements EventInit, JSObject {
                             ^^^^^^^^
/C:/Users/berkgoknil/AppData/Local/Pub/Cache/hosted/pub.dev/web-1.1.1/lib/src/dom/uievents.dart:86:64: Error: Type 'JSObject' not found.
extension type UIEventInit._(JSObject _) implements EventInit, JSObject {
                                                               ^^^^^^^^
/C:/Users/berkgoknil/AppData/Local/Pub/Cache/hosted/pub.dev/web-1.1.1/lib/src/dom/uievents.dart:93:5: Error: Type 'JSObject' not found.
    JSObject? sourceCapabilities,
    ^^^^^^^^
/C:/Users/berkgoknil/AppData/Local/Pub/Cache/hosted/pub.dev/web-1.1.1/lib/src/dom/uievents.dart:101:12: Error: Type 'JSObject' not found.
  external JSObject? get sourceCapabilities;
           ^^^^^^^^
/C:/Users/berkgoknil/AppData/Local/Pub/Cache/hosted/pub.dev/web-1.1.1/lib/src/dom/uievents.dart:102:35: Error: Type 'JSObject' not found.
  external set sourceCapabilities(JSObject? value);
                                  ^^^^^^^^
/C:/Users/berkgoknil/AppData/Local/Pub/Cache/hosted/pub.dev/web-1.1.1/lib/src/dom/uievents.dart:115:29: Error: Type 'JSObject' not found.
extension type FocusEvent._(JSObject _) implements UIEvent, JSObject {
                            ^^^^^^^^
/C:/Users/berkgoknil/AppData/Local/Pub/Cache/hosted/pub.dev/web-1.1.1/lib/src/dom/uievents.dart:115:61: Error: Type 'JSObject' not found.
extension type FocusEvent._(JSObject _) implements UIEvent, JSObject {
                                                            ^^^^^^^^
/C:/Users/berkgoknil/AppData/Local/Pub/Cache/hosted/pub.dev/web-1.1.1/lib/src/dom/uievents.dart:165:33: Error: Type 'JSObject' not found.
extension type FocusEventInit._(JSObject _) implements UIEventInit, JSObject {
                                ^^^^^^^^
/C:/Users/berkgoknil/AppData/Local/Pub/Cache/hosted/pub.dev/web-1.1.1/lib/src/dom/uievents.dart:165:69: Error: Type 'JSObject' not found.
extension type FocusEventInit._(JSObject _) implements UIEventInit, JSObject {
                                                                    ^^^^^^^^
/C:/Users/berkgoknil/AppData/Local/Pub/Cache/hosted/pub.dev/web-1.1.1/lib/src/dom/uievents.dart:172:5: Error: Type 'JSObject' not found.
    JSObject? sourceCapabilities,
    ^^^^^^^^
/C:/Users/berkgoknil/AppData/Local/Pub/Cache/hosted/pub.dev/web-1.1.1/lib/src/dom/uievents.dart:199:29: Error: Type 'JSObject' not found.
extension type MouseEvent._(JSObject _) implements UIEvent, JSObject {
                            ^^^^^^^^
/C:/Users/berkgoknil/AppData/Local/Pub/Cache/hosted/pub.dev/web-1.1.1/lib/src/dom/uievents.dart:199:61: Error: Type 'JSObject' not found.
extension type MouseEvent._(JSObject _) implements UIEvent, JSObject {
                                                            ^^^^^^^^
/C:/Users/berkgoknil/AppData/Local/Pub/Cache/hosted/pub.dev/web-1.1.1/lib/src/dom/uievents.dart:518:33: Error: Type 'JSObject' not found.
extension type MouseEventInit._(JSObject _)
                                ^^^^^^^^
/C:/Users/berkgoknil/AppData/Local/Pub/Cache/hosted/pub.dev/web-1.1.1/lib/src/dom/uievents.dart:519:35: Error: Type 'JSObject' not found.
    implements EventModifierInit, JSObject {
                                  ^^^^^^^^
/C:/Users/berkgoknil/AppData/Local/Pub/Cache/hosted/pub.dev/web-1.1.1/lib/src/dom/uievents.dart:526:5: Error: Type 'JSObject' not found.
    JSObject? sourceCapabilities,
    ^^^^^^^^
/C:/Users/berkgoknil/AppData/Local/Pub/Cache/hosted/pub.dev/web-1.1.1/lib/src/dom/uievents.dart:572:36: Error: Type 'JSObject' not found.
extension type EventModifierInit._(JSObject _)
                                   ^^^^^^^^
/C:/Users/berkgoknil/AppData/Local/Pub/Cache/hosted/pub.dev/web-1.1.1/lib/src/dom/uievents.dart:573:29: Error: Type 'JSObject' not found.
    implements UIEventInit, JSObject {
                            ^^^^^^^^
/C:/Users/berkgoknil/AppData/Local/Pub/Cache/hosted/pub.dev/web-1.1.1/lib/src/dom/uievents.dart:580:5: Error: Type 'JSObject' not found.
    JSObject? sourceCapabilities,
    ^^^^^^^^
/C:/Users/berkgoknil/AppData/Local/Pub/Cache/hosted/pub.dev/web-1.1.1/lib/src/dom/uievents.dart:652:29: Error: Type 'JSObject' not found.
extension type WheelEvent._(JSObject _) implements MouseEvent, JSObject {
                            ^^^^^^^^
/C:/Users/berkgoknil/AppData/Local/Pub/Cache/hosted/pub.dev/web-1.1.1/lib/src/dom/uievents.dart:652:64: Error: Type 'JSObject' not found.
extension type WheelEvent._(JSObject _) implements MouseEvent, JSObject {
                                                               ^^^^^^^^
/C:/Users/berkgoknil/AppData/Local/Pub/Cache/hosted/pub.dev/web-1.1.1/lib/src/dom/uievents.dart:690:33: Error: Type 'JSObject' not found.
extension type WheelEventInit._(JSObject _)
                                ^^^^^^^^
/C:/Users/berkgoknil/AppData/Local/Pub/Cache/hosted/pub.dev/web-1.1.1/lib/src/dom/uievents.dart:691:32: Error: Type 'JSObject' not found.
    implements MouseEventInit, JSObject {
                               ^^^^^^^^
/C:/Users/berkgoknil/AppData/Local/Pub/Cache/hosted/pub.dev/web-1.1.1/lib/src/dom/uievents.dart:698:5: Error: Type 'JSObject' not found.
    JSObject? sourceCapabilities,
    ^^^^^^^^
/C:/Users/berkgoknil/AppData/Local/Pub/Cache/hosted/pub.dev/web-1.1.1/lib/src/dom/uievents.dart:746:29: Error: Type 'JSObject' not found.
extension type InputEvent._(JSObject _) implements UIEvent, JSObject {
                            ^^^^^^^^
/C:/Users/berkgoknil/AppData/Local/Pub/Cache/hosted/pub.dev/web-1.1.1/lib/src/dom/uievents.dart:746:61: Error: Type 'JSObject' not found.
extension type InputEvent._(JSObject _) implements UIEvent, JSObject {
                                                            ^^^^^^^^
/C:/Users/berkgoknil/AppData/Local/Pub/Cache/hosted/pub.dev/web-1.1.1/lib/src/dom/uievents.dart:799:12: Error: Type 'JSArray' not found.
  external JSArray<StaticRange> getTargetRanges();
           ^^^^^^^
/C:/Users/berkgoknil/AppData/Local/Pub/Cache/hosted/pub.dev/web-1.1.1/lib/src/dom/uievents.dart:828:33: Error: Type 'JSObject' not found.
extension type InputEventInit._(JSObject _) implements UIEventInit, JSObject {
                                ^^^^^^^^
/C:/Users/berkgoknil/AppData/Local/Pub/Cache/hosted/pub.dev/web-1.1.1/lib/src/dom/uievents.dart:828:69: Error: Type 'JSObject' not found.
extension type InputEventInit._(JSObject _) implements UIEventInit, JSObject {
                                                                    ^^^^^^^^
/C:/Users/berkgoknil/AppData/Local/Pub/Cache/hosted/pub.dev/web-1.1.1/lib/src/dom/uievents.dart:835:5: Error: Type 'JSObject' not found.
    JSObject? sourceCapabilities,
    ^^^^^^^^
/C:/Users/berkgoknil/AppData/Local/Pub/Cache/hosted/pub.dev/web-1.1.1/lib/src/dom/uievents.dart:841:5: Error: Type 'JSArray' not found.
    JSArray<StaticRange> targetRanges,
    ^^^^^^^
/C:/Users/berkgoknil/AppData/Local/Pub/Cache/hosted/pub.dev/web-1.1.1/lib/src/dom/uievents.dart:852:12: Error: Type 'JSArray' not found.
  external JSArray<StaticRange> get targetRanges;
           ^^^^^^^
/C:/Users/berkgoknil/AppData/Local/Pub/Cache/hosted/pub.dev/web-1.1.1/lib/src/dom/uievents.dart:853:29: Error: Type 'JSArray' not found.
  external set targetRanges(JSArray<StaticRange> value);
                            ^^^^^^^
/C:/Users/berkgoknil/AppData/Local/Pub/Cache/hosted/pub.dev/web-1.1.1/lib/src/dom/uievents.dart:873:32: Error: Type 'JSObject' not found.
extension type KeyboardEvent._(JSObject _) implements UIEvent, JSObject {
                               ^^^^^^^^
/C:/Users/berkgoknil/AppData/Local/Pub/Cache/hosted/pub.dev/web-1.1.1/lib/src/dom/uievents.dart:873:64: Error: Type 'JSObject' not found.
extension type KeyboardEvent._(JSObject _) implements UIEvent, JSObject {
                                                               ^^^^^^^^
/C:/Users/berkgoknil/AppData/Local/Pub/Cache/hosted/pub.dev/web-1.1.1/lib/src/dom/uievents.dart:1129:36: Error: Type 'JSObject' not found.
extension type KeyboardEventInit._(JSObject _)
                                   ^^^^^^^^
/C:/Users/berkgoknil/AppData/Local/Pub/Cache/hosted/pub.dev/web-1.1.1/lib/src/dom/uievents.dart:1130:35: Error: Type 'JSObject' not found.
    implements EventModifierInit, JSObject {
                                  ^^^^^^^^
/C:/Users/berkgoknil/AppData/Local/Pub/Cache/hosted/pub.dev/web-1.1.1/lib/src/dom/uievents.dart:1137:5: Error: Type 'JSObject' not found.
    JSObject? sourceCapabilities,
    ^^^^^^^^
/C:/Users/berkgoknil/AppData/Local/Pub/Cache/hosted/pub.dev/web-1.1.1/lib/src/dom/uievents.dart:1185:35: Error: Type 'JSObject' not found.
extension type CompositionEvent._(JSObject _) implements UIEvent, JSObject {
                                  ^^^^^^^^
/C:/Users/berkgoknil/AppData/Local/Pub/Cache/hosted/pub.dev/web-1.1.1/lib/src/dom/uievents.dart:1185:67: Error: Type 'JSObject' not found.
extension type CompositionEvent._(JSObject _) implements UIEvent, JSObject {
                                                                  ^^^^^^^^
/C:/Users/berkgoknil/AppData/Local/Pub/Cache/hosted/pub.dev/web-1.1.1/lib/src/dom/uievents.dart:1212:39: Error: Type 'JSObject' not found.
extension type CompositionEventInit._(JSObject _)
                                      ^^^^^^^^
/C:/Users/berkgoknil/AppData/Local/Pub/Cache/hosted/pub.dev/web-1.1.1/lib/src/dom/uievents.dart:1213:29: Error: Type 'JSObject' not found.
    implements UIEventInit, JSObject {
                            ^^^^^^^^
/C:/Users/berkgoknil/AppData/Local/Pub/Cache/hosted/pub.dev/web-1.1.1/lib/src/dom/uievents.dart:1220:5: Error: Type 'JSObject' not found.
    JSObject? sourceCapabilities,
    ^^^^^^^^
/C:/Users/berkgoknil/AppData/Local/Pub/Cache/hosted/pub.dev/web-1.1.1/lib/src/dom/uievents.dart:1228:28: Error: Type 'JSObject' not found.
extension type TextEvent._(JSObject _) implements UIEvent, JSObject {
                           ^^^^^^^^
/C:/Users/berkgoknil/AppData/Local/Pub/Cache/hosted/pub.dev/web-1.1.1/lib/src/dom/uievents.dart:1228:60: Error: Type 'JSObject' not found.
extension type TextEvent._(JSObject _) implements UIEvent, JSObject {
                                                           ^^^^^^^^
/C:/Users/berkgoknil/AppData/Local/Pub/Cache/hosted/pub.dev/web-1.1.1/lib/src/dom/uievents.dart:1264:32: Error: Type 'JSObject' not found.
extension type MutationEvent._(JSObject _) implements Event, JSObject {
                               ^^^^^^^^
/C:/Users/berkgoknil/AppData/Local/Pub/Cache/hosted/pub.dev/web-1.1.1/lib/src/dom/uievents.dart:1264:62: Error: Type 'JSObject' not found.
extension type MutationEvent._(JSObject _) implements Event, JSObject {
                                                             ^^^^^^^^
/C:/Users/berkgoknil/AppData/Local/Pub/Cache/hosted/pub.dev/web-1.1.1/lib/src/dom/uievents.dart:35:56: Error: The type 'JSObject' can't be implemented by an extension type.
extension type UIEvent._(JSObject _) implements Event, JSObject {
                                                       ^
/C:/Users/berkgoknil/AppData/Local/Pub/Cache/hosted/pub.dev/web-1.1.1/lib/src/dom/uievents.dart:86:64: Error: The type 'JSObject' can't be implemented by an extension type.
extension type UIEventInit._(JSObject _) implements EventInit, JSObject {
                                                               ^
/C:/Users/berkgoknil/AppData/Local/Pub/Cache/hosted/pub.dev/web-1.1.1/lib/src/dom/uievents.dart:115:61: Error: The type 'JSObject' can't be implemented by an extension type.
extension type FocusEvent._(JSObject _) implements UIEvent, JSObject {
                                                            ^
/C:/Users/berkgoknil/AppData/Local/Pub/Cache/hosted/pub.dev/web-1.1.1/lib/src/dom/uievents.dart:165:69: Error: The type 'JSObject' can't be implemented by an extension type.
extension type FocusEventInit._(JSObject _) implements UIEventInit, JSObject {
                                                                    ^
/C:/Users/berkgoknil/AppData/Local/Pub/Cache/hosted/pub.dev/web-1.1.1/lib/src/dom/uievents.dart:199:61: Error: The type 'JSObject' can't be implemented by an extension type.
extension type MouseEvent._(JSObject _) implements UIEvent, JSObject {
                                                            ^
/C:/Users/berkgoknil/AppData/Local/Pub/Cache/hosted/pub.dev/web-1.1.1/lib/src/dom/uievents.dart:519:35: Error: The type 'JSObject' can't be implemented by an extension type.
    implements EventModifierInit, JSObject {
                                  ^
/C:/Users/berkgoknil/AppData/Local/Pub/Cache/hosted/pub.dev/web-1.1.1/lib/src/dom/uievents.dart:573:29: Error: The type 'JSObject' can't be implemented by an extension type.
    implements UIEventInit, JSObject {
                            ^
/C:/Users/berkgoknil/AppData/Local/Pub/Cache/hosted/pub.dev/web-1.1.1/lib/src/dom/uievents.dart:652:64: Error: The type 'JSObject' can't be implemented by an extension type.
extension type WheelEvent._(JSObject _) implements MouseEvent, JSObject {
                                                               ^
/C:/Users/berkgoknil/AppData/Local/Pub/Cache/hosted/pub.dev/web-1.1.1/lib/src/dom/uievents.dart:691:32: Error: The type 'JSObject' can't be implemented by an extension type.
    implements MouseEventInit, JSObject {
                               ^
/C:/Users/berkgoknil/AppData/Local/Pub/Cache/hosted/pub.dev/web-1.1.1/lib/src/dom/uievents.dart:746:61: Error: The type 'JSObject' can't be implemented by an extension type.
extension type InputEvent._(JSObject _) implements UIEvent, JSObject {
                                                            ^
/C:/Users/berkgoknil/AppData/Local/Pub/Cache/hosted/pub.dev/web-1.1.1/lib/src/dom/uievents.dart:828:69: Error: The type 'JSObject' can't be implemented by an extension type.
extension type InputEventInit._(JSObject _) implements UIEventInit, JSObject {
                                                                    ^
/C:/Users/berkgoknil/AppData/Local/Pub/Cache/hosted/pub.dev/web-1.1.1/lib/src/dom/uievents.dart:873:64: Error: The type 'JSObject' can't be implemented by an extension type.
extension type KeyboardEvent._(JSObject _) implements UIEvent, JSObject {
                                                               ^
/C:/Users/berkgoknil/AppData/Local/Pub/Cache/hosted/pub.dev/web-1.1.1/lib/src/dom/uievents.dart:1130:35: Error: The type 'JSObject' can't be implemented by an extension type.
    implements EventModifierInit, JSObject {
                                  ^
/C:/Users/berkgoknil/AppData/Local/Pub/Cache/hosted/pub.dev/web-1.1.1/lib/src/dom/uievents.dart:1185:67: Error: The type 'JSObject' can't be implemented by an extension type.
extension type CompositionEvent._(JSObject _) implements UIEvent, JSObject {
                                                                  ^
/C:/Users/berkgoknil/AppData/Local/Pub/Cache/hosted/pub.dev/web-1.1.1/lib/src/dom/uievents.dart:1213:29: Error: The type 'JSObject' can't be implemented by an extension type.
    implements UIEventInit, JSObject {
                            ^
/C:/Users/berkgoknil/AppData/Local/Pub/Cache/hosted/pub.dev/web-1.1.1/lib/src/dom/uievents.dart:1228:60: Error: The type 'JSObject' can't be implemented by an extension type.
extension type TextEvent._(JSObject _) implements UIEvent, JSObject {
                                                           ^
/C:/Users/berkgoknil/AppData/Local/Pub/Cache/hosted/pub.dev/web-1.1.1/lib/src/dom/uievents.dart:1264:62: Error: The type 'JSObject' can't be implemented by an extension type.
extension type MutationEvent._(JSObject _) implements Event, JSObject {
                                                             ^
/C:/Users/berkgoknil/AppData/Local/Pub/Cache/hosted/pub.dev/web-1.1.1/lib/src/dom/uievents.dart:13:2: Error: Couldn't find constructor 'JS'.
@JS()
 ^^
/C:/Users/berkgoknil/AppData/Local/Pub/Cache/hosted/pub.dev/web-1.1.1/lib/src/dom/uievents.dart:35:26: Error: 'JSObject' isn't a type.
extension type UIEvent._(JSObject _) implements Event, JSObject {
                         ^^^^^^^^
/C:/Users/berkgoknil/AppData/Local/Pub/Cache/hosted/pub.dev/web-1.1.1/lib/src/dom/uievents.dart:86:30: Error: 'JSObject' isn't a type.
extension type UIEventInit._(JSObject _) implements EventInit, JSObject {
                             ^^^^^^^^
/C:/Users/berkgoknil/AppData/Local/Pub/Cache/hosted/pub.dev/web-1.1.1/lib/src/dom/uievents.dart:93:5: Error: 'JSObject' isn't a type.
    JSObject? sourceCapabilities,
    ^^^^^^^^
/C:/Users/berkgoknil/AppData/Local/Pub/Cache/hosted/pub.dev/web-1.1.1/lib/src/dom/uievents.dart:102:35: Error: 'JSObject' isn't a type.
  external set sourceCapabilities(JSObject? value);
                                  ^^^^^^^^
/C:/Users/berkgoknil/AppData/Local/Pub/Cache/hosted/pub.dev/web-1.1.1/lib/src/dom/uievents.dart:115:29: Error: 'JSObject' isn't a type.
extension type FocusEvent._(JSObject _) implements UIEvent, JSObject {
                            ^^^^^^^^
/C:/Users/berkgoknil/AppData/Local/Pub/Cache/hosted/pub.dev/web-1.1.1/lib/src/dom/uievents.dart:165:33: Error: 'JSObject' isn't a type.
extension type FocusEventInit._(JSObject _) implements UIEventInit, JSObject {
                                ^^^^^^^^
/C:/Users/berkgoknil/AppData/Local/Pub/Cache/hosted/pub.dev/web-1.1.1/lib/src/dom/uievents.dart:172:5: Error: 'JSObject' isn't a type.
    JSObject? sourceCapabilities,
    ^^^^^^^^
/C:/Users/berkgoknil/AppData/Local/Pub/Cache/hosted/pub.dev/web-1.1.1/lib/src/dom/uievents.dart:199:29: Error: 'JSObject' isn't a type.
extension type MouseEvent._(JSObject _) implements UIEvent, JSObject {
                            ^^^^^^^^
/C:/Users/berkgoknil/AppData/Local/Pub/Cache/hosted/pub.dev/web-1.1.1/lib/src/dom/uievents.dart:518:33: Error: 'JSObject' isn't a type.
extension type MouseEventInit._(JSObject _)
                                ^^^^^^^^
/C:/Users/berkgoknil/AppData/Local/Pub/Cache/hosted/pub.dev/web-1.1.1/lib/src/dom/uievents.dart:526:5: Error: 'JSObject' isn't a type.
    JSObject? sourceCapabilities,
    ^^^^^^^^
/C:/Users/berkgoknil/AppData/Local/Pub/Cache/hosted/pub.dev/web-1.1.1/lib/src/dom/uievents.dart:572:36: Error: 'JSObject' isn't a type.
extension type EventModifierInit._(JSObject _)
                                   ^^^^^^^^
/C:/Users/berkgoknil/AppData/Local/Pub/Cache/hosted/pub.dev/web-1.1.1/lib/src/dom/uievents.dart:580:5: Error: 'JSObject' isn't a type.
    JSObject? sourceCapabilities,
    ^^^^^^^^
/C:/Users/berkgoknil/AppData/Local/Pub/Cache/hosted/pub.dev/web-1.1.1/lib/src/dom/uievents.dart:652:29: Error: 'JSObject' isn't a type.
extension type WheelEvent._(JSObject _) implements MouseEvent, JSObject {
                            ^^^^^^^^
/C:/Users/berkgoknil/AppData/Local/Pub/Cache/hosted/pub.dev/web-1.1.1/lib/src/dom/uievents.dart:690:33: Error: 'JSObject' isn't a type.
extension type WheelEventInit._(JSObject _)
                                ^^^^^^^^
/C:/Users/berkgoknil/AppData/Local/Pub/Cache/hosted/pub.dev/web-1.1.1/lib/src/dom/uievents.dart:698:5: Error: 'JSObject' isn't a type.
    JSObject? sourceCapabilities,
    ^^^^^^^^
/C:/Users/berkgoknil/AppData/Local/Pub/Cache/hosted/pub.dev/web-1.1.1/lib/src/dom/uievents.dart:746:29: Error: 'JSObject' isn't a type.
extension type InputEvent._(JSObject _) implements UIEvent, JSObject {
                            ^^^^^^^^
/C:/Users/berkgoknil/AppData/Local/Pub/Cache/hosted/pub.dev/web-1.1.1/lib/src/dom/uievents.dart:828:33: Error: 'JSObject' isn't a type.
extension type InputEventInit._(JSObject _) implements UIEventInit, JSObject {
                                ^^^^^^^^
/C:/Users/berkgoknil/AppData/Local/Pub/Cache/hosted/pub.dev/web-1.1.1/lib/src/dom/uievents.dart:835:5: Error: 'JSObject' isn't a type.
    JSObject? sourceCapabilities,
    ^^^^^^^^
/C:/Users/berkgoknil/AppData/Local/Pub/Cache/hosted/pub.dev/web-1.1.1/lib/src/dom/uievents.dart:841:5: Error: 'JSArray' isn't a type.
    JSArray<StaticRange> targetRanges,
    ^^^^^^^
/C:/Users/berkgoknil/AppData/Local/Pub/Cache/hosted/pub.dev/web-1.1.1/lib/src/dom/uievents.dart:853:29: Error: 'JSArray' isn't a type.
  external set targetRanges(JSArray<StaticRange> value);
                            ^^^^^^^
/C:/Users/berkgoknil/AppData/Local/Pub/Cache/hosted/pub.dev/web-1.1.1/lib/src/dom/uievents.dart:873:32: Error: 'JSObject' isn't a type.
extension type KeyboardEvent._(JSObject _) implements UIEvent, JSObject {
                               ^^^^^^^^
/C:/Users/berkgoknil/AppData/Local/Pub/Cache/hosted/pub.dev/web-1.1.1/lib/src/dom/uievents.dart:1129:36: Error: 'JSObject' isn't a type.
extension type KeyboardEventInit._(JSObject _)
                                   ^^^^^^^^
/C:/Users/berkgoknil/AppData/Local/Pub/Cache/hosted/pub.dev/web-1.1.1/lib/src/dom/uievents.dart:1137:5: Error: 'JSObject' isn't a type.
    JSObject? sourceCapabilities,
    ^^^^^^^^
/C:/Users/berkgoknil/AppData/Local/Pub/Cache/hosted/pub.dev/web-1.1.1/lib/src/dom/uievents.dart:1185:35: Error: 'JSObject' isn't a type.
extension type CompositionEvent._(JSObject _) implements UIEvent, JSObject {
                                  ^^^^^^^^
/C:/Users/berkgoknil/AppData/Local/Pub/Cache/hosted/pub.dev/web-1.1.1/lib/src/dom/uievents.dart:1212:39: Error: 'JSObject' isn't a type.
extension type CompositionEventInit._(JSObject _)
                                      ^^^^^^^^
/C:/Users/berkgoknil/AppData/Local/Pub/Cache/hosted/pub.dev/web-1.1.1/lib/src/dom/uievents.dart:1220:5: Error: 'JSObject' isn't a type.
    JSObject? sourceCapabilities,
    ^^^^^^^^
/C:/Users/berkgoknil/AppData/Local/Pub/Cache/hosted/pub.dev/web-1.1.1/lib/src/dom/uievents.dart:1228:28: Error: 'JSObject' isn't a type.
extension type TextEvent._(JSObject _) implements UIEvent, JSObject {
                           ^^^^^^^^
/C:/Users/berkgoknil/AppData/Local/Pub/Cache/hosted/pub.dev/web-1.1.1/lib/src/dom/uievents.dart:1264:32: Error: 'JSObject' isn't a type.
extension type MutationEvent._(JSObject _) implements Event, JSObject {
                               ^^^^^^^^
/C:/Users/berkgoknil/AppData/Local/Pub/Cache/hosted/pub.dev/web-1.1.1/lib/src/dom/trusted_types.dart:16:8: Error: Dart library 'dart:js_interop' is not available on this platform.
import 'dart:js_interop';
       ^
/C:/Users/berkgoknil/AppData/Local/Pub/Cache/hosted/pub.dev/web-1.1.1/lib/src/dom/trusted_types.dart:18:30: Error: Type 'JSFunction' not found.
typedef CreateHTMLCallback = JSFunction;
                             ^^^^^^^^^^
/C:/Users/berkgoknil/AppData/Local/Pub/Cache/hosted/pub.dev/web-1.1.1/lib/src/dom/trusted_types.dart:19:32: Error: Type 'JSFunction' not found.
typedef CreateScriptCallback = JSFunction;
                               ^^^^^^^^^^
/C:/Users/berkgoknil/AppData/Local/Pub/Cache/hosted/pub.dev/web-1.1.1/lib/src/dom/trusted_types.dart:20:35: Error: Type 'JSFunction' not found.
typedef CreateScriptURLCallback = JSFunction;
                                  ^^^^^^^^^^
/C:/Users/berkgoknil/AppData/Local/Pub/Cache/hosted/pub.dev/web-1.1.1/lib/src/dom/trusted_types.dart:35:30: Error: Type 'JSObject' not found.
extension type TrustedHTML._(JSObject _) implements JSObject {
                             ^^^^^^^^
/C:/Users/berkgoknil/AppData/Local/Pub/Cache/hosted/pub.dev/web-1.1.1/lib/src/dom/trusted_types.dart:35:53: Error: Type 'JSObject' not found.
extension type TrustedHTML._(JSObject _) implements JSObject {
                                                    ^^^^^^^^
/C:/Users/berkgoknil/AppData/Local/Pub/Cache/hosted/pub.dev/web-1.1.1/lib/src/dom/trusted_types.dart:54:32: Error: Type 'JSObject' not found.
extension type TrustedScript._(JSObject _) implements JSObject {
                               ^^^^^^^^
/C:/Users/berkgoknil/AppData/Local/Pub/Cache/hosted/pub.dev/web-1.1.1/lib/src/dom/trusted_types.dart:54:55: Error: Type 'JSObject' not found.
extension type TrustedScript._(JSObject _) implements JSObject {
                                                      ^^^^^^^^
/C:/Users/berkgoknil/AppData/Local/Pub/Cache/hosted/pub.dev/web-1.1.1/lib/src/dom/trusted_types.dart:73:35: Error: Type 'JSObject' not found.
extension type TrustedScriptURL._(JSObject _) implements JSObject {
                                  ^^^^^^^^
/C:/Users/berkgoknil/AppData/Local/Pub/Cache/hosted/pub.dev/web-1.1.1/lib/src/dom/trusted_types.dart:73:58: Error: Type 'JSObject' not found.
extension type TrustedScriptURL._(JSObject _) implements JSObject {
                                                         ^^^^^^^^
/C:/Users/berkgoknil/AppData/Local/Pub/Cache/hosted/pub.dev/web-1.1.1/lib/src/dom/trusted_types.dart:87:43: Error: Type 'JSObject' not found.
extension type TrustedTypePolicyFactory._(JSObject _) implements JSObject {
                                          ^^^^^^^^
/C:/Users/berkgoknil/AppData/Local/Pub/Cache/hosted/pub.dev/web-1.1.1/lib/src/dom/trusted_types.dart:87:66: Error: Type 'JSObject' not found.
extension type TrustedTypePolicyFactory._(JSObject _) implements JSObject {
                                                                 ^^^^^^^^
/C:/Users/berkgoknil/AppData/Local/Pub/Cache/hosted/pub.dev/web-1.1.1/lib/src/dom/trusted_types.dart:117:24: Error: Type 'JSAny' not found.
  external bool isHTML(JSAny? value);
                       ^^^^^
/C:/Users/berkgoknil/AppData/Local/Pub/Cache/hosted/pub.dev/web-1.1.1/lib/src/dom/trusted_types.dart:126:26: Error: Type 'JSAny' not found.
  external bool isScript(JSAny? value);
                         ^^^^^
/C:/Users/berkgoknil/AppData/Local/Pub/Cache/hosted/pub.dev/web-1.1.1/lib/src/dom/trusted_types.dart:135:29: Error: Type 'JSAny' not found.
  external bool isScriptURL(JSAny? value);
                            ^^^^^
/C:/Users/berkgoknil/AppData/Local/Pub/Cache/hosted/pub.dev/web-1.1.1/lib/src/dom/trusted_types.dart:193:36: Error: Type 'JSObject' not found.
extension type TrustedTypePolicy._(JSObject _) implements JSObject {
                                   ^^^^^^^^
/C:/Users/berkgoknil/AppData/Local/Pub/Cache/hosted/pub.dev/web-1.1.1/lib/src/dom/trusted_types.dart:193:59: Error: Type 'JSObject' not found.
extension type TrustedTypePolicy._(JSObject _) implements JSObject {
                                                          ^^^^^^^^
/C:/Users/berkgoknil/AppData/Local/Pub/Cache/hosted/pub.dev/web-1.1.1/lib/src/dom/trusted_types.dart:199:5: Error: Type 'JSAny' not found.
    JSAny? arguments,
    ^^^^^
/C:/Users/berkgoknil/AppData/Local/Pub/Cache/hosted/pub.dev/web-1.1.1/lib/src/dom/trusted_types.dart:207:5: Error: Type 'JSAny' not found.
    JSAny? arguments,
    ^^^^^
/C:/Users/berkgoknil/AppData/Local/Pub/Cache/hosted/pub.dev/web-1.1.1/lib/src/dom/trusted_types.dart:215:5: Error: Type 'JSAny' not found.
    JSAny? arguments,
    ^^^^^
/C:/Users/berkgoknil/AppData/Local/Pub/Cache/hosted/pub.dev/web-1.1.1/lib/src/dom/trusted_types.dart:222:43: Error: Type 'JSObject' not found.
extension type TrustedTypePolicyOptions._(JSObject _) implements JSObject {
                                          ^^^^^^^^
/C:/Users/berkgoknil/AppData/Local/Pub/Cache/hosted/pub.dev/web-1.1.1/lib/src/dom/trusted_types.dart:222:66: Error: Type 'JSObject' not found.
extension type TrustedTypePolicyOptions._(JSObject _) implements JSObject {
                                                                 ^^^^^^^^
/C:/Users/berkgoknil/AppData/Local/Pub/Cache/hosted/pub.dev/web-1.1.1/lib/src/dom/trusted_types.dart:35:53: Error: The type 'JSObject' can't be implemented by an extension type.
extension type TrustedHTML._(JSObject _) implements JSObject {
                                                    ^
/C:/Users/berkgoknil/AppData/Local/Pub/Cache/hosted/pub.dev/web-1.1.1/lib/src/dom/trusted_types.dart:54:55: Error: The type 'JSObject' can't be implemented by an extension type.
extension type TrustedScript._(JSObject _) implements JSObject {
                                                      ^
/C:/Users/berkgoknil/AppData/Local/Pub/Cache/hosted/pub.dev/web-1.1.1/lib/src/dom/trusted_types.dart:73:58: Error: The type 'JSObject' can't be implemented by an extension type.
extension type TrustedScriptURL._(JSObject _) implements JSObject {
                                                         ^
/C:/Users/berkgoknil/AppData/Local/Pub/Cache/hosted/pub.dev/web-1.1.1/lib/src/dom/trusted_types.dart:87:66: Error: The type 'JSObject' can't be implemented by an extension type.
extension type TrustedTypePolicyFactory._(JSObject _) implements JSObject {
                                                                 ^
/C:/Users/berkgoknil/AppData/Local/Pub/Cache/hosted/pub.dev/web-1.1.1/lib/src/dom/trusted_types.dart:193:59: Error: The type 'JSObject' can't be implemented by an extension type.
extension type TrustedTypePolicy._(JSObject _) implements JSObject {
                                                          ^
/C:/Users/berkgoknil/AppData/Local/Pub/Cache/hosted/pub.dev/web-1.1.1/lib/src/dom/trusted_types.dart:222:66: Error: The type 'JSObject' can't be implemented by an extension type.
extension type TrustedTypePolicyOptions._(JSObject _) implements JSObject {
                                                                 ^
/C:/Users/berkgoknil/AppData/Local/Pub/Cache/hosted/pub.dev/web-1.1.1/lib/src/dom/trusted_types.dart:13:2: Error: Couldn't find constructor 'JS'.
@JS()
 ^^
/C:/Users/berkgoknil/AppData/Local/Pub/Cache/hosted/pub.dev/web-1.1.1/lib/src/dom/trusted_types.dart:35:30: Error: 'JSObject' isn't a type.
extension type TrustedHTML._(JSObject _) implements JSObject {
                             ^^^^^^^^
/C:/Users/berkgoknil/AppData/Local/Pub/Cache/hosted/pub.dev/web-1.1.1/lib/src/dom/trusted_types.dart:54:32: Error: 'JSObject' isn't a type.
extension type TrustedScript._(JSObject _) implements JSObject {
                               ^^^^^^^^
/C:/Users/berkgoknil/AppData/Local/Pub/Cache/hosted/pub.dev/web-1.1.1/lib/src/dom/trusted_types.dart:73:35: Error: 'JSObject' isn't a type.
extension type TrustedScriptURL._(JSObject _) implements JSObject {
                                  ^^^^^^^^
/C:/Users/berkgoknil/AppData/Local/Pub/Cache/hosted/pub.dev/web-1.1.1/lib/src/dom/trusted_types.dart:87:43: Error: 'JSObject' isn't a type.
extension type TrustedTypePolicyFactory._(JSObject _) implements JSObject {
                                          ^^^^^^^^
/C:/Users/berkgoknil/AppData/Local/Pub/Cache/hosted/pub.dev/web-1.1.1/lib/src/dom/trusted_types.dart:117:24: Error: 'JSAny' isn't a type.
  external bool isHTML(JSAny? value);
                       ^^^^^
/C:/Users/berkgoknil/AppData/Local/Pub/Cache/hosted/pub.dev/web-1.1.1/lib/src/dom/trusted_types.dart:126:26: Error: 'JSAny' isn't a type.
  external bool isScript(JSAny? value);
                         ^^^^^
/C:/Users/berkgoknil/AppData/Local/Pub/Cache/hosted/pub.dev/web-1.1.1/lib/src/dom/trusted_types.dart:135:29: Error: 'JSAny' isn't a type.
  external bool isScriptURL(JSAny? value);
                            ^^^^^
/C:/Users/berkgoknil/AppData/Local/Pub/Cache/hosted/pub.dev/web-1.1.1/lib/src/dom/trusted_types.dart:193:36: Error: 'JSObject' isn't a type.
extension type TrustedTypePolicy._(JSObject _) implements JSObject {
                                   ^^^^^^^^
/C:/Users/berkgoknil/AppData/Local/Pub/Cache/hosted/pub.dev/web-1.1.1/lib/src/dom/trusted_types.dart:199:5: Error: 'JSAny' isn't a type.
    JSAny? arguments,
    ^^^^^
/C:/Users/berkgoknil/AppData/Local/Pub/Cache/hosted/pub.dev/web-1.1.1/lib/src/dom/trusted_types.dart:207:5: Error: 'JSAny' isn't a type.
    JSAny? arguments,
    ^^^^^
/C:/Users/berkgoknil/AppData/Local/Pub/Cache/hosted/pub.dev/web-1.1.1/lib/src/dom/trusted_types.dart:215:5: Error: 'JSAny' isn't a type.
    JSAny? arguments,
    ^^^^^
/C:/Users/berkgoknil/AppData/Local/Pub/Cache/hosted/pub.dev/web-1.1.1/lib/src/dom/trusted_types.dart:222:43: Error: 'JSObject' isn't a type.
extension type TrustedTypePolicyOptions._(JSObject _) implements JSObject {
                                          ^^^^^^^^
/C:/Users/berkgoknil/AppData/Local/Pub/Cache/hosted/pub.dev/web-1.1.1/lib/src/dom/storage.dart:16:8: Error: Dart library 'dart:js_interop' is not available on this platform.
import 'dart:js_interop';
       ^
/C:/Users/berkgoknil/AppData/Local/Pub/Cache/hosted/pub.dev/web-1.1.1/lib/src/dom/storage.dart:30:33: Error: Type 'JSObject' not found.
extension type StorageManager._(JSObject _) implements JSObject {
                                ^^^^^^^^
/C:/Users/berkgoknil/AppData/Local/Pub/Cache/hosted/pub.dev/web-1.1.1/lib/src/dom/storage.dart:30:56: Error: Type 'JSObject' not found.
extension type StorageManager._(JSObject _) implements JSObject {
                                                       ^^^^^^^^
/C:/Users/berkgoknil/AppData/Local/Pub/Cache/hosted/pub.dev/web-1.1.1/lib/src/dom/storage.dart:34:22: Error: Type 'JSBoolean' not found.
  external JSPromise<JSBoolean> persisted();
                     ^^^^^^^^^
/C:/Users/berkgoknil/AppData/Local/Pub/Cache/hosted/pub.dev/web-1.1.1/lib/src/dom/storage.dart:34:12: Error: Type 'JSPromise' not found.
  external JSPromise<JSBoolean> persisted();
           ^^^^^^^^^
/C:/Users/berkgoknil/AppData/Local/Pub/Cache/hosted/pub.dev/web-1.1.1/lib/src/dom/storage.dart:46:22: Error: Type 'JSBoolean' not found.
  external JSPromise<JSBoolean> persist();
                     ^^^^^^^^^
/C:/Users/berkgoknil/AppData/Local/Pub/Cache/hosted/pub.dev/web-1.1.1/lib/src/dom/storage.dart:46:12: Error: Type 'JSPromise' not found.
  external JSPromise<JSBoolean> persist();
           ^^^^^^^^^
/C:/Users/berkgoknil/AppData/Local/Pub/Cache/hosted/pub.dev/web-1.1.1/lib/src/dom/storage.dart:56:12: Error: Type 'JSPromise' not found.
  external JSPromise<StorageEstimate> estimate();
           ^^^^^^^^^
/C:/Users/berkgoknil/AppData/Local/Pub/Cache/hosted/pub.dev/web-1.1.1/lib/src/dom/storage.dart:63:12: Error: Type 'JSPromise' not found.
  external JSPromise<FileSystemDirectoryHandle> getDirectory();
           ^^^^^^^^^
/C:/Users/berkgoknil/AppData/Local/Pub/Cache/hosted/pub.dev/web-1.1.1/lib/src/dom/storage.dart:65:34: Error: Type 'JSObject' not found.
extension type StorageEstimate._(JSObject _) implements JSObject {
                                 ^^^^^^^^
/C:/Users/berkgoknil/AppData/Local/Pub/Cache/hosted/pub.dev/web-1.1.1/lib/src/dom/storage.dart:65:57: Error: Type 'JSObject' not found.
extension type StorageEstimate._(JSObject _) implements JSObject {
                                                        ^^^^^^^^
/C:/Users/berkgoknil/AppData/Local/Pub/Cache/hosted/pub.dev/web-1.1.1/lib/src/dom/storage.dart:30:56: Error: The type 'JSObject' can't be implemented by an extension type.
extension type StorageManager._(JSObject _) implements JSObject {
                                                       ^
/C:/Users/berkgoknil/AppData/Local/Pub/Cache/hosted/pub.dev/web-1.1.1/lib/src/dom/storage.dart:65:57: Error: The type 'JSObject' can't be implemented by an extension type.
extension type StorageEstimate._(JSObject _) implements JSObject {
                                                        ^
/C:/Users/berkgoknil/AppData/Local/Pub/Cache/hosted/pub.dev/web-1.1.1/lib/src/dom/storage.dart:13:2: Error: Couldn't find constructor 'JS'.
@JS()
 ^^
/C:/Users/berkgoknil/AppData/Local/Pub/Cache/hosted/pub.dev/web-1.1.1/lib/src/dom/storage.dart:30:33: Error: 'JSObject' isn't a type.
extension type StorageManager._(JSObject _) implements JSObject {
                                ^^^^^^^^
/C:/Users/berkgoknil/AppData/Local/Pub/Cache/hosted/pub.dev/web-1.1.1/lib/src/dom/storage.dart:65:34: Error: 'JSObject' isn't a type.
extension type StorageEstimate._(JSObject _) implements JSObject {
                                 ^^^^^^^^
/C:/Users/berkgoknil/AppData/Local/Pub/Cache/hosted/pub.dev/web-1.1.1/lib/src/dom/fs.dart:16:8: Error: Dart library 'dart:js_interop' is not available on this platform.
import 'dart:js_interop';
       ^
/C:/Users/berkgoknil/AppData/Local/Pub/Cache/hosted/pub.dev/web-1.1.1/lib/src/dom/fs.dart:22:36: Error: Type 'JSAny' not found.
typedef FileSystemWriteChunkType = JSAny;
                                   ^^^^^
/C:/Users/berkgoknil/AppData/Local/Pub/Cache/hosted/pub.dev/web-1.1.1/lib/src/dom/fs.dart:36:35: Error: Type 'JSObject' not found.
extension type FileSystemHandle._(JSObject _) implements JSObject {
                                  ^^^^^^^^
/C:/Users/berkgoknil/AppData/Local/Pub/Cache/hosted/pub.dev/web-1.1.1/lib/src/dom/fs.dart:36:58: Error: Type 'JSObject' not found.
extension type FileSystemHandle._(JSObject _) implements JSObject {
                                                         ^^^^^^^^
/C:/Users/berkgoknil/AppData/Local/Pub/Cache/hosted/pub.dev/web-1.1.1/lib/src/dom/fs.dart:40:22: Error: Type 'JSBoolean' not found.
  external JSPromise<JSBoolean> isSameEntry(FileSystemHandle other);
                     ^^^^^^^^^
/C:/Users/berkgoknil/AppData/Local/Pub/Cache/hosted/pub.dev/web-1.1.1/lib/src/dom/fs.dart:40:12: Error: Type 'JSPromise' not found.
  external JSPromise<JSBoolean> isSameEntry(FileSystemHandle other);
           ^^^^^^^^^
/C:/Users/berkgoknil/AppData/Local/Pub/Cache/hosted/pub.dev/web-1.1.1/lib/src/dom/fs.dart:55:50: Error: Type 'JSObject' not found.
extension type FileSystemCreateWritableOptions._(JSObject _)
                                                 ^^^^^^^^
/C:/Users/berkgoknil/AppData/Local/Pub/Cache/hosted/pub.dev/web-1.1.1/lib/src/dom/fs.dart:56:16: Error: Type 'JSObject' not found.
    implements JSObject {
               ^^^^^^^^
/C:/Users/berkgoknil/AppData/Local/Pub/Cache/hosted/pub.dev/web-1.1.1/lib/src/dom/fs.dart:77:39: Error: Type 'JSObject' not found.
extension type FileSystemFileHandle._(JSObject _)
                                      ^^^^^^^^
/C:/Users/berkgoknil/AppData/Local/Pub/Cache/hosted/pub.dev/web-1.1.1/lib/src/dom/fs.dart:78:34: Error: Type 'JSObject' not found.
    implements FileSystemHandle, JSObject {
                                 ^^^^^^^^
/C:/Users/berkgoknil/AppData/Local/Pub/Cache/hosted/pub.dev/web-1.1.1/lib/src/dom/fs.dart:87:12: Error: Type 'JSPromise' not found.
  external JSPromise<File> getFile();
           ^^^^^^^^^
/C:/Users/berkgoknil/AppData/Local/Pub/Cache/hosted/pub.dev/web-1.1.1/lib/src/dom/fs.dart:99:12: Error: Type 'JSPromise' not found.
  external JSPromise<FileSystemWritableFileStream> createWritable(
           ^^^^^^^^^
/C:/Users/berkgoknil/AppData/Local/Pub/Cache/hosted/pub.dev/web-1.1.1/lib/src/dom/fs.dart:118:12: Error: Type 'JSPromise' not found.
  external JSPromise<FileSystemSyncAccessHandle> createSyncAccessHandle();
           ^^^^^^^^^
/C:/Users/berkgoknil/AppData/Local/Pub/Cache/hosted/pub.dev/web-1.1.1/lib/src/dom/fs.dart:120:43: Error: Type 'JSObject' not found.
extension type FileSystemGetFileOptions._(JSObject _) implements JSObject {
                                          ^^^^^^^^
/C:/Users/berkgoknil/AppData/Local/Pub/Cache/hosted/pub.dev/web-1.1.1/lib/src/dom/fs.dart:120:66: Error: Type 'JSObject' not found.
extension type FileSystemGetFileOptions._(JSObject _) implements JSObject {
                                                                 ^^^^^^^^
/C:/Users/berkgoknil/AppData/Local/Pub/Cache/hosted/pub.dev/web-1.1.1/lib/src/dom/fs.dart:126:48: Error: Type 'JSObject' not found.
extension type FileSystemGetDirectoryOptions._(JSObject _) implements JSObject {
                                               ^^^^^^^^
/C:/Users/berkgoknil/AppData/Local/Pub/Cache/hosted/pub.dev/web-1.1.1/lib/src/dom/fs.dart:126:71: Error: Type 'JSObject' not found.
extension type FileSystemGetDirectoryOptions._(JSObject _) implements JSObject {
                                                                      ^^^^^^^^
/C:/Users/berkgoknil/AppData/Local/Pub/Cache/hosted/pub.dev/web-1.1.1/lib/src/dom/fs.dart:132:42: Error: Type 'JSObject' not found.
extension type FileSystemRemoveOptions._(JSObject _) implements JSObject {
                                         ^^^^^^^^
/C:/Users/berkgoknil/AppData/Local/Pub/Cache/hosted/pub.dev/web-1.1.1/lib/src/dom/fs.dart:132:65: Error: Type 'JSObject' not found.
extension type FileSystemRemoveOptions._(JSObject _) implements JSObject {
                                                                ^^^^^^^^
/C:/Users/berkgoknil/AppData/Local/Pub/Cache/hosted/pub.dev/web-1.1.1/lib/src/dom/fs.dart:150:44: Error: Type 'JSObject' not found.
extension type FileSystemDirectoryHandle._(JSObject _)
                                           ^^^^^^^^
/C:/Users/berkgoknil/AppData/Local/Pub/Cache/hosted/pub.dev/web-1.1.1/lib/src/dom/fs.dart:151:34: Error: Type 'JSObject' not found.
    implements FileSystemHandle, JSObject {
                                 ^^^^^^^^
/C:/Users/berkgoknil/AppData/Local/Pub/Cache/hosted/pub.dev/web-1.1.1/lib/src/dom/fs.dart:156:12: Error: Type 'JSPromise' not found.
  external JSPromise<FileSystemFileHandle> getFileHandle(
           ^^^^^^^^^
/C:/Users/berkgoknil/AppData/Local/Pub/Cache/hosted/pub.dev/web-1.1.1/lib/src/dom/fs.dart:165:12: Error: Type 'JSPromise' not found.
  external JSPromise<FileSystemDirectoryHandle> getDirectoryHandle(
           ^^^^^^^^^
/C:/Users/berkgoknil/AppData/Local/Pub/Cache/hosted/pub.dev/web-1.1.1/lib/src/dom/fs.dart:173:22: Error: Type 'JSAny' not found.
  external JSPromise<JSAny?> removeEntry(
                     ^^^^^
/C:/Users/berkgoknil/AppData/Local/Pub/Cache/hosted/pub.dev/web-1.1.1/lib/src/dom/fs.dart:173:12: Error: Type 'JSPromise' not found.
  external JSPromise<JSAny?> removeEntry(
           ^^^^^^^^^
/C:/Users/berkgoknil/AppData/Local/Pub/Cache/hosted/pub.dev/web-1.1.1/lib/src/dom/fs.dart:183:30: Error: Type 'JSString' not found.
  external JSPromise<JSArray<JSString>?> resolve(
                             ^^^^^^^^
/C:/Users/berkgoknil/AppData/Local/Pub/Cache/hosted/pub.dev/web-1.1.1/lib/src/dom/fs.dart:183:22: Error: Type 'JSArray' not found.
  external JSPromise<JSArray<JSString>?> resolve(
                     ^^^^^^^
/C:/Users/berkgoknil/AppData/Local/Pub/Cache/hosted/pub.dev/web-1.1.1/lib/src/dom/fs.dart:183:12: Error: Type 'JSPromise' not found.
  external JSPromise<JSArray<JSString>?> resolve(
           ^^^^^^^^^
/C:/Users/berkgoknil/AppData/Local/Pub/Cache/hosted/pub.dev/web-1.1.1/lib/src/dom/fs.dart:186:30: Error: Type 'JSObject' not found.
extension type WriteParams._(JSObject _) implements JSObject {
                             ^^^^^^^^
/C:/Users/berkgoknil/AppData/Local/Pub/Cache/hosted/pub.dev/web-1.1.1/lib/src/dom/fs.dart:186:53: Error: Type 'JSObject' not found.
extension type WriteParams._(JSObject _) implements JSObject {
                                                    ^^^^^^^^
/C:/Users/berkgoknil/AppData/Local/Pub/Cache/hosted/pub.dev/web-1.1.1/lib/src/dom/fs.dart:191:5: Error: Type 'JSAny' not found.
    JSAny? data,
    ^^^^^
/C:/Users/berkgoknil/AppData/Local/Pub/Cache/hosted/pub.dev/web-1.1.1/lib/src/dom/fs.dart:200:12: Error: Type 'JSAny' not found.
  external JSAny? get data;
           ^^^^^
/C:/Users/berkgoknil/AppData/Local/Pub/Cache/hosted/pub.dev/web-1.1.1/lib/src/dom/fs.dart:201:21: Error: Type 'JSAny' not found.
  external set data(JSAny? value);
                    ^^^^^
/C:/Users/berkgoknil/AppData/Local/Pub/Cache/hosted/pub.dev/web-1.1.1/lib/src/dom/fs.dart:213:47: Error: Type 'JSObject' not found.
extension type FileSystemWritableFileStream._(JSObject _)
                                              ^^^^^^^^
/C:/Users/berkgoknil/AppData/Local/Pub/Cache/hosted/pub.dev/web-1.1.1/lib/src/dom/fs.dart:214:32: Error: Type 'JSObject' not found.
    implements WritableStream, JSObject {
                               ^^^^^^^^
/C:/Users/berkgoknil/AppData/Local/Pub/Cache/hosted/pub.dev/web-1.1.1/lib/src/dom/fs.dart:224:22: Error: Type 'JSAny' not found.
  external JSPromise<JSAny?> write(FileSystemWriteChunkType data);
                     ^^^^^
/C:/Users/berkgoknil/AppData/Local/Pub/Cache/hosted/pub.dev/web-1.1.1/lib/src/dom/fs.dart:224:12: Error: Type 'JSPromise' not found.
  external JSPromise<JSAny?> write(FileSystemWriteChunkType data);
           ^^^^^^^^^
/C:/Users/berkgoknil/AppData/Local/Pub/Cache/hosted/pub.dev/web-1.1.1/lib/src/dom/fs.dart:229:22: Error: Type 'JSAny' not found.
  external JSPromise<JSAny?> seek(int position);
                     ^^^^^
/C:/Users/berkgoknil/AppData/Local/Pub/Cache/hosted/pub.dev/web-1.1.1/lib/src/dom/fs.dart:229:12: Error: Type 'JSPromise' not found.
  external JSPromise<JSAny?> seek(int position);
           ^^^^^^^^^
/C:/Users/berkgoknil/AppData/Local/Pub/Cache/hosted/pub.dev/web-1.1.1/lib/src/dom/fs.dart:246:22: Error: Type 'JSAny' not found.
  external JSPromise<JSAny?> truncate(int size);
                     ^^^^^
/C:/Users/berkgoknil/AppData/Local/Pub/Cache/hosted/pub.dev/web-1.1.1/lib/src/dom/fs.dart:246:12: Error: Type 'JSPromise' not found.
  external JSPromise<JSAny?> truncate(int size);
           ^^^^^^^^^
/C:/Users/berkgoknil/AppData/Local/Pub/Cache/hosted/pub.dev/web-1.1.1/lib/src/dom/fs.dart:248:45: Error: Type 'JSObject' not found.
extension type FileSystemReadWriteOptions._(JSObject _) implements JSObject {
                                            ^^^^^^^^
/C:/Users/berkgoknil/AppData/Local/Pub/Cache/hosted/pub.dev/web-1.1.1/lib/src/dom/fs.dart:248:68: Error: Type 'JSObject' not found.
extension type FileSystemReadWriteOptions._(JSObject _) implements JSObject {
                                                                   ^^^^^^^^
/C:/Users/berkgoknil/AppData/Local/Pub/Cache/hosted/pub.dev/web-1.1.1/lib/src/dom/fs.dart:288:45: Error: Type 'JSObject' not found.
extension type FileSystemSyncAccessHandle._(JSObject _) implements JSObject {
                                            ^^^^^^^^
/C:/Users/berkgoknil/AppData/Local/Pub/Cache/hosted/pub.dev/web-1.1.1/lib/src/dom/fs.dart:288:68: Error: Type 'JSObject' not found.
extension type FileSystemSyncAccessHandle._(JSObject _) implements JSObject {
                                                                   ^^^^^^^^
/C:/Users/berkgoknil/AppData/Local/Pub/Cache/hosted/pub.dev/web-1.1.1/lib/src/dom/fs.dart:36:58: Error: The type 'JSObject' can't be implemented by an extension type.
extension type FileSystemHandle._(JSObject _) implements JSObject {
                                                         ^
/C:/Users/berkgoknil/AppData/Local/Pub/Cache/hosted/pub.dev/web-1.1.1/lib/src/dom/fs.dart:56:16: Error: The type 'JSObject' can't be implemented by an extension type.
    implements JSObject {
               ^
/C:/Users/berkgoknil/AppData/Local/Pub/Cache/hosted/pub.dev/web-1.1.1/lib/src/dom/fs.dart:78:34: Error: The type 'JSObject' can't be implemented by an extension type.
    implements FileSystemHandle, JSObject {
                                 ^
/C:/Users/berkgoknil/AppData/Local/Pub/Cache/hosted/pub.dev/web-1.1.1/lib/src/dom/fs.dart:120:66: Error: The type 'JSObject' can't be implemented by an extension type.
extension type FileSystemGetFileOptions._(JSObject _) implements JSObject {
                                                                 ^
/C:/Users/berkgoknil/AppData/Local/Pub/Cache/hosted/pub.dev/web-1.1.1/lib/src/dom/fs.dart:126:71: Error: The type 'JSObject' can't be implemented by an extension type.
extension type FileSystemGetDirectoryOptions._(JSObject _) implements JSObject {
                                                                      ^
/C:/Users/berkgoknil/AppData/Local/Pub/Cache/hosted/pub.dev/web-1.1.1/lib/src/dom/fs.dart:132:65: Error: The type 'JSObject' can't be implemented by an extension type.
extension type FileSystemRemoveOptions._(JSObject _) implements JSObject {
                                                                ^
/C:/Users/berkgoknil/AppData/Local/Pub/Cache/hosted/pub.dev/web-1.1.1/lib/src/dom/fs.dart:151:34: Error: The type 'JSObject' can't be implemented by an extension type.
    implements FileSystemHandle, JSObject {
                                 ^
/C:/Users/berkgoknil/AppData/Local/Pub/Cache/hosted/pub.dev/web-1.1.1/lib/src/dom/fs.dart:186:53: Error: The type 'JSObject' can't be implemented by an extension type.
extension type WriteParams._(JSObject _) implements JSObject {
                                                    ^
/C:/Users/berkgoknil/AppData/Local/Pub/Cache/hosted/pub.dev/web-1.1.1/lib/src/dom/fs.dart:214:32: Error: The type 'JSObject' can't be implemented by an extension type.
    implements WritableStream, JSObject {
                               ^
/C:/Users/berkgoknil/AppData/Local/Pub/Cache/hosted/pub.dev/web-1.1.1/lib/src/dom/fs.dart:248:68: Error: The type 'JSObject' can't be implemented by an extension type.
extension type FileSystemReadWriteOptions._(JSObject _) implements JSObject {
                                                                   ^
/C:/Users/berkgoknil/AppData/Local/Pub/Cache/hosted/pub.dev/web-1.1.1/lib/src/dom/fs.dart:288:68: Error: The type 'JSObject' can't be implemented by an extension type.
extension type FileSystemSyncAccessHandle._(JSObject _) implements JSObject {
                                                                   ^
/C:/Users/berkgoknil/AppData/Local/Pub/Cache/hosted/pub.dev/web-1.1.1/lib/src/dom/fs.dart:13:2: Error: Couldn't find constructor 'JS'.
@JS()
 ^^
/C:/Users/berkgoknil/AppData/Local/Pub/Cache/hosted/pub.dev/web-1.1.1/lib/src/dom/fs.dart:36:35: Error: 'JSObject' isn't a type.
extension type FileSystemHandle._(JSObject _) implements JSObject {
                                  ^^^^^^^^
/C:/Users/berkgoknil/AppData/Local/Pub/Cache/hosted/pub.dev/web-1.1.1/lib/src/dom/fs.dart:55:50: Error: 'JSObject' isn't a type.
extension type FileSystemCreateWritableOptions._(JSObject _)
                                                 ^^^^^^^^
/C:/Users/berkgoknil/AppData/Local/Pub/Cache/hosted/pub.dev/web-1.1.1/lib/src/dom/fs.dart:77:39: Error: 'JSObject' isn't a type.
extension type FileSystemFileHandle._(JSObject _)
                                      ^^^^^^^^
/C:/Users/berkgoknil/AppData/Local/Pub/Cache/hosted/pub.dev/web-1.1.1/lib/src/dom/fs.dart:120:43: Error: 'JSObject' isn't a type.
extension type FileSystemGetFileOptions._(JSObject _) implements JSObject {
                                          ^^^^^^^^
/C:/Users/berkgoknil/AppData/Local/Pub/Cache/hosted/pub.dev/web-1.1.1/lib/src/dom/fs.dart:126:48: Error: 'JSObject' isn't a type.
extension type FileSystemGetDirectoryOptions._(JSObject _) implements JSObject {
                                               ^^^^^^^^
/C:/Users/berkgoknil/AppData/Local/Pub/Cache/hosted/pub.dev/web-1.1.1/lib/src/dom/fs.dart:132:42: Error: 'JSObject' isn't a type.
extension type FileSystemRemoveOptions._(JSObject _) implements JSObject {
                                         ^^^^^^^^
/C:/Users/berkgoknil/AppData/Local/Pub/Cache/hosted/pub.dev/web-1.1.1/lib/src/dom/fs.dart:150:44: Error: 'JSObject' isn't a type.
extension type FileSystemDirectoryHandle._(JSObject _)
                                           ^^^^^^^^
/C:/Users/berkgoknil/AppData/Local/Pub/Cache/hosted/pub.dev/web-1.1.1/lib/src/dom/fs.dart:186:30: Error: 'JSObject' isn't a type.
extension type WriteParams._(JSObject _) implements JSObject {
                             ^^^^^^^^
/C:/Users/berkgoknil/AppData/Local/Pub/Cache/hosted/pub.dev/web-1.1.1/lib/src/dom/fs.dart:191:5: Error: 'JSAny' isn't a type.
    JSAny? data,
    ^^^^^
/C:/Users/berkgoknil/AppData/Local/Pub/Cache/hosted/pub.dev/web-1.1.1/lib/src/dom/fs.dart:201:21: Error: 'JSAny' isn't a type.
  external set data(JSAny? value);
                    ^^^^^
/C:/Users/berkgoknil/AppData/Local/Pub/Cache/hosted/pub.dev/web-1.1.1/lib/src/dom/fs.dart:213:47: Error: 'JSObject' isn't a type.
extension type FileSystemWritableFileStream._(JSObject _)
                                              ^^^^^^^^
/C:/Users/berkgoknil/AppData/Local/Pub/Cache/hosted/pub.dev/web-1.1.1/lib/src/dom/fs.dart:248:45: Error: 'JSObject' isn't a type.
extension type FileSystemReadWriteOptions._(JSObject _) implements JSObject {
                                            ^^^^^^^^
/C:/Users/berkgoknil/AppData/Local/Pub/Cache/hosted/pub.dev/web-1.1.1/lib/src/dom/fs.dart:288:45: Error: 'JSObject' isn't a type.
extension type FileSystemSyncAccessHandle._(JSObject _) implements JSObject {
                                            ^^^^^^^^
/C:/Users/berkgoknil/AppData/Local/Pub/Cache/hosted/pub.dev/web-1.1.1/lib/src/dom/speech_api.dart:16:8: Error: Dart library 'dart:js_interop' is not available on this platform.
import 'dart:js_interop';
       ^
/C:/Users/berkgoknil/AppData/Local/Pub/Cache/hosted/pub.dev/web-1.1.1/lib/src/dom/speech_api.dart:37:36: Error: Type 'JSObject' not found.
extension type SpeechRecognition._(JSObject _)
                                   ^^^^^^^^
/C:/Users/berkgoknil/AppData/Local/Pub/Cache/hosted/pub.dev/web-1.1.1/lib/src/dom/speech_api.dart:38:29: Error: Type 'JSObject' not found.
    implements EventTarget, JSObject {
                            ^^^^^^^^
/C:/Users/berkgoknil/AppData/Local/Pub/Cache/hosted/pub.dev/web-1.1.1/lib/src/dom/speech_api.dart:70:12: Error: Type 'JSObject' not found.
  external JSObject get grammars;
           ^^^^^^^^
/C:/Users/berkgoknil/AppData/Local/Pub/Cache/hosted/pub.dev/web-1.1.1/lib/src/dom/speech_api.dart:71:25: Error: Type 'JSObject' not found.
  external set grammars(JSObject value);
                        ^^^^^^^^
/C:/Users/berkgoknil/AppData/Local/Pub/Cache/hosted/pub.dev/web-1.1.1/lib/src/dom/speech_api.dart:142:46: Error: Type 'JSObject' not found.
extension type SpeechRecognitionErrorEvent._(JSObject _)
                                             ^^^^^^^^
/C:/Users/berkgoknil/AppData/Local/Pub/Cache/hosted/pub.dev/web-1.1.1/lib/src/dom/speech_api.dart:143:23: Error: Type 'JSObject' not found.
    implements Event, JSObject {
                      ^^^^^^^^
/C:/Users/berkgoknil/AppData/Local/Pub/Cache/hosted/pub.dev/web-1.1.1/lib/src/dom/speech_api.dart:163:47: Error: Type 'JSObject' not found.
extension type SpeechRecognitionAlternative._(JSObject _) implements JSObject {
                                              ^^^^^^^^
/C:/Users/berkgoknil/AppData/Local/Pub/Cache/hosted/pub.dev/web-1.1.1/lib/src/dom/speech_api.dart:163:70: Error: Type 'JSObject' not found.
extension type SpeechRecognitionAlternative._(JSObject _) implements JSObject {
                                                                     ^^^^^^^^
/C:/Users/berkgoknil/AppData/Local/Pub/Cache/hosted/pub.dev/web-1.1.1/lib/src/dom/speech_api.dart:193:42: Error: Type 'JSObject' not found.
extension type SpeechRecognitionResult._(JSObject _) implements JSObject {
                                         ^^^^^^^^
/C:/Users/berkgoknil/AppData/Local/Pub/Cache/hosted/pub.dev/web-1.1.1/lib/src/dom/speech_api.dart:193:65: Error: Type 'JSObject' not found.
extension type SpeechRecognitionResult._(JSObject _) implements JSObject {
                                                                ^^^^^^^^
/C:/Users/berkgoknil/AppData/Local/Pub/Cache/hosted/pub.dev/web-1.1.1/lib/src/dom/speech_api.dart:229:46: Error: Type 'JSObject' not found.
extension type SpeechRecognitionResultList._(JSObject _) implements JSObject {
                                             ^^^^^^^^
/C:/Users/berkgoknil/AppData/Local/Pub/Cache/hosted/pub.dev/web-1.1.1/lib/src/dom/speech_api.dart:229:69: Error: Type 'JSObject' not found.
extension type SpeechRecognitionResultList._(JSObject _) implements JSObject {
                                                                    ^^^^^^^^
/C:/Users/berkgoknil/AppData/Local/Pub/Cache/hosted/pub.dev/web-1.1.1/lib/src/dom/speech_api.dart:253:41: Error: Type 'JSObject' not found.
extension type SpeechRecognitionEvent._(JSObject _) implements Event, JSObject {
                                        ^^^^^^^^
/C:/Users/berkgoknil/AppData/Local/Pub/Cache/hosted/pub.dev/web-1.1.1/lib/src/dom/speech_api.dart:253:71: Error: Type 'JSObject' not found.
extension type SpeechRecognitionEvent._(JSObject _) implements Event, JSObject {
                                                                      ^^^^^^^^
/C:/Users/berkgoknil/AppData/Local/Pub/Cache/hosted/pub.dev/web-1.1.1/lib/src/dom/speech_api.dart:292:34: Error: Type 'JSObject' not found.
extension type SpeechSynthesis._(JSObject _) implements EventTarget, JSObject {
                                 ^^^^^^^^
/C:/Users/berkgoknil/AppData/Local/Pub/Cache/hosted/pub.dev/web-1.1.1/lib/src/dom/speech_api.dart:292:70: Error: Type 'JSObject' not found.
extension type SpeechSynthesis._(JSObject _) implements EventTarget, JSObject {
                                                                     ^^^^^^^^
/C:/Users/berkgoknil/AppData/Local/Pub/Cache/hosted/pub.dev/web-1.1.1/lib/src/dom/speech_api.dart:319:12: Error: Type 'JSArray' not found.
  external JSArray<SpeechSynthesisVoice> getVoices();
           ^^^^^^^
/C:/Users/berkgoknil/AppData/Local/Pub/Cache/hosted/pub.dev/web-1.1.1/lib/src/dom/speech_api.dart:358:43: Error: Type 'JSObject' not found.
extension type SpeechSynthesisUtterance._(JSObject _)
                                          ^^^^^^^^
/C:/Users/berkgoknil/AppData/Local/Pub/Cache/hosted/pub.dev/web-1.1.1/lib/src/dom/speech_api.dart:359:29: Error: Type 'JSObject' not found.
    implements EventTarget, JSObject {
                            ^^^^^^^^
/C:/Users/berkgoknil/AppData/Local/Pub/Cache/hosted/pub.dev/web-1.1.1/lib/src/dom/speech_api.dart:437:39: Error: Type 'JSObject' not found.
extension type SpeechSynthesisEvent._(JSObject _) implements Event, JSObject {
                                      ^^^^^^^^
/C:/Users/berkgoknil/AppData/Local/Pub/Cache/hosted/pub.dev/web-1.1.1/lib/src/dom/speech_api.dart:437:69: Error: Type 'JSObject' not found.
extension type SpeechSynthesisEvent._(JSObject _) implements Event, JSObject {
                                                                    ^^^^^^^^
/C:/Users/berkgoknil/AppData/Local/Pub/Cache/hosted/pub.dev/web-1.1.1/lib/src/dom/speech_api.dart:477:43: Error: Type 'JSObject' not found.
extension type SpeechSynthesisEventInit._(JSObject _)
                                          ^^^^^^^^
/C:/Users/berkgoknil/AppData/Local/Pub/Cache/hosted/pub.dev/web-1.1.1/lib/src/dom/speech_api.dart:478:27: Error: Type 'JSObject' not found.
    implements EventInit, JSObject {
                          ^^^^^^^^
/C:/Users/berkgoknil/AppData/Local/Pub/Cache/hosted/pub.dev/web-1.1.1/lib/src/dom/speech_api.dart:511:44: Error: Type 'JSObject' not found.
extension type SpeechSynthesisErrorEvent._(JSObject _)
                                           ^^^^^^^^
/C:/Users/berkgoknil/AppData/Local/Pub/Cache/hosted/pub.dev/web-1.1.1/lib/src/dom/speech_api.dart:512:38: Error: Type 'JSObject' not found.
    implements SpeechSynthesisEvent, JSObject {
                                     ^^^^^^^^
/C:/Users/berkgoknil/AppData/Local/Pub/Cache/hosted/pub.dev/web-1.1.1/lib/src/dom/speech_api.dart:523:48: Error: Type 'JSObject' not found.
extension type SpeechSynthesisErrorEventInit._(JSObject _)
                                               ^^^^^^^^
/C:/Users/berkgoknil/AppData/Local/Pub/Cache/hosted/pub.dev/web-1.1.1/lib/src/dom/speech_api.dart:524:42: Error: Type 'JSObject' not found.
    implements SpeechSynthesisEventInit, JSObject {
                                         ^^^^^^^^
/C:/Users/berkgoknil/AppData/Local/Pub/Cache/hosted/pub.dev/web-1.1.1/lib/src/dom/speech_api.dart:551:39: Error: Type 'JSObject' not found.
extension type SpeechSynthesisVoice._(JSObject _) implements JSObject {
                                      ^^^^^^^^
/C:/Users/berkgoknil/AppData/Local/Pub/Cache/hosted/pub.dev/web-1.1.1/lib/src/dom/speech_api.dart:551:62: Error: Type 'JSObject' not found.
extension type SpeechSynthesisVoice._(JSObject _) implements JSObject {
                                                             ^^^^^^^^
/C:/Users/berkgoknil/AppData/Local/Pub/Cache/hosted/pub.dev/web-1.1.1/lib/src/dom/speech_api.dart:38:29: Error: The type 'JSObject' can't be implemented by an extension type.
    implements EventTarget, JSObject {
                            ^
/C:/Users/berkgoknil/AppData/Local/Pub/Cache/hosted/pub.dev/web-1.1.1/lib/src/dom/speech_api.dart:143:23: Error: The type 'JSObject' can't be implemented by an extension type.
    implements Event, JSObject {
                      ^
/C:/Users/berkgoknil/AppData/Local/Pub/Cache/hosted/pub.dev/web-1.1.1/lib/src/dom/speech_api.dart:163:70: Error: The type 'JSObject' can't be implemented by an extension type.
extension type SpeechRecognitionAlternative._(JSObject _) implements JSObject {
                                                                     ^
/C:/Users/berkgoknil/AppData/Local/Pub/Cache/hosted/pub.dev/web-1.1.1/lib/src/dom/speech_api.dart:193:65: Error: The type 'JSObject' can't be implemented by an extension type.
extension type SpeechRecognitionResult._(JSObject _) implements JSObject {
                                                                ^
/C:/Users/berkgoknil/AppData/Local/Pub/Cache/hosted/pub.dev/web-1.1.1/lib/src/dom/speech_api.dart:229:69: Error: The type 'JSObject' can't be implemented by an extension type.
extension type SpeechRecognitionResultList._(JSObject _) implements JSObject {
                                                                    ^
/C:/Users/berkgoknil/AppData/Local/Pub/Cache/hosted/pub.dev/web-1.1.1/lib/src/dom/speech_api.dart:253:71: Error: The type 'JSObject' can't be implemented by an extension type.
extension type SpeechRecognitionEvent._(JSObject _) implements Event, JSObject {
                                                                      ^
/C:/Users/berkgoknil/AppData/Local/Pub/Cache/hosted/pub.dev/web-1.1.1/lib/src/dom/speech_api.dart:292:70: Error: The type 'JSObject' can't be implemented by an extension type.
extension type SpeechSynthesis._(JSObject _) implements EventTarget, JSObject {
                                                                     ^
/C:/Users/berkgoknil/AppData/Local/Pub/Cache/hosted/pub.dev/web-1.1.1/lib/src/dom/speech_api.dart:359:29: Error: The type 'JSObject' can't be implemented by an extension type.
    implements EventTarget, JSObject {
                            ^
/C:/Users/berkgoknil/AppData/Local/Pub/Cache/hosted/pub.dev/web-1.1.1/lib/src/dom/speech_api.dart:437:69: Error: The type 'JSObject' can't be implemented by an extension type.
extension type SpeechSynthesisEvent._(JSObject _) implements Event, JSObject {
                                                                    ^
/C:/Users/berkgoknil/AppData/Local/Pub/Cache/hosted/pub.dev/web-1.1.1/lib/src/dom/speech_api.dart:478:27: Error: The type 'JSObject' can't be implemented by an extension type.
    implements EventInit, JSObject {
                          ^
/C:/Users/berkgoknil/AppData/Local/Pub/Cache/hosted/pub.dev/web-1.1.1/lib/src/dom/speech_api.dart:512:38: Error: The type 'JSObject' can't be implemented by an extension type.
    implements SpeechSynthesisEvent, JSObject {
                                     ^
/C:/Users/berkgoknil/AppData/Local/Pub/Cache/hosted/pub.dev/web-1.1.1/lib/src/dom/speech_api.dart:524:42: Error: The type 'JSObject' can't be implemented by an extension type.
    implements SpeechSynthesisEventInit, JSObject {
                                         ^
/C:/Users/berkgoknil/AppData/Local/Pub/Cache/hosted/pub.dev/web-1.1.1/lib/src/dom/speech_api.dart:551:62: Error: The type 'JSObject' can't be implemented by an extension type.
extension type SpeechSynthesisVoice._(JSObject _) implements JSObject {
                                                             ^
/C:/Users/berkgoknil/AppData/Local/Pub/Cache/hosted/pub.dev/web-1.1.1/lib/src/dom/speech_api.dart:13:2: Error: Couldn't find constructor 'JS'.
@JS()
 ^^
/C:/Users/berkgoknil/AppData/Local/Pub/Cache/hosted/pub.dev/web-1.1.1/lib/src/dom/speech_api.dart:579:4: Error: Couldn't find constructor 'JS'.
  @JS('default')
   ^^
/C:/Users/berkgoknil/AppData/Local/Pub/Cache/hosted/pub.dev/web-1.1.1/lib/src/dom/speech_api.dart:37:36: Error: 'JSObject' isn't a type.
extension type SpeechRecognition._(JSObject _)
                                   ^^^^^^^^
/C:/Users/berkgoknil/AppData/Local/Pub/Cache/hosted/pub.dev/web-1.1.1/lib/src/dom/speech_api.dart:71:25: Error: 'JSObject' isn't a type.
  external set grammars(JSObject value);
                        ^^^^^^^^
/C:/Users/berkgoknil/AppData/Local/Pub/Cache/hosted/pub.dev/web-1.1.1/lib/src/dom/speech_api.dart:142:46: Error: 'JSObject' isn't a type.
extension type SpeechRecognitionErrorEvent._(JSObject _)
                                             ^^^^^^^^
/C:/Users/berkgoknil/AppData/Local/Pub/Cache/hosted/pub.dev/web-1.1.1/lib/src/dom/speech_api.dart:163:47: Error: 'JSObject' isn't a type.
extension type SpeechRecognitionAlternative._(JSObject _) implements JSObject {
                                              ^^^^^^^^
/C:/Users/berkgoknil/AppData/Local/Pub/Cache/hosted/pub.dev/web-1.1.1/lib/src/dom/speech_api.dart:193:42: Error: 'JSObject' isn't a type.
extension type SpeechRecognitionResult._(JSObject _) implements JSObject {
                                         ^^^^^^^^
/C:/Users/berkgoknil/AppData/Local/Pub/Cache/hosted/pub.dev/web-1.1.1/lib/src/dom/speech_api.dart:229:46: Error: 'JSObject' isn't a type.
extension type SpeechRecognitionResultList._(JSObject _) implements JSObject {
                                             ^^^^^^^^
/C:/Users/berkgoknil/AppData/Local/Pub/Cache/hosted/pub.dev/web-1.1.1/lib/src/dom/speech_api.dart:253:41: Error: 'JSObject' isn't a type.
extension type SpeechRecognitionEvent._(JSObject _) implements Event, JSObject {
                                        ^^^^^^^^
/C:/Users/berkgoknil/AppData/Local/Pub/Cache/hosted/pub.dev/web-1.1.1/lib/src/dom/speech_api.dart:292:34: Error: 'JSObject' isn't a type.
extension type SpeechSynthesis._(JSObject _) implements EventTarget, JSObject {
                                 ^^^^^^^^
/C:/Users/berkgoknil/AppData/Local/Pub/Cache/hosted/pub.dev/web-1.1.1/lib/src/dom/speech_api.dart:358:43: Error: 'JSObject' isn't a type.
extension type SpeechSynthesisUtterance._(JSObject _)
                                          ^^^^^^^^
/C:/Users/berkgoknil/AppData/Local/Pub/Cache/hosted/pub.dev/web-1.1.1/lib/src/dom/speech_api.dart:437:39: Error: 'JSObject' isn't a type.
extension type SpeechSynthesisEvent._(JSObject _) implements Event, JSObject {
                                      ^^^^^^^^
/C:/Users/berkgoknil/AppData/Local/Pub/Cache/hosted/pub.dev/web-1.1.1/lib/src/dom/speech_api.dart:477:43: Error: 'JSObject' isn't a type.
extension type SpeechSynthesisEventInit._(JSObject _)
                                          ^^^^^^^^
/C:/Users/berkgoknil/AppData/Local/Pub/Cache/hosted/pub.dev/web-1.1.1/lib/src/dom/speech_api.dart:511:44: Error: 'JSObject' isn't a type.
extension type SpeechSynthesisErrorEvent._(JSObject _)
                                           ^^^^^^^^
/C:/Users/berkgoknil/AppData/Local/Pub/Cache/hosted/pub.dev/web-1.1.1/lib/src/dom/speech_api.dart:523:48: Error: 'JSObject' isn't a type.
extension type SpeechSynthesisErrorEventInit._(JSObject _)
                                               ^^^^^^^^
/C:/Users/berkgoknil/AppData/Local/Pub/Cache/hosted/pub.dev/web-1.1.1/lib/src/dom/speech_api.dart:551:39: Error: 'JSObject' isn't a type.
extension type SpeechSynthesisVoice._(JSObject _) implements JSObject {
                                      ^^^^^^^^
/C:/Users/berkgoknil/AppData/Local/Pub/Cache/hosted/pub.dev/web-1.1.1/lib/src/dom/service_workers.dart:16:8: Error: Dart library 'dart:js_interop' is not available on this platform.
import 'dart:js_interop';
       ^
/C:/Users/berkgoknil/AppData/Local/Pub/Cache/hosted/pub.dev/web-1.1.1/lib/src/dom/service_workers.dart:69:32: Error: Type 'JSObject' not found.
extension type ServiceWorker._(JSObject _) implements EventTarget, JSObject {
                               ^^^^^^^^
/C:/Users/berkgoknil/AppData/Local/Pub/Cache/hosted/pub.dev/web-1.1.1/lib/src/dom/service_workers.dart:69:68: Error: Type 'JSObject' not found.
extension type ServiceWorker._(JSObject _) implements EventTarget, JSObject {
                                                                   ^^^^^^^^
/C:/Users/berkgoknil/AppData/Local/Pub/Cache/hosted/pub.dev/web-1.1.1/lib/src/dom/service_workers.dart:80:5: Error: Type 'JSAny' not found.
    JSAny? message, [
    ^^^^^
/C:/Users/berkgoknil/AppData/Local/Pub/Cache/hosted/pub.dev/web-1.1.1/lib/src/dom/service_workers.dart:81:5: Error: Type 'JSObject' not found.
    JSObject optionsOrTransfer,
    ^^^^^^^^
/C:/Users/berkgoknil/AppData/Local/Pub/Cache/hosted/pub.dev/web-1.1.1/lib/src/dom/service_workers.dart:117:44: Error: Type 'JSObject' not found.
extension type ServiceWorkerRegistration._(JSObject _)
                                           ^^^^^^^^
/C:/Users/berkgoknil/AppData/Local/Pub/Cache/hosted/pub.dev/web-1.1.1/lib/src/dom/service_workers.dart:118:29: Error: Type 'JSObject' not found.
    implements EventTarget, JSObject {
                            ^^^^^^^^
/C:/Users/berkgoknil/AppData/Local/Pub/Cache/hosted/pub.dev/web-1.1.1/lib/src/dom/service_workers.dart:127:22: Error: Type 'JSAny' not found.
  external JSPromise<JSAny?> update();
                     ^^^^^
/C:/Users/berkgoknil/AppData/Local/Pub/Cache/hosted/pub.dev/web-1.1.1/lib/src/dom/service_workers.dart:127:12: Error: Type 'JSPromise' not found.
  external JSPromise<JSAny?> update();
           ^^^^^^^^^
/C:/Users/berkgoknil/AppData/Local/Pub/Cache/hosted/pub.dev/web-1.1.1/lib/src/dom/service_workers.dart:138:22: Error: Type 'JSBoolean' not found.
  external JSPromise<JSBoolean> unregister();
                     ^^^^^^^^^
/C:/Users/berkgoknil/AppData/Local/Pub/Cache/hosted/pub.dev/web-1.1.1/lib/src/dom/service_workers.dart:138:12: Error: Type 'JSPromise' not found.
  external JSPromise<JSBoolean> unregister();
           ^^^^^^^^^
/C:/Users/berkgoknil/AppData/Local/Pub/Cache/hosted/pub.dev/web-1.1.1/lib/src/dom/service_workers.dart:143:22: Error: Type 'JSAny' not found.
  external JSPromise<JSAny?> showNotification(
                     ^^^^^
/C:/Users/berkgoknil/AppData/Local/Pub/Cache/hosted/pub.dev/web-1.1.1/lib/src/dom/service_workers.dart:143:12: Error: Type 'JSPromise' not found.
  external JSPromise<JSAny?> showNotification(
           ^^^^^^^^^
/C:/Users/berkgoknil/AppData/Local/Pub/Cache/hosted/pub.dev/web-1.1.1/lib/src/dom/service_workers.dart:158:22: Error: Type 'JSArray' not found.
  external JSPromise<JSArray<Notification>> getNotifications(
                     ^^^^^^^
/C:/Users/berkgoknil/AppData/Local/Pub/Cache/hosted/pub.dev/web-1.1.1/lib/src/dom/service_workers.dart:158:12: Error: Type 'JSPromise' not found.
  external JSPromise<JSArray<Notification>> getNotifications(
           ^^^^^^^^^
/C:/Users/berkgoknil/AppData/Local/Pub/Cache/hosted/pub.dev/web-1.1.1/lib/src/dom/service_workers.dart:249:41: Error: Type 'JSObject' not found.
extension type ServiceWorkerContainer._(JSObject _)
                                        ^^^^^^^^
/C:/Users/berkgoknil/AppData/Local/Pub/Cache/hosted/pub.dev/web-1.1.1/lib/src/dom/service_workers.dart:250:29: Error: Type 'JSObject' not found.
    implements EventTarget, JSObject {
                            ^^^^^^^^
/C:/Users/berkgoknil/AppData/Local/Pub/Cache/hosted/pub.dev/web-1.1.1/lib/src/dom/service_workers.dart:262:12: Error: Type 'JSPromise' not found.
  external JSPromise<ServiceWorkerRegistration> register(
           ^^^^^^^^^
/C:/Users/berkgoknil/AppData/Local/Pub/Cache/hosted/pub.dev/web-1.1.1/lib/src/dom/service_workers.dart:263:5: Error: Type 'JSAny' not found.
    JSAny scriptURL, [
    ^^^^^
/C:/Users/berkgoknil/AppData/Local/Pub/Cache/hosted/pub.dev/web-1.1.1/lib/src/dom/service_workers.dart:272:12: Error: Type 'JSPromise' not found.
  external JSPromise<ServiceWorkerRegistration?> getRegistration(
           ^^^^^^^^^
/C:/Users/berkgoknil/AppData/Local/Pub/Cache/hosted/pub.dev/web-1.1.1/lib/src/dom/service_workers.dart:281:22: Error: Type 'JSArray' not found.
  external JSPromise<JSArray<ServiceWorkerRegistration>> getRegistrations();
                     ^^^^^^^
/C:/Users/berkgoknil/AppData/Local/Pub/Cache/hosted/pub.dev/web-1.1.1/lib/src/dom/service_workers.dart:281:12: Error: Type 'JSPromise' not found.
  external JSPromise<JSArray<ServiceWorkerRegistration>> getRegistrations();
           ^^^^^^^^^
/C:/Users/berkgoknil/AppData/Local/Pub/Cache/hosted/pub.dev/web-1.1.1/lib/src/dom/service_workers.dart:308:12: Error: Type 'JSPromise' not found.
  external JSPromise<ServiceWorkerRegistration> get ready;
           ^^^^^^^^^
/C:/Users/berkgoknil/AppData/Local/Pub/Cache/hosted/pub.dev/web-1.1.1/lib/src/dom/service_workers.dart:316:38: Error: Type 'JSObject' not found.
extension type RegistrationOptions._(JSObject _) implements JSObject {
                                     ^^^^^^^^
/C:/Users/berkgoknil/AppData/Local/Pub/Cache/hosted/pub.dev/web-1.1.1/lib/src/dom/service_workers.dart:316:61: Error: Type 'JSObject' not found.
extension type RegistrationOptions._(JSObject _) implements JSObject {
                                                            ^^^^^^^^
/C:/Users/berkgoknil/AppData/Local/Pub/Cache/hosted/pub.dev/web-1.1.1/lib/src/dom/service_workers.dart:345:43: Error: Type 'JSObject' not found.
extension type NavigationPreloadManager._(JSObject _) implements JSObject {
                                          ^^^^^^^^
/C:/Users/berkgoknil/AppData/Local/Pub/Cache/hosted/pub.dev/web-1.1.1/lib/src/dom/service_workers.dart:345:66: Error: Type 'JSObject' not found.
extension type NavigationPreloadManager._(JSObject _) implements JSObject {
                                                                 ^^^^^^^^
/C:/Users/berkgoknil/AppData/Local/Pub/Cache/hosted/pub.dev/web-1.1.1/lib/src/dom/service_workers.dart:353:22: Error: Type 'JSAny' not found.
  external JSPromise<JSAny?> enable();
                     ^^^^^
/C:/Users/berkgoknil/AppData/Local/Pub/Cache/hosted/pub.dev/web-1.1.1/lib/src/dom/service_workers.dart:353:12: Error: Type 'JSPromise' not found.
  external JSPromise<JSAny?> enable();
           ^^^^^^^^^
/C:/Users/berkgoknil/AppData/Local/Pub/Cache/hosted/pub.dev/web-1.1.1/lib/src/dom/service_workers.dart:362:22: Error: Type 'JSAny' not found.
  external JSPromise<JSAny?> disable();
                     ^^^^^
/C:/Users/berkgoknil/AppData/Local/Pub/Cache/hosted/pub.dev/web-1.1.1/lib/src/dom/service_workers.dart:362:12: Error: Type 'JSPromise' not found.
  external JSPromise<JSAny?> disable();
           ^^^^^^^^^
/C:/Users/berkgoknil/AppData/Local/Pub/Cache/hosted/pub.dev/web-1.1.1/lib/src/dom/service_workers.dart:379:22: Error: Type 'JSAny' not found.
  external JSPromise<JSAny?> setHeaderValue(String value);
                     ^^^^^
/C:/Users/berkgoknil/AppData/Local/Pub/Cache/hosted/pub.dev/web-1.1.1/lib/src/dom/service_workers.dart:379:12: Error: Type 'JSPromise' not found.
  external JSPromise<JSAny?> setHeaderValue(String value);
           ^^^^^^^^^
/C:/Users/berkgoknil/AppData/Local/Pub/Cache/hosted/pub.dev/web-1.1.1/lib/src/dom/service_workers.dart:385:12: Error: Type 'JSPromise' not found.
  external JSPromise<NavigationPreloadState> getState();
           ^^^^^^^^^
/C:/Users/berkgoknil/AppData/Local/Pub/Cache/hosted/pub.dev/web-1.1.1/lib/src/dom/service_workers.dart:387:41: Error: Type 'JSObject' not found.
extension type NavigationPreloadState._(JSObject _) implements JSObject {
                                        ^^^^^^^^
/C:/Users/berkgoknil/AppData/Local/Pub/Cache/hosted/pub.dev/web-1.1.1/lib/src/dom/service_workers.dart:387:64: Error: Type 'JSObject' not found.
extension type NavigationPreloadState._(JSObject _) implements JSObject {
                                                               ^^^^^^^^
/C:/Users/berkgoknil/AppData/Local/Pub/Cache/hosted/pub.dev/web-1.1.1/lib/src/dom/service_workers.dart:426:43: Error: Type 'JSObject' not found.
extension type ServiceWorkerGlobalScope._(JSObject _)
                                          ^^^^^^^^
/C:/Users/berkgoknil/AppData/Local/Pub/Cache/hosted/pub.dev/web-1.1.1/lib/src/dom/service_workers.dart:427:35: Error: Type 'JSObject' not found.
    implements WorkerGlobalScope, JSObject {
                                  ^^^^^^^^
/C:/Users/berkgoknil/AppData/Local/Pub/Cache/hosted/pub.dev/web-1.1.1/lib/src/dom/service_workers.dart:436:22: Error: Type 'JSAny' not found.
  external JSPromise<JSAny?> skipWaiting();
                     ^^^^^
/C:/Users/berkgoknil/AppData/Local/Pub/Cache/hosted/pub.dev/web-1.1.1/lib/src/dom/service_workers.dart:436:12: Error: Type 'JSPromise' not found.
  external JSPromise<JSAny?> skipWaiting();
           ^^^^^^^^^
/C:/Users/berkgoknil/AppData/Local/Pub/Cache/hosted/pub.dev/web-1.1.1/lib/src/dom/service_workers.dart:493:25: Error: Type 'JSObject' not found.
extension type Client._(JSObject _) implements JSObject {
                        ^^^^^^^^
/C:/Users/berkgoknil/AppData/Local/Pub/Cache/hosted/pub.dev/web-1.1.1/lib/src/dom/service_workers.dart:493:48: Error: Type 'JSObject' not found.
extension type Client._(JSObject _) implements JSObject {
                                               ^^^^^^^^
/C:/Users/berkgoknil/AppData/Local/Pub/Cache/hosted/pub.dev/web-1.1.1/lib/src/dom/service_workers.dart:502:5: Error: Type 'JSAny' not found.
    JSAny? message, [
    ^^^^^
/C:/Users/berkgoknil/AppData/Local/Pub/Cache/hosted/pub.dev/web-1.1.1/lib/src/dom/service_workers.dart:503:5: Error: Type 'JSObject' not found.
    JSObject optionsOrTransfer,
    ^^^^^^^^
/C:/Users/berkgoknil/AppData/Local/Pub/Cache/hosted/pub.dev/web-1.1.1/lib/src/dom/service_workers.dart:545:31: Error: Type 'JSObject' not found.
extension type WindowClient._(JSObject _) implements Client, JSObject {
                              ^^^^^^^^
/C:/Users/berkgoknil/AppData/Local/Pub/Cache/hosted/pub.dev/web-1.1.1/lib/src/dom/service_workers.dart:545:62: Error: Type 'JSObject' not found.
extension type WindowClient._(JSObject _) implements Client, JSObject {
                                                             ^^^^^^^^
/C:/Users/berkgoknil/AppData/Local/Pub/Cache/hosted/pub.dev/web-1.1.1/lib/src/dom/service_workers.dart:552:12: Error: Type 'JSPromise' not found.
  external JSPromise<WindowClient> focus();
           ^^^^^^^^^
/C:/Users/berkgoknil/AppData/Local/Pub/Cache/hosted/pub.dev/web-1.1.1/lib/src/dom/service_workers.dart:560:12: Error: Type 'JSPromise' not found.
  external JSPromise<WindowClient?> navigate(String url);
           ^^^^^^^^^
/C:/Users/berkgoknil/AppData/Local/Pub/Cache/hosted/pub.dev/web-1.1.1/lib/src/dom/service_workers.dart:588:26: Error: Type 'JSObject' not found.
extension type Clients._(JSObject _) implements JSObject {
                         ^^^^^^^^
/C:/Users/berkgoknil/AppData/Local/Pub/Cache/hosted/pub.dev/web-1.1.1/lib/src/dom/service_workers.dart:588:49: Error: Type 'JSObject' not found.
extension type Clients._(JSObject _) implements JSObject {
                                                ^^^^^^^^
/C:/Users/berkgoknil/AppData/Local/Pub/Cache/hosted/pub.dev/web-1.1.1/lib/src/dom/service_workers.dart:594:12: Error: Type 'JSPromise' not found.
  external JSPromise<Client?> get(String id);
           ^^^^^^^^^
/C:/Users/berkgoknil/AppData/Local/Pub/Cache/hosted/pub.dev/web-1.1.1/lib/src/dom/service_workers.dart:607:22: Error: Type 'JSArray' not found.
  external JSPromise<JSArray<Client>> matchAll([ClientQueryOptions options]);
                     ^^^^^^^
/C:/Users/berkgoknil/AppData/Local/Pub/Cache/hosted/pub.dev/web-1.1.1/lib/src/dom/service_workers.dart:607:12: Error: Type 'JSPromise' not found.
  external JSPromise<JSArray<Client>> matchAll([ClientQueryOptions options]);
           ^^^^^^^^^
/C:/Users/berkgoknil/AppData/Local/Pub/Cache/hosted/pub.dev/web-1.1.1/lib/src/dom/service_workers.dart:629:12: Error: Type 'JSPromise' not found.
  external JSPromise<WindowClient?> openWindow(String url);
           ^^^^^^^^^
/C:/Users/berkgoknil/AppData/Local/Pub/Cache/hosted/pub.dev/web-1.1.1/lib/src/dom/service_workers.dart:646:22: Error: Type 'JSAny' not found.
  external JSPromise<JSAny?> claim();
                     ^^^^^
/C:/Users/berkgoknil/AppData/Local/Pub/Cache/hosted/pub.dev/web-1.1.1/lib/src/dom/service_workers.dart:646:12: Error: Type 'JSPromise' not found.
  external JSPromise<JSAny?> claim();
           ^^^^^^^^^
/C:/Users/berkgoknil/AppData/Local/Pub/Cache/hosted/pub.dev/web-1.1.1/lib/src/dom/service_workers.dart:648:37: Error: Type 'JSObject' not found.
extension type ClientQueryOptions._(JSObject _) implements JSObject {
                                    ^^^^^^^^
/C:/Users/berkgoknil/AppData/Local/Pub/Cache/hosted/pub.dev/web-1.1.1/lib/src/dom/service_workers.dart:648:60: Error: Type 'JSObject' not found.
extension type ClientQueryOptions._(JSObject _) implements JSObject {
                                                           ^^^^^^^^
/C:/Users/berkgoknil/AppData/Local/Pub/Cache/hosted/pub.dev/web-1.1.1/lib/src/dom/service_workers.dart:687:34: Error: Type 'JSObject' not found.
extension type ExtendableEvent._(JSObject _) implements Event, JSObject {
                                 ^^^^^^^^
/C:/Users/berkgoknil/AppData/Local/Pub/Cache/hosted/pub.dev/web-1.1.1/lib/src/dom/service_workers.dart:687:64: Error: Type 'JSObject' not found.
extension type ExtendableEvent._(JSObject _) implements Event, JSObject {
                                                               ^^^^^^^^
/C:/Users/berkgoknil/AppData/Local/Pub/Cache/hosted/pub.dev/web-1.1.1/lib/src/dom/service_workers.dart:729:37: Error: Type 'JSAny' not found.
  external void waitUntil(JSPromise<JSAny?> f);
                                    ^^^^^
/C:/Users/berkgoknil/AppData/Local/Pub/Cache/hosted/pub.dev/web-1.1.1/lib/src/dom/service_workers.dart:729:27: Error: Type 'JSPromise' not found.
  external void waitUntil(JSPromise<JSAny?> f);
                          ^^^^^^^^^
/C:/Users/berkgoknil/AppData/Local/Pub/Cache/hosted/pub.dev/web-1.1.1/lib/src/dom/service_workers.dart:731:38: Error: Type 'JSObject' not found.
extension type ExtendableEventInit._(JSObject _)
                                     ^^^^^^^^
/C:/Users/berkgoknil/AppData/Local/Pub/Cache/hosted/pub.dev/web-1.1.1/lib/src/dom/service_workers.dart:732:27: Error: Type 'JSObject' not found.
    implements EventInit, JSObject {
                          ^^^^^^^^
/C:/Users/berkgoknil/AppData/Local/Pub/Cache/hosted/pub.dev/web-1.1.1/lib/src/dom/service_workers.dart:757:31: Error: Type 'JSObject' not found.
extension type InstallEvent._(JSObject _)
                              ^^^^^^^^
/C:/Users/berkgoknil/AppData/Local/Pub/Cache/hosted/pub.dev/web-1.1.1/lib/src/dom/service_workers.dart:758:33: Error: Type 'JSObject' not found.
    implements ExtendableEvent, JSObject {}
                                ^^^^^^^^
/C:/Users/berkgoknil/AppData/Local/Pub/Cache/hosted/pub.dev/web-1.1.1/lib/src/dom/service_workers.dart:772:29: Error: Type 'JSObject' not found.
extension type FetchEvent._(JSObject _) implements ExtendableEvent, JSObject {
                            ^^^^^^^^
/C:/Users/berkgoknil/AppData/Local/Pub/Cache/hosted/pub.dev/web-1.1.1/lib/src/dom/service_workers.dart:772:69: Error: Type 'JSObject' not found.
extension type FetchEvent._(JSObject _) implements ExtendableEvent, JSObject {
                                                                    ^^^^^^^^
/C:/Users/berkgoknil/AppData/Local/Pub/Cache/hosted/pub.dev/web-1.1.1/lib/src/dom/service_workers.dart:843:29: Error: Type 'JSPromise' not found.
  external void respondWith(JSPromise<Response> r);
                            ^^^^^^^^^
/C:/Users/berkgoknil/AppData/Local/Pub/Cache/hosted/pub.dev/web-1.1.1/lib/src/dom/service_workers.dart:872:22: Error: Type 'JSAny' not found.
  external JSPromise<JSAny?> get preloadResponse;
                     ^^^^^
/C:/Users/berkgoknil/AppData/Local/Pub/Cache/hosted/pub.dev/web-1.1.1/lib/src/dom/service_workers.dart:872:12: Error: Type 'JSPromise' not found.
  external JSPromise<JSAny?> get preloadResponse;
           ^^^^^^^^^
/C:/Users/berkgoknil/AppData/Local/Pub/Cache/hosted/pub.dev/web-1.1.1/lib/src/dom/service_workers.dart:927:22: Error: Type 'JSAny' not found.
  external JSPromise<JSAny?> get handled;
                     ^^^^^
/C:/Users/berkgoknil/AppData/Local/Pub/Cache/hosted/pub.dev/web-1.1.1/lib/src/dom/service_workers.dart:927:12: Error: Type 'JSPromise' not found.
  external JSPromise<JSAny?> get handled;
           ^^^^^^^^^
/C:/Users/berkgoknil/AppData/Local/Pub/Cache/hosted/pub.dev/web-1.1.1/lib/src/dom/service_workers.dart:929:33: Error: Type 'JSObject' not found.
extension type FetchEventInit._(JSObject _)
                                ^^^^^^^^
/C:/Users/berkgoknil/AppData/Local/Pub/Cache/hosted/pub.dev/web-1.1.1/lib/src/dom/service_workers.dart:930:37: Error: Type 'JSObject' not found.
    implements ExtendableEventInit, JSObject {
                                    ^^^^^^^^
/C:/Users/berkgoknil/AppData/Local/Pub/Cache/hosted/pub.dev/web-1.1.1/lib/src/dom/service_workers.dart:936:15: Error: Type 'JSAny' not found.
    JSPromise<JSAny?> preloadResponse,
              ^^^^^
/C:/Users/berkgoknil/AppData/Local/Pub/Cache/hosted/pub.dev/web-1.1.1/lib/src/dom/service_workers.dart:936:5: Error: Type 'JSPromise' not found.
    JSPromise<JSAny?> preloadResponse,
    ^^^^^^^^^
/C:/Users/berkgoknil/AppData/Local/Pub/Cache/hosted/pub.dev/web-1.1.1/lib/src/dom/service_workers.dart:940:15: Error: Type 'JSAny' not found.
    JSPromise<JSAny?> handled,
              ^^^^^
/C:/Users/berkgoknil/AppData/Local/Pub/Cache/hosted/pub.dev/web-1.1.1/lib/src/dom/service_workers.dart:940:5: Error: Type 'JSPromise' not found.
    JSPromise<JSAny?> handled,
    ^^^^^^^^^
/C:/Users/berkgoknil/AppData/Local/Pub/Cache/hosted/pub.dev/web-1.1.1/lib/src/dom/service_workers.dart:945:22: Error: Type 'JSAny' not found.
  external JSPromise<JSAny?> get preloadResponse;
                     ^^^^^
/C:/Users/berkgoknil/AppData/Local/Pub/Cache/hosted/pub.dev/web-1.1.1/lib/src/dom/service_workers.dart:945:12: Error: Type 'JSPromise' not found.
  external JSPromise<JSAny?> get preloadResponse;
           ^^^^^^^^^
/C:/Users/berkgoknil/AppData/Local/Pub/Cache/hosted/pub.dev/web-1.1.1/lib/src/dom/service_workers.dart:946:42: Error: Type 'JSAny' not found.
  external set preloadResponse(JSPromise<JSAny?> value);
                                         ^^^^^
/C:/Users/berkgoknil/AppData/Local/Pub/Cache/hosted/pub.dev/web-1.1.1/lib/src/dom/service_workers.dart:946:32: Error: Type 'JSPromise' not found.
  external set preloadResponse(JSPromise<JSAny?> value);
                               ^^^^^^^^^
/C:/Users/berkgoknil/AppData/Local/Pub/Cache/hosted/pub.dev/web-1.1.1/lib/src/dom/service_workers.dart:953:22: Error: Type 'JSAny' not found.
  external JSPromise<JSAny?> get handled;
                     ^^^^^
/C:/Users/berkgoknil/AppData/Local/Pub/Cache/hosted/pub.dev/web-1.1.1/lib/src/dom/service_workers.dart:953:12: Error: Type 'JSPromise' not found.
  external JSPromise<JSAny?> get handled;
           ^^^^^^^^^
/C:/Users/berkgoknil/AppData/Local/Pub/Cache/hosted/pub.dev/web-1.1.1/lib/src/dom/service_workers.dart:954:34: Error: Type 'JSAny' not found.
  external set handled(JSPromise<JSAny?> value);
                                 ^^^^^
/C:/Users/berkgoknil/AppData/Local/Pub/Cache/hosted/pub.dev/web-1.1.1/lib/src/dom/service_workers.dart:954:24: Error: Type 'JSPromise' not found.
  external set handled(JSPromise<JSAny?> value);
                       ^^^^^^^^^
/C:/Users/berkgoknil/AppData/Local/Pub/Cache/hosted/pub.dev/web-1.1.1/lib/src/dom/service_workers.dart:972:41: Error: Type 'JSObject' not found.
extension type ExtendableMessageEvent._(JSObject _)
                                        ^^^^^^^^
/C:/Users/berkgoknil/AppData/Local/Pub/Cache/hosted/pub.dev/web-1.1.1/lib/src/dom/service_workers.dart:973:33: Error: Type 'JSObject' not found.
    implements ExtendableEvent, JSObject {
                                ^^^^^^^^
/C:/Users/berkgoknil/AppData/Local/Pub/Cache/hosted/pub.dev/web-1.1.1/lib/src/dom/service_workers.dart:984:12: Error: Type 'JSAny' not found.
  external JSAny? get data;
           ^^^^^
/C:/Users/berkgoknil/AppData/Local/Pub/Cache/hosted/pub.dev/web-1.1.1/lib/src/dom/service_workers.dart:1006:12: Error: Type 'JSObject' not found.
  external JSObject? get source;
           ^^^^^^^^
/C:/Users/berkgoknil/AppData/Local/Pub/Cache/hosted/pub.dev/web-1.1.1/lib/src/dom/service_workers.dart:1014:12: Error: Type 'JSArray' not found.
  external JSArray<MessagePort> get ports;
           ^^^^^^^
/C:/Users/berkgoknil/AppData/Local/Pub/Cache/hosted/pub.dev/web-1.1.1/lib/src/dom/service_workers.dart:1016:45: Error: Type 'JSObject' not found.
extension type ExtendableMessageEventInit._(JSObject _)
                                            ^^^^^^^^
/C:/Users/berkgoknil/AppData/Local/Pub/Cache/hosted/pub.dev/web-1.1.1/lib/src/dom/service_workers.dart:1017:37: Error: Type 'JSObject' not found.
    implements ExtendableEventInit, JSObject {
                                    ^^^^^^^^
/C:/Users/berkgoknil/AppData/Local/Pub/Cache/hosted/pub.dev/web-1.1.1/lib/src/dom/service_workers.dart:1022:5: Error: Type 'JSAny' not found.
    JSAny? data,
    ^^^^^
/C:/Users/berkgoknil/AppData/Local/Pub/Cache/hosted/pub.dev/web-1.1.1/lib/src/dom/service_workers.dart:1025:5: Error: Type 'JSObject' not found.
    JSObject? source,
    ^^^^^^^^
/C:/Users/berkgoknil/AppData/Local/Pub/Cache/hosted/pub.dev/web-1.1.1/lib/src/dom/service_workers.dart:1026:5: Error: Type 'JSArray' not found.
    JSArray<MessagePort> ports,
    ^^^^^^^
/C:/Users/berkgoknil/AppData/Local/Pub/Cache/hosted/pub.dev/web-1.1.1/lib/src/dom/service_workers.dart:1029:12: Error: Type 'JSAny' not found.
  external JSAny? get data;
           ^^^^^
/C:/Users/berkgoknil/AppData/Local/Pub/Cache/hosted/pub.dev/web-1.1.1/lib/src/dom/service_workers.dart:1030:21: Error: Type 'JSAny' not found.
  external set data(JSAny? value);
                    ^^^^^
/C:/Users/berkgoknil/AppData/Local/Pub/Cache/hosted/pub.dev/web-1.1.1/lib/src/dom/service_workers.dart:1035:12: Error: Type 'JSObject' not found.
  external JSObject? get source;
           ^^^^^^^^
/C:/Users/berkgoknil/AppData/Local/Pub/Cache/hosted/pub.dev/web-1.1.1/lib/src/dom/service_workers.dart:1036:23: Error: Type 'JSObject' not found.
  external set source(JSObject? value);
                      ^^^^^^^^
/C:/Users/berkgoknil/AppData/Local/Pub/Cache/hosted/pub.dev/web-1.1.1/lib/src/dom/service_workers.dart:1037:12: Error: Type 'JSArray' not found.
  external JSArray<MessagePort> get ports;
           ^^^^^^^
/C:/Users/berkgoknil/AppData/Local/Pub/Cache/hosted/pub.dev/web-1.1.1/lib/src/dom/service_workers.dart:1038:22: Error: Type 'JSArray' not found.
  external set ports(JSArray<MessagePort> value);
                     ^^^^^^^
/C:/Users/berkgoknil/AppData/Local/Pub/Cache/hosted/pub.dev/web-1.1.1/lib/src/dom/service_workers.dart:1078:24: Error: Type 'JSObject' not found.
extension type Cache._(JSObject _) implements JSObject {
                       ^^^^^^^^
/C:/Users/berkgoknil/AppData/Local/Pub/Cache/hosted/pub.dev/web-1.1.1/lib/src/dom/service_workers.dart:1078:47: Error: Type 'JSObject' not found.
extension type Cache._(JSObject _) implements JSObject {
                                              ^^^^^^^^
/C:/Users/berkgoknil/AppData/Local/Pub/Cache/hosted/pub.dev/web-1.1.1/lib/src/dom/service_workers.dart:1083:12: Error: Type 'JSPromise' not found.
  external JSPromise<Response?> match(
           ^^^^^^^^^
/C:/Users/berkgoknil/AppData/Local/Pub/Cache/hosted/pub.dev/web-1.1.1/lib/src/dom/service_workers.dart:1091:22: Error: Type 'JSArray' not found.
  external JSPromise<JSArray<Response>> matchAll([
                     ^^^^^^^
/C:/Users/berkgoknil/AppData/Local/Pub/Cache/hosted/pub.dev/web-1.1.1/lib/src/dom/service_workers.dart:1091:12: Error: Type 'JSPromise' not found.
  external JSPromise<JSArray<Response>> matchAll([
           ^^^^^^^^^
/C:/Users/berkgoknil/AppData/Local/Pub/Cache/hosted/pub.dev/web-1.1.1/lib/src/dom/service_workers.dart:1114:22: Error: Type 'JSAny' not found.
  external JSPromise<JSAny?> add(RequestInfo request);
                     ^^^^^
/C:/Users/berkgoknil/AppData/Local/Pub/Cache/hosted/pub.dev/web-1.1.1/lib/src/dom/service_workers.dart:1114:12: Error: Type 'JSPromise' not found.
  external JSPromise<JSAny?> add(RequestInfo request);
           ^^^^^^^^^
/C:/Users/berkgoknil/AppData/Local/Pub/Cache/hosted/pub.dev/web-1.1.1/lib/src/dom/service_workers.dart:1126:22: Error: Type 'JSAny' not found.
  external JSPromise<JSAny?> addAll(JSArray<RequestInfo> requests);
                     ^^^^^
/C:/Users/berkgoknil/AppData/Local/Pub/Cache/hosted/pub.dev/web-1.1.1/lib/src/dom/service_workers.dart:1126:12: Error: Type 'JSPromise' not found.
  external JSPromise<JSAny?> addAll(JSArray<RequestInfo> requests);
           ^^^^^^^^^
/C:/Users/berkgoknil/AppData/Local/Pub/Cache/hosted/pub.dev/web-1.1.1/lib/src/dom/service_workers.dart:1126:37: Error: Type 'JSArray' not found.
  external JSPromise<JSAny?> addAll(JSArray<RequestInfo> requests);
                                    ^^^^^^^
/C:/Users/berkgoknil/AppData/Local/Pub/Cache/hosted/pub.dev/web-1.1.1/lib/src/dom/service_workers.dart:1157:22: Error: Type 'JSAny' not found.
  external JSPromise<JSAny?> put(
                     ^^^^^
/C:/Users/berkgoknil/AppData/Local/Pub/Cache/hosted/pub.dev/web-1.1.1/lib/src/dom/service_workers.dart:1157:12: Error: Type 'JSPromise' not found.
  external JSPromise<JSAny?> put(
           ^^^^^^^^^
/C:/Users/berkgoknil/AppData/Local/Pub/Cache/hosted/pub.dev/web-1.1.1/lib/src/dom/service_workers.dart:1166:22: Error: Type 'JSBoolean' not found.
  external JSPromise<JSBoolean> delete(
                     ^^^^^^^^^
/C:/Users/berkgoknil/AppData/Local/Pub/Cache/hosted/pub.dev/web-1.1.1/lib/src/dom/service_workers.dart:1166:12: Error: Type 'JSPromise' not found.
  external JSPromise<JSBoolean> delete(
           ^^^^^^^^^
/C:/Users/berkgoknil/AppData/Local/Pub/Cache/hosted/pub.dev/web-1.1.1/lib/src/dom/service_workers.dart:1179:22: Error: Type 'JSArray' not found.
  external JSPromise<JSArray<Request>> keys([
                     ^^^^^^^
/C:/Users/berkgoknil/AppData/Local/Pub/Cache/hosted/pub.dev/web-1.1.1/lib/src/dom/service_workers.dart:1179:12: Error: Type 'JSPromise' not found.
  external JSPromise<JSArray<Request>> keys([
           ^^^^^^^^^
/C:/Users/berkgoknil/AppData/Local/Pub/Cache/hosted/pub.dev/web-1.1.1/lib/src/dom/service_workers.dart:1184:36: Error: Type 'JSObject' not found.
extension type CacheQueryOptions._(JSObject _) implements JSObject {
                                   ^^^^^^^^
/C:/Users/berkgoknil/AppData/Local/Pub/Cache/hosted/pub.dev/web-1.1.1/lib/src/dom/service_workers.dart:1184:59: Error: Type 'JSObject' not found.
extension type CacheQueryOptions._(JSObject _) implements JSObject {
                                                          ^^^^^^^^
/C:/Users/berkgoknil/AppData/Local/Pub/Cache/hosted/pub.dev/web-1.1.1/lib/src/dom/service_workers.dart:1233:31: Error: Type 'JSObject' not found.
extension type CacheStorage._(JSObject _) implements JSObject {
                              ^^^^^^^^
/C:/Users/berkgoknil/AppData/Local/Pub/Cache/hosted/pub.dev/web-1.1.1/lib/src/dom/service_workers.dart:1233:54: Error: Type 'JSObject' not found.
extension type CacheStorage._(JSObject _) implements JSObject {
                                                     ^^^^^^^^
/C:/Users/berkgoknil/AppData/Local/Pub/Cache/hosted/pub.dev/web-1.1.1/lib/src/dom/service_workers.dart:1247:12: Error: Type 'JSPromise' not found.
  external JSPromise<Response?> match(
           ^^^^^^^^^
/C:/Users/berkgoknil/AppData/Local/Pub/Cache/hosted/pub.dev/web-1.1.1/lib/src/dom/service_workers.dart:1258:22: Error: Type 'JSBoolean' not found.
  external JSPromise<JSBoolean> has(String cacheName);
                     ^^^^^^^^^
/C:/Users/berkgoknil/AppData/Local/Pub/Cache/hosted/pub.dev/web-1.1.1/lib/src/dom/service_workers.dart:1258:12: Error: Type 'JSPromise' not found.
  external JSPromise<JSBoolean> has(String cacheName);
           ^^^^^^^^^
/C:/Users/berkgoknil/AppData/Local/Pub/Cache/hosted/pub.dev/web-1.1.1/lib/src/dom/service_workers.dart:1270:12: Error: Type 'JSPromise' not found.
  external JSPromise<Cache> open(String cacheName);
           ^^^^^^^^^
/C:/Users/berkgoknil/AppData/Local/Pub/Cache/hosted/pub.dev/web-1.1.1/lib/src/dom/service_workers.dart:1279:22: Error: Type 'JSBoolean' not found.
  external JSPromise<JSBoolean> delete(String cacheName);
                     ^^^^^^^^^
/C:/Users/berkgoknil/AppData/Local/Pub/Cache/hosted/pub.dev/web-1.1.1/lib/src/dom/service_workers.dart:1279:12: Error: Type 'JSPromise' not found.
  external JSPromise<JSBoolean> delete(String cacheName);
           ^^^^^^^^^
/C:/Users/berkgoknil/AppData/Local/Pub/Cache/hosted/pub.dev/web-1.1.1/lib/src/dom/service_workers.dart:1289:30: Error: Type 'JSString' not found.
  external JSPromise<JSArray<JSString>> keys();
                             ^^^^^^^^
/C:/Users/berkgoknil/AppData/Local/Pub/Cache/hosted/pub.dev/web-1.1.1/lib/src/dom/service_workers.dart:1289:22: Error: Type 'JSArray' not found.
  external JSPromise<JSArray<JSString>> keys();
                     ^^^^^^^
/C:/Users/berkgoknil/AppData/Local/Pub/Cache/hosted/pub.dev/web-1.1.1/lib/src/dom/service_workers.dart:1289:12: Error: Type 'JSPromise' not found.
  external JSPromise<JSArray<JSString>> keys();
           ^^^^^^^^^
/C:/Users/berkgoknil/AppData/Local/Pub/Cache/hosted/pub.dev/web-1.1.1/lib/src/dom/service_workers.dart:1291:41: Error: Type 'JSObject' not found.
extension type MultiCacheQueryOptions._(JSObject _)
                                        ^^^^^^^^
/C:/Users/berkgoknil/AppData/Local/Pub/Cache/hosted/pub.dev/web-1.1.1/lib/src/dom/service_workers.dart:1292:35: Error: Type 'JSObject' not found.
    implements CacheQueryOptions, JSObject {
                                  ^^^^^^^^
/C:/Users/berkgoknil/AppData/Local/Pub/Cache/hosted/pub.dev/web-1.1.1/lib/src/dom/service_workers.dart:69:68: Error: The type 'JSObject' can't be implemented by an extension type.
extension type ServiceWorker._(JSObject _) implements EventTarget, JSObject {
                                                                   ^
/C:/Users/berkgoknil/AppData/Local/Pub/Cache/hosted/pub.dev/web-1.1.1/lib/src/dom/service_workers.dart:118:29: Error: The type 'JSObject' can't be implemented by an extension type.
    implements EventTarget, JSObject {
                            ^
/C:/Users/berkgoknil/AppData/Local/Pub/Cache/hosted/pub.dev/web-1.1.1/lib/src/dom/service_workers.dart:250:29: Error: The type 'JSObject' can't be implemented by an extension type.
    implements EventTarget, JSObject {
                            ^
/C:/Users/berkgoknil/AppData/Local/Pub/Cache/hosted/pub.dev/web-1.1.1/lib/src/dom/service_workers.dart:316:61: Error: The type 'JSObject' can't be implemented by an extension type.
extension type RegistrationOptions._(JSObject _) implements JSObject {
                                                            ^
/C:/Users/berkgoknil/AppData/Local/Pub/Cache/hosted/pub.dev/web-1.1.1/lib/src/dom/service_workers.dart:345:66: Error: The type 'JSObject' can't be implemented by an extension type.
extension type NavigationPreloadManager._(JSObject _) implements JSObject {
                                                                 ^
/C:/Users/berkgoknil/AppData/Local/Pub/Cache/hosted/pub.dev/web-1.1.1/lib/src/dom/service_workers.dart:387:64: Error: The type 'JSObject' can't be implemented by an extension type.
extension type NavigationPreloadState._(JSObject _) implements JSObject {
                                                               ^
/C:/Users/berkgoknil/AppData/Local/Pub/Cache/hosted/pub.dev/web-1.1.1/lib/src/dom/service_workers.dart:427:35: Error: The type 'JSObject' can't be implemented by an extension type.
    implements WorkerGlobalScope, JSObject {
                                  ^
/C:/Users/berkgoknil/AppData/Local/Pub/Cache/hosted/pub.dev/web-1.1.1/lib/src/dom/service_workers.dart:493:48: Error: The type 'JSObject' can't be implemented by an extension type.
extension type Client._(JSObject _) implements JSObject {
                                               ^
/C:/Users/berkgoknil/AppData/Local/Pub/Cache/hosted/pub.dev/web-1.1.1/lib/src/dom/service_workers.dart:545:62: Error: The type 'JSObject' can't be implemented by an extension type.
extension type WindowClient._(JSObject _) implements Client, JSObject {
                                                             ^
/C:/Users/berkgoknil/AppData/Local/Pub/Cache/hosted/pub.dev/web-1.1.1/lib/src/dom/service_workers.dart:588:49: Error: The type 'JSObject' can't be implemented by an extension type.
extension type Clients._(JSObject _) implements JSObject {
                                                ^
/C:/Users/berkgoknil/AppData/Local/Pub/Cache/hosted/pub.dev/web-1.1.1/lib/src/dom/service_workers.dart:648:60: Error: The type 'JSObject' can't be implemented by an extension type.
extension type ClientQueryOptions._(JSObject _) implements JSObject {
                                                           ^
/C:/Users/berkgoknil/AppData/Local/Pub/Cache/hosted/pub.dev/web-1.1.1/lib/src/dom/service_workers.dart:687:64: Error: The type 'JSObject' can't be implemented by an extension type.
extension type ExtendableEvent._(JSObject _) implements Event, JSObject {
                                                               ^
/C:/Users/berkgoknil/AppData/Local/Pub/Cache/hosted/pub.dev/web-1.1.1/lib/src/dom/service_workers.dart:732:27: Error: The type 'JSObject' can't be implemented by an extension type.
    implements EventInit, JSObject {
                          ^
/C:/Users/berkgoknil/AppData/Local/Pub/Cache/hosted/pub.dev/web-1.1.1/lib/src/dom/service_workers.dart:758:33: Error: The type 'JSObject' can't be implemented by an extension type.
    implements ExtendableEvent, JSObject {}
                                ^
/C:/Users/berkgoknil/AppData/Local/Pub/Cache/hosted/pub.dev/web-1.1.1/lib/src/dom/service_workers.dart:772:69: Error: The type 'JSObject' can't be implemented by an extension type.
extension type FetchEvent._(JSObject _) implements ExtendableEvent, JSObject {
                                                                    ^
/C:/Users/berkgoknil/AppData/Local/Pub/Cache/hosted/pub.dev/web-1.1.1/lib/src/dom/service_workers.dart:930:37: Error: The type 'JSObject' can't be implemented by an extension type.
    implements ExtendableEventInit, JSObject {
                                    ^
/C:/Users/berkgoknil/AppData/Local/Pub/Cache/hosted/pub.dev/web-1.1.1/lib/src/dom/service_workers.dart:973:33: Error: The type 'JSObject' can't be implemented by an extension type.
    implements ExtendableEvent, JSObject {
                                ^
/C:/Users/berkgoknil/AppData/Local/Pub/Cache/hosted/pub.dev/web-1.1.1/lib/src/dom/service_workers.dart:1017:37: Error: The type 'JSObject' can't be implemented by an extension type.
    implements ExtendableEventInit, JSObject {
                                    ^
/C:/Users/berkgoknil/AppData/Local/Pub/Cache/hosted/pub.dev/web-1.1.1/lib/src/dom/service_workers.dart:1078:47: Error: The type 'JSObject' can't be implemented by an extension type.
extension type Cache._(JSObject _) implements JSObject {
                                              ^
/C:/Users/berkgoknil/AppData/Local/Pub/Cache/hosted/pub.dev/web-1.1.1/lib/src/dom/service_workers.dart:1184:59: Error: The type 'JSObject' can't be implemented by an extension type.
extension type CacheQueryOptions._(JSObject _) implements JSObject {
                                                          ^
/C:/Users/berkgoknil/AppData/Local/Pub/Cache/hosted/pub.dev/web-1.1.1/lib/src/dom/service_workers.dart:1233:54: Error: The type 'JSObject' can't be implemented by an extension type.
extension type CacheStorage._(JSObject _) implements JSObject {
                                                     ^
/C:/Users/berkgoknil/AppData/Local/Pub/Cache/hosted/pub.dev/web-1.1.1/lib/src/dom/service_workers.dart:1292:35: Error: The type 'JSObject' can't be implemented by an extension type.
    implements CacheQueryOptions, JSObject {
                                  ^
/C:/Users/berkgoknil/AppData/Local/Pub/Cache/hosted/pub.dev/web-1.1.1/lib/src/dom/service_workers.dart:13:2: Error: Couldn't find constructor 'JS'.
@JS()
 ^^
/C:/Users/berkgoknil/AppData/Local/Pub/Cache/hosted/pub.dev/web-1.1.1/lib/src/dom/service_workers.dart:69:32: Error: 'JSObject' isn't a type.
extension type ServiceWorker._(JSObject _) implements EventTarget, JSObject {
                               ^^^^^^^^
/C:/Users/berkgoknil/AppData/Local/Pub/Cache/hosted/pub.dev/web-1.1.1/lib/src/dom/service_workers.dart:80:5: Error: 'JSAny' isn't a type.
    JSAny? message, [
    ^^^^^
/C:/Users/berkgoknil/AppData/Local/Pub/Cache/hosted/pub.dev/web-1.1.1/lib/src/dom/service_workers.dart:81:5: Error: 'JSObject' isn't a type.
    JSObject optionsOrTransfer,
    ^^^^^^^^
/C:/Users/berkgoknil/AppData/Local/Pub/Cache/hosted/pub.dev/web-1.1.1/lib/src/dom/service_workers.dart:117:44: Error: 'JSObject' isn't a type.
extension type ServiceWorkerRegistration._(JSObject _)
                                           ^^^^^^^^
/C:/Users/berkgoknil/AppData/Local/Pub/Cache/hosted/pub.dev/web-1.1.1/lib/src/dom/service_workers.dart:249:41: Error: 'JSObject' isn't a type.
extension type ServiceWorkerContainer._(JSObject _)
                                        ^^^^^^^^
/C:/Users/berkgoknil/AppData/Local/Pub/Cache/hosted/pub.dev/web-1.1.1/lib/src/dom/service_workers.dart:263:5: Error: 'JSAny' isn't a type.
    JSAny scriptURL, [
    ^^^^^
/C:/Users/berkgoknil/AppData/Local/Pub/Cache/hosted/pub.dev/web-1.1.1/lib/src/dom/service_workers.dart:316:38: Error: 'JSObject' isn't a type.
extension type RegistrationOptions._(JSObject _) implements JSObject {
                                     ^^^^^^^^
/C:/Users/berkgoknil/AppData/Local/Pub/Cache/hosted/pub.dev/web-1.1.1/lib/src/dom/service_workers.dart:345:43: Error: 'JSObject' isn't a type.
extension type NavigationPreloadManager._(JSObject _) implements JSObject {
                                          ^^^^^^^^
/C:/Users/berkgoknil/AppData/Local/Pub/Cache/hosted/pub.dev/web-1.1.1/lib/src/dom/service_workers.dart:387:41: Error: 'JSObject' isn't a type.
extension type NavigationPreloadState._(JSObject _) implements JSObject {
                                        ^^^^^^^^
/C:/Users/berkgoknil/AppData/Local/Pub/Cache/hosted/pub.dev/web-1.1.1/lib/src/dom/service_workers.dart:426:43: Error: 'JSObject' isn't a type.
extension type ServiceWorkerGlobalScope._(JSObject _)
                                          ^^^^^^^^
/C:/Users/berkgoknil/AppData/Local/Pub/Cache/hosted/pub.dev/web-1.1.1/lib/src/dom/service_workers.dart:493:25: Error: 'JSObject' isn't a type.
extension type Client._(JSObject _) implements JSObject {
                        ^^^^^^^^
/C:/Users/berkgoknil/AppData/Local/Pub/Cache/hosted/pub.dev/web-1.1.1/lib/src/dom/service_workers.dart:502:5: Error: 'JSAny' isn't a type.
    JSAny? message, [
    ^^^^^
/C:/Users/berkgoknil/AppData/Local/Pub/Cache/hosted/pub.dev/web-1.1.1/lib/src/dom/service_workers.dart:503:5: Error: 'JSObject' isn't a type.
    JSObject optionsOrTransfer,
    ^^^^^^^^
/C:/Users/berkgoknil/AppData/Local/Pub/Cache/hosted/pub.dev/web-1.1.1/lib/src/dom/service_workers.dart:545:31: Error: 'JSObject' isn't a type.
extension type WindowClient._(JSObject _) implements Client, JSObject {
                              ^^^^^^^^
/C:/Users/berkgoknil/AppData/Local/Pub/Cache/hosted/pub.dev/web-1.1.1/lib/src/dom/service_workers.dart:588:26: Error: 'JSObject' isn't a type.
extension type Clients._(JSObject _) implements JSObject {
                         ^^^^^^^^
/C:/Users/berkgoknil/AppData/Local/Pub/Cache/hosted/pub.dev/web-1.1.1/lib/src/dom/service_workers.dart:648:37: Error: 'JSObject' isn't a type.
extension type ClientQueryOptions._(JSObject _) implements JSObject {
                                    ^^^^^^^^
/C:/Users/berkgoknil/AppData/Local/Pub/Cache/hosted/pub.dev/web-1.1.1/lib/src/dom/service_workers.dart:687:34: Error: 'JSObject' isn't a type.
extension type ExtendableEvent._(JSObject _) implements Event, JSObject {
                                 ^^^^^^^^
/C:/Users/berkgoknil/AppData/Local/Pub/Cache/hosted/pub.dev/web-1.1.1/lib/src/dom/service_workers.dart:729:37: Error: 'JSAny' isn't a type.
  external void waitUntil(JSPromise<JSAny?> f);
                                    ^^^^^
/C:/Users/berkgoknil/AppData/Local/Pub/Cache/hosted/pub.dev/web-1.1.1/lib/src/dom/service_workers.dart:729:27: Error: 'JSPromise' isn't a type.
  external void waitUntil(JSPromise<JSAny?> f);
                          ^^^^^^^^^
/C:/Users/berkgoknil/AppData/Local/Pub/Cache/hosted/pub.dev/web-1.1.1/lib/src/dom/service_workers.dart:731:38: Error: 'JSObject' isn't a type.
extension type ExtendableEventInit._(JSObject _)
                                     ^^^^^^^^
/C:/Users/berkgoknil/AppData/Local/Pub/Cache/hosted/pub.dev/web-1.1.1/lib/src/dom/service_workers.dart:757:31: Error: 'JSObject' isn't a type.
extension type InstallEvent._(JSObject _)
                              ^^^^^^^^
/C:/Users/berkgoknil/AppData/Local/Pub/Cache/hosted/pub.dev/web-1.1.1/lib/src/dom/service_workers.dart:772:29: Error: 'JSObject' isn't a type.
extension type FetchEvent._(JSObject _) implements ExtendableEvent, JSObject {
                            ^^^^^^^^
/C:/Users/berkgoknil/AppData/Local/Pub/Cache/hosted/pub.dev/web-1.1.1/lib/src/dom/service_workers.dart:843:29: Error: 'JSPromise' isn't a type.
  external void respondWith(JSPromise<Response> r);
                            ^^^^^^^^^
/C:/Users/berkgoknil/AppData/Local/Pub/Cache/hosted/pub.dev/web-1.1.1/lib/src/dom/service_workers.dart:929:33: Error: 'JSObject' isn't a type.
extension type FetchEventInit._(JSObject _)
                                ^^^^^^^^
/C:/Users/berkgoknil/AppData/Local/Pub/Cache/hosted/pub.dev/web-1.1.1/lib/src/dom/service_workers.dart:936:15: Error: 'JSAny' isn't a type.
    JSPromise<JSAny?> preloadResponse,
              ^^^^^
/C:/Users/berkgoknil/AppData/Local/Pub/Cache/hosted/pub.dev/web-1.1.1/lib/src/dom/service_workers.dart:936:5: Error: 'JSPromise' isn't a type.
    JSPromise<JSAny?> preloadResponse,
    ^^^^^^^^^
/C:/Users/berkgoknil/AppData/Local/Pub/Cache/hosted/pub.dev/web-1.1.1/lib/src/dom/service_workers.dart:940:15: Error: 'JSAny' isn't a type.
    JSPromise<JSAny?> handled,
              ^^^^^
/C:/Users/berkgoknil/AppData/Local/Pub/Cache/hosted/pub.dev/web-1.1.1/lib/src/dom/service_workers.dart:940:5: Error: 'JSPromise' isn't a type.
    JSPromise<JSAny?> handled,
    ^^^^^^^^^
/C:/Users/berkgoknil/AppData/Local/Pub/Cache/hosted/pub.dev/web-1.1.1/lib/src/dom/service_workers.dart:946:42: Error: 'JSAny' isn't a type.
  external set preloadResponse(JSPromise<JSAny?> value);
                                         ^^^^^
/C:/Users/berkgoknil/AppData/Local/Pub/Cache/hosted/pub.dev/web-1.1.1/lib/src/dom/service_workers.dart:946:32: Error: 'JSPromise' isn't a type.
  external set preloadResponse(JSPromise<JSAny?> value);
                               ^^^^^^^^^
/C:/Users/berkgoknil/AppData/Local/Pub/Cache/hosted/pub.dev/web-1.1.1/lib/src/dom/service_workers.dart:954:34: Error: 'JSAny' isn't a type.
  external set handled(JSPromise<JSAny?> value);
                                 ^^^^^
/C:/Users/berkgoknil/AppData/Local/Pub/Cache/hosted/pub.dev/web-1.1.1/lib/src/dom/service_workers.dart:954:24: Error: 'JSPromise' isn't a type.
  external set handled(JSPromise<JSAny?> value);
                       ^^^^^^^^^
/C:/Users/berkgoknil/AppData/Local/Pub/Cache/hosted/pub.dev/web-1.1.1/lib/src/dom/service_workers.dart:972:41: Error: 'JSObject' isn't a type.
extension type ExtendableMessageEvent._(JSObject _)
                                        ^^^^^^^^
/C:/Users/berkgoknil/AppData/Local/Pub/Cache/hosted/pub.dev/web-1.1.1/lib/src/dom/service_workers.dart:1016:45: Error: 'JSObject' isn't a type.
extension type ExtendableMessageEventInit._(JSObject _)
                                            ^^^^^^^^
/C:/Users/berkgoknil/AppData/Local/Pub/Cache/hosted/pub.dev/web-1.1.1/lib/src/dom/service_workers.dart:1022:5: Error: 'JSAny' isn't a type.
    JSAny? data,
    ^^^^^
/C:/Users/berkgoknil/AppData/Local/Pub/Cache/hosted/pub.dev/web-1.1.1/lib/src/dom/service_workers.dart:1025:5: Error: 'JSObject' isn't a type.
    JSObject? source,
    ^^^^^^^^
/C:/Users/berkgoknil/AppData/Local/Pub/Cache/hosted/pub.dev/web-1.1.1/lib/src/dom/service_workers.dart:1026:5: Error: 'JSArray' isn't a type.
    JSArray<MessagePort> ports,
    ^^^^^^^
/C:/Users/berkgoknil/AppData/Local/Pub/Cache/hosted/pub.dev/web-1.1.1/lib/src/dom/service_workers.dart:1030:21: Error: 'JSAny' isn't a type.
  external set data(JSAny? value);
                    ^^^^^
/C:/Users/berkgoknil/AppData/Local/Pub/Cache/hosted/pub.dev/web-1.1.1/lib/src/dom/service_workers.dart:1036:23: Error: 'JSObject' isn't a type.
  external set source(JSObject? value);
                      ^^^^^^^^
/C:/Users/berkgoknil/AppData/Local/Pub/Cache/hosted/pub.dev/web-1.1.1/lib/src/dom/service_workers.dart:1038:22: Error: 'JSArray' isn't a type.
  external set ports(JSArray<MessagePort> value);
                     ^^^^^^^
/C:/Users/berkgoknil/AppData/Local/Pub/Cache/hosted/pub.dev/web-1.1.1/lib/src/dom/service_workers.dart:1078:24: Error: 'JSObject' isn't a type.
extension type Cache._(JSObject _) implements JSObject {
                       ^^^^^^^^
/C:/Users/berkgoknil/AppData/Local/Pub/Cache/hosted/pub.dev/web-1.1.1/lib/src/dom/service_workers.dart:1126:37: Error: 'JSArray' isn't a type.
  external JSPromise<JSAny?> addAll(JSArray<RequestInfo> requests);
                                    ^^^^^^^
/C:/Users/berkgoknil/AppData/Local/Pub/Cache/hosted/pub.dev/web-1.1.1/lib/src/dom/service_workers.dart:1184:36: Error: 'JSObject' isn't a type.
extension type CacheQueryOptions._(JSObject _) implements JSObject {
                                   ^^^^^^^^
/C:/Users/berkgoknil/AppData/Local/Pub/Cache/hosted/pub.dev/web-1.1.1/lib/src/dom/service_workers.dart:1233:31: Error: 'JSObject' isn't a type.
extension type CacheStorage._(JSObject _) implements JSObject {
                              ^^^^^^^^
/C:/Users/berkgoknil/AppData/Local/Pub/Cache/hosted/pub.dev/web-1.1.1/lib/src/dom/service_workers.dart:1291:41: Error: 'JSObject' isn't a type.
extension type MultiCacheQueryOptions._(JSObject _)
                                        ^^^^^^^^
/C:/Users/berkgoknil/AppData/Local/Pub/Cache/hosted/pub.dev/web-1.1.1/lib/src/dom/push_api.dart:16:8: Error: Dart library 'dart:js_interop' is not available on this platform.
import 'dart:js_interop';
       ^
/C:/Users/berkgoknil/AppData/Local/Pub/Cache/hosted/pub.dev/web-1.1.1/lib/src/dom/push_api.dart:22:31: Error: Type 'JSAny' not found.
typedef PushMessageDataInit = JSAny;
                              ^^^^^
/C:/Users/berkgoknil/AppData/Local/Pub/Cache/hosted/pub.dev/web-1.1.1/lib/src/dom/push_api.dart:37:30: Error: Type 'JSObject' not found.
extension type PushManager._(JSObject _) implements JSObject {
                             ^^^^^^^^
/C:/Users/berkgoknil/AppData/Local/Pub/Cache/hosted/pub.dev/web-1.1.1/lib/src/dom/push_api.dart:37:53: Error: Type 'JSObject' not found.
extension type PushManager._(JSObject _) implements JSObject {
                                                    ^^^^^^^^
/C:/Users/berkgoknil/AppData/Local/Pub/Cache/hosted/pub.dev/web-1.1.1/lib/src/dom/push_api.dart:41:27: Error: Type 'JSString' not found.
  external static JSArray<JSString> get supportedContentEncodings;
                          ^^^^^^^^
/C:/Users/berkgoknil/AppData/Local/Pub/Cache/hosted/pub.dev/web-1.1.1/lib/src/dom/push_api.dart:41:19: Error: Type 'JSArray' not found.
  external static JSArray<JSString> get supportedContentEncodings;
                  ^^^^^^^
/C:/Users/berkgoknil/AppData/Local/Pub/Cache/hosted/pub.dev/web-1.1.1/lib/src/dom/push_api.dart:50:12: Error: Type 'JSPromise' not found.
  external JSPromise<PushSubscription> subscribe(
           ^^^^^^^^^
/C:/Users/berkgoknil/AppData/Local/Pub/Cache/hosted/pub.dev/web-1.1.1/lib/src/dom/push_api.dart:59:12: Error: Type 'JSPromise' not found.
  external JSPromise<PushSubscription?> getSubscription();
           ^^^^^^^^^
/C:/Users/berkgoknil/AppData/Local/Pub/Cache/hosted/pub.dev/web-1.1.1/lib/src/dom/push_api.dart:71:22: Error: Type 'JSString' not found.
  external JSPromise<JSString> permissionState(
                     ^^^^^^^^
/C:/Users/berkgoknil/AppData/Local/Pub/Cache/hosted/pub.dev/web-1.1.1/lib/src/dom/push_api.dart:71:12: Error: Type 'JSPromise' not found.
  external JSPromise<JSString> permissionState(
           ^^^^^^^^^
/C:/Users/berkgoknil/AppData/Local/Pub/Cache/hosted/pub.dev/web-1.1.1/lib/src/dom/push_api.dart:86:42: Error: Type 'JSObject' not found.
extension type PushSubscriptionOptions._(JSObject _) implements JSObject {
                                         ^^^^^^^^
/C:/Users/berkgoknil/AppData/Local/Pub/Cache/hosted/pub.dev/web-1.1.1/lib/src/dom/push_api.dart:86:65: Error: Type 'JSObject' not found.
extension type PushSubscriptionOptions._(JSObject _) implements JSObject {
                                                                ^^^^^^^^
/C:/Users/berkgoknil/AppData/Local/Pub/Cache/hosted/pub.dev/web-1.1.1/lib/src/dom/push_api.dart:96:12: Error: Type 'JSArrayBuffer' not found.
  external JSArrayBuffer? get applicationServerKey;
           ^^^^^^^^^^^^^
/C:/Users/berkgoknil/AppData/Local/Pub/Cache/hosted/pub.dev/web-1.1.1/lib/src/dom/push_api.dart:98:46: Error: Type 'JSObject' not found.
extension type PushSubscriptionOptionsInit._(JSObject _) implements JSObject {
                                             ^^^^^^^^
/C:/Users/berkgoknil/AppData/Local/Pub/Cache/hosted/pub.dev/web-1.1.1/lib/src/dom/push_api.dart:98:69: Error: Type 'JSObject' not found.
extension type PushSubscriptionOptionsInit._(JSObject _) implements JSObject {
                                                                    ^^^^^^^^
/C:/Users/berkgoknil/AppData/Local/Pub/Cache/hosted/pub.dev/web-1.1.1/lib/src/dom/push_api.dart:101:5: Error: Type 'JSAny' not found.
    JSAny? applicationServerKey,
    ^^^^^
/C:/Users/berkgoknil/AppData/Local/Pub/Cache/hosted/pub.dev/web-1.1.1/lib/src/dom/push_api.dart:106:12: Error: Type 'JSAny' not found.
  external JSAny? get applicationServerKey;
           ^^^^^
/C:/Users/berkgoknil/AppData/Local/Pub/Cache/hosted/pub.dev/web-1.1.1/lib/src/dom/push_api.dart:107:37: Error: Type 'JSAny' not found.
  external set applicationServerKey(JSAny? value);
                                    ^^^^^
/C:/Users/berkgoknil/AppData/Local/Pub/Cache/hosted/pub.dev/web-1.1.1/lib/src/dom/push_api.dart:121:35: Error: Type 'JSObject' not found.
extension type PushSubscription._(JSObject _) implements JSObject {
                                  ^^^^^^^^
/C:/Users/berkgoknil/AppData/Local/Pub/Cache/hosted/pub.dev/web-1.1.1/lib/src/dom/push_api.dart:121:58: Error: Type 'JSObject' not found.
extension type PushSubscription._(JSObject _) implements JSObject {
                                                         ^^^^^^^^
/C:/Users/berkgoknil/AppData/Local/Pub/Cache/hosted/pub.dev/web-1.1.1/lib/src/dom/push_api.dart:125:12: Error: Type 'JSArrayBuffer' not found.
  external JSArrayBuffer? getKey(PushEncryptionKeyName name);
           ^^^^^^^^^^^^^
/C:/Users/berkgoknil/AppData/Local/Pub/Cache/hosted/pub.dev/web-1.1.1/lib/src/dom/push_api.dart:130:22: Error: Type 'JSBoolean' not found.
  external JSPromise<JSBoolean> unsubscribe();
                     ^^^^^^^^^
/C:/Users/berkgoknil/AppData/Local/Pub/Cache/hosted/pub.dev/web-1.1.1/lib/src/dom/push_api.dart:130:12: Error: Type 'JSPromise' not found.
  external JSPromise<JSBoolean> unsubscribe();
           ^^^^^^^^^
/C:/Users/berkgoknil/AppData/Local/Pub/Cache/hosted/pub.dev/web-1.1.1/lib/src/dom/push_api.dart:163:39: Error: Type 'JSObject' not found.
extension type PushSubscriptionJSON._(JSObject _) implements JSObject {
                                      ^^^^^^^^
/C:/Users/berkgoknil/AppData/Local/Pub/Cache/hosted/pub.dev/web-1.1.1/lib/src/dom/push_api.dart:163:62: Error: Type 'JSObject' not found.
extension type PushSubscriptionJSON._(JSObject _) implements JSObject {
                                                             ^^^^^^^^
/C:/Users/berkgoknil/AppData/Local/Pub/Cache/hosted/pub.dev/web-1.1.1/lib/src/dom/push_api.dart:167:5: Error: Type 'JSObject' not found.
    JSObject keys,
    ^^^^^^^^
/C:/Users/berkgoknil/AppData/Local/Pub/Cache/hosted/pub.dev/web-1.1.1/lib/src/dom/push_api.dart:174:12: Error: Type 'JSObject' not found.
  external JSObject get keys;
           ^^^^^^^^
/C:/Users/berkgoknil/AppData/Local/Pub/Cache/hosted/pub.dev/web-1.1.1/lib/src/dom/push_api.dart:175:21: Error: Type 'JSObject' not found.
  external set keys(JSObject value);
                    ^^^^^^^^
/C:/Users/berkgoknil/AppData/Local/Pub/Cache/hosted/pub.dev/web-1.1.1/lib/src/dom/push_api.dart:198:34: Error: Type 'JSObject' not found.
extension type PushMessageData._(JSObject _) implements JSObject {
                                 ^^^^^^^^
/C:/Users/berkgoknil/AppData/Local/Pub/Cache/hosted/pub.dev/web-1.1.1/lib/src/dom/push_api.dart:198:57: Error: Type 'JSObject' not found.
extension type PushMessageData._(JSObject _) implements JSObject {
                                                        ^^^^^^^^
/C:/Users/berkgoknil/AppData/Local/Pub/Cache/hosted/pub.dev/web-1.1.1/lib/src/dom/push_api.dart:203:12: Error: Type 'JSArrayBuffer' not found.
  external JSArrayBuffer arrayBuffer();
           ^^^^^^^^^^^^^
/C:/Users/berkgoknil/AppData/Local/Pub/Cache/hosted/pub.dev/web-1.1.1/lib/src/dom/push_api.dart:217:12: Error: Type 'JSAny' not found.
  external JSAny? json();
           ^^^^^
/C:/Users/berkgoknil/AppData/Local/Pub/Cache/hosted/pub.dev/web-1.1.1/lib/src/dom/push_api.dart:239:28: Error: Type 'JSObject' not found.
extension type PushEvent._(JSObject _) implements ExtendableEvent, JSObject {
                           ^^^^^^^^
/C:/Users/berkgoknil/AppData/Local/Pub/Cache/hosted/pub.dev/web-1.1.1/lib/src/dom/push_api.dart:239:68: Error: Type 'JSObject' not found.
extension type PushEvent._(JSObject _) implements ExtendableEvent, JSObject {
                                                                   ^^^^^^^^
/C:/Users/berkgoknil/AppData/Local/Pub/Cache/hosted/pub.dev/web-1.1.1/lib/src/dom/push_api.dart:252:32: Error: Type 'JSObject' not found.
extension type PushEventInit._(JSObject _)
                               ^^^^^^^^
/C:/Users/berkgoknil/AppData/Local/Pub/Cache/hosted/pub.dev/web-1.1.1/lib/src/dom/push_api.dart:253:37: Error: Type 'JSObject' not found.
    implements ExtendableEventInit, JSObject {
                                    ^^^^^^^^
/C:/Users/berkgoknil/AppData/Local/Pub/Cache/hosted/pub.dev/web-1.1.1/lib/src/dom/push_api.dart:264:46: Error: Type 'JSObject' not found.
extension type PushSubscriptionChangeEvent._(JSObject _)
                                             ^^^^^^^^
/C:/Users/berkgoknil/AppData/Local/Pub/Cache/hosted/pub.dev/web-1.1.1/lib/src/dom/push_api.dart:265:33: Error: Type 'JSObject' not found.
    implements ExtendableEvent, JSObject {
                                ^^^^^^^^
/C:/Users/berkgoknil/AppData/Local/Pub/Cache/hosted/pub.dev/web-1.1.1/lib/src/dom/push_api.dart:37:53: Error: The type 'JSObject' can't be implemented by an extension type.
extension type PushManager._(JSObject _) implements JSObject {
                                                    ^
/C:/Users/berkgoknil/AppData/Local/Pub/Cache/hosted/pub.dev/web-1.1.1/lib/src/dom/push_api.dart:86:65: Error: The type 'JSObject' can't be implemented by an extension type.
extension type PushSubscriptionOptions._(JSObject _) implements JSObject {
                                                                ^
/C:/Users/berkgoknil/AppData/Local/Pub/Cache/hosted/pub.dev/web-1.1.1/lib/src/dom/push_api.dart:98:69: Error: The type 'JSObject' can't be implemented by an extension type.
extension type PushSubscriptionOptionsInit._(JSObject _) implements JSObject {
                                                                    ^
/C:/Users/berkgoknil/AppData/Local/Pub/Cache/hosted/pub.dev/web-1.1.1/lib/src/dom/push_api.dart:121:58: Error: The type 'JSObject' can't be implemented by an extension type.
extension type PushSubscription._(JSObject _) implements JSObject {
                                                         ^
/C:/Users/berkgoknil/AppData/Local/Pub/Cache/hosted/pub.dev/web-1.1.1/lib/src/dom/push_api.dart:163:62: Error: The type 'JSObject' can't be implemented by an extension type.
extension type PushSubscriptionJSON._(JSObject _) implements JSObject {
                                                             ^
/C:/Users/berkgoknil/AppData/Local/Pub/Cache/hosted/pub.dev/web-1.1.1/lib/src/dom/push_api.dart:198:57: Error: The type 'JSObject' can't be implemented by an extension type.
extension type PushMessageData._(JSObject _) implements JSObject {
                                                        ^
/C:/Users/berkgoknil/AppData/Local/Pub/Cache/hosted/pub.dev/web-1.1.1/lib/src/dom/push_api.dart:239:68: Error: The type 'JSObject' can't be implemented by an extension type.
extension type PushEvent._(JSObject _) implements ExtendableEvent, JSObject {
                                                                   ^
/C:/Users/berkgoknil/AppData/Local/Pub/Cache/hosted/pub.dev/web-1.1.1/lib/src/dom/push_api.dart:253:37: Error: The type 'JSObject' can't be implemented by an extension type.
    implements ExtendableEventInit, JSObject {
                                    ^
/C:/Users/berkgoknil/AppData/Local/Pub/Cache/hosted/pub.dev/web-1.1.1/lib/src/dom/push_api.dart:265:33: Error: The type 'JSObject' can't be implemented by an extension type.
    implements ExtendableEvent, JSObject {
                                ^
/C:/Users/berkgoknil/AppData/Local/Pub/Cache/hosted/pub.dev/web-1.1.1/lib/src/dom/push_api.dart:13:2: Error: Couldn't find constructor 'JS'.
@JS()
 ^^
/C:/Users/berkgoknil/AppData/Local/Pub/Cache/hosted/pub.dev/web-1.1.1/lib/src/dom/push_api.dart:37:30: Error: 'JSObject' isn't a type.
extension type PushManager._(JSObject _) implements JSObject {
                             ^^^^^^^^
/C:/Users/berkgoknil/AppData/Local/Pub/Cache/hosted/pub.dev/web-1.1.1/lib/src/dom/push_api.dart:86:42: Error: 'JSObject' isn't a type.
extension type PushSubscriptionOptions._(JSObject _) implements JSObject {
                                         ^^^^^^^^
/C:/Users/berkgoknil/AppData/Local/Pub/Cache/hosted/pub.dev/web-1.1.1/lib/src/dom/push_api.dart:98:46: Error: 'JSObject' isn't a type.
extension type PushSubscriptionOptionsInit._(JSObject _) implements JSObject {
                                             ^^^^^^^^
/C:/Users/berkgoknil/AppData/Local/Pub/Cache/hosted/pub.dev/web-1.1.1/lib/src/dom/push_api.dart:101:5: Error: 'JSAny' isn't a type.
    JSAny? applicationServerKey,
    ^^^^^
/C:/Users/berkgoknil/AppData/Local/Pub/Cache/hosted/pub.dev/web-1.1.1/lib/src/dom/push_api.dart:107:37: Error: 'JSAny' isn't a type.
  external set applicationServerKey(JSAny? value);
                                    ^^^^^
/C:/Users/berkgoknil/AppData/Local/Pub/Cache/hosted/pub.dev/web-1.1.1/lib/src/dom/push_api.dart:121:35: Error: 'JSObject' isn't a type.
extension type PushSubscription._(JSObject _) implements JSObject {
                                  ^^^^^^^^
/C:/Users/berkgoknil/AppData/Local/Pub/Cache/hosted/pub.dev/web-1.1.1/lib/src/dom/push_api.dart:163:39: Error: 'JSObject' isn't a type.
extension type PushSubscriptionJSON._(JSObject _) implements JSObject {
                                      ^^^^^^^^
/C:/Users/berkgoknil/AppData/Local/Pub/Cache/hosted/pub.dev/web-1.1.1/lib/src/dom/push_api.dart:167:5: Error: 'JSObject' isn't a type.
    JSObject keys,
    ^^^^^^^^
/C:/Users/berkgoknil/AppData/Local/Pub/Cache/hosted/pub.dev/web-1.1.1/lib/src/dom/push_api.dart:175:21: Error: 'JSObject' isn't a type.
  external set keys(JSObject value);
                    ^^^^^^^^
/C:/Users/berkgoknil/AppData/Local/Pub/Cache/hosted/pub.dev/web-1.1.1/lib/src/dom/push_api.dart:198:34: Error: 'JSObject' isn't a type.
extension type PushMessageData._(JSObject _) implements JSObject {
                                 ^^^^^^^^
/C:/Users/berkgoknil/AppData/Local/Pub/Cache/hosted/pub.dev/web-1.1.1/lib/src/dom/push_api.dart:239:28: Error: 'JSObject' isn't a type.
extension type PushEvent._(JSObject _) implements ExtendableEvent, JSObject {
                           ^^^^^^^^
/C:/Users/berkgoknil/AppData/Local/Pub/Cache/hosted/pub.dev/web-1.1.1/lib/src/dom/push_api.dart:252:32: Error: 'JSObject' isn't a type.
extension type PushEventInit._(JSObject _)
                               ^^^^^^^^
/C:/Users/berkgoknil/AppData/Local/Pub/Cache/hosted/pub.dev/web-1.1.1/lib/src/dom/push_api.dart:264:46: Error: 'JSObject' isn't a type.
extension type PushSubscriptionChangeEvent._(JSObject _)
                                             ^^^^^^^^
/C:/Users/berkgoknil/AppData/Local/Pub/Cache/hosted/pub.dev/web-1.1.1/lib/src/dom/notifications.dart:16:8: Error: Dart library 'dart:js_interop' is not available on this platform.
import 'dart:js_interop';
       ^
/C:/Users/berkgoknil/AppData/Local/Pub/Cache/hosted/pub.dev/web-1.1.1/lib/src/dom/notifications.dart:24:42: Error: Type 'JSFunction' not found.
typedef NotificationPermissionCallback = JSFunction;
                                         ^^^^^^^^^^
/C:/Users/berkgoknil/AppData/Local/Pub/Cache/hosted/pub.dev/web-1.1.1/lib/src/dom/notifications.dart:39:31: Error: Type 'JSObject' not found.
extension type Notification._(JSObject _) implements EventTarget, JSObject {
                              ^^^^^^^^
/C:/Users/berkgoknil/AppData/Local/Pub/Cache/hosted/pub.dev/web-1.1.1/lib/src/dom/notifications.dart:39:67: Error: Type 'JSObject' not found.
extension type Notification._(JSObject _) implements EventTarget, JSObject {
                                                                  ^^^^^^^^
/C:/Users/berkgoknil/AppData/Local/Pub/Cache/hosted/pub.dev/web-1.1.1/lib/src/dom/notifications.dart:48:29: Error: Type 'JSString' not found.
  external static JSPromise<JSString> requestPermission(
                            ^^^^^^^^
/C:/Users/berkgoknil/AppData/Local/Pub/Cache/hosted/pub.dev/web-1.1.1/lib/src/dom/notifications.dart:48:19: Error: Type 'JSPromise' not found.
  external static JSPromise<JSString> requestPermission(
                  ^^^^^^^^^
/C:/Users/berkgoknil/AppData/Local/Pub/Cache/hosted/pub.dev/web-1.1.1/lib/src/dom/notifications.dart:167:12: Error: Type 'JSAny' not found.
  external JSAny? get data;
           ^^^^^
/C:/Users/berkgoknil/AppData/Local/Pub/Cache/hosted/pub.dev/web-1.1.1/lib/src/dom/notifications.dart:169:38: Error: Type 'JSObject' not found.
extension type NotificationOptions._(JSObject _) implements JSObject {
                                     ^^^^^^^^
/C:/Users/berkgoknil/AppData/Local/Pub/Cache/hosted/pub.dev/web-1.1.1/lib/src/dom/notifications.dart:169:61: Error: Type 'JSObject' not found.
extension type NotificationOptions._(JSObject _) implements JSObject {
                                                            ^^^^^^^^
/C:/Users/berkgoknil/AppData/Local/Pub/Cache/hosted/pub.dev/web-1.1.1/lib/src/dom/notifications.dart:183:5: Error: Type 'JSAny' not found.
    JSAny? data,
    ^^^^^
/C:/Users/berkgoknil/AppData/Local/Pub/Cache/hosted/pub.dev/web-1.1.1/lib/src/dom/notifications.dart:184:5: Error: Type 'JSArray' not found.
    JSArray<NotificationAction> actions,
    ^^^^^^^
/C:/Users/berkgoknil/AppData/Local/Pub/Cache/hosted/pub.dev/web-1.1.1/lib/src/dom/notifications.dart:211:12: Error: Type 'JSAny' not found.
  external JSAny? get data;
           ^^^^^
/C:/Users/berkgoknil/AppData/Local/Pub/Cache/hosted/pub.dev/web-1.1.1/lib/src/dom/notifications.dart:212:21: Error: Type 'JSAny' not found.
  external set data(JSAny? value);
                    ^^^^^
/C:/Users/berkgoknil/AppData/Local/Pub/Cache/hosted/pub.dev/web-1.1.1/lib/src/dom/notifications.dart:213:12: Error: Type 'JSArray' not found.
  external JSArray<NotificationAction> get actions;
           ^^^^^^^
/C:/Users/berkgoknil/AppData/Local/Pub/Cache/hosted/pub.dev/web-1.1.1/lib/src/dom/notifications.dart:214:24: Error: Type 'JSArray' not found.
  external set actions(JSArray<NotificationAction> value);
                       ^^^^^^^
/C:/Users/berkgoknil/AppData/Local/Pub/Cache/hosted/pub.dev/web-1.1.1/lib/src/dom/notifications.dart:216:37: Error: Type 'JSObject' not found.
extension type NotificationAction._(JSObject _) implements JSObject {
                                    ^^^^^^^^
/C:/Users/berkgoknil/AppData/Local/Pub/Cache/hosted/pub.dev/web-1.1.1/lib/src/dom/notifications.dart:216:60: Error: Type 'JSObject' not found.
extension type NotificationAction._(JSObject _) implements JSObject {
                                                           ^^^^^^^^
/C:/Users/berkgoknil/AppData/Local/Pub/Cache/hosted/pub.dev/web-1.1.1/lib/src/dom/notifications.dart:230:41: Error: Type 'JSObject' not found.
extension type GetNotificationOptions._(JSObject _) implements JSObject {
                                        ^^^^^^^^
/C:/Users/berkgoknil/AppData/Local/Pub/Cache/hosted/pub.dev/web-1.1.1/lib/src/dom/notifications.dart:230:64: Error: Type 'JSObject' not found.
extension type GetNotificationOptions._(JSObject _) implements JSObject {
                                                               ^^^^^^^^
/C:/Users/berkgoknil/AppData/Local/Pub/Cache/hosted/pub.dev/web-1.1.1/lib/src/dom/notifications.dart:254:36: Error: Type 'JSObject' not found.
extension type NotificationEvent._(JSObject _)
                                   ^^^^^^^^
/C:/Users/berkgoknil/AppData/Local/Pub/Cache/hosted/pub.dev/web-1.1.1/lib/src/dom/notifications.dart:255:33: Error: Type 'JSObject' not found.
    implements ExtendableEvent, JSObject {
                                ^^^^^^^^
/C:/Users/berkgoknil/AppData/Local/Pub/Cache/hosted/pub.dev/web-1.1.1/lib/src/dom/notifications.dart:282:40: Error: Type 'JSObject' not found.
extension type NotificationEventInit._(JSObject _)
                                       ^^^^^^^^
/C:/Users/berkgoknil/AppData/Local/Pub/Cache/hosted/pub.dev/web-1.1.1/lib/src/dom/notifications.dart:283:37: Error: Type 'JSObject' not found.
    implements ExtendableEventInit, JSObject {
                                    ^^^^^^^^
/C:/Users/berkgoknil/AppData/Local/Pub/Cache/hosted/pub.dev/web-1.1.1/lib/src/dom/notifications.dart:39:67: Error: The type 'JSObject' can't be implemented by an extension type.
extension type Notification._(JSObject _) implements EventTarget, JSObject {
                                                                  ^
/C:/Users/berkgoknil/AppData/Local/Pub/Cache/hosted/pub.dev/web-1.1.1/lib/src/dom/notifications.dart:169:61: Error: The type 'JSObject' can't be implemented by an extension type.
extension type NotificationOptions._(JSObject _) implements JSObject {
                                                            ^
/C:/Users/berkgoknil/AppData/Local/Pub/Cache/hosted/pub.dev/web-1.1.1/lib/src/dom/notifications.dart:216:60: Error: The type 'JSObject' can't be implemented by an extension type.
extension type NotificationAction._(JSObject _) implements JSObject {
                                                           ^
/C:/Users/berkgoknil/AppData/Local/Pub/Cache/hosted/pub.dev/web-1.1.1/lib/src/dom/notifications.dart:230:64: Error: The type 'JSObject' can't be implemented by an extension type.
extension type GetNotificationOptions._(JSObject _) implements JSObject {
                                                               ^
/C:/Users/berkgoknil/AppData/Local/Pub/Cache/hosted/pub.dev/web-1.1.1/lib/src/dom/notifications.dart:255:33: Error: The type 'JSObject' can't be implemented by an extension type.
    implements ExtendableEvent, JSObject {
                                ^
/C:/Users/berkgoknil/AppData/Local/Pub/Cache/hosted/pub.dev/web-1.1.1/lib/src/dom/notifications.dart:283:37: Error: The type 'JSObject' can't be implemented by an extension type.
    implements ExtendableEventInit, JSObject {
                                    ^
/C:/Users/berkgoknil/AppData/Local/Pub/Cache/hosted/pub.dev/web-1.1.1/lib/src/dom/notifications.dart:13:2: Error: Couldn't find constructor 'JS'.
@JS()
 ^^
/C:/Users/berkgoknil/AppData/Local/Pub/Cache/hosted/pub.dev/web-1.1.1/lib/src/dom/notifications.dart:39:31: Error: 'JSObject' isn't a type.
extension type Notification._(JSObject _) implements EventTarget, JSObject {
                              ^^^^^^^^
/C:/Users/berkgoknil/AppData/Local/Pub/Cache/hosted/pub.dev/web-1.1.1/lib/src/dom/notifications.dart:169:38: Error: 'JSObject' isn't a type.
extension type NotificationOptions._(JSObject _) implements JSObject {
                                     ^^^^^^^^
/C:/Users/berkgoknil/AppData/Local/Pub/Cache/hosted/pub.dev/web-1.1.1/lib/src/dom/notifications.dart:183:5: Error: 'JSAny' isn't a type.
    JSAny? data,
    ^^^^^
/C:/Users/berkgoknil/AppData/Local/Pub/Cache/hosted/pub.dev/web-1.1.1/lib/src/dom/notifications.dart:184:5: Error: 'JSArray' isn't a type.
    JSArray<NotificationAction> actions,
    ^^^^^^^
/C:/Users/berkgoknil/AppData/Local/Pub/Cache/hosted/pub.dev/web-1.1.1/lib/src/dom/notifications.dart:212:21: Error: 'JSAny' isn't a type.
  external set data(JSAny? value);
                    ^^^^^
/C:/Users/berkgoknil/AppData/Local/Pub/Cache/hosted/pub.dev/web-1.1.1/lib/src/dom/notifications.dart:214:24: Error: 'JSArray' isn't a type.
  external set actions(JSArray<NotificationAction> value);
                       ^^^^^^^
/C:/Users/berkgoknil/AppData/Local/Pub/Cache/hosted/pub.dev/web-1.1.1/lib/src/dom/notifications.dart:216:37: Error: 'JSObject' isn't a type.
extension type NotificationAction._(JSObject _) implements JSObject {
                                    ^^^^^^^^
/C:/Users/berkgoknil/AppData/Local/Pub/Cache/hosted/pub.dev/web-1.1.1/lib/src/dom/notifications.dart:230:41: Error: 'JSObject' isn't a type.
extension type GetNotificationOptions._(JSObject _) implements JSObject {
                                        ^^^^^^^^
/C:/Users/berkgoknil/AppData/Local/Pub/Cache/hosted/pub.dev/web-1.1.1/lib/src/dom/notifications.dart:254:36: Error: 'JSObject' isn't a type.
extension type NotificationEvent._(JSObject _)
                                   ^^^^^^^^
/C:/Users/berkgoknil/AppData/Local/Pub/Cache/hosted/pub.dev/web-1.1.1/lib/src/dom/notifications.dart:282:40: Error: 'JSObject' isn't a type.
extension type NotificationEventInit._(JSObject _)
                                       ^^^^^^^^
/C:/Users/berkgoknil/AppData/Local/Pub/Cache/hosted/pub.dev/web-1.1.1/lib/src/dom/fetch.dart:16:8: Error: Dart library 'dart:js_interop' is not available on this platform.
import 'dart:js_interop';
       ^
/C:/Users/berkgoknil/AppData/Local/Pub/Cache/hosted/pub.dev/web-1.1.1/lib/src/dom/fetch.dart:27:23: Error: Type 'JSObject' not found.
typedef HeadersInit = JSObject;
                      ^^^^^^^^
/C:/Users/berkgoknil/AppData/Local/Pub/Cache/hosted/pub.dev/web-1.1.1/lib/src/dom/fetch.dart:28:34: Error: Type 'JSAny' not found.
typedef XMLHttpRequestBodyInit = JSAny;
                                 ^^^^^
/C:/Users/berkgoknil/AppData/Local/Pub/Cache/hosted/pub.dev/web-1.1.1/lib/src/dom/fetch.dart:29:20: Error: Type 'JSAny' not found.
typedef BodyInit = JSAny;
                   ^^^^^
/C:/Users/berkgoknil/AppData/Local/Pub/Cache/hosted/pub.dev/web-1.1.1/lib/src/dom/fetch.dart:30:23: Error: Type 'JSAny' not found.
typedef RequestInfo = JSAny;
                      ^^^^^
/C:/Users/berkgoknil/AppData/Local/Pub/Cache/hosted/pub.dev/web-1.1.1/lib/src/dom/fetch.dart:76:26: Error: Type 'JSObject' not found.
extension type Headers._(JSObject _) implements JSObject {
                         ^^^^^^^^
/C:/Users/berkgoknil/AppData/Local/Pub/Cache/hosted/pub.dev/web-1.1.1/lib/src/dom/fetch.dart:76:49: Error: Type 'JSObject' not found.
extension type Headers._(JSObject _) implements JSObject {
                                                ^^^^^^^^
/C:/Users/berkgoknil/AppData/Local/Pub/Cache/hosted/pub.dev/web-1.1.1/lib/src/dom/fetch.dart:135:20: Error: Type 'JSString' not found.
  external JSArray<JSString> getSetCookie();
                   ^^^^^^^^
/C:/Users/berkgoknil/AppData/Local/Pub/Cache/hosted/pub.dev/web-1.1.1/lib/src/dom/fetch.dart:135:12: Error: Type 'JSArray' not found.
  external JSArray<JSString> getSetCookie();
           ^^^^^^^
/C:/Users/berkgoknil/AppData/Local/Pub/Cache/hosted/pub.dev/web-1.1.1/lib/src/dom/fetch.dart:179:26: Error: Type 'JSObject' not found.
extension type Request._(JSObject _) implements JSObject {
                         ^^^^^^^^
/C:/Users/berkgoknil/AppData/Local/Pub/Cache/hosted/pub.dev/web-1.1.1/lib/src/dom/fetch.dart:179:49: Error: Type 'JSObject' not found.
extension type Request._(JSObject _) implements JSObject {
                                                ^^^^^^^^
/C:/Users/berkgoknil/AppData/Local/Pub/Cache/hosted/pub.dev/web-1.1.1/lib/src/dom/fetch.dart:207:22: Error: Type 'JSArrayBuffer' not found.
  external JSPromise<JSArrayBuffer> arrayBuffer();
                     ^^^^^^^^^^^^^
/C:/Users/berkgoknil/AppData/Local/Pub/Cache/hosted/pub.dev/web-1.1.1/lib/src/dom/fetch.dart:207:12: Error: Type 'JSPromise' not found.
  external JSPromise<JSArrayBuffer> arrayBuffer();
           ^^^^^^^^^
/C:/Users/berkgoknil/AppData/Local/Pub/Cache/hosted/pub.dev/web-1.1.1/lib/src/dom/fetch.dart:212:12: Error: Type 'JSPromise' not found.
  external JSPromise<Blob> blob();
           ^^^^^^^^^
/C:/Users/berkgoknil/AppData/Local/Pub/Cache/hosted/pub.dev/web-1.1.1/lib/src/dom/fetch.dart:216:22: Error: Type 'JSUint8Array' not found.
  external JSPromise<JSUint8Array> bytes();
                     ^^^^^^^^^^^^
/C:/Users/berkgoknil/AppData/Local/Pub/Cache/hosted/pub.dev/web-1.1.1/lib/src/dom/fetch.dart:216:12: Error: Type 'JSPromise' not found.
  external JSPromise<JSUint8Array> bytes();
           ^^^^^^^^^
/C:/Users/berkgoknil/AppData/Local/Pub/Cache/hosted/pub.dev/web-1.1.1/lib/src/dom/fetch.dart:221:12: Error: Type 'JSPromise' not found.
  external JSPromise<FormData> formData();
           ^^^^^^^^^
/C:/Users/berkgoknil/AppData/Local/Pub/Cache/hosted/pub.dev/web-1.1.1/lib/src/dom/fetch.dart:230:22: Error: Type 'JSAny' not found.
  external JSPromise<JSAny?> json();
                     ^^^^^
/C:/Users/berkgoknil/AppData/Local/Pub/Cache/hosted/pub.dev/web-1.1.1/lib/src/dom/fetch.dart:230:12: Error: Type 'JSPromise' not found.
  external JSPromise<JSAny?> json();
           ^^^^^^^^^
/C:/Users/berkgoknil/AppData/Local/Pub/Cache/hosted/pub.dev/web-1.1.1/lib/src/dom/fetch.dart:236:22: Error: Type 'JSString' not found.
  external JSPromise<JSString> text();
                     ^^^^^^^^
/C:/Users/berkgoknil/AppData/Local/Pub/Cache/hosted/pub.dev/web-1.1.1/lib/src/dom/fetch.dart:236:12: Error: Type 'JSPromise' not found.
  external JSPromise<JSString> text();
           ^^^^^^^^^
/C:/Users/berkgoknil/AppData/Local/Pub/Cache/hosted/pub.dev/web-1.1.1/lib/src/dom/fetch.dart:342:30: Error: Type 'JSObject' not found.
extension type RequestInit._(JSObject _) implements JSObject {
                             ^^^^^^^^
/C:/Users/berkgoknil/AppData/Local/Pub/Cache/hosted/pub.dev/web-1.1.1/lib/src/dom/fetch.dart:342:53: Error: Type 'JSObject' not found.
extension type RequestInit._(JSObject _) implements JSObject {
                                                    ^^^^^^^^
/C:/Users/berkgoknil/AppData/Local/Pub/Cache/hosted/pub.dev/web-1.1.1/lib/src/dom/fetch.dart:358:5: Error: Type 'JSAny' not found.
    JSAny? window,
    ^^^^^
/C:/Users/berkgoknil/AppData/Local/Pub/Cache/hosted/pub.dev/web-1.1.1/lib/src/dom/fetch.dart:394:12: Error: Type 'JSAny' not found.
  external JSAny? get window;
           ^^^^^
/C:/Users/berkgoknil/AppData/Local/Pub/Cache/hosted/pub.dev/web-1.1.1/lib/src/dom/fetch.dart:395:23: Error: Type 'JSAny' not found.
  external set window(JSAny? value);
                      ^^^^^
/C:/Users/berkgoknil/AppData/Local/Pub/Cache/hosted/pub.dev/web-1.1.1/lib/src/dom/fetch.dart:421:27: Error: Type 'JSObject' not found.
extension type Response._(JSObject _) implements JSObject {
                          ^^^^^^^^
/C:/Users/berkgoknil/AppData/Local/Pub/Cache/hosted/pub.dev/web-1.1.1/lib/src/dom/fetch.dart:421:50: Error: Type 'JSObject' not found.
extension type Response._(JSObject _) implements JSObject {
                                                 ^^^^^^^^
/C:/Users/berkgoknil/AppData/Local/Pub/Cache/hosted/pub.dev/web-1.1.1/lib/src/dom/fetch.dart:470:5: Error: Type 'JSAny' not found.
    JSAny? data, [
    ^^^^^
/C:/Users/berkgoknil/AppData/Local/Pub/Cache/hosted/pub.dev/web-1.1.1/lib/src/dom/fetch.dart:504:22: Error: Type 'JSArrayBuffer' not found.
  external JSPromise<JSArrayBuffer> arrayBuffer();
                     ^^^^^^^^^^^^^
/C:/Users/berkgoknil/AppData/Local/Pub/Cache/hosted/pub.dev/web-1.1.1/lib/src/dom/fetch.dart:504:12: Error: Type 'JSPromise' not found.
  external JSPromise<JSArrayBuffer> arrayBuffer();
           ^^^^^^^^^
/C:/Users/berkgoknil/AppData/Local/Pub/Cache/hosted/pub.dev/web-1.1.1/lib/src/dom/fetch.dart:509:12: Error: Type 'JSPromise' not found.
  external JSPromise<Blob> blob();
           ^^^^^^^^^
/C:/Users/berkgoknil/AppData/Local/Pub/Cache/hosted/pub.dev/web-1.1.1/lib/src/dom/fetch.dart:514:22: Error: Type 'JSUint8Array' not found.
  external JSPromise<JSUint8Array> bytes();
                     ^^^^^^^^^^^^
/C:/Users/berkgoknil/AppData/Local/Pub/Cache/hosted/pub.dev/web-1.1.1/lib/src/dom/fetch.dart:514:12: Error: Type 'JSPromise' not found.
  external JSPromise<JSUint8Array> bytes();
           ^^^^^^^^^
/C:/Users/berkgoknil/AppData/Local/Pub/Cache/hosted/pub.dev/web-1.1.1/lib/src/dom/fetch.dart:528:12: Error: Type 'JSPromise' not found.
  external JSPromise<FormData> formData();
           ^^^^^^^^^
/C:/Users/berkgoknil/AppData/Local/Pub/Cache/hosted/pub.dev/web-1.1.1/lib/src/dom/fetch.dart:537:22: Error: Type 'JSAny' not found.
  external JSPromise<JSAny?> json();
                     ^^^^^
/C:/Users/berkgoknil/AppData/Local/Pub/Cache/hosted/pub.dev/web-1.1.1/lib/src/dom/fetch.dart:537:12: Error: Type 'JSPromise' not found.
  external JSPromise<JSAny?> json();
           ^^^^^^^^^
/C:/Users/berkgoknil/AppData/Local/Pub/Cache/hosted/pub.dev/web-1.1.1/lib/src/dom/fetch.dart:543:22: Error: Type 'JSString' not found.
  external JSPromise<JSString> text();
                     ^^^^^^^^
/C:/Users/berkgoknil/AppData/Local/Pub/Cache/hosted/pub.dev/web-1.1.1/lib/src/dom/fetch.dart:543:12: Error: Type 'JSPromise' not found.
  external JSPromise<JSString> text();
           ^^^^^^^^^
/C:/Users/berkgoknil/AppData/Local/Pub/Cache/hosted/pub.dev/web-1.1.1/lib/src/dom/fetch.dart:619:31: Error: Type 'JSObject' not found.
extension type ResponseInit._(JSObject _) implements JSObject {
                              ^^^^^^^^
/C:/Users/berkgoknil/AppData/Local/Pub/Cache/hosted/pub.dev/web-1.1.1/lib/src/dom/fetch.dart:619:54: Error: Type 'JSObject' not found.
extension type ResponseInit._(JSObject _) implements JSObject {
                                                     ^^^^^^^^
/C:/Users/berkgoknil/AppData/Local/Pub/Cache/hosted/pub.dev/web-1.1.1/lib/src/dom/fetch.dart:76:49: Error: The type 'JSObject' can't be implemented by an extension type.
extension type Headers._(JSObject _) implements JSObject {
                                                ^
/C:/Users/berkgoknil/AppData/Local/Pub/Cache/hosted/pub.dev/web-1.1.1/lib/src/dom/fetch.dart:179:49: Error: The type 'JSObject' can't be implemented by an extension type.
extension type Request._(JSObject _) implements JSObject {
                                                ^
/C:/Users/berkgoknil/AppData/Local/Pub/Cache/hosted/pub.dev/web-1.1.1/lib/src/dom/fetch.dart:342:53: Error: The type 'JSObject' can't be implemented by an extension type.
extension type RequestInit._(JSObject _) implements JSObject {
                                                    ^
/C:/Users/berkgoknil/AppData/Local/Pub/Cache/hosted/pub.dev/web-1.1.1/lib/src/dom/fetch.dart:421:50: Error: The type 'JSObject' can't be implemented by an extension type.
extension type Response._(JSObject _) implements JSObject {
                                                 ^
/C:/Users/berkgoknil/AppData/Local/Pub/Cache/hosted/pub.dev/web-1.1.1/lib/src/dom/fetch.dart:619:54: Error: The type 'JSObject' can't be implemented by an extension type.
extension type ResponseInit._(JSObject _) implements JSObject {
                                                     ^
/C:/Users/berkgoknil/AppData/Local/Pub/Cache/hosted/pub.dev/web-1.1.1/lib/src/dom/fetch.dart:13:2: Error: Couldn't find constructor 'JS'.
@JS()
 ^^
/C:/Users/berkgoknil/AppData/Local/Pub/Cache/hosted/pub.dev/web-1.1.1/lib/src/dom/fetch.dart:468:4: Error: Couldn't find constructor 'JS'.
  @JS('json')
   ^^
/C:/Users/berkgoknil/AppData/Local/Pub/Cache/hosted/pub.dev/web-1.1.1/lib/src/dom/fetch.dart:76:26: Error: 'JSObject' isn't a type.
extension type Headers._(JSObject _) implements JSObject {
                         ^^^^^^^^
/C:/Users/berkgoknil/AppData/Local/Pub/Cache/hosted/pub.dev/web-1.1.1/lib/src/dom/fetch.dart:179:26: Error: 'JSObject' isn't a type.
extension type Request._(JSObject _) implements JSObject {
                         ^^^^^^^^
/C:/Users/berkgoknil/AppData/Local/Pub/Cache/hosted/pub.dev/web-1.1.1/lib/src/dom/fetch.dart:342:30: Error: 'JSObject' isn't a type.
extension type RequestInit._(JSObject _) implements JSObject {
                             ^^^^^^^^
/C:/Users/berkgoknil/AppData/Local/Pub/Cache/hosted/pub.dev/web-1.1.1/lib/src/dom/fetch.dart:358:5: Error: 'JSAny' isn't a type.
    JSAny? window,
    ^^^^^
/C:/Users/berkgoknil/AppData/Local/Pub/Cache/hosted/pub.dev/web-1.1.1/lib/src/dom/fetch.dart:395:23: Error: 'JSAny' isn't a type.
  external set window(JSAny? value);
                      ^^^^^
/C:/Users/berkgoknil/AppData/Local/Pub/Cache/hosted/pub.dev/web-1.1.1/lib/src/dom/fetch.dart:421:27: Error: 'JSObject' isn't a type.
extension type Response._(JSObject _) implements JSObject {
                          ^^^^^^^^
/C:/Users/berkgoknil/AppData/Local/Pub/Cache/hosted/pub.dev/web-1.1.1/lib/src/dom/fetch.dart:470:5: Error: 'JSAny' isn't a type.
    JSAny? data, [
    ^^^^^
/C:/Users/berkgoknil/AppData/Local/Pub/Cache/hosted/pub.dev/web-1.1.1/lib/src/dom/fetch.dart:619:31: Error: 'JSObject' isn't a type.
extension type ResponseInit._(JSObject _) implements JSObject {
                              ^^^^^^^^
/C:/Users/berkgoknil/AppData/Local/Pub/Cache/hosted/pub.dev/web-1.1.1/lib/src/dom/trust_token_api.dart:16:8: Error: Dart library 'dart:js_interop' is not available on this platform.
import 'dart:js_interop';
       ^
/C:/Users/berkgoknil/AppData/Local/Pub/Cache/hosted/pub.dev/web-1.1.1/lib/src/dom/trust_token_api.dart:21:31: Error: Type 'JSObject' not found.
extension type PrivateToken._(JSObject _) implements JSObject {
                              ^^^^^^^^
/C:/Users/berkgoknil/AppData/Local/Pub/Cache/hosted/pub.dev/web-1.1.1/lib/src/dom/trust_token_api.dart:21:54: Error: Type 'JSObject' not found.
extension type PrivateToken._(JSObject _) implements JSObject {
                                                     ^^^^^^^^
/C:/Users/berkgoknil/AppData/Local/Pub/Cache/hosted/pub.dev/web-1.1.1/lib/src/dom/trust_token_api.dart:26:13: Error: Type 'JSString' not found.
    JSArray<JSString> issuers,
            ^^^^^^^^
/C:/Users/berkgoknil/AppData/Local/Pub/Cache/hosted/pub.dev/web-1.1.1/lib/src/dom/trust_token_api.dart:26:5: Error: Type 'JSArray' not found.
    JSArray<JSString> issuers,
    ^^^^^^^
/C:/Users/berkgoknil/AppData/Local/Pub/Cache/hosted/pub.dev/web-1.1.1/lib/src/dom/trust_token_api.dart:35:20: Error: Type 'JSString' not found.
  external JSArray<JSString> get issuers;
                   ^^^^^^^^
/C:/Users/berkgoknil/AppData/Local/Pub/Cache/hosted/pub.dev/web-1.1.1/lib/src/dom/trust_token_api.dart:35:12: Error: Type 'JSArray' not found.
  external JSArray<JSString> get issuers;
           ^^^^^^^
/C:/Users/berkgoknil/AppData/Local/Pub/Cache/hosted/pub.dev/web-1.1.1/lib/src/dom/trust_token_api.dart:36:32: Error: Type 'JSString' not found.
  external set issuers(JSArray<JSString> value);
                               ^^^^^^^^
/C:/Users/berkgoknil/AppData/Local/Pub/Cache/hosted/pub.dev/web-1.1.1/lib/src/dom/trust_token_api.dart:36:24: Error: Type 'JSArray' not found.
  external set issuers(JSArray<JSString> value);
                       ^^^^^^^
/C:/Users/berkgoknil/AppData/Local/Pub/Cache/hosted/pub.dev/web-1.1.1/lib/src/dom/trust_token_api.dart:21:54: Error: The type 'JSObject' can't be implemented by an extension type.
extension type PrivateToken._(JSObject _) implements JSObject {
                                                     ^
/C:/Users/berkgoknil/AppData/Local/Pub/Cache/hosted/pub.dev/web-1.1.1/lib/src/dom/trust_token_api.dart:13:2: Error: Couldn't find constructor 'JS'.
@JS()
 ^^
/C:/Users/berkgoknil/AppData/Local/Pub/Cache/hosted/pub.dev/web-1.1.1/lib/src/dom/trust_token_api.dart:21:31: Error: 'JSObject' isn't a type.
extension type PrivateToken._(JSObject _) implements JSObject {
                              ^^^^^^^^
/C:/Users/berkgoknil/AppData/Local/Pub/Cache/hosted/pub.dev/web-1.1.1/lib/src/dom/trust_token_api.dart:26:13: Error: 'JSString' isn't a type.
    JSArray<JSString> issuers,
            ^^^^^^^^
/C:/Users/berkgoknil/AppData/Local/Pub/Cache/hosted/pub.dev/web-1.1.1/lib/src/dom/trust_token_api.dart:26:5: Error: 'JSArray' isn't a type.
    JSArray<JSString> issuers,
    ^^^^^^^
/C:/Users/berkgoknil/AppData/Local/Pub/Cache/hosted/pub.dev/web-1.1.1/lib/src/dom/trust_token_api.dart:36:32: Error: 'JSString' isn't a type.
  external set issuers(JSArray<JSString> value);
                               ^^^^^^^^
/C:/Users/berkgoknil/AppData/Local/Pub/Cache/hosted/pub.dev/web-1.1.1/lib/src/dom/trust_token_api.dart:36:24: Error: 'JSArray' isn't a type.
  external set issuers(JSArray<JSString> value);
                       ^^^^^^^
/C:/Users/berkgoknil/AppData/Local/Pub/Cache/hosted/pub.dev/web-1.1.1/lib/src/dom/referrer_policy.dart:16:8: Error: Dart library 'dart:js_interop' is not available on this platform.
import 'dart:js_interop';
       ^
/C:/Users/berkgoknil/AppData/Local/Pub/Cache/hosted/pub.dev/web-1.1.1/lib/src/dom/referrer_policy.dart:13:2: Error: Couldn't find constructor 'JS'.
@JS()
 ^^
/C:/Users/berkgoknil/AppData/Local/Pub/Cache/hosted/pub.dev/web-1.1.1/lib/src/dom/private_network_access.dart:16:8: Error: Dart library 'dart:js_interop' is not available on this platform.
import 'dart:js_interop';
       ^
/C:/Users/berkgoknil/AppData/Local/Pub/Cache/hosted/pub.dev/web-1.1.1/lib/src/dom/private_network_access.dart:13:2: Error: Couldn't find constructor 'JS'.
@JS()
 ^^
/C:/Users/berkgoknil/AppData/Local/Pub/Cache/hosted/pub.dev/web-1.1.1/lib/src/dom/attribution_reporting_api.dart:16:8: Error: Dart library 'dart:js_interop' is not available on this platform.
import 'dart:js_interop';
       ^
/C:/Users/berkgoknil/AppData/Local/Pub/Cache/hosted/pub.dev/web-1.1.1/lib/src/dom/attribution_reporting_api.dart:18:53: Error: Type 'JSObject' not found.
extension type AttributionReportingRequestOptions._(JSObject _)
                                                    ^^^^^^^^
/C:/Users/berkgoknil/AppData/Local/Pub/Cache/hosted/pub.dev/web-1.1.1/lib/src/dom/attribution_reporting_api.dart:19:16: Error: Type 'JSObject' not found.
    implements JSObject {
               ^^^^^^^^
/C:/Users/berkgoknil/AppData/Local/Pub/Cache/hosted/pub.dev/web-1.1.1/lib/src/dom/attribution_reporting_api.dart:19:16: Error: The type 'JSObject' can't be implemented by an extension type.
    implements JSObject {
               ^
/C:/Users/berkgoknil/AppData/Local/Pub/Cache/hosted/pub.dev/web-1.1.1/lib/src/dom/attribution_reporting_api.dart:13:2: Error: Couldn't find constructor 'JS'.
@JS()
 ^^
/C:/Users/berkgoknil/AppData/Local/Pub/Cache/hosted/pub.dev/web-1.1.1/lib/src/dom/attribution_reporting_api.dart:18:53: Error: 'JSObject' isn't a type.
extension type AttributionReportingRequestOptions._(JSObject _)
                                                    ^^^^^^^^
/C:/Users/berkgoknil/AppData/Local/Pub/Cache/hosted/pub.dev/web-1.1.1/lib/src/dom/background_sync.dart:16:8: Error: Dart library 'dart:js_interop' is not available on this platform.
import 'dart:js_interop';
       ^
/C:/Users/berkgoknil/AppData/Local/Pub/Cache/hosted/pub.dev/web-1.1.1/lib/src/dom/background_sync.dart:27:30: Error: Type 'JSObject' not found.
extension type SyncManager._(JSObject _) implements JSObject {
                             ^^^^^^^^
/C:/Users/berkgoknil/AppData/Local/Pub/Cache/hosted/pub.dev/web-1.1.1/lib/src/dom/background_sync.dart:27:53: Error: Type 'JSObject' not found.
extension type SyncManager._(JSObject _) implements JSObject {
                                                    ^^^^^^^^
/C:/Users/berkgoknil/AppData/Local/Pub/Cache/hosted/pub.dev/web-1.1.1/lib/src/dom/background_sync.dart:32:22: Error: Type 'JSAny' not found.
  external JSPromise<JSAny?> register(String tag);
                     ^^^^^
/C:/Users/berkgoknil/AppData/Local/Pub/Cache/hosted/pub.dev/web-1.1.1/lib/src/dom/background_sync.dart:32:12: Error: Type 'JSPromise' not found.
  external JSPromise<JSAny?> register(String tag);
           ^^^^^^^^^
/C:/Users/berkgoknil/AppData/Local/Pub/Cache/hosted/pub.dev/web-1.1.1/lib/src/dom/background_sync.dart:38:30: Error: Type 'JSString' not found.
  external JSPromise<JSArray<JSString>> getTags();
                             ^^^^^^^^
/C:/Users/berkgoknil/AppData/Local/Pub/Cache/hosted/pub.dev/web-1.1.1/lib/src/dom/background_sync.dart:38:22: Error: Type 'JSArray' not found.
  external JSPromise<JSArray<JSString>> getTags();
                     ^^^^^^^
/C:/Users/berkgoknil/AppData/Local/Pub/Cache/hosted/pub.dev/web-1.1.1/lib/src/dom/background_sync.dart:38:12: Error: Type 'JSPromise' not found.
  external JSPromise<JSArray<JSString>> getTags();
           ^^^^^^^^^
/C:/Users/berkgoknil/AppData/Local/Pub/Cache/hosted/pub.dev/web-1.1.1/lib/src/dom/background_sync.dart:53:28: Error: Type 'JSObject' not found.
extension type SyncEvent._(JSObject _) implements ExtendableEvent, JSObject {
                           ^^^^^^^^
/C:/Users/berkgoknil/AppData/Local/Pub/Cache/hosted/pub.dev/web-1.1.1/lib/src/dom/background_sync.dart:53:68: Error: Type 'JSObject' not found.
extension type SyncEvent._(JSObject _) implements ExtendableEvent, JSObject {
                                                                   ^^^^^^^^
/C:/Users/berkgoknil/AppData/Local/Pub/Cache/hosted/pub.dev/web-1.1.1/lib/src/dom/background_sync.dart:77:32: Error: Type 'JSObject' not found.
extension type SyncEventInit._(JSObject _)
                               ^^^^^^^^
/C:/Users/berkgoknil/AppData/Local/Pub/Cache/hosted/pub.dev/web-1.1.1/lib/src/dom/background_sync.dart:78:37: Error: Type 'JSObject' not found.
    implements ExtendableEventInit, JSObject {
                                    ^^^^^^^^
/C:/Users/berkgoknil/AppData/Local/Pub/Cache/hosted/pub.dev/web-1.1.1/lib/src/dom/background_sync.dart:27:53: Error: The type 'JSObject' can't be implemented by an extension type.
extension type SyncManager._(JSObject _) implements JSObject {
                                                    ^
/C:/Users/berkgoknil/AppData/Local/Pub/Cache/hosted/pub.dev/web-1.1.1/lib/src/dom/background_sync.dart:53:68: Error: The type 'JSObject' can't be implemented by an extension type.
extension type SyncEvent._(JSObject _) implements ExtendableEvent, JSObject {
                                                                   ^
/C:/Users/berkgoknil/AppData/Local/Pub/Cache/hosted/pub.dev/web-1.1.1/lib/src/dom/background_sync.dart:78:37: Error: The type 'JSObject' can't be implemented by an extension type.
    implements ExtendableEventInit, JSObject {
                                    ^
/C:/Users/berkgoknil/AppData/Local/Pub/Cache/hosted/pub.dev/web-1.1.1/lib/src/dom/background_sync.dart:13:2: Error: Couldn't find constructor 'JS'.
@JS()
 ^^
/C:/Users/berkgoknil/AppData/Local/Pub/Cache/hosted/pub.dev/web-1.1.1/lib/src/dom/background_sync.dart:27:30: Error: 'JSObject' isn't a type.
extension type SyncManager._(JSObject _) implements JSObject {
                             ^^^^^^^^
/C:/Users/berkgoknil/AppData/Local/Pub/Cache/hosted/pub.dev/web-1.1.1/lib/src/dom/background_sync.dart:53:28: Error: 'JSObject' isn't a type.
extension type SyncEvent._(JSObject _) implements ExtendableEvent, JSObject {
                           ^^^^^^^^
/C:/Users/berkgoknil/AppData/Local/Pub/Cache/hosted/pub.dev/web-1.1.1/lib/src/dom/background_sync.dart:77:32: Error: 'JSObject' isn't a type.
extension type SyncEventInit._(JSObject _)
                               ^^^^^^^^
/C:/Users/berkgoknil/AppData/Local/Pub/Cache/hosted/pub.dev/web-1.1.1/lib/src/dom/screen_wake_lock.dart:16:8: Error: Dart library 'dart:js_interop' is not available on this platform.
import 'dart:js_interop';
       ^
/C:/Users/berkgoknil/AppData/Local/Pub/Cache/hosted/pub.dev/web-1.1.1/lib/src/dom/screen_wake_lock.dart:35:27: Error: Type 'JSObject' not found.
extension type WakeLock._(JSObject _) implements JSObject {
                          ^^^^^^^^
/C:/Users/berkgoknil/AppData/Local/Pub/Cache/hosted/pub.dev/web-1.1.1/lib/src/dom/screen_wake_lock.dart:35:50: Error: Type 'JSObject' not found.
extension type WakeLock._(JSObject _) implements JSObject {
                                                 ^^^^^^^^
/C:/Users/berkgoknil/AppData/Local/Pub/Cache/hosted/pub.dev/web-1.1.1/lib/src/dom/screen_wake_lock.dart:42:12: Error: Type 'JSPromise' not found.
  external JSPromise<WakeLockSentinel> request([WakeLockType type]);
           ^^^^^^^^^
/C:/Users/berkgoknil/AppData/Local/Pub/Cache/hosted/pub.dev/web-1.1.1/lib/src/dom/screen_wake_lock.dart:75:35: Error: Type 'JSObject' not found.
extension type WakeLockSentinel._(JSObject _) implements EventTarget, JSObject {
                                  ^^^^^^^^
/C:/Users/berkgoknil/AppData/Local/Pub/Cache/hosted/pub.dev/web-1.1.1/lib/src/dom/screen_wake_lock.dart:75:71: Error: Type 'JSObject' not found.
extension type WakeLockSentinel._(JSObject _) implements EventTarget, JSObject {
                                                                      ^^^^^^^^
/C:/Users/berkgoknil/AppData/Local/Pub/Cache/hosted/pub.dev/web-1.1.1/lib/src/dom/screen_wake_lock.dart:79:22: Error: Type 'JSAny' not found.
  external JSPromise<JSAny?> release();
                     ^^^^^
/C:/Users/berkgoknil/AppData/Local/Pub/Cache/hosted/pub.dev/web-1.1.1/lib/src/dom/screen_wake_lock.dart:79:12: Error: Type 'JSPromise' not found.
  external JSPromise<JSAny?> release();
           ^^^^^^^^^
/C:/Users/berkgoknil/AppData/Local/Pub/Cache/hosted/pub.dev/web-1.1.1/lib/src/dom/screen_wake_lock.dart:35:50: Error: The type 'JSObject' can't be implemented by an extension type.
extension type WakeLock._(JSObject _) implements JSObject {
                                                 ^
/C:/Users/berkgoknil/AppData/Local/Pub/Cache/hosted/pub.dev/web-1.1.1/lib/src/dom/screen_wake_lock.dart:75:71: Error: The type 'JSObject' can't be implemented by an extension type.
extension type WakeLockSentinel._(JSObject _) implements EventTarget, JSObject {
                                                                      ^
/C:/Users/berkgoknil/AppData/Local/Pub/Cache/hosted/pub.dev/web-1.1.1/lib/src/dom/screen_wake_lock.dart:13:2: Error: Couldn't find constructor 'JS'.
@JS()
 ^^
/C:/Users/berkgoknil/AppData/Local/Pub/Cache/hosted/pub.dev/web-1.1.1/lib/src/dom/screen_wake_lock.dart:35:27: Error: 'JSObject' isn't a type.
extension type WakeLock._(JSObject _) implements JSObject {
                          ^^^^^^^^
/C:/Users/berkgoknil/AppData/Local/Pub/Cache/hosted/pub.dev/web-1.1.1/lib/src/dom/screen_wake_lock.dart:75:35: Error: 'JSObject' isn't a type.
extension type WakeLockSentinel._(JSObject _) implements EventTarget, JSObject {
                                  ^^^^^^^^
/C:/Users/berkgoknil/AppData/Local/Pub/Cache/hosted/pub.dev/web-1.1.1/lib/src/dom/scheduling_apis.dart:16:8: Error: Dart library 'dart:js_interop' is not available on this platform.
import 'dart:js_interop';
       ^
/C:/Users/berkgoknil/AppData/Local/Pub/Cache/hosted/pub.dev/web-1.1.1/lib/src/dom/scheduling_apis.dart:21:37: Error: Type 'JSFunction' not found.
typedef SchedulerPostTaskCallback = JSFunction;
                                    ^^^^^^^^^^
/C:/Users/berkgoknil/AppData/Local/Pub/Cache/hosted/pub.dev/web-1.1.1/lib/src/dom/scheduling_apis.dart:23:43: Error: Type 'JSObject' not found.
extension type SchedulerPostTaskOptions._(JSObject _) implements JSObject {
                                          ^^^^^^^^
/C:/Users/berkgoknil/AppData/Local/Pub/Cache/hosted/pub.dev/web-1.1.1/lib/src/dom/scheduling_apis.dart:23:66: Error: Type 'JSObject' not found.
extension type SchedulerPostTaskOptions._(JSObject _) implements JSObject {
                                                                 ^^^^^^^^
/C:/Users/berkgoknil/AppData/Local/Pub/Cache/hosted/pub.dev/web-1.1.1/lib/src/dom/scheduling_apis.dart:50:28: Error: Type 'JSObject' not found.
extension type Scheduler._(JSObject _) implements JSObject {
                           ^^^^^^^^
/C:/Users/berkgoknil/AppData/Local/Pub/Cache/hosted/pub.dev/web-1.1.1/lib/src/dom/scheduling_apis.dart:50:51: Error: Type 'JSObject' not found.
extension type Scheduler._(JSObject _) implements JSObject {
                                                  ^^^^^^^^
/C:/Users/berkgoknil/AppData/Local/Pub/Cache/hosted/pub.dev/web-1.1.1/lib/src/dom/scheduling_apis.dart:85:22: Error: Type 'JSAny' not found.
  external JSPromise<JSAny?> postTask(
                     ^^^^^
/C:/Users/berkgoknil/AppData/Local/Pub/Cache/hosted/pub.dev/web-1.1.1/lib/src/dom/scheduling_apis.dart:85:12: Error: Type 'JSPromise' not found.
  external JSPromise<JSAny?> postTask(
           ^^^^^^^^^
/C:/Users/berkgoknil/AppData/Local/Pub/Cache/hosted/pub.dev/web-1.1.1/lib/src/dom/scheduling_apis.dart:99:42: Error: Type 'JSObject' not found.
extension type TaskPriorityChangeEvent._(JSObject _)
                                         ^^^^^^^^
/C:/Users/berkgoknil/AppData/Local/Pub/Cache/hosted/pub.dev/web-1.1.1/lib/src/dom/scheduling_apis.dart:100:23: Error: Type 'JSObject' not found.
    implements Event, JSObject {
                      ^^^^^^^^
/C:/Users/berkgoknil/AppData/Local/Pub/Cache/hosted/pub.dev/web-1.1.1/lib/src/dom/scheduling_apis.dart:119:46: Error: Type 'JSObject' not found.
extension type TaskPriorityChangeEventInit._(JSObject _)
                                             ^^^^^^^^
/C:/Users/berkgoknil/AppData/Local/Pub/Cache/hosted/pub.dev/web-1.1.1/lib/src/dom/scheduling_apis.dart:120:27: Error: Type 'JSObject' not found.
    implements EventInit, JSObject {
                          ^^^^^^^^
/C:/Users/berkgoknil/AppData/Local/Pub/Cache/hosted/pub.dev/web-1.1.1/lib/src/dom/scheduling_apis.dart:131:37: Error: Type 'JSObject' not found.
extension type TaskControllerInit._(JSObject _) implements JSObject {
                                    ^^^^^^^^
/C:/Users/berkgoknil/AppData/Local/Pub/Cache/hosted/pub.dev/web-1.1.1/lib/src/dom/scheduling_apis.dart:131:60: Error: Type 'JSObject' not found.
extension type TaskControllerInit._(JSObject _) implements JSObject {
                                                           ^^^^^^^^
/C:/Users/berkgoknil/AppData/Local/Pub/Cache/hosted/pub.dev/web-1.1.1/lib/src/dom/scheduling_apis.dart:169:33: Error: Type 'JSObject' not found.
extension type TaskController._(JSObject _)
                                ^^^^^^^^
/C:/Users/berkgoknil/AppData/Local/Pub/Cache/hosted/pub.dev/web-1.1.1/lib/src/dom/scheduling_apis.dart:170:33: Error: Type 'JSObject' not found.
    implements AbortController, JSObject {
                                ^^^^^^^^
/C:/Users/berkgoknil/AppData/Local/Pub/Cache/hosted/pub.dev/web-1.1.1/lib/src/dom/scheduling_apis.dart:221:29: Error: Type 'JSObject' not found.
extension type TaskSignal._(JSObject _) implements AbortSignal, JSObject {
                            ^^^^^^^^
/C:/Users/berkgoknil/AppData/Local/Pub/Cache/hosted/pub.dev/web-1.1.1/lib/src/dom/scheduling_apis.dart:221:65: Error: Type 'JSObject' not found.
extension type TaskSignal._(JSObject _) implements AbortSignal, JSObject {
                                                                ^^^^^^^^
/C:/Users/berkgoknil/AppData/Local/Pub/Cache/hosted/pub.dev/web-1.1.1/lib/src/dom/scheduling_apis.dart:23:66: Error: The type 'JSObject' can't be implemented by an extension type.
extension type SchedulerPostTaskOptions._(JSObject _) implements JSObject {
                                                                 ^
/C:/Users/berkgoknil/AppData/Local/Pub/Cache/hosted/pub.dev/web-1.1.1/lib/src/dom/scheduling_apis.dart:50:51: Error: The type 'JSObject' can't be implemented by an extension type.
extension type Scheduler._(JSObject _) implements JSObject {
                                                  ^
/C:/Users/berkgoknil/AppData/Local/Pub/Cache/hosted/pub.dev/web-1.1.1/lib/src/dom/scheduling_apis.dart:100:23: Error: The type 'JSObject' can't be implemented by an extension type.
    implements Event, JSObject {
                      ^
/C:/Users/berkgoknil/AppData/Local/Pub/Cache/hosted/pub.dev/web-1.1.1/lib/src/dom/scheduling_apis.dart:120:27: Error: The type 'JSObject' can't be implemented by an extension type.
    implements EventInit, JSObject {
                          ^
/C:/Users/berkgoknil/AppData/Local/Pub/Cache/hosted/pub.dev/web-1.1.1/lib/src/dom/scheduling_apis.dart:131:60: Error: The type 'JSObject' can't be implemented by an extension type.
extension type TaskControllerInit._(JSObject _) implements JSObject {
                                                           ^
/C:/Users/berkgoknil/AppData/Local/Pub/Cache/hosted/pub.dev/web-1.1.1/lib/src/dom/scheduling_apis.dart:170:33: Error: The type 'JSObject' can't be implemented by an extension type.
    implements AbortController, JSObject {
                                ^
/C:/Users/berkgoknil/AppData/Local/Pub/Cache/hosted/pub.dev/web-1.1.1/lib/src/dom/scheduling_apis.dart:221:65: Error: The type 'JSObject' can't be implemented by an extension type.
extension type TaskSignal._(JSObject _) implements AbortSignal, JSObject {
                                                                ^
/C:/Users/berkgoknil/AppData/Local/Pub/Cache/hosted/pub.dev/web-1.1.1/lib/src/dom/scheduling_apis.dart:13:2: Error: Couldn't find constructor 'JS'.
@JS()
 ^^
/C:/Users/berkgoknil/AppData/Local/Pub/Cache/hosted/pub.dev/web-1.1.1/lib/src/dom/scheduling_apis.dart:23:43: Error: 'JSObject' isn't a type.
extension type SchedulerPostTaskOptions._(JSObject _) implements JSObject {
                                          ^^^^^^^^
/C:/Users/berkgoknil/AppData/Local/Pub/Cache/hosted/pub.dev/web-1.1.1/lib/src/dom/scheduling_apis.dart:50:28: Error: 'JSObject' isn't a type.
extension type Scheduler._(JSObject _) implements JSObject {
                           ^^^^^^^^
/C:/Users/berkgoknil/AppData/Local/Pub/Cache/hosted/pub.dev/web-1.1.1/lib/src/dom/scheduling_apis.dart:99:42: Error: 'JSObject' isn't a type.
extension type TaskPriorityChangeEvent._(JSObject _)
                                         ^^^^^^^^
/C:/Users/berkgoknil/AppData/Local/Pub/Cache/hosted/pub.dev/web-1.1.1/lib/src/dom/scheduling_apis.dart:119:46: Error: 'JSObject' isn't a type.
extension type TaskPriorityChangeEventInit._(JSObject _)
                                             ^^^^^^^^
/C:/Users/berkgoknil/AppData/Local/Pub/Cache/hosted/pub.dev/web-1.1.1/lib/src/dom/scheduling_apis.dart:131:37: Error: 'JSObject' isn't a type.
extension type TaskControllerInit._(JSObject _) implements JSObject {
                                    ^^^^^^^^
/C:/Users/berkgoknil/AppData/Local/Pub/Cache/hosted/pub.dev/web-1.1.1/lib/src/dom/scheduling_apis.dart:169:33: Error: 'JSObject' isn't a type.
extension type TaskController._(JSObject _)
                                ^^^^^^^^
/C:/Users/berkgoknil/AppData/Local/Pub/Cache/hosted/pub.dev/web-1.1.1/lib/src/dom/scheduling_apis.dart:221:29: Error: 'JSObject' isn't a type.
extension type TaskSignal._(JSObject _) implements AbortSignal, JSObject {
                            ^^^^^^^^
/C:/Users/berkgoknil/AppData/Local/Pub/Cache/hosted/pub.dev/web-1.1.1/lib/src/dom/requestidlecallback.dart:16:8: Error: Dart library 'dart:js_interop' is not available on this platform.
import 'dart:js_interop';
       ^
/C:/Users/berkgoknil/AppData/Local/Pub/Cache/hosted/pub.dev/web-1.1.1/lib/src/dom/requestidlecallback.dart:18:31: Error: Type 'JSFunction' not found.
typedef IdleRequestCallback = JSFunction;
                              ^^^^^^^^^^
/C:/Users/berkgoknil/AppData/Local/Pub/Cache/hosted/pub.dev/web-1.1.1/lib/src/dom/requestidlecallback.dart:19:37: Error: Type 'JSObject' not found.
extension type IdleRequestOptions._(JSObject _) implements JSObject {
                                    ^^^^^^^^
/C:/Users/berkgoknil/AppData/Local/Pub/Cache/hosted/pub.dev/web-1.1.1/lib/src/dom/requestidlecallback.dart:19:60: Error: Type 'JSObject' not found.
extension type IdleRequestOptions._(JSObject _) implements JSObject {
                                                           ^^^^^^^^
/C:/Users/berkgoknil/AppData/Local/Pub/Cache/hosted/pub.dev/web-1.1.1/lib/src/dom/requestidlecallback.dart:40:31: Error: Type 'JSObject' not found.
extension type IdleDeadline._(JSObject _) implements JSObject {
                              ^^^^^^^^
/C:/Users/berkgoknil/AppData/Local/Pub/Cache/hosted/pub.dev/web-1.1.1/lib/src/dom/requestidlecallback.dart:40:54: Error: Type 'JSObject' not found.
extension type IdleDeadline._(JSObject _) implements JSObject {
                                                     ^^^^^^^^
/C:/Users/berkgoknil/AppData/Local/Pub/Cache/hosted/pub.dev/web-1.1.1/lib/src/dom/requestidlecallback.dart:19:60: Error: The type 'JSObject' can't be implemented by an extension type.
extension type IdleRequestOptions._(JSObject _) implements JSObject {
                                                           ^
/C:/Users/berkgoknil/AppData/Local/Pub/Cache/hosted/pub.dev/web-1.1.1/lib/src/dom/requestidlecallback.dart:40:54: Error: The type 'JSObject' can't be implemented by an extension type.
extension type IdleDeadline._(JSObject _) implements JSObject {
                                                     ^
/C:/Users/berkgoknil/AppData/Local/Pub/Cache/hosted/pub.dev/web-1.1.1/lib/src/dom/requestidlecallback.dart:13:2: Error: Couldn't find constructor 'JS'.
@JS()
 ^^
/C:/Users/berkgoknil/AppData/Local/Pub/Cache/hosted/pub.dev/web-1.1.1/lib/src/dom/requestidlecallback.dart:19:37: Error: 'JSObject' isn't a type.
extension type IdleRequestOptions._(JSObject _) implements JSObject {
                                    ^^^^^^^^
/C:/Users/berkgoknil/AppData/Local/Pub/Cache/hosted/pub.dev/web-1.1.1/lib/src/dom/requestidlecallback.dart:40:31: Error: 'JSObject' isn't a type.
extension type IdleDeadline._(JSObject _) implements JSObject {
                              ^^^^^^^^
/C:/Users/berkgoknil/AppData/Local/Pub/Cache/hosted/pub.dev/web-1.1.1/lib/src/dom/remote_playback.dart:16:8: Error: Dart library 'dart:js_interop' is not available on this platform.
import 'dart:js_interop';
       ^
/C:/Users/berkgoknil/AppData/Local/Pub/Cache/hosted/pub.dev/web-1.1.1/lib/src/dom/remote_playback.dart:21:46: Error: Type 'JSFunction' not found.
typedef RemotePlaybackAvailabilityCallback = JSFunction;
                                             ^^^^^^^^^^
/C:/Users/berkgoknil/AppData/Local/Pub/Cache/hosted/pub.dev/web-1.1.1/lib/src/dom/remote_playback.dart:32:33: Error: Type 'JSObject' not found.
extension type RemotePlayback._(JSObject _) implements EventTarget, JSObject {
                                ^^^^^^^^
/C:/Users/berkgoknil/AppData/Local/Pub/Cache/hosted/pub.dev/web-1.1.1/lib/src/dom/remote_playback.dart:32:69: Error: Type 'JSObject' not found.
extension type RemotePlayback._(JSObject _) implements EventTarget, JSObject {
                                                                    ^^^^^^^^
/C:/Users/berkgoknil/AppData/Local/Pub/Cache/hosted/pub.dev/web-1.1.1/lib/src/dom/remote_playback.dart:36:22: Error: Type 'JSNumber' not found.
  external JSPromise<JSNumber> watchAvailability(
                     ^^^^^^^^
/C:/Users/berkgoknil/AppData/Local/Pub/Cache/hosted/pub.dev/web-1.1.1/lib/src/dom/remote_playback.dart:36:12: Error: Type 'JSPromise' not found.
  external JSPromise<JSNumber> watchAvailability(
           ^^^^^^^^^
/C:/Users/berkgoknil/AppData/Local/Pub/Cache/hosted/pub.dev/web-1.1.1/lib/src/dom/remote_playback.dart:41:22: Error: Type 'JSAny' not found.
  external JSPromise<JSAny?> cancelWatchAvailability([int id]);
                     ^^^^^
/C:/Users/berkgoknil/AppData/Local/Pub/Cache/hosted/pub.dev/web-1.1.1/lib/src/dom/remote_playback.dart:41:12: Error: Type 'JSPromise' not found.
  external JSPromise<JSAny?> cancelWatchAvailability([int id]);
           ^^^^^^^^^
/C:/Users/berkgoknil/AppData/Local/Pub/Cache/hosted/pub.dev/web-1.1.1/lib/src/dom/remote_playback.dart:54:22: Error: Type 'JSAny' not found.
  external JSPromise<JSAny?> prompt();
                     ^^^^^
/C:/Users/berkgoknil/AppData/Local/Pub/Cache/hosted/pub.dev/web-1.1.1/lib/src/dom/remote_playback.dart:54:12: Error: Type 'JSPromise' not found.
  external JSPromise<JSAny?> prompt();
           ^^^^^^^^^
/C:/Users/berkgoknil/AppData/Local/Pub/Cache/hosted/pub.dev/web-1.1.1/lib/src/dom/remote_playback.dart:32:69: Error: The type 'JSObject' can't be implemented by an extension type.
extension type RemotePlayback._(JSObject _) implements EventTarget, JSObject {
                                                                    ^
/C:/Users/berkgoknil/AppData/Local/Pub/Cache/hosted/pub.dev/web-1.1.1/lib/src/dom/remote_playback.dart:13:2: Error: Couldn't find constructor 'JS'.
@JS()
 ^^
/C:/Users/berkgoknil/AppData/Local/Pub/Cache/hosted/pub.dev/web-1.1.1/lib/src/dom/remote_playback.dart:32:33: Error: 'JSObject' isn't a type.
extension type RemotePlayback._(JSObject _) implements EventTarget, JSObject {
                                ^^^^^^^^
/C:/Users/berkgoknil/AppData/Local/Pub/Cache/hosted/pub.dev/web-1.1.1/lib/src/dom/picture_in_picture.dart:16:8: Error: Dart library 'dart:js_interop' is not available on this platform.
import 'dart:js_interop';
       ^
/C:/Users/berkgoknil/AppData/Local/Pub/Cache/hosted/pub.dev/web-1.1.1/lib/src/dom/picture_in_picture.dart:32:41: Error: Type 'JSObject' not found.
extension type PictureInPictureWindow._(JSObject _)
                                        ^^^^^^^^
/C:/Users/berkgoknil/AppData/Local/Pub/Cache/hosted/pub.dev/web-1.1.1/lib/src/dom/picture_in_picture.dart:33:29: Error: Type 'JSObject' not found.
    implements EventTarget, JSObject {
                            ^^^^^^^^
/C:/Users/berkgoknil/AppData/Local/Pub/Cache/hosted/pub.dev/web-1.1.1/lib/src/dom/picture_in_picture.dart:55:40: Error: Type 'JSObject' not found.
extension type PictureInPictureEvent._(JSObject _) implements Event, JSObject {
                                       ^^^^^^^^
/C:/Users/berkgoknil/AppData/Local/Pub/Cache/hosted/pub.dev/web-1.1.1/lib/src/dom/picture_in_picture.dart:55:70: Error: Type 'JSObject' not found.
extension type PictureInPictureEvent._(JSObject _) implements Event, JSObject {
                                                                     ^^^^^^^^
/C:/Users/berkgoknil/AppData/Local/Pub/Cache/hosted/pub.dev/web-1.1.1/lib/src/dom/picture_in_picture.dart:66:44: Error: Type 'JSObject' not found.
extension type PictureInPictureEventInit._(JSObject _)
                                           ^^^^^^^^
/C:/Users/berkgoknil/AppData/Local/Pub/Cache/hosted/pub.dev/web-1.1.1/lib/src/dom/picture_in_picture.dart:67:27: Error: Type 'JSObject' not found.
    implements EventInit, JSObject {
                          ^^^^^^^^
/C:/Users/berkgoknil/AppData/Local/Pub/Cache/hosted/pub.dev/web-1.1.1/lib/src/dom/picture_in_picture.dart:33:29: Error: The type 'JSObject' can't be implemented by an extension type.
    implements EventTarget, JSObject {
                            ^
/C:/Users/berkgoknil/AppData/Local/Pub/Cache/hosted/pub.dev/web-1.1.1/lib/src/dom/picture_in_picture.dart:55:70: Error: The type 'JSObject' can't be implemented by an extension type.
extension type PictureInPictureEvent._(JSObject _) implements Event, JSObject {
                                                                     ^
/C:/Users/berkgoknil/AppData/Local/Pub/Cache/hosted/pub.dev/web-1.1.1/lib/src/dom/picture_in_picture.dart:67:27: Error: The type 'JSObject' can't be implemented by an extension type.
    implements EventInit, JSObject {
                          ^
/C:/Users/berkgoknil/AppData/Local/Pub/Cache/hosted/pub.dev/web-1.1.1/lib/src/dom/picture_in_picture.dart:13:2: Error: Couldn't find constructor 'JS'.
@JS()
 ^^
/C:/Users/berkgoknil/AppData/Local/Pub/Cache/hosted/pub.dev/web-1.1.1/lib/src/dom/picture_in_picture.dart:32:41: Error: 'JSObject' isn't a type.
extension type PictureInPictureWindow._(JSObject _)
                                        ^^^^^^^^
/C:/Users/berkgoknil/AppData/Local/Pub/Cache/hosted/pub.dev/web-1.1.1/lib/src/dom/picture_in_picture.dart:55:40: Error: 'JSObject' isn't a type.
extension type PictureInPictureEvent._(JSObject _) implements Event, JSObject {
                                       ^^^^^^^^
/C:/Users/berkgoknil/AppData/Local/Pub/Cache/hosted/pub.dev/web-1.1.1/lib/src/dom/picture_in_picture.dart:66:44: Error: 'JSObject' isn't a type.
extension type PictureInPictureEventInit._(JSObject _)
                                           ^^^^^^^^
/C:/Users/berkgoknil/AppData/Local/Pub/Cache/hosted/pub.dev/web-1.1.1/lib/src/dom/permissions.dart:16:8: Error: Dart library 'dart:js_interop' is not available on this platform.
import 'dart:js_interop';
       ^
/C:/Users/berkgoknil/AppData/Local/Pub/Cache/hosted/pub.dev/web-1.1.1/lib/src/dom/permissions.dart:32:30: Error: Type 'JSObject' not found.
extension type Permissions._(JSObject _) implements JSObject {
                             ^^^^^^^^
/C:/Users/berkgoknil/AppData/Local/Pub/Cache/hosted/pub.dev/web-1.1.1/lib/src/dom/permissions.dart:32:53: Error: Type 'JSObject' not found.
extension type Permissions._(JSObject _) implements JSObject {
                                                    ^^^^^^^^
/C:/Users/berkgoknil/AppData/Local/Pub/Cache/hosted/pub.dev/web-1.1.1/lib/src/dom/permissions.dart:35:12: Error: Type 'JSPromise' not found.
  external JSPromise<PermissionStatus> query(JSObject permissionDesc);
           ^^^^^^^^^
/C:/Users/berkgoknil/AppData/Local/Pub/Cache/hosted/pub.dev/web-1.1.1/lib/src/dom/permissions.dart:35:46: Error: Type 'JSObject' not found.
  external JSPromise<PermissionStatus> query(JSObject permissionDesc);
                                             ^^^^^^^^
/C:/Users/berkgoknil/AppData/Local/Pub/Cache/hosted/pub.dev/web-1.1.1/lib/src/dom/permissions.dart:42:12: Error: Type 'JSPromise' not found.
  external JSPromise<PermissionStatus> revoke(JSObject permissionDesc);
           ^^^^^^^^^
/C:/Users/berkgoknil/AppData/Local/Pub/Cache/hosted/pub.dev/web-1.1.1/lib/src/dom/permissions.dart:42:47: Error: Type 'JSObject' not found.
  external JSPromise<PermissionStatus> revoke(JSObject permissionDesc);
                                              ^^^^^^^^
/C:/Users/berkgoknil/AppData/Local/Pub/Cache/hosted/pub.dev/web-1.1.1/lib/src/dom/permissions.dart:54:35: Error: Type 'JSObject' not found.
extension type PermissionStatus._(JSObject _) implements EventTarget, JSObject {
                                  ^^^^^^^^
/C:/Users/berkgoknil/AppData/Local/Pub/Cache/hosted/pub.dev/web-1.1.1/lib/src/dom/permissions.dart:54:71: Error: Type 'JSObject' not found.
extension type PermissionStatus._(JSObject _) implements EventTarget, JSObject {
                                                                      ^^^^^^^^
/C:/Users/berkgoknil/AppData/Local/Pub/Cache/hosted/pub.dev/web-1.1.1/lib/src/dom/permissions.dart:32:53: Error: The type 'JSObject' can't be implemented by an extension type.
extension type Permissions._(JSObject _) implements JSObject {
                                                    ^
/C:/Users/berkgoknil/AppData/Local/Pub/Cache/hosted/pub.dev/web-1.1.1/lib/src/dom/permissions.dart:54:71: Error: The type 'JSObject' can't be implemented by an extension type.
extension type PermissionStatus._(JSObject _) implements EventTarget, JSObject {
                                                                      ^
/C:/Users/berkgoknil/AppData/Local/Pub/Cache/hosted/pub.dev/web-1.1.1/lib/src/dom/permissions.dart:13:2: Error: Couldn't find constructor 'JS'.
@JS()
 ^^
/C:/Users/berkgoknil/AppData/Local/Pub/Cache/hosted/pub.dev/web-1.1.1/lib/src/dom/permissions.dart:32:30: Error: 'JSObject' isn't a type.
extension type Permissions._(JSObject _) implements JSObject {
                             ^^^^^^^^
/C:/Users/berkgoknil/AppData/Local/Pub/Cache/hosted/pub.dev/web-1.1.1/lib/src/dom/permissions.dart:35:46: Error: 'JSObject' isn't a type.
  external JSPromise<PermissionStatus> query(JSObject permissionDesc);
                                             ^^^^^^^^
/C:/Users/berkgoknil/AppData/Local/Pub/Cache/hosted/pub.dev/web-1.1.1/lib/src/dom/permissions.dart:42:47: Error: 'JSObject' isn't a type.
  external JSPromise<PermissionStatus> revoke(JSObject permissionDesc);
                                              ^^^^^^^^
/C:/Users/berkgoknil/AppData/Local/Pub/Cache/hosted/pub.dev/web-1.1.1/lib/src/dom/permissions.dart:54:35: Error: 'JSObject' isn't a type.
extension type PermissionStatus._(JSObject _) implements EventTarget, JSObject {
                                  ^^^^^^^^
/C:/Users/berkgoknil/AppData/Local/Pub/Cache/hosted/pub.dev/web-1.1.1/lib/src/dom/netinfo.dart:16:8: Error: Dart library 'dart:js_interop' is not available on this platform.
import 'dart:js_interop';
       ^
/C:/Users/berkgoknil/AppData/Local/Pub/Cache/hosted/pub.dev/web-1.1.1/lib/src/dom/netinfo.dart:38:37: Error: Type 'JSObject' not found.
extension type NetworkInformation._(JSObject _)
                                    ^^^^^^^^
/C:/Users/berkgoknil/AppData/Local/Pub/Cache/hosted/pub.dev/web-1.1.1/lib/src/dom/netinfo.dart:39:29: Error: Type 'JSObject' not found.
    implements EventTarget, JSObject {
                            ^^^^^^^^
/C:/Users/berkgoknil/AppData/Local/Pub/Cache/hosted/pub.dev/web-1.1.1/lib/src/dom/netinfo.dart:39:29: Error: The type 'JSObject' can't be implemented by an extension type.
    implements EventTarget, JSObject {
                            ^
/C:/Users/berkgoknil/AppData/Local/Pub/Cache/hosted/pub.dev/web-1.1.1/lib/src/dom/netinfo.dart:13:2: Error: Couldn't find constructor 'JS'.
@JS()
 ^^
/C:/Users/berkgoknil/AppData/Local/Pub/Cache/hosted/pub.dev/web-1.1.1/lib/src/dom/netinfo.dart:38:37: Error: 'JSObject' isn't a type.
extension type NetworkInformation._(JSObject _)
                                    ^^^^^^^^
/C:/Users/berkgoknil/AppData/Local/Pub/Cache/hosted/pub.dev/web-1.1.1/lib/src/dom/mediasession.dart:16:8: Error: Dart library 'dart:js_interop' is not available on this platform.
import 'dart:js_interop';
       ^
/C:/Users/berkgoknil/AppData/Local/Pub/Cache/hosted/pub.dev/web-1.1.1/lib/src/dom/mediasession.dart:18:37: Error: Type 'JSFunction' not found.
typedef MediaSessionActionHandler = JSFunction;
                                    ^^^^^^^^^^
/C:/Users/berkgoknil/AppData/Local/Pub/Cache/hosted/pub.dev/web-1.1.1/lib/src/dom/mediasession.dart:36:31: Error: Type 'JSObject' not found.
extension type MediaSession._(JSObject _) implements JSObject {
                              ^^^^^^^^
/C:/Users/berkgoknil/AppData/Local/Pub/Cache/hosted/pub.dev/web-1.1.1/lib/src/dom/mediasession.dart:36:54: Error: Type 'JSObject' not found.
extension type MediaSession._(JSObject _) implements JSObject {
                                                     ^^^^^^^^
/C:/Users/berkgoknil/AppData/Local/Pub/Cache/hosted/pub.dev/web-1.1.1/lib/src/dom/mediasession.dart:84:32: Error: Type 'JSObject' not found.
extension type MediaMetadata._(JSObject _) implements JSObject {
                               ^^^^^^^^
/C:/Users/berkgoknil/AppData/Local/Pub/Cache/hosted/pub.dev/web-1.1.1/lib/src/dom/mediasession.dart:84:55: Error: Type 'JSObject' not found.
extension type MediaMetadata._(JSObject _) implements JSObject {
                                                      ^^^^^^^^
/C:/Users/berkgoknil/AppData/Local/Pub/Cache/hosted/pub.dev/web-1.1.1/lib/src/dom/mediasession.dart:109:12: Error: Type 'JSArray' not found.
  external JSArray<MediaImage> get artwork;
           ^^^^^^^
/C:/Users/berkgoknil/AppData/Local/Pub/Cache/hosted/pub.dev/web-1.1.1/lib/src/dom/mediasession.dart:110:24: Error: Type 'JSArray' not found.
  external set artwork(JSArray<MediaImage> value);
                       ^^^^^^^
/C:/Users/berkgoknil/AppData/Local/Pub/Cache/hosted/pub.dev/web-1.1.1/lib/src/dom/mediasession.dart:112:36: Error: Type 'JSObject' not found.
extension type MediaMetadataInit._(JSObject _) implements JSObject {
                                   ^^^^^^^^
/C:/Users/berkgoknil/AppData/Local/Pub/Cache/hosted/pub.dev/web-1.1.1/lib/src/dom/mediasession.dart:112:59: Error: Type 'JSObject' not found.
extension type MediaMetadataInit._(JSObject _) implements JSObject {
                                                          ^^^^^^^^
/C:/Users/berkgoknil/AppData/Local/Pub/Cache/hosted/pub.dev/web-1.1.1/lib/src/dom/mediasession.dart:117:5: Error: Type 'JSArray' not found.
    JSArray<MediaImage> artwork,
    ^^^^^^^
/C:/Users/berkgoknil/AppData/Local/Pub/Cache/hosted/pub.dev/web-1.1.1/lib/src/dom/mediasession.dart:118:5: Error: Type 'JSArray' not found.
    JSArray<ChapterInformationInit> chapterInfo,
    ^^^^^^^
/C:/Users/berkgoknil/AppData/Local/Pub/Cache/hosted/pub.dev/web-1.1.1/lib/src/dom/mediasession.dart:127:12: Error: Type 'JSArray' not found.
  external JSArray<MediaImage> get artwork;
           ^^^^^^^
/C:/Users/berkgoknil/AppData/Local/Pub/Cache/hosted/pub.dev/web-1.1.1/lib/src/dom/mediasession.dart:128:24: Error: Type 'JSArray' not found.
  external set artwork(JSArray<MediaImage> value);
                       ^^^^^^^
/C:/Users/berkgoknil/AppData/Local/Pub/Cache/hosted/pub.dev/web-1.1.1/lib/src/dom/mediasession.dart:129:12: Error: Type 'JSArray' not found.
  external JSArray<ChapterInformationInit> get chapterInfo;
           ^^^^^^^
/C:/Users/berkgoknil/AppData/Local/Pub/Cache/hosted/pub.dev/web-1.1.1/lib/src/dom/mediasession.dart:130:28: Error: Type 'JSArray' not found.
  external set chapterInfo(JSArray<ChapterInformationInit> value);
                           ^^^^^^^
/C:/Users/berkgoknil/AppData/Local/Pub/Cache/hosted/pub.dev/web-1.1.1/lib/src/dom/mediasession.dart:132:41: Error: Type 'JSObject' not found.
extension type ChapterInformationInit._(JSObject _) implements JSObject {
                                        ^^^^^^^^
/C:/Users/berkgoknil/AppData/Local/Pub/Cache/hosted/pub.dev/web-1.1.1/lib/src/dom/mediasession.dart:132:64: Error: Type 'JSObject' not found.
extension type ChapterInformationInit._(JSObject _) implements JSObject {
                                                               ^^^^^^^^
/C:/Users/berkgoknil/AppData/Local/Pub/Cache/hosted/pub.dev/web-1.1.1/lib/src/dom/mediasession.dart:136:5: Error: Type 'JSArray' not found.
    JSArray<MediaImage> artwork,
    ^^^^^^^
/C:/Users/berkgoknil/AppData/Local/Pub/Cache/hosted/pub.dev/web-1.1.1/lib/src/dom/mediasession.dart:143:12: Error: Type 'JSArray' not found.
  external JSArray<MediaImage> get artwork;
           ^^^^^^^
/C:/Users/berkgoknil/AppData/Local/Pub/Cache/hosted/pub.dev/web-1.1.1/lib/src/dom/mediasession.dart:144:24: Error: Type 'JSArray' not found.
  external set artwork(JSArray<MediaImage> value);
                       ^^^^^^^
/C:/Users/berkgoknil/AppData/Local/Pub/Cache/hosted/pub.dev/web-1.1.1/lib/src/dom/mediasession.dart:146:29: Error: Type 'JSObject' not found.
extension type MediaImage._(JSObject _) implements JSObject {
                            ^^^^^^^^
/C:/Users/berkgoknil/AppData/Local/Pub/Cache/hosted/pub.dev/web-1.1.1/lib/src/dom/mediasession.dart:146:52: Error: Type 'JSObject' not found.
extension type MediaImage._(JSObject _) implements JSObject {
                                                   ^^^^^^^^
/C:/Users/berkgoknil/AppData/Local/Pub/Cache/hosted/pub.dev/web-1.1.1/lib/src/dom/mediasession.dart:160:37: Error: Type 'JSObject' not found.
extension type MediaPositionState._(JSObject _) implements JSObject {
                                    ^^^^^^^^
/C:/Users/berkgoknil/AppData/Local/Pub/Cache/hosted/pub.dev/web-1.1.1/lib/src/dom/mediasession.dart:160:60: Error: Type 'JSObject' not found.
extension type MediaPositionState._(JSObject _) implements JSObject {
                                                           ^^^^^^^^
/C:/Users/berkgoknil/AppData/Local/Pub/Cache/hosted/pub.dev/web-1.1.1/lib/src/dom/mediasession.dart:36:54: Error: The type 'JSObject' can't be implemented by an extension type.
extension type MediaSession._(JSObject _) implements JSObject {
                                                     ^
/C:/Users/berkgoknil/AppData/Local/Pub/Cache/hosted/pub.dev/web-1.1.1/lib/src/dom/mediasession.dart:84:55: Error: The type 'JSObject' can't be implemented by an extension type.
extension type MediaMetadata._(JSObject _) implements JSObject {
                                                      ^
/C:/Users/berkgoknil/AppData/Local/Pub/Cache/hosted/pub.dev/web-1.1.1/lib/src/dom/mediasession.dart:112:59: Error: The type 'JSObject' can't be implemented by an extension type.
extension type MediaMetadataInit._(JSObject _) implements JSObject {
                                                          ^
/C:/Users/berkgoknil/AppData/Local/Pub/Cache/hosted/pub.dev/web-1.1.1/lib/src/dom/mediasession.dart:132:64: Error: The type 'JSObject' can't be implemented by an extension type.
extension type ChapterInformationInit._(JSObject _) implements JSObject {
                                                               ^
/C:/Users/berkgoknil/AppData/Local/Pub/Cache/hosted/pub.dev/web-1.1.1/lib/src/dom/mediasession.dart:146:52: Error: The type 'JSObject' can't be implemented by an extension type.
extension type MediaImage._(JSObject _) implements JSObject {
                                                   ^
/C:/Users/berkgoknil/AppData/Local/Pub/Cache/hosted/pub.dev/web-1.1.1/lib/src/dom/mediasession.dart:160:60: Error: The type 'JSObject' can't be implemented by an extension type.
extension type MediaPositionState._(JSObject _) implements JSObject {
                                                           ^
/C:/Users/berkgoknil/AppData/Local/Pub/Cache/hosted/pub.dev/web-1.1.1/lib/src/dom/mediasession.dart:13:2: Error: Couldn't find constructor 'JS'.
@JS()
 ^^
/C:/Users/berkgoknil/AppData/Local/Pub/Cache/hosted/pub.dev/web-1.1.1/lib/src/dom/mediasession.dart:36:31: Error: 'JSObject' isn't a type.
extension type MediaSession._(JSObject _) implements JSObject {
                              ^^^^^^^^
/C:/Users/berkgoknil/AppData/Local/Pub/Cache/hosted/pub.dev/web-1.1.1/lib/src/dom/mediasession.dart:84:32: Error: 'JSObject' isn't a type.
extension type MediaMetadata._(JSObject _) implements JSObject {
                               ^^^^^^^^
/C:/Users/berkgoknil/AppData/Local/Pub/Cache/hosted/pub.dev/web-1.1.1/lib/src/dom/mediasession.dart:110:24: Error: 'JSArray' isn't a type.
  external set artwork(JSArray<MediaImage> value);
                       ^^^^^^^
/C:/Users/berkgoknil/AppData/Local/Pub/Cache/hosted/pub.dev/web-1.1.1/lib/src/dom/mediasession.dart:112:36: Error: 'JSObject' isn't a type.
extension type MediaMetadataInit._(JSObject _) implements JSObject {
                                   ^^^^^^^^
/C:/Users/berkgoknil/AppData/Local/Pub/Cache/hosted/pub.dev/web-1.1.1/lib/src/dom/mediasession.dart:117:5: Error: 'JSArray' isn't a type.
    JSArray<MediaImage> artwork,
    ^^^^^^^
/C:/Users/berkgoknil/AppData/Local/Pub/Cache/hosted/pub.dev/web-1.1.1/lib/src/dom/mediasession.dart:118:5: Error: 'JSArray' isn't a type.
    JSArray<ChapterInformationInit> chapterInfo,
    ^^^^^^^
/C:/Users/berkgoknil/AppData/Local/Pub/Cache/hosted/pub.dev/web-1.1.1/lib/src/dom/mediasession.dart:128:24: Error: 'JSArray' isn't a type.
  external set artwork(JSArray<MediaImage> value);
                       ^^^^^^^
/C:/Users/berkgoknil/AppData/Local/Pub/Cache/hosted/pub.dev/web-1.1.1/lib/src/dom/mediasession.dart:130:28: Error: 'JSArray' isn't a type.
  external set chapterInfo(JSArray<ChapterInformationInit> value);
                           ^^^^^^^
/C:/Users/berkgoknil/AppData/Local/Pub/Cache/hosted/pub.dev/web-1.1.1/lib/src/dom/mediasession.dart:132:41: Error: 'JSObject' isn't a type.
extension type ChapterInformationInit._(JSObject _) implements JSObject {
                                        ^^^^^^^^
/C:/Users/berkgoknil/AppData/Local/Pub/Cache/hosted/pub.dev/web-1.1.1/lib/src/dom/mediasession.dart:136:5: Error: 'JSArray' isn't a type.
    JSArray<MediaImage> artwork,
    ^^^^^^^
/C:/Users/berkgoknil/AppData/Local/Pub/Cache/hosted/pub.dev/web-1.1.1/lib/src/dom/mediasession.dart:144:24: Error: 'JSArray' isn't a type.
  external set artwork(JSArray<MediaImage> value);
                       ^^^^^^^
/C:/Users/berkgoknil/AppData/Local/Pub/Cache/hosted/pub.dev/web-1.1.1/lib/src/dom/mediasession.dart:146:29: Error: 'JSObject' isn't a type.
extension type MediaImage._(JSObject _) implements JSObject {
                            ^^^^^^^^
/C:/Users/berkgoknil/AppData/Local/Pub/Cache/hosted/pub.dev/web-1.1.1/lib/src/dom/mediasession.dart:160:37: Error: 'JSObject' isn't a type.
extension type MediaPositionState._(JSObject _) implements JSObject {
                                    ^^^^^^^^
/C:/Users/berkgoknil/AppData/Local/Pub/Cache/hosted/pub.dev/web-1.1.1/lib/src/dom/mediacapture_streams.dart:16:8: Error: Dart library 'dart:js_interop' is not available on this platform.
import 'dart:js_interop';
       ^
/C:/Users/berkgoknil/AppData/Local/Pub/Cache/hosted/pub.dev/web-1.1.1/lib/src/dom/mediacapture_streams.dart:24:26: Error: Type 'JSAny' not found.
typedef ConstrainULong = JSAny;
                         ^^^^^
/C:/Users/berkgoknil/AppData/Local/Pub/Cache/hosted/pub.dev/web-1.1.1/lib/src/dom/mediacapture_streams.dart:25:27: Error: Type 'JSAny' not found.
typedef ConstrainDouble = JSAny;
                          ^^^^^
/C:/Users/berkgoknil/AppData/Local/Pub/Cache/hosted/pub.dev/web-1.1.1/lib/src/dom/mediacapture_streams.dart:26:28: Error: Type 'JSAny' not found.
typedef ConstrainBoolean = JSAny;
                           ^^^^^
/C:/Users/berkgoknil/AppData/Local/Pub/Cache/hosted/pub.dev/web-1.1.1/lib/src/dom/mediacapture_streams.dart:27:30: Error: Type 'JSAny' not found.
typedef ConstrainDOMString = JSAny;
                             ^^^^^
/C:/Users/berkgoknil/AppData/Local/Pub/Cache/hosted/pub.dev/web-1.1.1/lib/src/dom/mediacapture_streams.dart:45:30: Error: Type 'JSObject' not found.
extension type MediaStream._(JSObject _) implements EventTarget, JSObject {
                             ^^^^^^^^
/C:/Users/berkgoknil/AppData/Local/Pub/Cache/hosted/pub.dev/web-1.1.1/lib/src/dom/mediacapture_streams.dart:45:66: Error: Type 'JSObject' not found.
extension type MediaStream._(JSObject _) implements EventTarget, JSObject {
                                                                 ^^^^^^^^
/C:/Users/berkgoknil/AppData/Local/Pub/Cache/hosted/pub.dev/web-1.1.1/lib/src/dom/mediacapture_streams.dart:46:33: Error: Type 'JSObject' not found.
  external factory MediaStream([JSObject streamOrTracks]);
                                ^^^^^^^^
/C:/Users/berkgoknil/AppData/Local/Pub/Cache/hosted/pub.dev/web-1.1.1/lib/src/dom/mediacapture_streams.dart:55:12: Error: Type 'JSArray' not found.
  external JSArray<MediaStreamTrack> getAudioTracks();
           ^^^^^^^
/C:/Users/berkgoknil/AppData/Local/Pub/Cache/hosted/pub.dev/web-1.1.1/lib/src/dom/mediacapture_streams.dart:60:12: Error: Type 'JSArray' not found.
  external JSArray<MediaStreamTrack> getVideoTracks();
           ^^^^^^^
/C:/Users/berkgoknil/AppData/Local/Pub/Cache/hosted/pub.dev/web-1.1.1/lib/src/dom/mediacapture_streams.dart:68:12: Error: Type 'JSArray' not found.
  external JSArray<MediaStreamTrack> getTracks();
           ^^^^^^^
/C:/Users/berkgoknil/AppData/Local/Pub/Cache/hosted/pub.dev/web-1.1.1/lib/src/dom/mediacapture_streams.dart:129:35: Error: Type 'JSObject' not found.
extension type MediaStreamTrack._(JSObject _) implements EventTarget, JSObject {
                                  ^^^^^^^^
/C:/Users/berkgoknil/AppData/Local/Pub/Cache/hosted/pub.dev/web-1.1.1/lib/src/dom/mediacapture_streams.dart:129:71: Error: Type 'JSObject' not found.
extension type MediaStreamTrack._(JSObject _) implements EventTarget, JSObject {
                                                                      ^^^^^^^^
/C:/Users/berkgoknil/AppData/Local/Pub/Cache/hosted/pub.dev/web-1.1.1/lib/src/dom/mediacapture_streams.dart:204:22: Error: Type 'JSAny' not found.
  external JSPromise<JSAny?> applyConstraints(
                     ^^^^^
/C:/Users/berkgoknil/AppData/Local/Pub/Cache/hosted/pub.dev/web-1.1.1/lib/src/dom/mediacapture_streams.dart:204:12: Error: Type 'JSPromise' not found.
  external JSPromise<JSAny?> applyConstraints(
           ^^^^^^^^^
/C:/Users/berkgoknil/AppData/Local/Pub/Cache/hosted/pub.dev/web-1.1.1/lib/src/dom/mediacapture_streams.dart:311:49: Error: Type 'JSObject' not found.
extension type MediaTrackSupportedConstraints._(JSObject _)
                                                ^^^^^^^^
/C:/Users/berkgoknil/AppData/Local/Pub/Cache/hosted/pub.dev/web-1.1.1/lib/src/dom/mediacapture_streams.dart:312:16: Error: Type 'JSObject' not found.
    implements JSObject {
               ^^^^^^^^
/C:/Users/berkgoknil/AppData/Local/Pub/Cache/hosted/pub.dev/web-1.1.1/lib/src/dom/mediacapture_streams.dart:631:41: Error: Type 'JSObject' not found.
extension type MediaTrackCapabilities._(JSObject _) implements JSObject {
                                        ^^^^^^^^
/C:/Users/berkgoknil/AppData/Local/Pub/Cache/hosted/pub.dev/web-1.1.1/lib/src/dom/mediacapture_streams.dart:631:64: Error: Type 'JSObject' not found.
extension type MediaTrackCapabilities._(JSObject _) implements JSObject {
                                                               ^^^^^^^^
/C:/Users/berkgoknil/AppData/Local/Pub/Cache/hosted/pub.dev/web-1.1.1/lib/src/dom/mediacapture_streams.dart:637:13: Error: Type 'JSString' not found.
    JSArray<JSString> facingMode,
            ^^^^^^^^
/C:/Users/berkgoknil/AppData/Local/Pub/Cache/hosted/pub.dev/web-1.1.1/lib/src/dom/mediacapture_streams.dart:637:5: Error: Type 'JSArray' not found.
    JSArray<JSString> facingMode,
    ^^^^^^^
/C:/Users/berkgoknil/AppData/Local/Pub/Cache/hosted/pub.dev/web-1.1.1/lib/src/dom/mediacapture_streams.dart:638:13: Error: Type 'JSString' not found.
    JSArray<JSString> resizeMode,
            ^^^^^^^^
/C:/Users/berkgoknil/AppData/Local/Pub/Cache/hosted/pub.dev/web-1.1.1/lib/src/dom/mediacapture_streams.dart:638:5: Error: Type 'JSArray' not found.
    JSArray<JSString> resizeMode,
    ^^^^^^^
/C:/Users/berkgoknil/AppData/Local/Pub/Cache/hosted/pub.dev/web-1.1.1/lib/src/dom/mediacapture_streams.dart:641:13: Error: Type 'JSBoolean' not found.
    JSArray<JSBoolean> echoCancellation,
            ^^^^^^^^^
/C:/Users/berkgoknil/AppData/Local/Pub/Cache/hosted/pub.dev/web-1.1.1/lib/src/dom/mediacapture_streams.dart:641:5: Error: Type 'JSArray' not found.
    JSArray<JSBoolean> echoCancellation,
    ^^^^^^^
/C:/Users/berkgoknil/AppData/Local/Pub/Cache/hosted/pub.dev/web-1.1.1/lib/src/dom/mediacapture_streams.dart:642:13: Error: Type 'JSBoolean' not found.
    JSArray<JSBoolean> autoGainControl,
            ^^^^^^^^^
/C:/Users/berkgoknil/AppData/Local/Pub/Cache/hosted/pub.dev/web-1.1.1/lib/src/dom/mediacapture_streams.dart:642:5: Error: Type 'JSArray' not found.
    JSArray<JSBoolean> autoGainControl,
    ^^^^^^^
/C:/Users/berkgoknil/AppData/Local/Pub/Cache/hosted/pub.dev/web-1.1.1/lib/src/dom/mediacapture_streams.dart:643:13: Error: Type 'JSBoolean' not found.
    JSArray<JSBoolean> noiseSuppression,
            ^^^^^^^^^
/C:/Users/berkgoknil/AppData/Local/Pub/Cache/hosted/pub.dev/web-1.1.1/lib/src/dom/mediacapture_streams.dart:643:5: Error: Type 'JSArray' not found.
    JSArray<JSBoolean> noiseSuppression,
    ^^^^^^^
/C:/Users/berkgoknil/AppData/Local/Pub/Cache/hosted/pub.dev/web-1.1.1/lib/src/dom/mediacapture_streams.dart:648:13: Error: Type 'JSString' not found.
    JSArray<JSString> whiteBalanceMode,
            ^^^^^^^^
/C:/Users/berkgoknil/AppData/Local/Pub/Cache/hosted/pub.dev/web-1.1.1/lib/src/dom/mediacapture_streams.dart:648:5: Error: Type 'JSArray' not found.
    JSArray<JSString> whiteBalanceMode,
    ^^^^^^^
/C:/Users/berkgoknil/AppData/Local/Pub/Cache/hosted/pub.dev/web-1.1.1/lib/src/dom/mediacapture_streams.dart:649:13: Error: Type 'JSString' not found.
    JSArray<JSString> exposureMode,
            ^^^^^^^^
/C:/Users/berkgoknil/AppData/Local/Pub/Cache/hosted/pub.dev/web-1.1.1/lib/src/dom/mediacapture_streams.dart:649:5: Error: Type 'JSArray' not found.
    JSArray<JSString> exposureMode,
    ^^^^^^^
/C:/Users/berkgoknil/AppData/Local/Pub/Cache/hosted/pub.dev/web-1.1.1/lib/src/dom/mediacapture_streams.dart:650:13: Error: Type 'JSString' not found.
    JSArray<JSString> focusMode,
            ^^^^^^^^
/C:/Users/berkgoknil/AppData/Local/Pub/Cache/hosted/pub.dev/web-1.1.1/lib/src/dom/mediacapture_streams.dart:650:5: Error: Type 'JSArray' not found.
    JSArray<JSString> focusMode,
    ^^^^^^^
/C:/Users/berkgoknil/AppData/Local/Pub/Cache/hosted/pub.dev/web-1.1.1/lib/src/dom/mediacapture_streams.dart:663:13: Error: Type 'JSBoolean' not found.
    JSArray<JSBoolean> torch,
            ^^^^^^^^^
/C:/Users/berkgoknil/AppData/Local/Pub/Cache/hosted/pub.dev/web-1.1.1/lib/src/dom/mediacapture_streams.dart:663:5: Error: Type 'JSArray' not found.
    JSArray<JSBoolean> torch,
    ^^^^^^^
/C:/Users/berkgoknil/AppData/Local/Pub/Cache/hosted/pub.dev/web-1.1.1/lib/src/dom/mediacapture_streams.dart:666:13: Error: Type 'JSString' not found.
    JSArray<JSString> cursor,
            ^^^^^^^^
/C:/Users/berkgoknil/AppData/Local/Pub/Cache/hosted/pub.dev/web-1.1.1/lib/src/dom/mediacapture_streams.dart:666:5: Error: Type 'JSArray' not found.
    JSArray<JSString> cursor,
    ^^^^^^^
/C:/Users/berkgoknil/AppData/Local/Pub/Cache/hosted/pub.dev/web-1.1.1/lib/src/dom/mediacapture_streams.dart:677:20: Error: Type 'JSString' not found.
  external JSArray<JSString> get facingMode;
                   ^^^^^^^^
/C:/Users/berkgoknil/AppData/Local/Pub/Cache/hosted/pub.dev/web-1.1.1/lib/src/dom/mediacapture_streams.dart:677:12: Error: Type 'JSArray' not found.
  external JSArray<JSString> get facingMode;
           ^^^^^^^
/C:/Users/berkgoknil/AppData/Local/Pub/Cache/hosted/pub.dev/web-1.1.1/lib/src/dom/mediacapture_streams.dart:678:35: Error: Type 'JSString' not found.
  external set facingMode(JSArray<JSString> value);
                                  ^^^^^^^^
/C:/Users/berkgoknil/AppData/Local/Pub/Cache/hosted/pub.dev/web-1.1.1/lib/src/dom/mediacapture_streams.dart:678:27: Error: Type 'JSArray' not found.
  external set facingMode(JSArray<JSString> value);
                          ^^^^^^^
/C:/Users/berkgoknil/AppData/Local/Pub/Cache/hosted/pub.dev/web-1.1.1/lib/src/dom/mediacapture_streams.dart:679:20: Error: Type 'JSString' not found.
  external JSArray<JSString> get resizeMode;
                   ^^^^^^^^
/C:/Users/berkgoknil/AppData/Local/Pub/Cache/hosted/pub.dev/web-1.1.1/lib/src/dom/mediacapture_streams.dart:679:12: Error: Type 'JSArray' not found.
  external JSArray<JSString> get resizeMode;
           ^^^^^^^
/C:/Users/berkgoknil/AppData/Local/Pub/Cache/hosted/pub.dev/web-1.1.1/lib/src/dom/mediacapture_streams.dart:680:35: Error: Type 'JSString' not found.
  external set resizeMode(JSArray<JSString> value);
                                  ^^^^^^^^
/C:/Users/berkgoknil/AppData/Local/Pub/Cache/hosted/pub.dev/web-1.1.1/lib/src/dom/mediacapture_streams.dart:680:27: Error: Type 'JSArray' not found.
  external set resizeMode(JSArray<JSString> value);
                          ^^^^^^^
/C:/Users/berkgoknil/AppData/Local/Pub/Cache/hosted/pub.dev/web-1.1.1/lib/src/dom/mediacapture_streams.dart:685:20: Error: Type 'JSBoolean' not found.
  external JSArray<JSBoolean> get echoCancellation;
                   ^^^^^^^^^
/C:/Users/berkgoknil/AppData/Local/Pub/Cache/hosted/pub.dev/web-1.1.1/lib/src/dom/mediacapture_streams.dart:685:12: Error: Type 'JSArray' not found.
  external JSArray<JSBoolean> get echoCancellation;
           ^^^^^^^
/C:/Users/berkgoknil/AppData/Local/Pub/Cache/hosted/pub.dev/web-1.1.1/lib/src/dom/mediacapture_streams.dart:686:41: Error: Type 'JSBoolean' not found.
  external set echoCancellation(JSArray<JSBoolean> value);
                                        ^^^^^^^^^
/C:/Users/berkgoknil/AppData/Local/Pub/Cache/hosted/pub.dev/web-1.1.1/lib/src/dom/mediacapture_streams.dart:686:33: Error: Type 'JSArray' not found.
  external set echoCancellation(JSArray<JSBoolean> value);
                                ^^^^^^^
/C:/Users/berkgoknil/AppData/Local/Pub/Cache/hosted/pub.dev/web-1.1.1/lib/src/dom/mediacapture_streams.dart:687:20: Error: Type 'JSBoolean' not found.
  external JSArray<JSBoolean> get autoGainControl;
                   ^^^^^^^^^
/C:/Users/berkgoknil/AppData/Local/Pub/Cache/hosted/pub.dev/web-1.1.1/lib/src/dom/mediacapture_streams.dart:687:12: Error: Type 'JSArray' not found.
  external JSArray<JSBoolean> get autoGainControl;
           ^^^^^^^
/C:/Users/berkgoknil/AppData/Local/Pub/Cache/hosted/pub.dev/web-1.1.1/lib/src/dom/mediacapture_streams.dart:688:40: Error: Type 'JSBoolean' not found.
  external set autoGainControl(JSArray<JSBoolean> value);
                                       ^^^^^^^^^
/C:/Users/berkgoknil/AppData/Local/Pub/Cache/hosted/pub.dev/web-1.1.1/lib/src/dom/mediacapture_streams.dart:688:32: Error: Type 'JSArray' not found.
  external set autoGainControl(JSArray<JSBoolean> value);
                               ^^^^^^^
/C:/Users/berkgoknil/AppData/Local/Pub/Cache/hosted/pub.dev/web-1.1.1/lib/src/dom/mediacapture_streams.dart:689:20: Error: Type 'JSBoolean' not found.
  external JSArray<JSBoolean> get noiseSuppression;
                   ^^^^^^^^^
/C:/Users/berkgoknil/AppData/Local/Pub/Cache/hosted/pub.dev/web-1.1.1/lib/src/dom/mediacapture_streams.dart:689:12: Error: Type 'JSArray' not found.
  external JSArray<JSBoolean> get noiseSuppression;
           ^^^^^^^
/C:/Users/berkgoknil/AppData/Local/Pub/Cache/hosted/pub.dev/web-1.1.1/lib/src/dom/mediacapture_streams.dart:690:41: Error: Type 'JSBoolean' not found.
  external set noiseSuppression(JSArray<JSBoolean> value);
                                        ^^^^^^^^^
/C:/Users/berkgoknil/AppData/Local/Pub/Cache/hosted/pub.dev/web-1.1.1/lib/src/dom/mediacapture_streams.dart:690:33: Error: Type 'JSArray' not found.
  external set noiseSuppression(JSArray<JSBoolean> value);
                                ^^^^^^^
/C:/Users/berkgoknil/AppData/Local/Pub/Cache/hosted/pub.dev/web-1.1.1/lib/src/dom/mediacapture_streams.dart:699:20: Error: Type 'JSString' not found.
  external JSArray<JSString> get whiteBalanceMode;
                   ^^^^^^^^
/C:/Users/berkgoknil/AppData/Local/Pub/Cache/hosted/pub.dev/web-1.1.1/lib/src/dom/mediacapture_streams.dart:699:12: Error: Type 'JSArray' not found.
  external JSArray<JSString> get whiteBalanceMode;
           ^^^^^^^
/C:/Users/berkgoknil/AppData/Local/Pub/Cache/hosted/pub.dev/web-1.1.1/lib/src/dom/mediacapture_streams.dart:700:41: Error: Type 'JSString' not found.
  external set whiteBalanceMode(JSArray<JSString> value);
                                        ^^^^^^^^
/C:/Users/berkgoknil/AppData/Local/Pub/Cache/hosted/pub.dev/web-1.1.1/lib/src/dom/mediacapture_streams.dart:700:33: Error: Type 'JSArray' not found.
  external set whiteBalanceMode(JSArray<JSString> value);
                                ^^^^^^^
/C:/Users/berkgoknil/AppData/Local/Pub/Cache/hosted/pub.dev/web-1.1.1/lib/src/dom/mediacapture_streams.dart:701:20: Error: Type 'JSString' not found.
  external JSArray<JSString> get exposureMode;
                   ^^^^^^^^
/C:/Users/berkgoknil/AppData/Local/Pub/Cache/hosted/pub.dev/web-1.1.1/lib/src/dom/mediacapture_streams.dart:701:12: Error: Type 'JSArray' not found.
  external JSArray<JSString> get exposureMode;
           ^^^^^^^
/C:/Users/berkgoknil/AppData/Local/Pub/Cache/hosted/pub.dev/web-1.1.1/lib/src/dom/mediacapture_streams.dart:702:37: Error: Type 'JSString' not found.
  external set exposureMode(JSArray<JSString> value);
                                    ^^^^^^^^
/C:/Users/berkgoknil/AppData/Local/Pub/Cache/hosted/pub.dev/web-1.1.1/lib/src/dom/mediacapture_streams.dart:702:29: Error: Type 'JSArray' not found.
  external set exposureMode(JSArray<JSString> value);
                            ^^^^^^^
/C:/Users/berkgoknil/AppData/Local/Pub/Cache/hosted/pub.dev/web-1.1.1/lib/src/dom/mediacapture_streams.dart:703:20: Error: Type 'JSString' not found.
  external JSArray<JSString> get focusMode;
                   ^^^^^^^^
/C:/Users/berkgoknil/AppData/Local/Pub/Cache/hosted/pub.dev/web-1.1.1/lib/src/dom/mediacapture_streams.dart:703:12: Error: Type 'JSArray' not found.
  external JSArray<JSString> get focusMode;
           ^^^^^^^
/C:/Users/berkgoknil/AppData/Local/Pub/Cache/hosted/pub.dev/web-1.1.1/lib/src/dom/mediacapture_streams.dart:704:34: Error: Type 'JSString' not found.
  external set focusMode(JSArray<JSString> value);
                                 ^^^^^^^^
/C:/Users/berkgoknil/AppData/Local/Pub/Cache/hosted/pub.dev/web-1.1.1/lib/src/dom/mediacapture_streams.dart:704:26: Error: Type 'JSArray' not found.
  external set focusMode(JSArray<JSString> value);
                         ^^^^^^^
/C:/Users/berkgoknil/AppData/Local/Pub/Cache/hosted/pub.dev/web-1.1.1/lib/src/dom/mediacapture_streams.dart:729:20: Error: Type 'JSBoolean' not found.
  external JSArray<JSBoolean> get torch;
                   ^^^^^^^^^
/C:/Users/berkgoknil/AppData/Local/Pub/Cache/hosted/pub.dev/web-1.1.1/lib/src/dom/mediacapture_streams.dart:729:12: Error: Type 'JSArray' not found.
  external JSArray<JSBoolean> get torch;
           ^^^^^^^
/C:/Users/berkgoknil/AppData/Local/Pub/Cache/hosted/pub.dev/web-1.1.1/lib/src/dom/mediacapture_streams.dart:730:30: Error: Type 'JSBoolean' not found.
  external set torch(JSArray<JSBoolean> value);
                             ^^^^^^^^^
/C:/Users/berkgoknil/AppData/Local/Pub/Cache/hosted/pub.dev/web-1.1.1/lib/src/dom/mediacapture_streams.dart:730:22: Error: Type 'JSArray' not found.
  external set torch(JSArray<JSBoolean> value);
                     ^^^^^^^
/C:/Users/berkgoknil/AppData/Local/Pub/Cache/hosted/pub.dev/web-1.1.1/lib/src/dom/mediacapture_streams.dart:735:20: Error: Type 'JSString' not found.
  external JSArray<JSString> get cursor;
                   ^^^^^^^^
/C:/Users/berkgoknil/AppData/Local/Pub/Cache/hosted/pub.dev/web-1.1.1/lib/src/dom/mediacapture_streams.dart:735:12: Error: Type 'JSArray' not found.
  external JSArray<JSString> get cursor;
           ^^^^^^^
/C:/Users/berkgoknil/AppData/Local/Pub/Cache/hosted/pub.dev/web-1.1.1/lib/src/dom/mediacapture_streams.dart:736:31: Error: Type 'JSString' not found.
  external set cursor(JSArray<JSString> value);
                              ^^^^^^^^
/C:/Users/berkgoknil/AppData/Local/Pub/Cache/hosted/pub.dev/web-1.1.1/lib/src/dom/mediacapture_streams.dart:736:23: Error: Type 'JSArray' not found.
  external set cursor(JSArray<JSString> value);
                      ^^^^^^^
/C:/Users/berkgoknil/AppData/Local/Pub/Cache/hosted/pub.dev/web-1.1.1/lib/src/dom/mediacapture_streams.dart:751:40: Error: Type 'JSObject' not found.
extension type MediaTrackConstraints._(JSObject _)
                                       ^^^^^^^^
/C:/Users/berkgoknil/AppData/Local/Pub/Cache/hosted/pub.dev/web-1.1.1/lib/src/dom/mediacapture_streams.dart:752:41: Error: Type 'JSObject' not found.
    implements MediaTrackConstraintSet, JSObject {
                                        ^^^^^^^^
/C:/Users/berkgoknil/AppData/Local/Pub/Cache/hosted/pub.dev/web-1.1.1/lib/src/dom/mediacapture_streams.dart:782:5: Error: Type 'JSAny' not found.
    JSAny pan,
    ^^^^^
/C:/Users/berkgoknil/AppData/Local/Pub/Cache/hosted/pub.dev/web-1.1.1/lib/src/dom/mediacapture_streams.dart:783:5: Error: Type 'JSAny' not found.
    JSAny tilt,
    ^^^^^
/C:/Users/berkgoknil/AppData/Local/Pub/Cache/hosted/pub.dev/web-1.1.1/lib/src/dom/mediacapture_streams.dart:784:5: Error: Type 'JSAny' not found.
    JSAny zoom,
    ^^^^^
/C:/Users/berkgoknil/AppData/Local/Pub/Cache/hosted/pub.dev/web-1.1.1/lib/src/dom/mediacapture_streams.dart:791:5: Error: Type 'JSArray' not found.
    JSArray<MediaTrackConstraintSet> advanced,
    ^^^^^^^
/C:/Users/berkgoknil/AppData/Local/Pub/Cache/hosted/pub.dev/web-1.1.1/lib/src/dom/mediacapture_streams.dart:794:12: Error: Type 'JSArray' not found.
  external JSArray<MediaTrackConstraintSet> get advanced;
           ^^^^^^^
/C:/Users/berkgoknil/AppData/Local/Pub/Cache/hosted/pub.dev/web-1.1.1/lib/src/dom/mediacapture_streams.dart:795:25: Error: Type 'JSArray' not found.
  external set advanced(JSArray<MediaTrackConstraintSet> value);
                        ^^^^^^^
/C:/Users/berkgoknil/AppData/Local/Pub/Cache/hosted/pub.dev/web-1.1.1/lib/src/dom/mediacapture_streams.dart:797:42: Error: Type 'JSObject' not found.
extension type MediaTrackConstraintSet._(JSObject _) implements JSObject {
                                         ^^^^^^^^
/C:/Users/berkgoknil/AppData/Local/Pub/Cache/hosted/pub.dev/web-1.1.1/lib/src/dom/mediacapture_streams.dart:797:65: Error: Type 'JSObject' not found.
extension type MediaTrackConstraintSet._(JSObject _) implements JSObject {
                                                                ^^^^^^^^
/C:/Users/berkgoknil/AppData/Local/Pub/Cache/hosted/pub.dev/web-1.1.1/lib/src/dom/mediacapture_streams.dart:827:5: Error: Type 'JSAny' not found.
    JSAny pan,
    ^^^^^
/C:/Users/berkgoknil/AppData/Local/Pub/Cache/hosted/pub.dev/web-1.1.1/lib/src/dom/mediacapture_streams.dart:828:5: Error: Type 'JSAny' not found.
    JSAny tilt,
    ^^^^^
/C:/Users/berkgoknil/AppData/Local/Pub/Cache/hosted/pub.dev/web-1.1.1/lib/src/dom/mediacapture_streams.dart:829:5: Error: Type 'JSAny' not found.
    JSAny zoom,
    ^^^^^
/C:/Users/berkgoknil/AppData/Local/Pub/Cache/hosted/pub.dev/web-1.1.1/lib/src/dom/mediacapture_streams.dart:894:12: Error: Type 'JSAny' not found.
  external JSAny get pan;
           ^^^^^
/C:/Users/berkgoknil/AppData/Local/Pub/Cache/hosted/pub.dev/web-1.1.1/lib/src/dom/mediacapture_streams.dart:895:20: Error: Type 'JSAny' not found.
  external set pan(JSAny value);
                   ^^^^^
/C:/Users/berkgoknil/AppData/Local/Pub/Cache/hosted/pub.dev/web-1.1.1/lib/src/dom/mediacapture_streams.dart:896:12: Error: Type 'JSAny' not found.
  external JSAny get tilt;
           ^^^^^
/C:/Users/berkgoknil/AppData/Local/Pub/Cache/hosted/pub.dev/web-1.1.1/lib/src/dom/mediacapture_streams.dart:897:21: Error: Type 'JSAny' not found.
  external set tilt(JSAny value);
                    ^^^^^
/C:/Users/berkgoknil/AppData/Local/Pub/Cache/hosted/pub.dev/web-1.1.1/lib/src/dom/mediacapture_streams.dart:898:12: Error: Type 'JSAny' not found.
  external JSAny get zoom;
           ^^^^^
/C:/Users/berkgoknil/AppData/Local/Pub/Cache/hosted/pub.dev/web-1.1.1/lib/src/dom/mediacapture_streams.dart:899:21: Error: Type 'JSAny' not found.
  external set zoom(JSAny value);
                    ^^^^^
/C:/Users/berkgoknil/AppData/Local/Pub/Cache/hosted/pub.dev/web-1.1.1/lib/src/dom/mediacapture_streams.dart:930:37: Error: Type 'JSObject' not found.
extension type MediaTrackSettings._(JSObject _) implements JSObject {
                                    ^^^^^^^^
/C:/Users/berkgoknil/AppData/Local/Pub/Cache/hosted/pub.dev/web-1.1.1/lib/src/dom/mediacapture_streams.dart:930:60: Error: Type 'JSObject' not found.
extension type MediaTrackSettings._(JSObject _) implements JSObject {
                                                           ^^^^^^^^
/C:/Users/berkgoknil/AppData/Local/Pub/Cache/hosted/pub.dev/web-1.1.1/lib/src/dom/mediacapture_streams.dart:950:5: Error: Type 'JSArray' not found.
    JSArray<Point2D> pointsOfInterest,
    ^^^^^^^
/C:/Users/berkgoknil/AppData/Local/Pub/Cache/hosted/pub.dev/web-1.1.1/lib/src/dom/mediacapture_streams.dart:1307:12: Error: Type 'JSArray' not found.
  external JSArray<Point2D> get pointsOfInterest;
           ^^^^^^^
/C:/Users/berkgoknil/AppData/Local/Pub/Cache/hosted/pub.dev/web-1.1.1/lib/src/dom/mediacapture_streams.dart:1308:33: Error: Type 'JSArray' not found.
  external set pointsOfInterest(JSArray<Point2D> value);
                                ^^^^^^^
/C:/Users/berkgoknil/AppData/Local/Pub/Cache/hosted/pub.dev/web-1.1.1/lib/src/dom/mediacapture_streams.dart:1388:40: Error: Type 'JSObject' not found.
extension type MediaStreamTrackEvent._(JSObject _) implements Event, JSObject {
                                       ^^^^^^^^
/C:/Users/berkgoknil/AppData/Local/Pub/Cache/hosted/pub.dev/web-1.1.1/lib/src/dom/mediacapture_streams.dart:1388:70: Error: Type 'JSObject' not found.
extension type MediaStreamTrackEvent._(JSObject _) implements Event, JSObject {
                                                                     ^^^^^^^^
/C:/Users/berkgoknil/AppData/Local/Pub/Cache/hosted/pub.dev/web-1.1.1/lib/src/dom/mediacapture_streams.dart:1398:44: Error: Type 'JSObject' not found.
extension type MediaStreamTrackEventInit._(JSObject _)
                                           ^^^^^^^^
/C:/Users/berkgoknil/AppData/Local/Pub/Cache/hosted/pub.dev/web-1.1.1/lib/src/dom/mediacapture_streams.dart:1399:27: Error: Type 'JSObject' not found.
    implements EventInit, JSObject {
                          ^^^^^^^^
/C:/Users/berkgoknil/AppData/Local/Pub/Cache/hosted/pub.dev/web-1.1.1/lib/src/dom/mediacapture_streams.dart:1422:39: Error: Type 'JSObject' not found.
extension type OverconstrainedError._(JSObject _)
                                      ^^^^^^^^
/C:/Users/berkgoknil/AppData/Local/Pub/Cache/hosted/pub.dev/web-1.1.1/lib/src/dom/mediacapture_streams.dart:1423:30: Error: Type 'JSObject' not found.
    implements DOMException, JSObject {
                             ^^^^^^^^
/C:/Users/berkgoknil/AppData/Local/Pub/Cache/hosted/pub.dev/web-1.1.1/lib/src/dom/mediacapture_streams.dart:1444:31: Error: Type 'JSObject' not found.
extension type MediaDevices._(JSObject _) implements EventTarget, JSObject {
                              ^^^^^^^^
/C:/Users/berkgoknil/AppData/Local/Pub/Cache/hosted/pub.dev/web-1.1.1/lib/src/dom/mediacapture_streams.dart:1444:67: Error: Type 'JSObject' not found.
extension type MediaDevices._(JSObject _) implements EventTarget, JSObject {
                                                                  ^^^^^^^^
/C:/Users/berkgoknil/AppData/Local/Pub/Cache/hosted/pub.dev/web-1.1.1/lib/src/dom/mediacapture_streams.dart:1461:22: Error: Type 'JSArray' not found.
  external JSPromise<JSArray<MediaDeviceInfo>> enumerateDevices();
                     ^^^^^^^
/C:/Users/berkgoknil/AppData/Local/Pub/Cache/hosted/pub.dev/web-1.1.1/lib/src/dom/mediacapture_streams.dart:1461:12: Error: Type 'JSPromise' not found.
  external JSPromise<JSArray<MediaDeviceInfo>> enumerateDevices();
           ^^^^^^^^^
/C:/Users/berkgoknil/AppData/Local/Pub/Cache/hosted/pub.dev/web-1.1.1/lib/src/dom/mediacapture_streams.dart:1487:12: Error: Type 'JSPromise' not found.
  external JSPromise<MediaStream> getUserMedia(
           ^^^^^^^^^
/C:/Users/berkgoknil/AppData/Local/Pub/Cache/hosted/pub.dev/web-1.1.1/lib/src/dom/mediacapture_streams.dart:1505:12: Error: Type 'JSPromise' not found.
  external JSPromise<MediaStream> getDisplayMedia(
           ^^^^^^^^^
/C:/Users/berkgoknil/AppData/Local/Pub/Cache/hosted/pub.dev/web-1.1.1/lib/src/dom/mediacapture_streams.dart:1521:34: Error: Type 'JSObject' not found.
extension type MediaDeviceInfo._(JSObject _) implements JSObject {
                                 ^^^^^^^^
/C:/Users/berkgoknil/AppData/Local/Pub/Cache/hosted/pub.dev/web-1.1.1/lib/src/dom/mediacapture_streams.dart:1521:57: Error: Type 'JSObject' not found.
extension type MediaDeviceInfo._(JSObject _) implements JSObject {
                                                        ^^^^^^^^
/C:/Users/berkgoknil/AppData/Local/Pub/Cache/hosted/pub.dev/web-1.1.1/lib/src/dom/mediacapture_streams.dart:1524:12: Error: Type 'JSObject' not found.
  external JSObject toJSON();
           ^^^^^^^^
/C:/Users/berkgoknil/AppData/Local/Pub/Cache/hosted/pub.dev/web-1.1.1/lib/src/dom/mediacapture_streams.dart:1572:34: Error: Type 'JSObject' not found.
extension type InputDeviceInfo._(JSObject _)
                                 ^^^^^^^^
/C:/Users/berkgoknil/AppData/Local/Pub/Cache/hosted/pub.dev/web-1.1.1/lib/src/dom/mediacapture_streams.dart:1573:33: Error: Type 'JSObject' not found.
    implements MediaDeviceInfo, JSObject {
                                ^^^^^^^^
/C:/Users/berkgoknil/AppData/Local/Pub/Cache/hosted/pub.dev/web-1.1.1/lib/src/dom/mediacapture_streams.dart:1579:41: Error: Type 'JSObject' not found.
extension type MediaStreamConstraints._(JSObject _) implements JSObject {
                                        ^^^^^^^^
/C:/Users/berkgoknil/AppData/Local/Pub/Cache/hosted/pub.dev/web-1.1.1/lib/src/dom/mediacapture_streams.dart:1579:64: Error: Type 'JSObject' not found.
extension type MediaStreamConstraints._(JSObject _) implements JSObject {
                                                               ^^^^^^^^
/C:/Users/berkgoknil/AppData/Local/Pub/Cache/hosted/pub.dev/web-1.1.1/lib/src/dom/mediacapture_streams.dart:1581:5: Error: Type 'JSAny' not found.
    JSAny video,
    ^^^^^
/C:/Users/berkgoknil/AppData/Local/Pub/Cache/hosted/pub.dev/web-1.1.1/lib/src/dom/mediacapture_streams.dart:1582:5: Error: Type 'JSAny' not found.
    JSAny audio,
    ^^^^^
/C:/Users/berkgoknil/AppData/Local/Pub/Cache/hosted/pub.dev/web-1.1.1/lib/src/dom/mediacapture_streams.dart:1587:12: Error: Type 'JSAny' not found.
  external JSAny get video;
           ^^^^^
/C:/Users/berkgoknil/AppData/Local/Pub/Cache/hosted/pub.dev/web-1.1.1/lib/src/dom/mediacapture_streams.dart:1588:22: Error: Type 'JSAny' not found.
  external set video(JSAny value);
                     ^^^^^
/C:/Users/berkgoknil/AppData/Local/Pub/Cache/hosted/pub.dev/web-1.1.1/lib/src/dom/mediacapture_streams.dart:1589:12: Error: Type 'JSAny' not found.
  external JSAny get audio;
           ^^^^^
/C:/Users/berkgoknil/AppData/Local/Pub/Cache/hosted/pub.dev/web-1.1.1/lib/src/dom/mediacapture_streams.dart:1590:22: Error: Type 'JSAny' not found.
  external set audio(JSAny value);
                     ^^^^^
/C:/Users/berkgoknil/AppData/Local/Pub/Cache/hosted/pub.dev/web-1.1.1/lib/src/dom/mediacapture_streams.dart:1596:30: Error: Type 'JSObject' not found.
extension type DoubleRange._(JSObject _) implements JSObject {
                             ^^^^^^^^
/C:/Users/berkgoknil/AppData/Local/Pub/Cache/hosted/pub.dev/web-1.1.1/lib/src/dom/mediacapture_streams.dart:1596:53: Error: Type 'JSObject' not found.
extension type DoubleRange._(JSObject _) implements JSObject {
                                                    ^^^^^^^^
/C:/Users/berkgoknil/AppData/Local/Pub/Cache/hosted/pub.dev/web-1.1.1/lib/src/dom/mediacapture_streams.dart:1607:39: Error: Type 'JSObject' not found.
extension type ConstrainDoubleRange._(JSObject _)
                                      ^^^^^^^^
/C:/Users/berkgoknil/AppData/Local/Pub/Cache/hosted/pub.dev/web-1.1.1/lib/src/dom/mediacapture_streams.dart:1608:29: Error: Type 'JSObject' not found.
    implements DoubleRange, JSObject {
                            ^^^^^^^^
/C:/Users/berkgoknil/AppData/Local/Pub/Cache/hosted/pub.dev/web-1.1.1/lib/src/dom/mediacapture_streams.dart:1621:29: Error: Type 'JSObject' not found.
extension type ULongRange._(JSObject _) implements JSObject {
                            ^^^^^^^^
/C:/Users/berkgoknil/AppData/Local/Pub/Cache/hosted/pub.dev/web-1.1.1/lib/src/dom/mediacapture_streams.dart:1621:52: Error: Type 'JSObject' not found.
extension type ULongRange._(JSObject _) implements JSObject {
                                                   ^^^^^^^^
/C:/Users/berkgoknil/AppData/Local/Pub/Cache/hosted/pub.dev/web-1.1.1/lib/src/dom/mediacapture_streams.dart:1632:38: Error: Type 'JSObject' not found.
extension type ConstrainULongRange._(JSObject _)
                                     ^^^^^^^^
/C:/Users/berkgoknil/AppData/Local/Pub/Cache/hosted/pub.dev/web-1.1.1/lib/src/dom/mediacapture_streams.dart:1633:28: Error: Type 'JSObject' not found.
    implements ULongRange, JSObject {
                           ^^^^^^^^
/C:/Users/berkgoknil/AppData/Local/Pub/Cache/hosted/pub.dev/web-1.1.1/lib/src/dom/mediacapture_streams.dart:1646:45: Error: Type 'JSObject' not found.
extension type ConstrainBooleanParameters._(JSObject _) implements JSObject {
                                            ^^^^^^^^
/C:/Users/berkgoknil/AppData/Local/Pub/Cache/hosted/pub.dev/web-1.1.1/lib/src/dom/mediacapture_streams.dart:1646:68: Error: Type 'JSObject' not found.
extension type ConstrainBooleanParameters._(JSObject _) implements JSObject {
                                                                   ^^^^^^^^
/C:/Users/berkgoknil/AppData/Local/Pub/Cache/hosted/pub.dev/web-1.1.1/lib/src/dom/mediacapture_streams.dart:1657:47: Error: Type 'JSObject' not found.
extension type ConstrainDOMStringParameters._(JSObject _) implements JSObject {
                                              ^^^^^^^^
/C:/Users/berkgoknil/AppData/Local/Pub/Cache/hosted/pub.dev/web-1.1.1/lib/src/dom/mediacapture_streams.dart:1657:70: Error: Type 'JSObject' not found.
extension type ConstrainDOMStringParameters._(JSObject _) implements JSObject {
                                                                     ^^^^^^^^
/C:/Users/berkgoknil/AppData/Local/Pub/Cache/hosted/pub.dev/web-1.1.1/lib/src/dom/mediacapture_streams.dart:1659:5: Error: Type 'JSAny' not found.
    JSAny exact,
    ^^^^^
/C:/Users/berkgoknil/AppData/Local/Pub/Cache/hosted/pub.dev/web-1.1.1/lib/src/dom/mediacapture_streams.dart:1660:5: Error: Type 'JSAny' not found.
    JSAny ideal,
    ^^^^^
/C:/Users/berkgoknil/AppData/Local/Pub/Cache/hosted/pub.dev/web-1.1.1/lib/src/dom/mediacapture_streams.dart:1663:12: Error: Type 'JSAny' not found.
  external JSAny get exact;
           ^^^^^
/C:/Users/berkgoknil/AppData/Local/Pub/Cache/hosted/pub.dev/web-1.1.1/lib/src/dom/mediacapture_streams.dart:1664:22: Error: Type 'JSAny' not found.
  external set exact(JSAny value);
                     ^^^^^
/C:/Users/berkgoknil/AppData/Local/Pub/Cache/hosted/pub.dev/web-1.1.1/lib/src/dom/mediacapture_streams.dart:1665:12: Error: Type 'JSAny' not found.
  external JSAny get ideal;
           ^^^^^
/C:/Users/berkgoknil/AppData/Local/Pub/Cache/hosted/pub.dev/web-1.1.1/lib/src/dom/mediacapture_streams.dart:1666:22: Error: Type 'JSAny' not found.
  external set ideal(JSAny value);
                     ^^^^^
/C:/Users/berkgoknil/AppData/Local/Pub/Cache/hosted/pub.dev/web-1.1.1/lib/src/dom/mediacapture_streams.dart:45:66: Error: The type 'JSObject' can't be implemented by an extension type.
extension type MediaStream._(JSObject _) implements EventTarget, JSObject {
                                                                 ^
/C:/Users/berkgoknil/AppData/Local/Pub/Cache/hosted/pub.dev/web-1.1.1/lib/src/dom/mediacapture_streams.dart:129:71: Error: The type 'JSObject' can't be implemented by an extension type.
extension type MediaStreamTrack._(JSObject _) implements EventTarget, JSObject {
                                                                      ^
/C:/Users/berkgoknil/AppData/Local/Pub/Cache/hosted/pub.dev/web-1.1.1/lib/src/dom/mediacapture_streams.dart:312:16: Error: The type 'JSObject' can't be implemented by an extension type.
    implements JSObject {
               ^
/C:/Users/berkgoknil/AppData/Local/Pub/Cache/hosted/pub.dev/web-1.1.1/lib/src/dom/mediacapture_streams.dart:631:64: Error: The type 'JSObject' can't be implemented by an extension type.
extension type MediaTrackCapabilities._(JSObject _) implements JSObject {
                                                               ^
/C:/Users/berkgoknil/AppData/Local/Pub/Cache/hosted/pub.dev/web-1.1.1/lib/src/dom/mediacapture_streams.dart:752:41: Error: The type 'JSObject' can't be implemented by an extension type.
    implements MediaTrackConstraintSet, JSObject {
                                        ^
/C:/Users/berkgoknil/AppData/Local/Pub/Cache/hosted/pub.dev/web-1.1.1/lib/src/dom/mediacapture_streams.dart:797:65: Error: The type 'JSObject' can't be implemented by an extension type.
extension type MediaTrackConstraintSet._(JSObject _) implements JSObject {
                                                                ^
/C:/Users/berkgoknil/AppData/Local/Pub/Cache/hosted/pub.dev/web-1.1.1/lib/src/dom/mediacapture_streams.dart:930:60: Error: The type 'JSObject' can't be implemented by an extension type.
extension type MediaTrackSettings._(JSObject _) implements JSObject {
                                                           ^
/C:/Users/berkgoknil/AppData/Local/Pub/Cache/hosted/pub.dev/web-1.1.1/lib/src/dom/mediacapture_streams.dart:1388:70: Error: The type 'JSObject' can't be implemented by an extension type.
extension type MediaStreamTrackEvent._(JSObject _) implements Event, JSObject {
                                                                     ^
/C:/Users/berkgoknil/AppData/Local/Pub/Cache/hosted/pub.dev/web-1.1.1/lib/src/dom/mediacapture_streams.dart:1399:27: Error: The type 'JSObject' can't be implemented by an extension type.
    implements EventInit, JSObject {
                          ^
/C:/Users/berkgoknil/AppData/Local/Pub/Cache/hosted/pub.dev/web-1.1.1/lib/src/dom/mediacapture_streams.dart:1423:30: Error: The type 'JSObject' can't be implemented by an extension type.
    implements DOMException, JSObject {
                             ^
/C:/Users/berkgoknil/AppData/Local/Pub/Cache/hosted/pub.dev/web-1.1.1/lib/src/dom/mediacapture_streams.dart:1444:67: Error: The type 'JSObject' can't be implemented by an extension type.
extension type MediaDevices._(JSObject _) implements EventTarget, JSObject {
                                                                  ^
/C:/Users/berkgoknil/AppData/Local/Pub/Cache/hosted/pub.dev/web-1.1.1/lib/src/dom/mediacapture_streams.dart:1521:57: Error: The type 'JSObject' can't be implemented by an extension type.
extension type MediaDeviceInfo._(JSObject _) implements JSObject {
                                                        ^
/C:/Users/berkgoknil/AppData/Local/Pub/Cache/hosted/pub.dev/web-1.1.1/lib/src/dom/mediacapture_streams.dart:1573:33: Error: The type 'JSObject' can't be implemented by an extension type.
    implements MediaDeviceInfo, JSObject {
                                ^
/C:/Users/berkgoknil/AppData/Local/Pub/Cache/hosted/pub.dev/web-1.1.1/lib/src/dom/mediacapture_streams.dart:1579:64: Error: The type 'JSObject' can't be implemented by an extension type.
extension type MediaStreamConstraints._(JSObject _) implements JSObject {
                                                               ^
/C:/Users/berkgoknil/AppData/Local/Pub/Cache/hosted/pub.dev/web-1.1.1/lib/src/dom/mediacapture_streams.dart:1596:53: Error: The type 'JSObject' can't be implemented by an extension type.
extension type DoubleRange._(JSObject _) implements JSObject {
                                                    ^
/C:/Users/berkgoknil/AppData/Local/Pub/Cache/hosted/pub.dev/web-1.1.1/lib/src/dom/mediacapture_streams.dart:1608:29: Error: The type 'JSObject' can't be implemented by an extension type.
    implements DoubleRange, JSObject {
                            ^
/C:/Users/berkgoknil/AppData/Local/Pub/Cache/hosted/pub.dev/web-1.1.1/lib/src/dom/mediacapture_streams.dart:1621:52: Error: The type 'JSObject' can't be implemented by an extension type.
extension type ULongRange._(JSObject _) implements JSObject {
                                                   ^
/C:/Users/berkgoknil/AppData/Local/Pub/Cache/hosted/pub.dev/web-1.1.1/lib/src/dom/mediacapture_streams.dart:1633:28: Error: The type 'JSObject' can't be implemented by an extension type.
    implements ULongRange, JSObject {
                           ^
/C:/Users/berkgoknil/AppData/Local/Pub/Cache/hosted/pub.dev/web-1.1.1/lib/src/dom/mediacapture_streams.dart:1646:68: Error: The type 'JSObject' can't be implemented by an extension type.
extension type ConstrainBooleanParameters._(JSObject _) implements JSObject {
                                                                   ^
/C:/Users/berkgoknil/AppData/Local/Pub/Cache/hosted/pub.dev/web-1.1.1/lib/src/dom/mediacapture_streams.dart:1657:70: Error: The type 'JSObject' can't be implemented by an extension type.
extension type ConstrainDOMStringParameters._(JSObject _) implements JSObject {
                                                                     ^
/C:/Users/berkgoknil/AppData/Local/Pub/Cache/hosted/pub.dev/web-1.1.1/lib/src/dom/mediacapture_streams.dart:13:2: Error: Couldn't find constructor 'JS'.
@JS()
 ^^
/C:/Users/berkgoknil/AppData/Local/Pub/Cache/hosted/pub.dev/web-1.1.1/lib/src/dom/mediacapture_streams.dart:45:30: Error: 'JSObject' isn't a type.
extension type MediaStream._(JSObject _) implements EventTarget, JSObject {
                             ^^^^^^^^
/C:/Users/berkgoknil/AppData/Local/Pub/Cache/hosted/pub.dev/web-1.1.1/lib/src/dom/mediacapture_streams.dart:46:33: Error: 'JSObject' isn't a type.
  external factory MediaStream([JSObject streamOrTracks]);
                                ^^^^^^^^
/C:/Users/berkgoknil/AppData/Local/Pub/Cache/hosted/pub.dev/web-1.1.1/lib/src/dom/mediacapture_streams.dart:129:35: Error: 'JSObject' isn't a type.
extension type MediaStreamTrack._(JSObject _) implements EventTarget, JSObject {
                                  ^^^^^^^^
/C:/Users/berkgoknil/AppData/Local/Pub/Cache/hosted/pub.dev/web-1.1.1/lib/src/dom/mediacapture_streams.dart:311:49: Error: 'JSObject' isn't a type.
extension type MediaTrackSupportedConstraints._(JSObject _)
                                                ^^^^^^^^
/C:/Users/berkgoknil/AppData/Local/Pub/Cache/hosted/pub.dev/web-1.1.1/lib/src/dom/mediacapture_streams.dart:631:41: Error: 'JSObject' isn't a type.
extension type MediaTrackCapabilities._(JSObject _) implements JSObject {
                                        ^^^^^^^^
/C:/Users/berkgoknil/AppData/Local/Pub/Cache/hosted/pub.dev/web-1.1.1/lib/src/dom/mediacapture_streams.dart:637:13: Error: 'JSString' isn't a type.
    JSArray<JSString> facingMode,
            ^^^^^^^^
/C:/Users/berkgoknil/AppData/Local/Pub/Cache/hosted/pub.dev/web-1.1.1/lib/src/dom/mediacapture_streams.dart:637:5: Error: 'JSArray' isn't a type.
    JSArray<JSString> facingMode,
    ^^^^^^^
/C:/Users/berkgoknil/AppData/Local/Pub/Cache/hosted/pub.dev/web-1.1.1/lib/src/dom/mediacapture_streams.dart:638:13: Error: 'JSString' isn't a type.
    JSArray<JSString> resizeMode,
            ^^^^^^^^
/C:/Users/berkgoknil/AppData/Local/Pub/Cache/hosted/pub.dev/web-1.1.1/lib/src/dom/mediacapture_streams.dart:638:5: Error: 'JSArray' isn't a type.
    JSArray<JSString> resizeMode,
    ^^^^^^^
/C:/Users/berkgoknil/AppData/Local/Pub/Cache/hosted/pub.dev/web-1.1.1/lib/src/dom/mediacapture_streams.dart:641:13: Error: 'JSBoolean' isn't a type.
    JSArray<JSBoolean> echoCancellation,
            ^^^^^^^^^
/C:/Users/berkgoknil/AppData/Local/Pub/Cache/hosted/pub.dev/web-1.1.1/lib/src/dom/mediacapture_streams.dart:641:5: Error: 'JSArray' isn't a type.
    JSArray<JSBoolean> echoCancellation,
    ^^^^^^^
/C:/Users/berkgoknil/AppData/Local/Pub/Cache/hosted/pub.dev/web-1.1.1/lib/src/dom/mediacapture_streams.dart:642:13: Error: 'JSBoolean' isn't a type.
    JSArray<JSBoolean> autoGainControl,
            ^^^^^^^^^
/C:/Users/berkgoknil/AppData/Local/Pub/Cache/hosted/pub.dev/web-1.1.1/lib/src/dom/mediacapture_streams.dart:642:5: Error: 'JSArray' isn't a type.
    JSArray<JSBoolean> autoGainControl,
    ^^^^^^^
/C:/Users/berkgoknil/AppData/Local/Pub/Cache/hosted/pub.dev/web-1.1.1/lib/src/dom/mediacapture_streams.dart:643:13: Error: 'JSBoolean' isn't a type.
    JSArray<JSBoolean> noiseSuppression,
            ^^^^^^^^^
/C:/Users/berkgoknil/AppData/Local/Pub/Cache/hosted/pub.dev/web-1.1.1/lib/src/dom/mediacapture_streams.dart:643:5: Error: 'JSArray' isn't a type.
    JSArray<JSBoolean> noiseSuppression,
    ^^^^^^^
/C:/Users/berkgoknil/AppData/Local/Pub/Cache/hosted/pub.dev/web-1.1.1/lib/src/dom/mediacapture_streams.dart:648:13: Error: 'JSString' isn't a type.
    JSArray<JSString> whiteBalanceMode,
            ^^^^^^^^
/C:/Users/berkgoknil/AppData/Local/Pub/Cache/hosted/pub.dev/web-1.1.1/lib/src/dom/mediacapture_streams.dart:648:5: Error: 'JSArray' isn't a type.
    JSArray<JSString> whiteBalanceMode,
    ^^^^^^^
/C:/Users/berkgoknil/AppData/Local/Pub/Cache/hosted/pub.dev/web-1.1.1/lib/src/dom/mediacapture_streams.dart:649:13: Error: 'JSString' isn't a type.
    JSArray<JSString> exposureMode,
            ^^^^^^^^
/C:/Users/berkgoknil/AppData/Local/Pub/Cache/hosted/pub.dev/web-1.1.1/lib/src/dom/mediacapture_streams.dart:649:5: Error: 'JSArray' isn't a type.
    JSArray<JSString> exposureMode,
    ^^^^^^^
/C:/Users/berkgoknil/AppData/Local/Pub/Cache/hosted/pub.dev/web-1.1.1/lib/src/dom/mediacapture_streams.dart:650:13: Error: 'JSString' isn't a type.
    JSArray<JSString> focusMode,
            ^^^^^^^^
/C:/Users/berkgoknil/AppData/Local/Pub/Cache/hosted/pub.dev/web-1.1.1/lib/src/dom/mediacapture_streams.dart:650:5: Error: 'JSArray' isn't a type.
    JSArray<JSString> focusMode,
    ^^^^^^^
/C:/Users/berkgoknil/AppData/Local/Pub/Cache/hosted/pub.dev/web-1.1.1/lib/src/dom/mediacapture_streams.dart:663:13: Error: 'JSBoolean' isn't a type.
    JSArray<JSBoolean> torch,
            ^^^^^^^^^
/C:/Users/berkgoknil/AppData/Local/Pub/Cache/hosted/pub.dev/web-1.1.1/lib/src/dom/mediacapture_streams.dart:663:5: Error: 'JSArray' isn't a type.
    JSArray<JSBoolean> torch,
    ^^^^^^^
/C:/Users/berkgoknil/AppData/Local/Pub/Cache/hosted/pub.dev/web-1.1.1/lib/src/dom/mediacapture_streams.dart:666:13: Error: 'JSString' isn't a type.
    JSArray<JSString> cursor,
            ^^^^^^^^
/C:/Users/berkgoknil/AppData/Local/Pub/Cache/hosted/pub.dev/web-1.1.1/lib/src/dom/mediacapture_streams.dart:666:5: Error: 'JSArray' isn't a type.
    JSArray<JSString> cursor,
    ^^^^^^^
/C:/Users/berkgoknil/AppData/Local/Pub/Cache/hosted/pub.dev/web-1.1.1/lib/src/dom/mediacapture_streams.dart:678:35: Error: 'JSString' isn't a type.
  external set facingMode(JSArray<JSString> value);
                                  ^^^^^^^^
/C:/Users/berkgoknil/AppData/Local/Pub/Cache/hosted/pub.dev/web-1.1.1/lib/src/dom/mediacapture_streams.dart:678:27: Error: 'JSArray' isn't a type.
  external set facingMode(JSArray<JSString> value);
                          ^^^^^^^
/C:/Users/berkgoknil/AppData/Local/Pub/Cache/hosted/pub.dev/web-1.1.1/lib/src/dom/mediacapture_streams.dart:680:35: Error: 'JSString' isn't a type.
  external set resizeMode(JSArray<JSString> value);
                                  ^^^^^^^^
/C:/Users/berkgoknil/AppData/Local/Pub/Cache/hosted/pub.dev/web-1.1.1/lib/src/dom/mediacapture_streams.dart:680:27: Error: 'JSArray' isn't a type.
  external set resizeMode(JSArray<JSString> value);
                          ^^^^^^^
/C:/Users/berkgoknil/AppData/Local/Pub/Cache/hosted/pub.dev/web-1.1.1/lib/src/dom/mediacapture_streams.dart:686:41: Error: 'JSBoolean' isn't a type.
  external set echoCancellation(JSArray<JSBoolean> value);
                                        ^^^^^^^^^
/C:/Users/berkgoknil/AppData/Local/Pub/Cache/hosted/pub.dev/web-1.1.1/lib/src/dom/mediacapture_streams.dart:686:33: Error: 'JSArray' isn't a type.
  external set echoCancellation(JSArray<JSBoolean> value);
                                ^^^^^^^
/C:/Users/berkgoknil/AppData/Local/Pub/Cache/hosted/pub.dev/web-1.1.1/lib/src/dom/mediacapture_streams.dart:688:40: Error: 'JSBoolean' isn't a type.
  external set autoGainControl(JSArray<JSBoolean> value);
                                       ^^^^^^^^^
/C:/Users/berkgoknil/AppData/Local/Pub/Cache/hosted/pub.dev/web-1.1.1/lib/src/dom/mediacapture_streams.dart:688:32: Error: 'JSArray' isn't a type.
  external set autoGainControl(JSArray<JSBoolean> value);
                               ^^^^^^^
/C:/Users/berkgoknil/AppData/Local/Pub/Cache/hosted/pub.dev/web-1.1.1/lib/src/dom/mediacapture_streams.dart:690:41: Error: 'JSBoolean' isn't a type.
  external set noiseSuppression(JSArray<JSBoolean> value);
                                        ^^^^^^^^^
/C:/Users/berkgoknil/AppData/Local/Pub/Cache/hosted/pub.dev/web-1.1.1/lib/src/dom/mediacapture_streams.dart:690:33: Error: 'JSArray' isn't a type.
  external set noiseSuppression(JSArray<JSBoolean> value);
                                ^^^^^^^
/C:/Users/berkgoknil/AppData/Local/Pub/Cache/hosted/pub.dev/web-1.1.1/lib/src/dom/mediacapture_streams.dart:700:41: Error: 'JSString' isn't a type.
  external set whiteBalanceMode(JSArray<JSString> value);
                                        ^^^^^^^^
/C:/Users/berkgoknil/AppData/Local/Pub/Cache/hosted/pub.dev/web-1.1.1/lib/src/dom/mediacapture_streams.dart:700:33: Error: 'JSArray' isn't a type.
  external set whiteBalanceMode(JSArray<JSString> value);
                                ^^^^^^^
/C:/Users/berkgoknil/AppData/Local/Pub/Cache/hosted/pub.dev/web-1.1.1/lib/src/dom/mediacapture_streams.dart:702:37: Error: 'JSString' isn't a type.
  external set exposureMode(JSArray<JSString> value);
                                    ^^^^^^^^
/C:/Users/berkgoknil/AppData/Local/Pub/Cache/hosted/pub.dev/web-1.1.1/lib/src/dom/mediacapture_streams.dart:702:29: Error: 'JSArray' isn't a type.
  external set exposureMode(JSArray<JSString> value);
                            ^^^^^^^
/C:/Users/berkgoknil/AppData/Local/Pub/Cache/hosted/pub.dev/web-1.1.1/lib/src/dom/mediacapture_streams.dart:704:34: Error: 'JSString' isn't a type.
  external set focusMode(JSArray<JSString> value);
                                 ^^^^^^^^
/C:/Users/berkgoknil/AppData/Local/Pub/Cache/hosted/pub.dev/web-1.1.1/lib/src/dom/mediacapture_streams.dart:704:26: Error: 'JSArray' isn't a type.
  external set focusMode(JSArray<JSString> value);
                         ^^^^^^^
/C:/Users/berkgoknil/AppData/Local/Pub/Cache/hosted/pub.dev/web-1.1.1/lib/src/dom/mediacapture_streams.dart:730:30: Error: 'JSBoolean' isn't a type.
  external set torch(JSArray<JSBoolean> value);
                             ^^^^^^^^^
/C:/Users/berkgoknil/AppData/Local/Pub/Cache/hosted/pub.dev/web-1.1.1/lib/src/dom/mediacapture_streams.dart:730:22: Error: 'JSArray' isn't a type.
  external set torch(JSArray<JSBoolean> value);
                     ^^^^^^^
/C:/Users/berkgoknil/AppData/Local/Pub/Cache/hosted/pub.dev/web-1.1.1/lib/src/dom/mediacapture_streams.dart:736:31: Error: 'JSString' isn't a type.
  external set cursor(JSArray<JSString> value);
                              ^^^^^^^^
/C:/Users/berkgoknil/AppData/Local/Pub/Cache/hosted/pub.dev/web-1.1.1/lib/src/dom/mediacapture_streams.dart:736:23: Error: 'JSArray' isn't a type.
  external set cursor(JSArray<JSString> value);
                      ^^^^^^^
/C:/Users/berkgoknil/AppData/Local/Pub/Cache/hosted/pub.dev/web-1.1.1/lib/src/dom/mediacapture_streams.dart:751:40: Error: 'JSObject' isn't a type.
extension type MediaTrackConstraints._(JSObject _)
                                       ^^^^^^^^
/C:/Users/berkgoknil/AppData/Local/Pub/Cache/hosted/pub.dev/web-1.1.1/lib/src/dom/mediacapture_streams.dart:782:5: Error: 'JSAny' isn't a type.
    JSAny pan,
    ^^^^^
/C:/Users/berkgoknil/AppData/Local/Pub/Cache/hosted/pub.dev/web-1.1.1/lib/src/dom/mediacapture_streams.dart:783:5: Error: 'JSAny' isn't a type.
    JSAny tilt,
    ^^^^^
/C:/Users/berkgoknil/AppData/Local/Pub/Cache/hosted/pub.dev/web-1.1.1/lib/src/dom/mediacapture_streams.dart:784:5: Error: 'JSAny' isn't a type.
    JSAny zoom,
    ^^^^^
/C:/Users/berkgoknil/AppData/Local/Pub/Cache/hosted/pub.dev/web-1.1.1/lib/src/dom/mediacapture_streams.dart:791:5: Error: 'JSArray' isn't a type.
    JSArray<MediaTrackConstraintSet> advanced,
    ^^^^^^^
/C:/Users/berkgoknil/AppData/Local/Pub/Cache/hosted/pub.dev/web-1.1.1/lib/src/dom/mediacapture_streams.dart:795:25: Error: 'JSArray' isn't a type.
  external set advanced(JSArray<MediaTrackConstraintSet> value);
                        ^^^^^^^
/C:/Users/berkgoknil/AppData/Local/Pub/Cache/hosted/pub.dev/web-1.1.1/lib/src/dom/mediacapture_streams.dart:797:42: Error: 'JSObject' isn't a type.
extension type MediaTrackConstraintSet._(JSObject _) implements JSObject {
                                         ^^^^^^^^
/C:/Users/berkgoknil/AppData/Local/Pub/Cache/hosted/pub.dev/web-1.1.1/lib/src/dom/mediacapture_streams.dart:827:5: Error: 'JSAny' isn't a type.
    JSAny pan,
    ^^^^^
/C:/Users/berkgoknil/AppData/Local/Pub/Cache/hosted/pub.dev/web-1.1.1/lib/src/dom/mediacapture_streams.dart:828:5: Error: 'JSAny' isn't a type.
    JSAny tilt,
    ^^^^^
/C:/Users/berkgoknil/AppData/Local/Pub/Cache/hosted/pub.dev/web-1.1.1/lib/src/dom/mediacapture_streams.dart:829:5: Error: 'JSAny' isn't a type.
    JSAny zoom,
    ^^^^^
/C:/Users/berkgoknil/AppData/Local/Pub/Cache/hosted/pub.dev/web-1.1.1/lib/src/dom/mediacapture_streams.dart:895:20: Error: 'JSAny' isn't a type.
  external set pan(JSAny value);
                   ^^^^^
/C:/Users/berkgoknil/AppData/Local/Pub/Cache/hosted/pub.dev/web-1.1.1/lib/src/dom/mediacapture_streams.dart:897:21: Error: 'JSAny' isn't a type.
  external set tilt(JSAny value);
                    ^^^^^
/C:/Users/berkgoknil/AppData/Local/Pub/Cache/hosted/pub.dev/web-1.1.1/lib/src/dom/mediacapture_streams.dart:899:21: Error: 'JSAny' isn't a type.
  external set zoom(JSAny value);
                    ^^^^^
/C:/Users/berkgoknil/AppData/Local/Pub/Cache/hosted/pub.dev/web-1.1.1/lib/src/dom/mediacapture_streams.dart:930:37: Error: 'JSObject' isn't a type.
extension type MediaTrackSettings._(JSObject _) implements JSObject {
                                    ^^^^^^^^
/C:/Users/berkgoknil/AppData/Local/Pub/Cache/hosted/pub.dev/web-1.1.1/lib/src/dom/mediacapture_streams.dart:950:5: Error: 'JSArray' isn't a type.
    JSArray<Point2D> pointsOfInterest,
    ^^^^^^^
/C:/Users/berkgoknil/AppData/Local/Pub/Cache/hosted/pub.dev/web-1.1.1/lib/src/dom/mediacapture_streams.dart:1308:33: Error: 'JSArray' isn't a type.
  external set pointsOfInterest(JSArray<Point2D> value);
                                ^^^^^^^
/C:/Users/berkgoknil/AppData/Local/Pub/Cache/hosted/pub.dev/web-1.1.1/lib/src/dom/mediacapture_streams.dart:1388:40: Error: 'JSObject' isn't a type.
extension type MediaStreamTrackEvent._(JSObject _) implements Event, JSObject {
                                       ^^^^^^^^
/C:/Users/berkgoknil/AppData/Local/Pub/Cache/hosted/pub.dev/web-1.1.1/lib/src/dom/mediacapture_streams.dart:1398:44: Error: 'JSObject' isn't a type.
extension type MediaStreamTrackEventInit._(JSObject _)
                                           ^^^^^^^^
/C:/Users/berkgoknil/AppData/Local/Pub/Cache/hosted/pub.dev/web-1.1.1/lib/src/dom/mediacapture_streams.dart:1422:39: Error: 'JSObject' isn't a type.
extension type OverconstrainedError._(JSObject _)
                                      ^^^^^^^^
/C:/Users/berkgoknil/AppData/Local/Pub/Cache/hosted/pub.dev/web-1.1.1/lib/src/dom/mediacapture_streams.dart:1444:31: Error: 'JSObject' isn't a type.
extension type MediaDevices._(JSObject _) implements EventTarget, JSObject {
                              ^^^^^^^^
/C:/Users/berkgoknil/AppData/Local/Pub/Cache/hosted/pub.dev/web-1.1.1/lib/src/dom/mediacapture_streams.dart:1521:34: Error: 'JSObject' isn't a type.
extension type MediaDeviceInfo._(JSObject _) implements JSObject {
                                 ^^^^^^^^
/C:/Users/berkgoknil/AppData/Local/Pub/Cache/hosted/pub.dev/web-1.1.1/lib/src/dom/mediacapture_streams.dart:1572:34: Error: 'JSObject' isn't a type.
extension type InputDeviceInfo._(JSObject _)
                                 ^^^^^^^^
/C:/Users/berkgoknil/AppData/Local/Pub/Cache/hosted/pub.dev/web-1.1.1/lib/src/dom/mediacapture_streams.dart:1579:41: Error: 'JSObject' isn't a type.
extension type MediaStreamConstraints._(JSObject _) implements JSObject {
                                        ^^^^^^^^
/C:/Users/berkgoknil/AppData/Local/Pub/Cache/hosted/pub.dev/web-1.1.1/lib/src/dom/mediacapture_streams.dart:1581:5: Error: 'JSAny' isn't a type.
    JSAny video,
    ^^^^^
/C:/Users/berkgoknil/AppData/Local/Pub/Cache/hosted/pub.dev/web-1.1.1/lib/src/dom/mediacapture_streams.dart:1582:5: Error: 'JSAny' isn't a type.
    JSAny audio,
    ^^^^^
/C:/Users/berkgoknil/AppData/Local/Pub/Cache/hosted/pub.dev/web-1.1.1/lib/src/dom/mediacapture_streams.dart:1588:22: Error: 'JSAny' isn't a type.
  external set video(JSAny value);
                     ^^^^^
/C:/Users/berkgoknil/AppData/Local/Pub/Cache/hosted/pub.dev/web-1.1.1/lib/src/dom/mediacapture_streams.dart:1590:22: Error: 'JSAny' isn't a type.
  external set audio(JSAny value);
                     ^^^^^
/C:/Users/berkgoknil/AppData/Local/Pub/Cache/hosted/pub.dev/web-1.1.1/lib/src/dom/mediacapture_streams.dart:1596:30: Error: 'JSObject' isn't a type.
extension type DoubleRange._(JSObject _) implements JSObject {
                             ^^^^^^^^
/C:/Users/berkgoknil/AppData/Local/Pub/Cache/hosted/pub.dev/web-1.1.1/lib/src/dom/mediacapture_streams.dart:1607:39: Error: 'JSObject' isn't a type.
extension type ConstrainDoubleRange._(JSObject _)
                                      ^^^^^^^^
/C:/Users/berkgoknil/AppData/Local/Pub/Cache/hosted/pub.dev/web-1.1.1/lib/src/dom/mediacapture_streams.dart:1621:29: Error: 'JSObject' isn't a type.
extension type ULongRange._(JSObject _) implements JSObject {
                            ^^^^^^^^
/C:/Users/berkgoknil/AppData/Local/Pub/Cache/hosted/pub.dev/web-1.1.1/lib/src/dom/mediacapture_streams.dart:1632:38: Error: 'JSObject' isn't a type.
extension type ConstrainULongRange._(JSObject _)
                                     ^^^^^^^^
/C:/Users/berkgoknil/AppData/Local/Pub/Cache/hosted/pub.dev/web-1.1.1/lib/src/dom/mediacapture_streams.dart:1646:45: Error: 'JSObject' isn't a type.
extension type ConstrainBooleanParameters._(JSObject _) implements JSObject {
                                            ^^^^^^^^
/C:/Users/berkgoknil/AppData/Local/Pub/Cache/hosted/pub.dev/web-1.1.1/lib/src/dom/mediacapture_streams.dart:1657:47: Error: 'JSObject' isn't a type.
extension type ConstrainDOMStringParameters._(JSObject _) implements JSObject {
                                              ^^^^^^^^
/C:/Users/berkgoknil/AppData/Local/Pub/Cache/hosted/pub.dev/web-1.1.1/lib/src/dom/mediacapture_streams.dart:1659:5: Error: 'JSAny' isn't a type.
    JSAny exact,
    ^^^^^
/C:/Users/berkgoknil/AppData/Local/Pub/Cache/hosted/pub.dev/web-1.1.1/lib/src/dom/mediacapture_streams.dart:1660:5: Error: 'JSAny' isn't a type.
    JSAny ideal,
    ^^^^^
/C:/Users/berkgoknil/AppData/Local/Pub/Cache/hosted/pub.dev/web-1.1.1/lib/src/dom/mediacapture_streams.dart:1664:22: Error: 'JSAny' isn't a type.
  external set exact(JSAny value);
                     ^^^^^
/C:/Users/berkgoknil/AppData/Local/Pub/Cache/hosted/pub.dev/web-1.1.1/lib/src/dom/mediacapture_streams.dart:1666:22: Error: 'JSAny' isn't a type.
  external set ideal(JSAny value);
                     ^^^^^
/C:/Users/berkgoknil/AppData/Local/Pub/Cache/hosted/pub.dev/web-1.1.1/lib/src/dom/screen_capture.dart:16:8: Error: Dart library 'dart:js_interop' is not available on this platform.
import 'dart:js_interop';
       ^
/C:/Users/berkgoknil/AppData/Local/Pub/Cache/hosted/pub.dev/web-1.1.1/lib/src/dom/screen_capture.dart:22:44: Error: Type 'JSObject' not found.
extension type DisplayMediaStreamOptions._(JSObject _) implements JSObject {
                                           ^^^^^^^^
/C:/Users/berkgoknil/AppData/Local/Pub/Cache/hosted/pub.dev/web-1.1.1/lib/src/dom/screen_capture.dart:22:67: Error: Type 'JSObject' not found.
extension type DisplayMediaStreamOptions._(JSObject _) implements JSObject {
                                                                  ^^^^^^^^
/C:/Users/berkgoknil/AppData/Local/Pub/Cache/hosted/pub.dev/web-1.1.1/lib/src/dom/screen_capture.dart:24:5: Error: Type 'JSAny' not found.
    JSAny video,
    ^^^^^
/C:/Users/berkgoknil/AppData/Local/Pub/Cache/hosted/pub.dev/web-1.1.1/lib/src/dom/screen_capture.dart:25:5: Error: Type 'JSAny' not found.
    JSAny audio,
    ^^^^^
/C:/Users/berkgoknil/AppData/Local/Pub/Cache/hosted/pub.dev/web-1.1.1/lib/src/dom/screen_capture.dart:26:5: Error: Type 'JSObject' not found.
    JSObject controller,
    ^^^^^^^^
/C:/Users/berkgoknil/AppData/Local/Pub/Cache/hosted/pub.dev/web-1.1.1/lib/src/dom/screen_capture.dart:33:12: Error: Type 'JSAny' not found.
  external JSAny get video;
           ^^^^^
/C:/Users/berkgoknil/AppData/Local/Pub/Cache/hosted/pub.dev/web-1.1.1/lib/src/dom/screen_capture.dart:34:22: Error: Type 'JSAny' not found.
  external set video(JSAny value);
                     ^^^^^
/C:/Users/berkgoknil/AppData/Local/Pub/Cache/hosted/pub.dev/web-1.1.1/lib/src/dom/screen_capture.dart:35:12: Error: Type 'JSAny' not found.
  external JSAny get audio;
           ^^^^^
/C:/Users/berkgoknil/AppData/Local/Pub/Cache/hosted/pub.dev/web-1.1.1/lib/src/dom/screen_capture.dart:36:22: Error: Type 'JSAny' not found.
  external set audio(JSAny value);
                     ^^^^^
/C:/Users/berkgoknil/AppData/Local/Pub/Cache/hosted/pub.dev/web-1.1.1/lib/src/dom/screen_capture.dart:37:12: Error: Type 'JSObject' not found.
  external JSObject get controller;
           ^^^^^^^^
/C:/Users/berkgoknil/AppData/Local/Pub/Cache/hosted/pub.dev/web-1.1.1/lib/src/dom/screen_capture.dart:38:27: Error: Type 'JSObject' not found.
  external set controller(JSObject value);
                          ^^^^^^^^
/C:/Users/berkgoknil/AppData/Local/Pub/Cache/hosted/pub.dev/web-1.1.1/lib/src/dom/screen_capture.dart:22:67: Error: The type 'JSObject' can't be implemented by an extension type.
extension type DisplayMediaStreamOptions._(JSObject _) implements JSObject {
                                                                  ^
/C:/Users/berkgoknil/AppData/Local/Pub/Cache/hosted/pub.dev/web-1.1.1/lib/src/dom/screen_capture.dart:13:2: Error: Couldn't find constructor 'JS'.
@JS()
 ^^
/C:/Users/berkgoknil/AppData/Local/Pub/Cache/hosted/pub.dev/web-1.1.1/lib/src/dom/screen_capture.dart:22:44: Error: 'JSObject' isn't a type.
extension type DisplayMediaStreamOptions._(JSObject _) implements JSObject {
                                           ^^^^^^^^
/C:/Users/berkgoknil/AppData/Local/Pub/Cache/hosted/pub.dev/web-1.1.1/lib/src/dom/screen_capture.dart:24:5: Error: 'JSAny' isn't a type.
    JSAny video,
    ^^^^^
/C:/Users/berkgoknil/AppData/Local/Pub/Cache/hosted/pub.dev/web-1.1.1/lib/src/dom/screen_capture.dart:25:5: Error: 'JSAny' isn't a type.
    JSAny audio,
    ^^^^^
/C:/Users/berkgoknil/AppData/Local/Pub/Cache/hosted/pub.dev/web-1.1.1/lib/src/dom/screen_capture.dart:26:5: Error: 'JSObject' isn't a type.
    JSObject controller,
    ^^^^^^^^
/C:/Users/berkgoknil/AppData/Local/Pub/Cache/hosted/pub.dev/web-1.1.1/lib/src/dom/screen_capture.dart:34:22: Error: 'JSAny' isn't a type.
  external set video(JSAny value);
                     ^^^^^
/C:/Users/berkgoknil/AppData/Local/Pub/Cache/hosted/pub.dev/web-1.1.1/lib/src/dom/screen_capture.dart:36:22: Error: 'JSAny' isn't a type.
  external set audio(JSAny value);
                     ^^^^^
/C:/Users/berkgoknil/AppData/Local/Pub/Cache/hosted/pub.dev/web-1.1.1/lib/src/dom/screen_capture.dart:38:27: Error: 'JSObject' isn't a type.
  external set controller(JSObject value);
                          ^^^^^^^^
/C:/Users/berkgoknil/AppData/Local/Pub/Cache/hosted/pub.dev/web-1.1.1/lib/src/dom/image_capture.dart:16:8: Error: Dart library 'dart:js_interop' is not available on this platform.
import 'dart:js_interop';
       ^
/C:/Users/berkgoknil/AppData/Local/Pub/Cache/hosted/pub.dev/web-1.1.1/lib/src/dom/image_capture.dart:18:28: Error: Type 'JSObject' not found.
typedef ConstrainPoint2D = JSObject;
                           ^^^^^^^^
/C:/Users/berkgoknil/AppData/Local/Pub/Cache/hosted/pub.dev/web-1.1.1/lib/src/dom/image_capture.dart:19:37: Error: Type 'JSObject' not found.
extension type MediaSettingsRange._(JSObject _) implements JSObject {
                                    ^^^^^^^^
/C:/Users/berkgoknil/AppData/Local/Pub/Cache/hosted/pub.dev/web-1.1.1/lib/src/dom/image_capture.dart:19:60: Error: Type 'JSObject' not found.
extension type MediaSettingsRange._(JSObject _) implements JSObject {
                                                           ^^^^^^^^
/C:/Users/berkgoknil/AppData/Local/Pub/Cache/hosted/pub.dev/web-1.1.1/lib/src/dom/image_capture.dart:33:45: Error: Type 'JSObject' not found.
extension type ConstrainPoint2DParameters._(JSObject _) implements JSObject {
                                            ^^^^^^^^
/C:/Users/berkgoknil/AppData/Local/Pub/Cache/hosted/pub.dev/web-1.1.1/lib/src/dom/image_capture.dart:33:68: Error: Type 'JSObject' not found.
extension type ConstrainPoint2DParameters._(JSObject _) implements JSObject {
                                                                   ^^^^^^^^
/C:/Users/berkgoknil/AppData/Local/Pub/Cache/hosted/pub.dev/web-1.1.1/lib/src/dom/image_capture.dart:35:5: Error: Type 'JSArray' not found.
    JSArray<Point2D> exact,
    ^^^^^^^
/C:/Users/berkgoknil/AppData/Local/Pub/Cache/hosted/pub.dev/web-1.1.1/lib/src/dom/image_capture.dart:36:5: Error: Type 'JSArray' not found.
    JSArray<Point2D> ideal,
    ^^^^^^^
/C:/Users/berkgoknil/AppData/Local/Pub/Cache/hosted/pub.dev/web-1.1.1/lib/src/dom/image_capture.dart:39:12: Error: Type 'JSArray' not found.
  external JSArray<Point2D> get exact;
           ^^^^^^^
/C:/Users/berkgoknil/AppData/Local/Pub/Cache/hosted/pub.dev/web-1.1.1/lib/src/dom/image_capture.dart:40:22: Error: Type 'JSArray' not found.
  external set exact(JSArray<Point2D> value);
                     ^^^^^^^
/C:/Users/berkgoknil/AppData/Local/Pub/Cache/hosted/pub.dev/web-1.1.1/lib/src/dom/image_capture.dart:41:12: Error: Type 'JSArray' not found.
  external JSArray<Point2D> get ideal;
           ^^^^^^^
/C:/Users/berkgoknil/AppData/Local/Pub/Cache/hosted/pub.dev/web-1.1.1/lib/src/dom/image_capture.dart:42:22: Error: Type 'JSArray' not found.
  external set ideal(JSArray<Point2D> value);
                     ^^^^^^^
/C:/Users/berkgoknil/AppData/Local/Pub/Cache/hosted/pub.dev/web-1.1.1/lib/src/dom/image_capture.dart:44:26: Error: Type 'JSObject' not found.
extension type Point2D._(JSObject _) implements JSObject {
                         ^^^^^^^^
/C:/Users/berkgoknil/AppData/Local/Pub/Cache/hosted/pub.dev/web-1.1.1/lib/src/dom/image_capture.dart:44:49: Error: Type 'JSObject' not found.
extension type Point2D._(JSObject _) implements JSObject {
                                                ^^^^^^^^
/C:/Users/berkgoknil/AppData/Local/Pub/Cache/hosted/pub.dev/web-1.1.1/lib/src/dom/image_capture.dart:19:60: Error: The type 'JSObject' can't be implemented by an extension type.
extension type MediaSettingsRange._(JSObject _) implements JSObject {
                                                           ^
/C:/Users/berkgoknil/AppData/Local/Pub/Cache/hosted/pub.dev/web-1.1.1/lib/src/dom/image_capture.dart:33:68: Error: The type 'JSObject' can't be implemented by an extension type.
extension type ConstrainPoint2DParameters._(JSObject _) implements JSObject {
                                                                   ^
/C:/Users/berkgoknil/AppData/Local/Pub/Cache/hosted/pub.dev/web-1.1.1/lib/src/dom/image_capture.dart:44:49: Error: The type 'JSObject' can't be implemented by an extension type.
extension type Point2D._(JSObject _) implements JSObject {
                                                ^
/C:/Users/berkgoknil/AppData/Local/Pub/Cache/hosted/pub.dev/web-1.1.1/lib/src/dom/image_capture.dart:13:2: Error: Couldn't find constructor 'JS'.
@JS()
 ^^
/C:/Users/berkgoknil/AppData/Local/Pub/Cache/hosted/pub.dev/web-1.1.1/lib/src/dom/image_capture.dart:19:37: Error: 'JSObject' isn't a type.
extension type MediaSettingsRange._(JSObject _) implements JSObject {
                                    ^^^^^^^^
/C:/Users/berkgoknil/AppData/Local/Pub/Cache/hosted/pub.dev/web-1.1.1/lib/src/dom/image_capture.dart:33:45: Error: 'JSObject' isn't a type.
extension type ConstrainPoint2DParameters._(JSObject _) implements JSObject {
                                            ^^^^^^^^
/C:/Users/berkgoknil/AppData/Local/Pub/Cache/hosted/pub.dev/web-1.1.1/lib/src/dom/image_capture.dart:35:5: Error: 'JSArray' isn't a type.
    JSArray<Point2D> exact,
    ^^^^^^^
/C:/Users/berkgoknil/AppData/Local/Pub/Cache/hosted/pub.dev/web-1.1.1/lib/src/dom/image_capture.dart:36:5: Error: 'JSArray' isn't a type.
    JSArray<Point2D> ideal,
    ^^^^^^^
/C:/Users/berkgoknil/AppData/Local/Pub/Cache/hosted/pub.dev/web-1.1.1/lib/src/dom/image_capture.dart:40:22: Error: 'JSArray' isn't a type.
  external set exact(JSArray<Point2D> value);
                     ^^^^^^^
/C:/Users/berkgoknil/AppData/Local/Pub/Cache/hosted/pub.dev/web-1.1.1/lib/src/dom/image_capture.dart:42:22: Error: 'JSArray' isn't a type.
  external set ideal(JSArray<Point2D> value);
                     ^^^^^^^
/C:/Users/berkgoknil/AppData/Local/Pub/Cache/hosted/pub.dev/web-1.1.1/lib/src/dom/image_capture.dart:44:26: Error: 'JSObject' isn't a type.
extension type Point2D._(JSObject _) implements JSObject {
                         ^^^^^^^^
/C:/Users/berkgoknil/AppData/Local/Pub/Cache/hosted/pub.dev/web-1.1.1/lib/src/dom/media_source.dart:16:8: Error: Dart library 'dart:js_interop' is not available on this platform.
import 'dart:js_interop';
       ^
/C:/Users/berkgoknil/AppData/Local/Pub/Cache/hosted/pub.dev/web-1.1.1/lib/src/dom/media_source.dart:35:30: Error: Type 'JSObject' not found.
extension type MediaSource._(JSObject _) implements EventTarget, JSObject {
                             ^^^^^^^^
/C:/Users/berkgoknil/AppData/Local/Pub/Cache/hosted/pub.dev/web-1.1.1/lib/src/dom/media_source.dart:35:66: Error: Type 'JSObject' not found.
extension type MediaSource._(JSObject _) implements EventTarget, JSObject {
                                                                 ^^^^^^^^
/C:/Users/berkgoknil/AppData/Local/Pub/Cache/hosted/pub.dev/web-1.1.1/lib/src/dom/media_source.dart:161:36: Error: Type 'JSObject' not found.
extension type MediaSourceHandle._(JSObject _) implements JSObject {}
                                   ^^^^^^^^
/C:/Users/berkgoknil/AppData/Local/Pub/Cache/hosted/pub.dev/web-1.1.1/lib/src/dom/media_source.dart:161:59: Error: Type 'JSObject' not found.
extension type MediaSourceHandle._(JSObject _) implements JSObject {}
                                                          ^^^^^^^^
/C:/Users/berkgoknil/AppData/Local/Pub/Cache/hosted/pub.dev/web-1.1.1/lib/src/dom/media_source.dart:171:31: Error: Type 'JSObject' not found.
extension type SourceBuffer._(JSObject _) implements EventTarget, JSObject {
                              ^^^^^^^^
/C:/Users/berkgoknil/AppData/Local/Pub/Cache/hosted/pub.dev/web-1.1.1/lib/src/dom/media_source.dart:171:67: Error: Type 'JSObject' not found.
extension type SourceBuffer._(JSObject _) implements EventTarget, JSObject {
                                                                  ^^^^^^^^
/C:/Users/berkgoknil/AppData/Local/Pub/Cache/hosted/pub.dev/web-1.1.1/lib/src/dom/media_source.dart:325:35: Error: Type 'JSObject' not found.
extension type SourceBufferList._(JSObject _) implements EventTarget, JSObject {
                                  ^^^^^^^^
/C:/Users/berkgoknil/AppData/Local/Pub/Cache/hosted/pub.dev/web-1.1.1/lib/src/dom/media_source.dart:325:71: Error: Type 'JSObject' not found.
extension type SourceBufferList._(JSObject _) implements EventTarget, JSObject {
                                                                      ^^^^^^^^
/C:/Users/berkgoknil/AppData/Local/Pub/Cache/hosted/pub.dev/web-1.1.1/lib/src/dom/media_source.dart:35:66: Error: The type 'JSObject' can't be implemented by an extension type.
extension type MediaSource._(JSObject _) implements EventTarget, JSObject {
                                                                 ^
/C:/Users/berkgoknil/AppData/Local/Pub/Cache/hosted/pub.dev/web-1.1.1/lib/src/dom/media_source.dart:161:59: Error: The type 'JSObject' can't be implemented by an extension type.
extension type MediaSourceHandle._(JSObject _) implements JSObject {}
                                                          ^
/C:/Users/berkgoknil/AppData/Local/Pub/Cache/hosted/pub.dev/web-1.1.1/lib/src/dom/media_source.dart:171:67: Error: The type 'JSObject' can't be implemented by an extension type.
extension type SourceBuffer._(JSObject _) implements EventTarget, JSObject {
                                                                  ^
/C:/Users/berkgoknil/AppData/Local/Pub/Cache/hosted/pub.dev/web-1.1.1/lib/src/dom/media_source.dart:325:71: Error: The type 'JSObject' can't be implemented by an extension type.
extension type SourceBufferList._(JSObject _) implements EventTarget, JSObject {
                                                                      ^
/C:/Users/berkgoknil/AppData/Local/Pub/Cache/hosted/pub.dev/web-1.1.1/lib/src/dom/media_source.dart:13:2: Error: Couldn't find constructor 'JS'.
@JS()
 ^^
/C:/Users/berkgoknil/AppData/Local/Pub/Cache/hosted/pub.dev/web-1.1.1/lib/src/dom/media_source.dart:35:30: Error: 'JSObject' isn't a type.
extension type MediaSource._(JSObject _) implements EventTarget, JSObject {
                             ^^^^^^^^
/C:/Users/berkgoknil/AppData/Local/Pub/Cache/hosted/pub.dev/web-1.1.1/lib/src/dom/media_source.dart:161:36: Error: 'JSObject' isn't a type.
extension type MediaSourceHandle._(JSObject _) implements JSObject {}
                                   ^^^^^^^^
/C:/Users/berkgoknil/AppData/Local/Pub/Cache/hosted/pub.dev/web-1.1.1/lib/src/dom/media_source.dart:171:31: Error: 'JSObject' isn't a type.
extension type SourceBuffer._(JSObject _) implements EventTarget, JSObject {
                              ^^^^^^^^
/C:/Users/berkgoknil/AppData/Local/Pub/Cache/hosted/pub.dev/web-1.1.1/lib/src/dom/media_source.dart:325:35: Error: 'JSObject' isn't a type.
extension type SourceBufferList._(JSObject _) implements EventTarget, JSObject {
                                  ^^^^^^^^
/C:/Users/berkgoknil/AppData/Local/Pub/Cache/hosted/pub.dev/web-1.1.1/lib/src/dom/media_playback_quality.dart:16:8: Error: Dart library 'dart:js_interop' is not available on this platform.
import 'dart:js_interop';
       ^
/C:/Users/berkgoknil/AppData/Local/Pub/Cache/hosted/pub.dev/web-1.1.1/lib/src/dom/media_playback_quality.dart:26:39: Error: Type 'JSObject' not found.
extension type VideoPlaybackQuality._(JSObject _) implements JSObject {
                                      ^^^^^^^^
/C:/Users/berkgoknil/AppData/Local/Pub/Cache/hosted/pub.dev/web-1.1.1/lib/src/dom/media_playback_quality.dart:26:62: Error: Type 'JSObject' not found.
extension type VideoPlaybackQuality._(JSObject _) implements JSObject {
                                                             ^^^^^^^^
/C:/Users/berkgoknil/AppData/Local/Pub/Cache/hosted/pub.dev/web-1.1.1/lib/src/dom/media_playback_quality.dart:26:62: Error: The type 'JSObject' can't be implemented by an extension type.
extension type VideoPlaybackQuality._(JSObject _) implements JSObject {
                                                             ^
/C:/Users/berkgoknil/AppData/Local/Pub/Cache/hosted/pub.dev/web-1.1.1/lib/src/dom/media_playback_quality.dart:13:2: Error: Couldn't find constructor 'JS'.
@JS()
 ^^
/C:/Users/berkgoknil/AppData/Local/Pub/Cache/hosted/pub.dev/web-1.1.1/lib/src/dom/media_playback_quality.dart:26:39: Error: 'JSObject' isn't a type.
extension type VideoPlaybackQuality._(JSObject _) implements JSObject {
                                      ^^^^^^^^
/C:/Users/berkgoknil/AppData/Local/Pub/Cache/hosted/pub.dev/web-1.1.1/lib/src/dom/media_capabilities.dart:16:8: Error: Dart library 'dart:js_interop' is not available on this platform.
import 'dart:js_interop';
       ^
/C:/Users/berkgoknil/AppData/Local/Pub/Cache/hosted/pub.dev/web-1.1.1/lib/src/dom/media_capabilities.dart:25:37: Error: Type 'JSObject' not found.
extension type MediaConfiguration._(JSObject _) implements JSObject {
                                    ^^^^^^^^
/C:/Users/berkgoknil/AppData/Local/Pub/Cache/hosted/pub.dev/web-1.1.1/lib/src/dom/media_capabilities.dart:25:60: Error: Type 'JSObject' not found.
extension type MediaConfiguration._(JSObject _) implements JSObject {
                                                           ^^^^^^^^
/C:/Users/berkgoknil/AppData/Local/Pub/Cache/hosted/pub.dev/web-1.1.1/lib/src/dom/media_capabilities.dart:36:45: Error: Type 'JSObject' not found.
extension type MediaDecodingConfiguration._(JSObject _)
                                            ^^^^^^^^
/C:/Users/berkgoknil/AppData/Local/Pub/Cache/hosted/pub.dev/web-1.1.1/lib/src/dom/media_capabilities.dart:37:36: Error: Type 'JSObject' not found.
    implements MediaConfiguration, JSObject {
                                   ^^^^^^^^
/C:/Users/berkgoknil/AppData/Local/Pub/Cache/hosted/pub.dev/web-1.1.1/lib/src/dom/media_capabilities.dart:51:45: Error: Type 'JSObject' not found.
extension type MediaEncodingConfiguration._(JSObject _)
                                            ^^^^^^^^
/C:/Users/berkgoknil/AppData/Local/Pub/Cache/hosted/pub.dev/web-1.1.1/lib/src/dom/media_capabilities.dart:52:36: Error: Type 'JSObject' not found.
    implements MediaConfiguration, JSObject {
                                   ^^^^^^^^
/C:/Users/berkgoknil/AppData/Local/Pub/Cache/hosted/pub.dev/web-1.1.1/lib/src/dom/media_capabilities.dart:62:37: Error: Type 'JSObject' not found.
extension type VideoConfiguration._(JSObject _) implements JSObject {
                                    ^^^^^^^^
/C:/Users/berkgoknil/AppData/Local/Pub/Cache/hosted/pub.dev/web-1.1.1/lib/src/dom/media_capabilities.dart:62:60: Error: Type 'JSObject' not found.
extension type VideoConfiguration._(JSObject _) implements JSObject {
                                                           ^^^^^^^^
/C:/Users/berkgoknil/AppData/Local/Pub/Cache/hosted/pub.dev/web-1.1.1/lib/src/dom/media_capabilities.dart:100:37: Error: Type 'JSObject' not found.
extension type AudioConfiguration._(JSObject _) implements JSObject {
                                    ^^^^^^^^
/C:/Users/berkgoknil/AppData/Local/Pub/Cache/hosted/pub.dev/web-1.1.1/lib/src/dom/media_capabilities.dart:100:60: Error: Type 'JSObject' not found.
extension type AudioConfiguration._(JSObject _) implements JSObject {
                                                           ^^^^^^^^
/C:/Users/berkgoknil/AppData/Local/Pub/Cache/hosted/pub.dev/web-1.1.1/lib/src/dom/media_capabilities.dart:120:58: Error: Type 'JSObject' not found.
extension type MediaCapabilitiesKeySystemConfiguration._(JSObject _)
                                                         ^^^^^^^^
/C:/Users/berkgoknil/AppData/Local/Pub/Cache/hosted/pub.dev/web-1.1.1/lib/src/dom/media_capabilities.dart:121:16: Error: Type 'JSObject' not found.
    implements JSObject {
               ^^^^^^^^
/C:/Users/berkgoknil/AppData/Local/Pub/Cache/hosted/pub.dev/web-1.1.1/lib/src/dom/media_capabilities.dart:127:13: Error: Type 'JSString' not found.
    JSArray<JSString> sessionTypes,
            ^^^^^^^^
/C:/Users/berkgoknil/AppData/Local/Pub/Cache/hosted/pub.dev/web-1.1.1/lib/src/dom/media_capabilities.dart:127:5: Error: Type 'JSArray' not found.
    JSArray<JSString> sessionTypes,
    ^^^^^^^
/C:/Users/berkgoknil/AppData/Local/Pub/Cache/hosted/pub.dev/web-1.1.1/lib/src/dom/media_capabilities.dart:140:20: Error: Type 'JSString' not found.
  external JSArray<JSString> get sessionTypes;
                   ^^^^^^^^
/C:/Users/berkgoknil/AppData/Local/Pub/Cache/hosted/pub.dev/web-1.1.1/lib/src/dom/media_capabilities.dart:140:12: Error: Type 'JSArray' not found.
  external JSArray<JSString> get sessionTypes;
           ^^^^^^^
/C:/Users/berkgoknil/AppData/Local/Pub/Cache/hosted/pub.dev/web-1.1.1/lib/src/dom/media_capabilities.dart:141:37: Error: Type 'JSString' not found.
  external set sessionTypes(JSArray<JSString> value);
                                    ^^^^^^^^
/C:/Users/berkgoknil/AppData/Local/Pub/Cache/hosted/pub.dev/web-1.1.1/lib/src/dom/media_capabilities.dart:141:29: Error: Type 'JSArray' not found.
  external set sessionTypes(JSArray<JSString> value);
                            ^^^^^^^
/C:/Users/berkgoknil/AppData/Local/Pub/Cache/hosted/pub.dev/web-1.1.1/lib/src/dom/media_capabilities.dart:147:46: Error: Type 'JSObject' not found.
extension type KeySystemTrackConfiguration._(JSObject _) implements JSObject {
                                             ^^^^^^^^
/C:/Users/berkgoknil/AppData/Local/Pub/Cache/hosted/pub.dev/web-1.1.1/lib/src/dom/media_capabilities.dart:147:69: Error: Type 'JSObject' not found.
extension type KeySystemTrackConfiguration._(JSObject _) implements JSObject {
                                                                    ^^^^^^^^
/C:/Users/berkgoknil/AppData/Local/Pub/Cache/hosted/pub.dev/web-1.1.1/lib/src/dom/media_capabilities.dart:158:40: Error: Type 'JSObject' not found.
extension type MediaCapabilitiesInfo._(JSObject _) implements JSObject {
                                       ^^^^^^^^
/C:/Users/berkgoknil/AppData/Local/Pub/Cache/hosted/pub.dev/web-1.1.1/lib/src/dom/media_capabilities.dart:158:63: Error: Type 'JSObject' not found.
extension type MediaCapabilitiesInfo._(JSObject _) implements JSObject {
                                                              ^^^^^^^^
/C:/Users/berkgoknil/AppData/Local/Pub/Cache/hosted/pub.dev/web-1.1.1/lib/src/dom/media_capabilities.dart:172:48: Error: Type 'JSObject' not found.
extension type MediaCapabilitiesDecodingInfo._(JSObject _)
                                               ^^^^^^^^
/C:/Users/berkgoknil/AppData/Local/Pub/Cache/hosted/pub.dev/web-1.1.1/lib/src/dom/media_capabilities.dart:173:39: Error: Type 'JSObject' not found.
    implements MediaCapabilitiesInfo, JSObject {
                                      ^^^^^^^^
/C:/Users/berkgoknil/AppData/Local/Pub/Cache/hosted/pub.dev/web-1.1.1/lib/src/dom/media_capabilities.dart:187:48: Error: Type 'JSObject' not found.
extension type MediaCapabilitiesEncodingInfo._(JSObject _)
                                               ^^^^^^^^
/C:/Users/berkgoknil/AppData/Local/Pub/Cache/hosted/pub.dev/web-1.1.1/lib/src/dom/media_capabilities.dart:188:39: Error: Type 'JSObject' not found.
    implements MediaCapabilitiesInfo, JSObject {
                                      ^^^^^^^^
/C:/Users/berkgoknil/AppData/Local/Pub/Cache/hosted/pub.dev/web-1.1.1/lib/src/dom/media_capabilities.dart:215:36: Error: Type 'JSObject' not found.
extension type MediaCapabilities._(JSObject _) implements JSObject {
                                   ^^^^^^^^
/C:/Users/berkgoknil/AppData/Local/Pub/Cache/hosted/pub.dev/web-1.1.1/lib/src/dom/media_capabilities.dart:215:59: Error: Type 'JSObject' not found.
extension type MediaCapabilities._(JSObject _) implements JSObject {
                                                          ^^^^^^^^
/C:/Users/berkgoknil/AppData/Local/Pub/Cache/hosted/pub.dev/web-1.1.1/lib/src/dom/media_capabilities.dart:222:12: Error: Type 'JSPromise' not found.
  external JSPromise<MediaCapabilitiesDecodingInfo> decodingInfo(
           ^^^^^^^^^
/C:/Users/berkgoknil/AppData/Local/Pub/Cache/hosted/pub.dev/web-1.1.1/lib/src/dom/media_capabilities.dart:233:12: Error: Type 'JSPromise' not found.
  external JSPromise<MediaCapabilitiesEncodingInfo> encodingInfo(
           ^^^^^^^^^
/C:/Users/berkgoknil/AppData/Local/Pub/Cache/hosted/pub.dev/web-1.1.1/lib/src/dom/media_capabilities.dart:25:60: Error: The type 'JSObject' can't be implemented by an extension type.
extension type MediaConfiguration._(JSObject _) implements JSObject {
                                                           ^
/C:/Users/berkgoknil/AppData/Local/Pub/Cache/hosted/pub.dev/web-1.1.1/lib/src/dom/media_capabilities.dart:37:36: Error: The type 'JSObject' can't be implemented by an extension type.
    implements MediaConfiguration, JSObject {
                                   ^
/C:/Users/berkgoknil/AppData/Local/Pub/Cache/hosted/pub.dev/web-1.1.1/lib/src/dom/media_capabilities.dart:52:36: Error: The type 'JSObject' can't be implemented by an extension type.
    implements MediaConfiguration, JSObject {
                                   ^
/C:/Users/berkgoknil/AppData/Local/Pub/Cache/hosted/pub.dev/web-1.1.1/lib/src/dom/media_capabilities.dart:62:60: Error: The type 'JSObject' can't be implemented by an extension type.
extension type VideoConfiguration._(JSObject _) implements JSObject {
                                                           ^
/C:/Users/berkgoknil/AppData/Local/Pub/Cache/hosted/pub.dev/web-1.1.1/lib/src/dom/media_capabilities.dart:100:60: Error: The type 'JSObject' can't be implemented by an extension type.
extension type AudioConfiguration._(JSObject _) implements JSObject {
                                                           ^
/C:/Users/berkgoknil/AppData/Local/Pub/Cache/hosted/pub.dev/web-1.1.1/lib/src/dom/media_capabilities.dart:121:16: Error: The type 'JSObject' can't be implemented by an extension type.
    implements JSObject {
               ^
/C:/Users/berkgoknil/AppData/Local/Pub/Cache/hosted/pub.dev/web-1.1.1/lib/src/dom/media_capabilities.dart:147:69: Error: The type 'JSObject' can't be implemented by an extension type.
extension type KeySystemTrackConfiguration._(JSObject _) implements JSObject {
                                                                    ^
/C:/Users/berkgoknil/AppData/Local/Pub/Cache/hosted/pub.dev/web-1.1.1/lib/src/dom/media_capabilities.dart:158:63: Error: The type 'JSObject' can't be implemented by an extension type.
extension type MediaCapabilitiesInfo._(JSObject _) implements JSObject {
                                                              ^
/C:/Users/berkgoknil/AppData/Local/Pub/Cache/hosted/pub.dev/web-1.1.1/lib/src/dom/media_capabilities.dart:173:39: Error: The type 'JSObject' can't be implemented by an extension type.
    implements MediaCapabilitiesInfo, JSObject {
                                      ^
/C:/Users/berkgoknil/AppData/Local/Pub/Cache/hosted/pub.dev/web-1.1.1/lib/src/dom/media_capabilities.dart:188:39: Error: The type 'JSObject' can't be implemented by an extension type.
    implements MediaCapabilitiesInfo, JSObject {
                                      ^
/C:/Users/berkgoknil/AppData/Local/Pub/Cache/hosted/pub.dev/web-1.1.1/lib/src/dom/media_capabilities.dart:215:59: Error: The type 'JSObject' can't be implemented by an extension type.
extension type MediaCapabilities._(JSObject _) implements JSObject {
                                                          ^
/C:/Users/berkgoknil/AppData/Local/Pub/Cache/hosted/pub.dev/web-1.1.1/lib/src/dom/media_capabilities.dart:13:2: Error: Couldn't find constructor 'JS'.
@JS()
 ^^
/C:/Users/berkgoknil/AppData/Local/Pub/Cache/hosted/pub.dev/web-1.1.1/lib/src/dom/media_capabilities.dart:25:37: Error: 'JSObject' isn't a type.
extension type MediaConfiguration._(JSObject _) implements JSObject {
                                    ^^^^^^^^
/C:/Users/berkgoknil/AppData/Local/Pub/Cache/hosted/pub.dev/web-1.1.1/lib/src/dom/media_capabilities.dart:36:45: Error: 'JSObject' isn't a type.
extension type MediaDecodingConfiguration._(JSObject _)
                                            ^^^^^^^^
/C:/Users/berkgoknil/AppData/Local/Pub/Cache/hosted/pub.dev/web-1.1.1/lib/src/dom/media_capabilities.dart:51:45: Error: 'JSObject' isn't a type.
extension type MediaEncodingConfiguration._(JSObject _)
                                            ^^^^^^^^
/C:/Users/berkgoknil/AppData/Local/Pub/Cache/hosted/pub.dev/web-1.1.1/lib/src/dom/media_capabilities.dart:62:37: Error: 'JSObject' isn't a type.
extension type VideoConfiguration._(JSObject _) implements JSObject {
                                    ^^^^^^^^
/C:/Users/berkgoknil/AppData/Local/Pub/Cache/hosted/pub.dev/web-1.1.1/lib/src/dom/media_capabilities.dart:100:37: Error: 'JSObject' isn't a type.
extension type AudioConfiguration._(JSObject _) implements JSObject {
                                    ^^^^^^^^
/C:/Users/berkgoknil/AppData/Local/Pub/Cache/hosted/pub.dev/web-1.1.1/lib/src/dom/media_capabilities.dart:120:58: Error: 'JSObject' isn't a type.
extension type MediaCapabilitiesKeySystemConfiguration._(JSObject _)
                                                         ^^^^^^^^
/C:/Users/berkgoknil/AppData/Local/Pub/Cache/hosted/pub.dev/web-1.1.1/lib/src/dom/media_capabilities.dart:127:13: Error: 'JSString' isn't a type.
    JSArray<JSString> sessionTypes,
            ^^^^^^^^
/C:/Users/berkgoknil/AppData/Local/Pub/Cache/hosted/pub.dev/web-1.1.1/lib/src/dom/media_capabilities.dart:127:5: Error: 'JSArray' isn't a type.
    JSArray<JSString> sessionTypes,
    ^^^^^^^
/C:/Users/berkgoknil/AppData/Local/Pub/Cache/hosted/pub.dev/web-1.1.1/lib/src/dom/media_capabilities.dart:141:37: Error: 'JSString' isn't a type.
  external set sessionTypes(JSArray<JSString> value);
                                    ^^^^^^^^
/C:/Users/berkgoknil/AppData/Local/Pub/Cache/hosted/pub.dev/web-1.1.1/lib/src/dom/media_capabilities.dart:141:29: Error: 'JSArray' isn't a type.
  external set sessionTypes(JSArray<JSString> value);
                            ^^^^^^^
/C:/Users/berkgoknil/AppData/Local/Pub/Cache/hosted/pub.dev/web-1.1.1/lib/src/dom/media_capabilities.dart:147:46: Error: 'JSObject' isn't a type.
extension type KeySystemTrackConfiguration._(JSObject _) implements JSObject {
                                             ^^^^^^^^
/C:/Users/berkgoknil/AppData/Local/Pub/Cache/hosted/pub.dev/web-1.1.1/lib/src/dom/media_capabilities.dart:158:40: Error: 'JSObject' isn't a type.
extension type MediaCapabilitiesInfo._(JSObject _) implements JSObject {
                                       ^^^^^^^^
/C:/Users/berkgoknil/AppData/Local/Pub/Cache/hosted/pub.dev/web-1.1.1/lib/src/dom/media_capabilities.dart:172:48: Error: 'JSObject' isn't a type.
extension type MediaCapabilitiesDecodingInfo._(JSObject _)
                                               ^^^^^^^^
/C:/Users/berkgoknil/AppData/Local/Pub/Cache/hosted/pub.dev/web-1.1.1/lib/src/dom/media_capabilities.dart:187:48: Error: 'JSObject' isn't a type.
extension type MediaCapabilitiesEncodingInfo._(JSObject _)
                                               ^^^^^^^^
/C:/Users/berkgoknil/AppData/Local/Pub/Cache/hosted/pub.dev/web-1.1.1/lib/src/dom/media_capabilities.dart:215:36: Error: 'JSObject' isn't a type.
extension type MediaCapabilities._(JSObject _) implements JSObject {
                                   ^^^^^^^^
/C:/Users/berkgoknil/AppData/Local/Pub/Cache/hosted/pub.dev/web-1.1.1/lib/src/dom/encrypted_media.dart:16:8: Error: Dart library 'dart:js_interop' is not available on this platform.
import 'dart:js_interop';
       ^
/C:/Users/berkgoknil/AppData/Local/Pub/Cache/hosted/pub.dev/web-1.1.1/lib/src/dom/encrypted_media.dart:27:46: Error: Type 'JSObject' not found.
extension type MediaKeySystemConfiguration._(JSObject _) implements JSObject {
                                             ^^^^^^^^
/C:/Users/berkgoknil/AppData/Local/Pub/Cache/hosted/pub.dev/web-1.1.1/lib/src/dom/encrypted_media.dart:27:69: Error: Type 'JSObject' not found.
extension type MediaKeySystemConfiguration._(JSObject _) implements JSObject {
                                                                    ^^^^^^^^
/C:/Users/berkgoknil/AppData/Local/Pub/Cache/hosted/pub.dev/web-1.1.1/lib/src/dom/encrypted_media.dart:30:13: Error: Type 'JSString' not found.
    JSArray<JSString> initDataTypes,
            ^^^^^^^^
/C:/Users/berkgoknil/AppData/Local/Pub/Cache/hosted/pub.dev/web-1.1.1/lib/src/dom/encrypted_media.dart:30:5: Error: Type 'JSArray' not found.
    JSArray<JSString> initDataTypes,
    ^^^^^^^
/C:/Users/berkgoknil/AppData/Local/Pub/Cache/hosted/pub.dev/web-1.1.1/lib/src/dom/encrypted_media.dart:31:5: Error: Type 'JSArray' not found.
    JSArray<MediaKeySystemMediaCapability> audioCapabilities,
    ^^^^^^^
/C:/Users/berkgoknil/AppData/Local/Pub/Cache/hosted/pub.dev/web-1.1.1/lib/src/dom/encrypted_media.dart:32:5: Error: Type 'JSArray' not found.
    JSArray<MediaKeySystemMediaCapability> videoCapabilities,
    ^^^^^^^
/C:/Users/berkgoknil/AppData/Local/Pub/Cache/hosted/pub.dev/web-1.1.1/lib/src/dom/encrypted_media.dart:35:13: Error: Type 'JSString' not found.
    JSArray<JSString> sessionTypes,
            ^^^^^^^^
/C:/Users/berkgoknil/AppData/Local/Pub/Cache/hosted/pub.dev/web-1.1.1/lib/src/dom/encrypted_media.dart:35:5: Error: Type 'JSArray' not found.
    JSArray<JSString> sessionTypes,
    ^^^^^^^
/C:/Users/berkgoknil/AppData/Local/Pub/Cache/hosted/pub.dev/web-1.1.1/lib/src/dom/encrypted_media.dart:40:20: Error: Type 'JSString' not found.
  external JSArray<JSString> get initDataTypes;
                   ^^^^^^^^
/C:/Users/berkgoknil/AppData/Local/Pub/Cache/hosted/pub.dev/web-1.1.1/lib/src/dom/encrypted_media.dart:40:12: Error: Type 'JSArray' not found.
  external JSArray<JSString> get initDataTypes;
           ^^^^^^^
/C:/Users/berkgoknil/AppData/Local/Pub/Cache/hosted/pub.dev/web-1.1.1/lib/src/dom/encrypted_media.dart:41:38: Error: Type 'JSString' not found.
  external set initDataTypes(JSArray<JSString> value);
                                     ^^^^^^^^
/C:/Users/berkgoknil/AppData/Local/Pub/Cache/hosted/pub.dev/web-1.1.1/lib/src/dom/encrypted_media.dart:41:30: Error: Type 'JSArray' not found.
  external set initDataTypes(JSArray<JSString> value);
                             ^^^^^^^
/C:/Users/berkgoknil/AppData/Local/Pub/Cache/hosted/pub.dev/web-1.1.1/lib/src/dom/encrypted_media.dart:42:12: Error: Type 'JSArray' not found.
  external JSArray<MediaKeySystemMediaCapability> get audioCapabilities;
           ^^^^^^^
/C:/Users/berkgoknil/AppData/Local/Pub/Cache/hosted/pub.dev/web-1.1.1/lib/src/dom/encrypted_media.dart:43:34: Error: Type 'JSArray' not found.
  external set audioCapabilities(JSArray<MediaKeySystemMediaCapability> value);
                                 ^^^^^^^
/C:/Users/berkgoknil/AppData/Local/Pub/Cache/hosted/pub.dev/web-1.1.1/lib/src/dom/encrypted_media.dart:44:12: Error: Type 'JSArray' not found.
  external JSArray<MediaKeySystemMediaCapability> get videoCapabilities;
           ^^^^^^^
/C:/Users/berkgoknil/AppData/Local/Pub/Cache/hosted/pub.dev/web-1.1.1/lib/src/dom/encrypted_media.dart:45:34: Error: Type 'JSArray' not found.
  external set videoCapabilities(JSArray<MediaKeySystemMediaCapability> value);
                                 ^^^^^^^
/C:/Users/berkgoknil/AppData/Local/Pub/Cache/hosted/pub.dev/web-1.1.1/lib/src/dom/encrypted_media.dart:50:20: Error: Type 'JSString' not found.
  external JSArray<JSString> get sessionTypes;
                   ^^^^^^^^
/C:/Users/berkgoknil/AppData/Local/Pub/Cache/hosted/pub.dev/web-1.1.1/lib/src/dom/encrypted_media.dart:50:12: Error: Type 'JSArray' not found.
  external JSArray<JSString> get sessionTypes;
           ^^^^^^^
/C:/Users/berkgoknil/AppData/Local/Pub/Cache/hosted/pub.dev/web-1.1.1/lib/src/dom/encrypted_media.dart:51:37: Error: Type 'JSString' not found.
  external set sessionTypes(JSArray<JSString> value);
                                    ^^^^^^^^
/C:/Users/berkgoknil/AppData/Local/Pub/Cache/hosted/pub.dev/web-1.1.1/lib/src/dom/encrypted_media.dart:51:29: Error: Type 'JSArray' not found.
  external set sessionTypes(JSArray<JSString> value);
                            ^^^^^^^
/C:/Users/berkgoknil/AppData/Local/Pub/Cache/hosted/pub.dev/web-1.1.1/lib/src/dom/encrypted_media.dart:53:48: Error: Type 'JSObject' not found.
extension type MediaKeySystemMediaCapability._(JSObject _) implements JSObject {
                                               ^^^^^^^^
/C:/Users/berkgoknil/AppData/Local/Pub/Cache/hosted/pub.dev/web-1.1.1/lib/src/dom/encrypted_media.dart:53:71: Error: Type 'JSObject' not found.
extension type MediaKeySystemMediaCapability._(JSObject _) implements JSObject {
                                                                      ^^^^^^^^
/C:/Users/berkgoknil/AppData/Local/Pub/Cache/hosted/pub.dev/web-1.1.1/lib/src/dom/encrypted_media.dart:78:39: Error: Type 'JSObject' not found.
extension type MediaKeySystemAccess._(JSObject _) implements JSObject {
                                      ^^^^^^^^
/C:/Users/berkgoknil/AppData/Local/Pub/Cache/hosted/pub.dev/web-1.1.1/lib/src/dom/encrypted_media.dart:78:62: Error: Type 'JSObject' not found.
extension type MediaKeySystemAccess._(JSObject _) implements JSObject {
                                                             ^^^^^^^^
/C:/Users/berkgoknil/AppData/Local/Pub/Cache/hosted/pub.dev/web-1.1.1/lib/src/dom/encrypted_media.dart:97:12: Error: Type 'JSPromise' not found.
  external JSPromise<MediaKeys> createMediaKeys();
           ^^^^^^^^^
/C:/Users/berkgoknil/AppData/Local/Pub/Cache/hosted/pub.dev/web-1.1.1/lib/src/dom/encrypted_media.dart:113:28: Error: Type 'JSObject' not found.
extension type MediaKeys._(JSObject _) implements JSObject {
                           ^^^^^^^^
/C:/Users/berkgoknil/AppData/Local/Pub/Cache/hosted/pub.dev/web-1.1.1/lib/src/dom/encrypted_media.dart:113:51: Error: Type 'JSObject' not found.
extension type MediaKeys._(JSObject _) implements JSObject {
                                                  ^^^^^^^^
/C:/Users/berkgoknil/AppData/Local/Pub/Cache/hosted/pub.dev/web-1.1.1/lib/src/dom/encrypted_media.dart:118:22: Error: Type 'JSString' not found.
  external JSPromise<JSString> getStatusForPolicy([MediaKeysPolicy policy]);
                     ^^^^^^^^
/C:/Users/berkgoknil/AppData/Local/Pub/Cache/hosted/pub.dev/web-1.1.1/lib/src/dom/encrypted_media.dart:118:12: Error: Type 'JSPromise' not found.
  external JSPromise<JSString> getStatusForPolicy([MediaKeysPolicy policy]);
           ^^^^^^^^^
/C:/Users/berkgoknil/AppData/Local/Pub/Cache/hosted/pub.dev/web-1.1.1/lib/src/dom/encrypted_media.dart:123:22: Error: Type 'JSBoolean' not found.
  external JSPromise<JSBoolean> setServerCertificate(
                     ^^^^^^^^^
/C:/Users/berkgoknil/AppData/Local/Pub/Cache/hosted/pub.dev/web-1.1.1/lib/src/dom/encrypted_media.dart:123:12: Error: Type 'JSPromise' not found.
  external JSPromise<JSBoolean> setServerCertificate(
           ^^^^^^^^^
/C:/Users/berkgoknil/AppData/Local/Pub/Cache/hosted/pub.dev/web-1.1.1/lib/src/dom/encrypted_media.dart:126:34: Error: Type 'JSObject' not found.
extension type MediaKeysPolicy._(JSObject _) implements JSObject {
                                 ^^^^^^^^
/C:/Users/berkgoknil/AppData/Local/Pub/Cache/hosted/pub.dev/web-1.1.1/lib/src/dom/encrypted_media.dart:126:57: Error: Type 'JSObject' not found.
extension type MediaKeysPolicy._(JSObject _) implements JSObject {
                                                        ^^^^^^^^
/C:/Users/berkgoknil/AppData/Local/Pub/Cache/hosted/pub.dev/web-1.1.1/lib/src/dom/encrypted_media.dart:142:34: Error: Type 'JSObject' not found.
extension type MediaKeySession._(JSObject _) implements EventTarget, JSObject {
                                 ^^^^^^^^
/C:/Users/berkgoknil/AppData/Local/Pub/Cache/hosted/pub.dev/web-1.1.1/lib/src/dom/encrypted_media.dart:142:70: Error: Type 'JSObject' not found.
extension type MediaKeySession._(JSObject _) implements EventTarget, JSObject {
                                                                     ^^^^^^^^
/C:/Users/berkgoknil/AppData/Local/Pub/Cache/hosted/pub.dev/web-1.1.1/lib/src/dom/encrypted_media.dart:145:22: Error: Type 'JSAny' not found.
  external JSPromise<JSAny?> generateRequest(
                     ^^^^^
/C:/Users/berkgoknil/AppData/Local/Pub/Cache/hosted/pub.dev/web-1.1.1/lib/src/dom/encrypted_media.dart:145:12: Error: Type 'JSPromise' not found.
  external JSPromise<JSAny?> generateRequest(
           ^^^^^^^^^
/C:/Users/berkgoknil/AppData/Local/Pub/Cache/hosted/pub.dev/web-1.1.1/lib/src/dom/encrypted_media.dart:153:22: Error: Type 'JSBoolean' not found.
  external JSPromise<JSBoolean> load(String sessionId);
                     ^^^^^^^^^
/C:/Users/berkgoknil/AppData/Local/Pub/Cache/hosted/pub.dev/web-1.1.1/lib/src/dom/encrypted_media.dart:153:12: Error: Type 'JSPromise' not found.
  external JSPromise<JSBoolean> load(String sessionId);
           ^^^^^^^^^
/C:/Users/berkgoknil/AppData/Local/Pub/Cache/hosted/pub.dev/web-1.1.1/lib/src/dom/encrypted_media.dart:157:22: Error: Type 'JSAny' not found.
  external JSPromise<JSAny?> update(BufferSource response);
                     ^^^^^
/C:/Users/berkgoknil/AppData/Local/Pub/Cache/hosted/pub.dev/web-1.1.1/lib/src/dom/encrypted_media.dart:157:12: Error: Type 'JSPromise' not found.
  external JSPromise<JSAny?> update(BufferSource response);
           ^^^^^^^^^
/C:/Users/berkgoknil/AppData/Local/Pub/Cache/hosted/pub.dev/web-1.1.1/lib/src/dom/encrypted_media.dart:164:22: Error: Type 'JSAny' not found.
  external JSPromise<JSAny?> close();
                     ^^^^^
/C:/Users/berkgoknil/AppData/Local/Pub/Cache/hosted/pub.dev/web-1.1.1/lib/src/dom/encrypted_media.dart:164:12: Error: Type 'JSPromise' not found.
  external JSPromise<JSAny?> close();
           ^^^^^^^^^
/C:/Users/berkgoknil/AppData/Local/Pub/Cache/hosted/pub.dev/web-1.1.1/lib/src/dom/encrypted_media.dart:169:22: Error: Type 'JSAny' not found.
  external JSPromise<JSAny?> remove();
                     ^^^^^
/C:/Users/berkgoknil/AppData/Local/Pub/Cache/hosted/pub.dev/web-1.1.1/lib/src/dom/encrypted_media.dart:169:12: Error: Type 'JSPromise' not found.
  external JSPromise<JSAny?> remove();
           ^^^^^^^^^
/C:/Users/berkgoknil/AppData/Local/Pub/Cache/hosted/pub.dev/web-1.1.1/lib/src/dom/encrypted_media.dart:191:22: Error: Type 'JSString' not found.
  external JSPromise<JSString> get closed;
                     ^^^^^^^^
/C:/Users/berkgoknil/AppData/Local/Pub/Cache/hosted/pub.dev/web-1.1.1/lib/src/dom/encrypted_media.dart:191:12: Error: Type 'JSPromise' not found.
  external JSPromise<JSString> get closed;
           ^^^^^^^^^
/C:/Users/berkgoknil/AppData/Local/Pub/Cache/hosted/pub.dev/web-1.1.1/lib/src/dom/encrypted_media.dart:211:36: Error: Type 'JSObject' not found.
extension type MediaKeyStatusMap._(JSObject _) implements JSObject {
                                   ^^^^^^^^
/C:/Users/berkgoknil/AppData/Local/Pub/Cache/hosted/pub.dev/web-1.1.1/lib/src/dom/encrypted_media.dart:211:59: Error: Type 'JSObject' not found.
extension type MediaKeyStatusMap._(JSObject _) implements JSObject {
                                                          ^^^^^^^^
/C:/Users/berkgoknil/AppData/Local/Pub/Cache/hosted/pub.dev/web-1.1.1/lib/src/dom/encrypted_media.dart:237:39: Error: Type 'JSObject' not found.
extension type MediaKeyMessageEvent._(JSObject _) implements Event, JSObject {
                                      ^^^^^^^^
/C:/Users/berkgoknil/AppData/Local/Pub/Cache/hosted/pub.dev/web-1.1.1/lib/src/dom/encrypted_media.dart:237:69: Error: Type 'JSObject' not found.
extension type MediaKeyMessageEvent._(JSObject _) implements Event, JSObject {
                                                                    ^^^^^^^^
/C:/Users/berkgoknil/AppData/Local/Pub/Cache/hosted/pub.dev/web-1.1.1/lib/src/dom/encrypted_media.dart:254:12: Error: Type 'JSArrayBuffer' not found.
  external JSArrayBuffer get message;
           ^^^^^^^^^^^^^
/C:/Users/berkgoknil/AppData/Local/Pub/Cache/hosted/pub.dev/web-1.1.1/lib/src/dom/encrypted_media.dart:256:43: Error: Type 'JSObject' not found.
extension type MediaKeyMessageEventInit._(JSObject _)
                                          ^^^^^^^^
/C:/Users/berkgoknil/AppData/Local/Pub/Cache/hosted/pub.dev/web-1.1.1/lib/src/dom/encrypted_media.dart:257:27: Error: Type 'JSObject' not found.
    implements EventInit, JSObject {
                          ^^^^^^^^
/C:/Users/berkgoknil/AppData/Local/Pub/Cache/hosted/pub.dev/web-1.1.1/lib/src/dom/encrypted_media.dart:263:14: Error: Type 'JSArrayBuffer' not found.
    required JSArrayBuffer message,
             ^^^^^^^^^^^^^
/C:/Users/berkgoknil/AppData/Local/Pub/Cache/hosted/pub.dev/web-1.1.1/lib/src/dom/encrypted_media.dart:268:12: Error: Type 'JSArrayBuffer' not found.
  external JSArrayBuffer get message;
           ^^^^^^^^^^^^^
/C:/Users/berkgoknil/AppData/Local/Pub/Cache/hosted/pub.dev/web-1.1.1/lib/src/dom/encrypted_media.dart:269:24: Error: Type 'JSArrayBuffer' not found.
  external set message(JSArrayBuffer value);
                       ^^^^^^^^^^^^^
/C:/Users/berkgoknil/AppData/Local/Pub/Cache/hosted/pub.dev/web-1.1.1/lib/src/dom/encrypted_media.dart:282:38: Error: Type 'JSObject' not found.
extension type MediaEncryptedEvent._(JSObject _) implements Event, JSObject {
                                     ^^^^^^^^
/C:/Users/berkgoknil/AppData/Local/Pub/Cache/hosted/pub.dev/web-1.1.1/lib/src/dom/encrypted_media.dart:282:68: Error: Type 'JSObject' not found.
extension type MediaEncryptedEvent._(JSObject _) implements Event, JSObject {
                                                                   ^^^^^^^^
/C:/Users/berkgoknil/AppData/Local/Pub/Cache/hosted/pub.dev/web-1.1.1/lib/src/dom/encrypted_media.dart:295:12: Error: Type 'JSArrayBuffer' not found.
  external JSArrayBuffer? get initData;
           ^^^^^^^^^^^^^
/C:/Users/berkgoknil/AppData/Local/Pub/Cache/hosted/pub.dev/web-1.1.1/lib/src/dom/encrypted_media.dart:297:42: Error: Type 'JSObject' not found.
extension type MediaEncryptedEventInit._(JSObject _)
                                         ^^^^^^^^
/C:/Users/berkgoknil/AppData/Local/Pub/Cache/hosted/pub.dev/web-1.1.1/lib/src/dom/encrypted_media.dart:298:27: Error: Type 'JSObject' not found.
    implements EventInit, JSObject {
                          ^^^^^^^^
/C:/Users/berkgoknil/AppData/Local/Pub/Cache/hosted/pub.dev/web-1.1.1/lib/src/dom/encrypted_media.dart:304:5: Error: Type 'JSArrayBuffer' not found.
    JSArrayBuffer? initData,
    ^^^^^^^^^^^^^
/C:/Users/berkgoknil/AppData/Local/Pub/Cache/hosted/pub.dev/web-1.1.1/lib/src/dom/encrypted_media.dart:309:12: Error: Type 'JSArrayBuffer' not found.
  external JSArrayBuffer? get initData;
           ^^^^^^^^^^^^^
/C:/Users/berkgoknil/AppData/Local/Pub/Cache/hosted/pub.dev/web-1.1.1/lib/src/dom/encrypted_media.dart:310:25: Error: Type 'JSArrayBuffer' not found.
  external set initData(JSArrayBuffer? value);
                        ^^^^^^^^^^^^^
/C:/Users/berkgoknil/AppData/Local/Pub/Cache/hosted/pub.dev/web-1.1.1/lib/src/dom/encrypted_media.dart:27:69: Error: The type 'JSObject' can't be implemented by an extension type.
extension type MediaKeySystemConfiguration._(JSObject _) implements JSObject {
                                                                    ^
/C:/Users/berkgoknil/AppData/Local/Pub/Cache/hosted/pub.dev/web-1.1.1/lib/src/dom/encrypted_media.dart:53:71: Error: The type 'JSObject' can't be implemented by an extension type.
extension type MediaKeySystemMediaCapability._(JSObject _) implements JSObject {
                                                                      ^
/C:/Users/berkgoknil/AppData/Local/Pub/Cache/hosted/pub.dev/web-1.1.1/lib/src/dom/encrypted_media.dart:78:62: Error: The type 'JSObject' can't be implemented by an extension type.
extension type MediaKeySystemAccess._(JSObject _) implements JSObject {
                                                             ^
/C:/Users/berkgoknil/AppData/Local/Pub/Cache/hosted/pub.dev/web-1.1.1/lib/src/dom/encrypted_media.dart:113:51: Error: The type 'JSObject' can't be implemented by an extension type.
extension type MediaKeys._(JSObject _) implements JSObject {
                                                  ^
/C:/Users/berkgoknil/AppData/Local/Pub/Cache/hosted/pub.dev/web-1.1.1/lib/src/dom/encrypted_media.dart:126:57: Error: The type 'JSObject' can't be implemented by an extension type.
extension type MediaKeysPolicy._(JSObject _) implements JSObject {
                                                        ^
/C:/Users/berkgoknil/AppData/Local/Pub/Cache/hosted/pub.dev/web-1.1.1/lib/src/dom/encrypted_media.dart:142:70: Error: The type 'JSObject' can't be implemented by an extension type.
extension type MediaKeySession._(JSObject _) implements EventTarget, JSObject {
                                                                     ^
/C:/Users/berkgoknil/AppData/Local/Pub/Cache/hosted/pub.dev/web-1.1.1/lib/src/dom/encrypted_media.dart:211:59: Error: The type 'JSObject' can't be implemented by an extension type.
extension type MediaKeyStatusMap._(JSObject _) implements JSObject {
                                                          ^
/C:/Users/berkgoknil/AppData/Local/Pub/Cache/hosted/pub.dev/web-1.1.1/lib/src/dom/encrypted_media.dart:237:69: Error: The type 'JSObject' can't be implemented by an extension type.
extension type MediaKeyMessageEvent._(JSObject _) implements Event, JSObject {
                                                                    ^
/C:/Users/berkgoknil/AppData/Local/Pub/Cache/hosted/pub.dev/web-1.1.1/lib/src/dom/encrypted_media.dart:257:27: Error: The type 'JSObject' can't be implemented by an extension type.
    implements EventInit, JSObject {
                          ^
/C:/Users/berkgoknil/AppData/Local/Pub/Cache/hosted/pub.dev/web-1.1.1/lib/src/dom/encrypted_media.dart:282:68: Error: The type 'JSObject' can't be implemented by an extension type.
extension type MediaEncryptedEvent._(JSObject _) implements Event, JSObject {
                                                                   ^
/C:/Users/berkgoknil/AppData/Local/Pub/Cache/hosted/pub.dev/web-1.1.1/lib/src/dom/encrypted_media.dart:298:27: Error: The type 'JSObject' can't be implemented by an extension type.
    implements EventInit, JSObject {
                          ^
/C:/Users/berkgoknil/AppData/Local/Pub/Cache/hosted/pub.dev/web-1.1.1/lib/src/dom/encrypted_media.dart:13:2: Error: Couldn't find constructor 'JS'.
@JS()
 ^^
/C:/Users/berkgoknil/AppData/Local/Pub/Cache/hosted/pub.dev/web-1.1.1/lib/src/dom/encrypted_media.dart:27:46: Error: 'JSObject' isn't a type.
extension type MediaKeySystemConfiguration._(JSObject _) implements JSObject {
                                             ^^^^^^^^
/C:/Users/berkgoknil/AppData/Local/Pub/Cache/hosted/pub.dev/web-1.1.1/lib/src/dom/encrypted_media.dart:30:13: Error: 'JSString' isn't a type.
    JSArray<JSString> initDataTypes,
            ^^^^^^^^
/C:/Users/berkgoknil/AppData/Local/Pub/Cache/hosted/pub.dev/web-1.1.1/lib/src/dom/encrypted_media.dart:30:5: Error: 'JSArray' isn't a type.
    JSArray<JSString> initDataTypes,
    ^^^^^^^
/C:/Users/berkgoknil/AppData/Local/Pub/Cache/hosted/pub.dev/web-1.1.1/lib/src/dom/encrypted_media.dart:31:5: Error: 'JSArray' isn't a type.
    JSArray<MediaKeySystemMediaCapability> audioCapabilities,
    ^^^^^^^
/C:/Users/berkgoknil/AppData/Local/Pub/Cache/hosted/pub.dev/web-1.1.1/lib/src/dom/encrypted_media.dart:32:5: Error: 'JSArray' isn't a type.
    JSArray<MediaKeySystemMediaCapability> videoCapabilities,
    ^^^^^^^
/C:/Users/berkgoknil/AppData/Local/Pub/Cache/hosted/pub.dev/web-1.1.1/lib/src/dom/encrypted_media.dart:35:13: Error: 'JSString' isn't a type.
    JSArray<JSString> sessionTypes,
            ^^^^^^^^
/C:/Users/berkgoknil/AppData/Local/Pub/Cache/hosted/pub.dev/web-1.1.1/lib/src/dom/encrypted_media.dart:35:5: Error: 'JSArray' isn't a type.
    JSArray<JSString> sessionTypes,
    ^^^^^^^
/C:/Users/berkgoknil/AppData/Local/Pub/Cache/hosted/pub.dev/web-1.1.1/lib/src/dom/encrypted_media.dart:41:38: Error: 'JSString' isn't a type.
  external set initDataTypes(JSArray<JSString> value);
                                     ^^^^^^^^
/C:/Users/berkgoknil/AppData/Local/Pub/Cache/hosted/pub.dev/web-1.1.1/lib/src/dom/encrypted_media.dart:41:30: Error: 'JSArray' isn't a type.
  external set initDataTypes(JSArray<JSString> value);
                             ^^^^^^^
/C:/Users/berkgoknil/AppData/Local/Pub/Cache/hosted/pub.dev/web-1.1.1/lib/src/dom/encrypted_media.dart:43:34: Error: 'JSArray' isn't a type.
  external set audioCapabilities(JSArray<MediaKeySystemMediaCapability> value);
                                 ^^^^^^^
/C:/Users/berkgoknil/AppData/Local/Pub/Cache/hosted/pub.dev/web-1.1.1/lib/src/dom/encrypted_media.dart:45:34: Error: 'JSArray' isn't a type.
  external set videoCapabilities(JSArray<MediaKeySystemMediaCapability> value);
                                 ^^^^^^^
/C:/Users/berkgoknil/AppData/Local/Pub/Cache/hosted/pub.dev/web-1.1.1/lib/src/dom/encrypted_media.dart:51:37: Error: 'JSString' isn't a type.
  external set sessionTypes(JSArray<JSString> value);
                                    ^^^^^^^^
/C:/Users/berkgoknil/AppData/Local/Pub/Cache/hosted/pub.dev/web-1.1.1/lib/src/dom/encrypted_media.dart:51:29: Error: 'JSArray' isn't a type.
  external set sessionTypes(JSArray<JSString> value);
                            ^^^^^^^
/C:/Users/berkgoknil/AppData/Local/Pub/Cache/hosted/pub.dev/web-1.1.1/lib/src/dom/encrypted_media.dart:53:48: Error: 'JSObject' isn't a type.
extension type MediaKeySystemMediaCapability._(JSObject _) implements JSObject {
                                               ^^^^^^^^
/C:/Users/berkgoknil/AppData/Local/Pub/Cache/hosted/pub.dev/web-1.1.1/lib/src/dom/encrypted_media.dart:78:39: Error: 'JSObject' isn't a type.
extension type MediaKeySystemAccess._(JSObject _) implements JSObject {
                                      ^^^^^^^^
/C:/Users/berkgoknil/AppData/Local/Pub/Cache/hosted/pub.dev/web-1.1.1/lib/src/dom/encrypted_media.dart:113:28: Error: 'JSObject' isn't a type.
extension type MediaKeys._(JSObject _) implements JSObject {
                           ^^^^^^^^
/C:/Users/berkgoknil/AppData/Local/Pub/Cache/hosted/pub.dev/web-1.1.1/lib/src/dom/encrypted_media.dart:126:34: Error: 'JSObject' isn't a type.
extension type MediaKeysPolicy._(JSObject _) implements JSObject {
                                 ^^^^^^^^
/C:/Users/berkgoknil/AppData/Local/Pub/Cache/hosted/pub.dev/web-1.1.1/lib/src/dom/encrypted_media.dart:142:34: Error: 'JSObject' isn't a type.
extension type MediaKeySession._(JSObject _) implements EventTarget, JSObject {
                                 ^^^^^^^^
/C:/Users/berkgoknil/AppData/Local/Pub/Cache/hosted/pub.dev/web-1.1.1/lib/src/dom/encrypted_media.dart:211:36: Error: 'JSObject' isn't a type.
extension type MediaKeyStatusMap._(JSObject _) implements JSObject {
                                   ^^^^^^^^
/C:/Users/berkgoknil/AppData/Local/Pub/Cache/hosted/pub.dev/web-1.1.1/lib/src/dom/encrypted_media.dart:237:39: Error: 'JSObject' isn't a type.
extension type MediaKeyMessageEvent._(JSObject _) implements Event, JSObject {
                                      ^^^^^^^^
/C:/Users/berkgoknil/AppData/Local/Pub/Cache/hosted/pub.dev/web-1.1.1/lib/src/dom/encrypted_media.dart:256:43: Error: 'JSObject' isn't a type.
extension type MediaKeyMessageEventInit._(JSObject _)
                                          ^^^^^^^^
/C:/Users/berkgoknil/AppData/Local/Pub/Cache/hosted/pub.dev/web-1.1.1/lib/src/dom/encrypted_media.dart:263:14: Error: 'JSArrayBuffer' isn't a type.
    required JSArrayBuffer message,
             ^^^^^^^^^^^^^
/C:/Users/berkgoknil/AppData/Local/Pub/Cache/hosted/pub.dev/web-1.1.1/lib/src/dom/encrypted_media.dart:269:24: Error: 'JSArrayBuffer' isn't a type.
  external set message(JSArrayBuffer value);
                       ^^^^^^^^^^^^^
/C:/Users/berkgoknil/AppData/Local/Pub/Cache/hosted/pub.dev/web-1.1.1/lib/src/dom/encrypted_media.dart:282:38: Error: 'JSObject' isn't a type.
extension type MediaEncryptedEvent._(JSObject _) implements Event, JSObject {
                                     ^^^^^^^^
/C:/Users/berkgoknil/AppData/Local/Pub/Cache/hosted/pub.dev/web-1.1.1/lib/src/dom/encrypted_media.dart:297:42: Error: 'JSObject' isn't a type.
extension type MediaEncryptedEventInit._(JSObject _)
                                         ^^^^^^^^
/C:/Users/berkgoknil/AppData/Local/Pub/Cache/hosted/pub.dev/web-1.1.1/lib/src/dom/encrypted_media.dart:304:5: Error: 'JSArrayBuffer' isn't a type.
    JSArrayBuffer? initData,
    ^^^^^^^^^^^^^
/C:/Users/berkgoknil/AppData/Local/Pub/Cache/hosted/pub.dev/web-1.1.1/lib/src/dom/encrypted_media.dart:310:25: Error: 'JSArrayBuffer' isn't a type.
  external set initData(JSArrayBuffer? value);
                        ^^^^^^^^^^^^^
/C:/Users/berkgoknil/AppData/Local/Pub/Cache/hosted/pub.dev/web-1.1.1/lib/src/dom/indexeddb.dart:16:8: Error: Dart library 'dart:js_interop' is not available on this platform.
import 'dart:js_interop';
       ^
/C:/Users/berkgoknil/AppData/Local/Pub/Cache/hosted/pub.dev/web-1.1.1/lib/src/dom/indexeddb.dart:58:29: Error: Type 'JSObject' not found.
extension type IDBRequest._(JSObject _) implements EventTarget, JSObject {
                            ^^^^^^^^
/C:/Users/berkgoknil/AppData/Local/Pub/Cache/hosted/pub.dev/web-1.1.1/lib/src/dom/indexeddb.dart:58:65: Error: Type 'JSObject' not found.
extension type IDBRequest._(JSObject _) implements EventTarget, JSObject {
                                                                ^^^^^^^^
/C:/Users/berkgoknil/AppData/Local/Pub/Cache/hosted/pub.dev/web-1.1.1/lib/src/dom/indexeddb.dart:64:12: Error: Type 'JSAny' not found.
  external JSAny? get result;
           ^^^^^
/C:/Users/berkgoknil/AppData/Local/Pub/Cache/hosted/pub.dev/web-1.1.1/lib/src/dom/indexeddb.dart:75:12: Error: Type 'JSObject' not found.
  external JSObject? get source;
           ^^^^^^^^
/C:/Users/berkgoknil/AppData/Local/Pub/Cache/hosted/pub.dev/web-1.1.1/lib/src/dom/indexeddb.dart:117:35: Error: Type 'JSObject' not found.
extension type IDBOpenDBRequest._(JSObject _) implements IDBRequest, JSObject {
                                  ^^^^^^^^
/C:/Users/berkgoknil/AppData/Local/Pub/Cache/hosted/pub.dev/web-1.1.1/lib/src/dom/indexeddb.dart:117:70: Error: Type 'JSObject' not found.
extension type IDBOpenDBRequest._(JSObject _) implements IDBRequest, JSObject {
                                                                     ^^^^^^^^
/C:/Users/berkgoknil/AppData/Local/Pub/Cache/hosted/pub.dev/web-1.1.1/lib/src/dom/indexeddb.dart:133:40: Error: Type 'JSObject' not found.
extension type IDBVersionChangeEvent._(JSObject _) implements Event, JSObject {
                                       ^^^^^^^^
/C:/Users/berkgoknil/AppData/Local/Pub/Cache/hosted/pub.dev/web-1.1.1/lib/src/dom/indexeddb.dart:133:70: Error: Type 'JSObject' not found.
extension type IDBVersionChangeEvent._(JSObject _) implements Event, JSObject {
                                                                     ^^^^^^^^
/C:/Users/berkgoknil/AppData/Local/Pub/Cache/hosted/pub.dev/web-1.1.1/lib/src/dom/indexeddb.dart:152:44: Error: Type 'JSObject' not found.
extension type IDBVersionChangeEventInit._(JSObject _)
                                           ^^^^^^^^
/C:/Users/berkgoknil/AppData/Local/Pub/Cache/hosted/pub.dev/web-1.1.1/lib/src/dom/indexeddb.dart:153:27: Error: Type 'JSObject' not found.
    implements EventInit, JSObject {
                          ^^^^^^^^
/C:/Users/berkgoknil/AppData/Local/Pub/Cache/hosted/pub.dev/web-1.1.1/lib/src/dom/indexeddb.dart:179:29: Error: Type 'JSObject' not found.
extension type IDBFactory._(JSObject _) implements JSObject {
                            ^^^^^^^^
/C:/Users/berkgoknil/AppData/Local/Pub/Cache/hosted/pub.dev/web-1.1.1/lib/src/dom/indexeddb.dart:179:52: Error: Type 'JSObject' not found.
extension type IDBFactory._(JSObject _) implements JSObject {
                                                   ^^^^^^^^
/C:/Users/berkgoknil/AppData/Local/Pub/Cache/hosted/pub.dev/web-1.1.1/lib/src/dom/indexeddb.dart:223:22: Error: Type 'JSArray' not found.
  external JSPromise<JSArray<IDBDatabaseInfo>> databases();
                     ^^^^^^^
/C:/Users/berkgoknil/AppData/Local/Pub/Cache/hosted/pub.dev/web-1.1.1/lib/src/dom/indexeddb.dart:223:12: Error: Type 'JSPromise' not found.
  external JSPromise<JSArray<IDBDatabaseInfo>> databases();
           ^^^^^^^^^
/C:/Users/berkgoknil/AppData/Local/Pub/Cache/hosted/pub.dev/web-1.1.1/lib/src/dom/indexeddb.dart:241:5: Error: Type 'JSAny' not found.
    JSAny? first,
    ^^^^^
/C:/Users/berkgoknil/AppData/Local/Pub/Cache/hosted/pub.dev/web-1.1.1/lib/src/dom/indexeddb.dart:242:5: Error: Type 'JSAny' not found.
    JSAny? second,
    ^^^^^
/C:/Users/berkgoknil/AppData/Local/Pub/Cache/hosted/pub.dev/web-1.1.1/lib/src/dom/indexeddb.dart:245:34: Error: Type 'JSObject' not found.
extension type IDBDatabaseInfo._(JSObject _) implements JSObject {
                                 ^^^^^^^^
/C:/Users/berkgoknil/AppData/Local/Pub/Cache/hosted/pub.dev/web-1.1.1/lib/src/dom/indexeddb.dart:245:57: Error: Type 'JSObject' not found.
extension type IDBDatabaseInfo._(JSObject _) implements JSObject {
                                                        ^^^^^^^^
/C:/Users/berkgoknil/AppData/Local/Pub/Cache/hosted/pub.dev/web-1.1.1/lib/src/dom/indexeddb.dart:277:30: Error: Type 'JSObject' not found.
extension type IDBDatabase._(JSObject _) implements EventTarget, JSObject {
                             ^^^^^^^^
/C:/Users/berkgoknil/AppData/Local/Pub/Cache/hosted/pub.dev/web-1.1.1/lib/src/dom/indexeddb.dart:277:66: Error: Type 'JSObject' not found.
extension type IDBDatabase._(JSObject _) implements EventTarget, JSObject {
                                                                 ^^^^^^^^
/C:/Users/berkgoknil/AppData/Local/Pub/Cache/hosted/pub.dev/web-1.1.1/lib/src/dom/indexeddb.dart:283:5: Error: Type 'JSAny' not found.
    JSAny storeNames, [
    ^^^^^
/C:/Users/berkgoknil/AppData/Local/Pub/Cache/hosted/pub.dev/web-1.1.1/lib/src/dom/indexeddb.dart:357:40: Error: Type 'JSObject' not found.
extension type IDBTransactionOptions._(JSObject _) implements JSObject {
                                       ^^^^^^^^
/C:/Users/berkgoknil/AppData/Local/Pub/Cache/hosted/pub.dev/web-1.1.1/lib/src/dom/indexeddb.dart:357:63: Error: Type 'JSObject' not found.
extension type IDBTransactionOptions._(JSObject _) implements JSObject {
                                                              ^^^^^^^^
/C:/Users/berkgoknil/AppData/Local/Pub/Cache/hosted/pub.dev/web-1.1.1/lib/src/dom/indexeddb.dart:363:43: Error: Type 'JSObject' not found.
extension type IDBObjectStoreParameters._(JSObject _) implements JSObject {
                                          ^^^^^^^^
/C:/Users/berkgoknil/AppData/Local/Pub/Cache/hosted/pub.dev/web-1.1.1/lib/src/dom/indexeddb.dart:363:66: Error: Type 'JSObject' not found.
extension type IDBObjectStoreParameters._(JSObject _) implements JSObject {
                                                                 ^^^^^^^^
/C:/Users/berkgoknil/AppData/Local/Pub/Cache/hosted/pub.dev/web-1.1.1/lib/src/dom/indexeddb.dart:365:5: Error: Type 'JSAny' not found.
    JSAny? keyPath,
    ^^^^^
/C:/Users/berkgoknil/AppData/Local/Pub/Cache/hosted/pub.dev/web-1.1.1/lib/src/dom/indexeddb.dart:369:12: Error: Type 'JSAny' not found.
  external JSAny? get keyPath;
           ^^^^^
/C:/Users/berkgoknil/AppData/Local/Pub/Cache/hosted/pub.dev/web-1.1.1/lib/src/dom/indexeddb.dart:370:24: Error: Type 'JSAny' not found.
  external set keyPath(JSAny? value);
                       ^^^^^
/C:/Users/berkgoknil/AppData/Local/Pub/Cache/hosted/pub.dev/web-1.1.1/lib/src/dom/indexeddb.dart:385:33: Error: Type 'JSObject' not found.
extension type IDBObjectStore._(JSObject _) implements JSObject {
                                ^^^^^^^^
/C:/Users/berkgoknil/AppData/Local/Pub/Cache/hosted/pub.dev/web-1.1.1/lib/src/dom/indexeddb.dart:385:56: Error: Type 'JSObject' not found.
extension type IDBObjectStore._(JSObject _) implements JSObject {
                                                       ^^^^^^^^
/C:/Users/berkgoknil/AppData/Local/Pub/Cache/hosted/pub.dev/web-1.1.1/lib/src/dom/indexeddb.dart:407:5: Error: Type 'JSAny' not found.
    JSAny? value, [
    ^^^^^
/C:/Users/berkgoknil/AppData/Local/Pub/Cache/hosted/pub.dev/web-1.1.1/lib/src/dom/indexeddb.dart:408:5: Error: Type 'JSAny' not found.
    JSAny? key,
    ^^^^^
/C:/Users/berkgoknil/AppData/Local/Pub/Cache/hosted/pub.dev/web-1.1.1/lib/src/dom/indexeddb.dart:432:5: Error: Type 'JSAny' not found.
    JSAny? value, [
    ^^^^^
/C:/Users/berkgoknil/AppData/Local/Pub/Cache/hosted/pub.dev/web-1.1.1/lib/src/dom/indexeddb.dart:433:5: Error: Type 'JSAny' not found.
    JSAny? key,
    ^^^^^
/C:/Users/berkgoknil/AppData/Local/Pub/Cache/hosted/pub.dev/web-1.1.1/lib/src/dom/indexeddb.dart:447:30: Error: Type 'JSAny' not found.
  external IDBRequest delete(JSAny? query);
                             ^^^^^
/C:/Users/berkgoknil/AppData/Local/Pub/Cache/hosted/pub.dev/web-1.1.1/lib/src/dom/indexeddb.dart:481:27: Error: Type 'JSAny' not found.
  external IDBRequest get(JSAny? query);
                          ^^^^^
/C:/Users/berkgoknil/AppData/Local/Pub/Cache/hosted/pub.dev/web-1.1.1/lib/src/dom/indexeddb.dart:492:30: Error: Type 'JSAny' not found.
  external IDBRequest getKey(JSAny? query);
                             ^^^^^
/C:/Users/berkgoknil/AppData/Local/Pub/Cache/hosted/pub.dev/web-1.1.1/lib/src/dom/indexeddb.dart:517:5: Error: Type 'JSAny' not found.
    JSAny? query,
    ^^^^^
/C:/Users/berkgoknil/AppData/Local/Pub/Cache/hosted/pub.dev/web-1.1.1/lib/src/dom/indexeddb.dart:541:5: Error: Type 'JSAny' not found.
    JSAny? query,
    ^^^^^
/C:/Users/berkgoknil/AppData/Local/Pub/Cache/hosted/pub.dev/web-1.1.1/lib/src/dom/indexeddb.dart:550:30: Error: Type 'JSAny' not found.
  external IDBRequest count([JSAny? query]);
                             ^^^^^
/C:/Users/berkgoknil/AppData/Local/Pub/Cache/hosted/pub.dev/web-1.1.1/lib/src/dom/indexeddb.dart:561:5: Error: Type 'JSAny' not found.
    JSAny? query,
    ^^^^^
/C:/Users/berkgoknil/AppData/Local/Pub/Cache/hosted/pub.dev/web-1.1.1/lib/src/dom/indexeddb.dart:576:5: Error: Type 'JSAny' not found.
    JSAny? query,
    ^^^^^
/C:/Users/berkgoknil/AppData/Local/Pub/Cache/hosted/pub.dev/web-1.1.1/lib/src/dom/indexeddb.dart:605:5: Error: Type 'JSAny' not found.
    JSAny keyPath, [
    ^^^^^
/C:/Users/berkgoknil/AppData/Local/Pub/Cache/hosted/pub.dev/web-1.1.1/lib/src/dom/indexeddb.dart:632:12: Error: Type 'JSAny' not found.
  external JSAny? get keyPath;
           ^^^^^
/C:/Users/berkgoknil/AppData/Local/Pub/Cache/hosted/pub.dev/web-1.1.1/lib/src/dom/indexeddb.dart:653:37: Error: Type 'JSObject' not found.
extension type IDBIndexParameters._(JSObject _) implements JSObject {
                                    ^^^^^^^^
/C:/Users/berkgoknil/AppData/Local/Pub/Cache/hosted/pub.dev/web-1.1.1/lib/src/dom/indexeddb.dart:653:60: Error: Type 'JSObject' not found.
extension type IDBIndexParameters._(JSObject _) implements JSObject {
                                                           ^^^^^^^^
/C:/Users/berkgoknil/AppData/Local/Pub/Cache/hosted/pub.dev/web-1.1.1/lib/src/dom/indexeddb.dart:693:27: Error: Type 'JSObject' not found.
extension type IDBIndex._(JSObject _) implements JSObject {
                          ^^^^^^^^
/C:/Users/berkgoknil/AppData/Local/Pub/Cache/hosted/pub.dev/web-1.1.1/lib/src/dom/indexeddb.dart:693:50: Error: Type 'JSObject' not found.
extension type IDBIndex._(JSObject _) implements JSObject {
                                                 ^^^^^^^^
/C:/Users/berkgoknil/AppData/Local/Pub/Cache/hosted/pub.dev/web-1.1.1/lib/src/dom/indexeddb.dart:706:27: Error: Type 'JSAny' not found.
  external IDBRequest get(JSAny? query);
                          ^^^^^
/C:/Users/berkgoknil/AppData/Local/Pub/Cache/hosted/pub.dev/web-1.1.1/lib/src/dom/indexeddb.dart:718:30: Error: Type 'JSAny' not found.
  external IDBRequest getKey(JSAny? query);
                             ^^^^^
/C:/Users/berkgoknil/AppData/Local/Pub/Cache/hosted/pub.dev/web-1.1.1/lib/src/dom/indexeddb.dart:735:5: Error: Type 'JSAny' not found.
    JSAny? query,
    ^^^^^
/C:/Users/berkgoknil/AppData/Local/Pub/Cache/hosted/pub.dev/web-1.1.1/lib/src/dom/indexeddb.dart:744:5: Error: Type 'JSAny' not found.
    JSAny? query,
    ^^^^^
/C:/Users/berkgoknil/AppData/Local/Pub/Cache/hosted/pub.dev/web-1.1.1/lib/src/dom/indexeddb.dart:751:30: Error: Type 'JSAny' not found.
  external IDBRequest count([JSAny? query]);
                             ^^^^^
/C:/Users/berkgoknil/AppData/Local/Pub/Cache/hosted/pub.dev/web-1.1.1/lib/src/dom/indexeddb.dart:767:5: Error: Type 'JSAny' not found.
    JSAny? query,
    ^^^^^
/C:/Users/berkgoknil/AppData/Local/Pub/Cache/hosted/pub.dev/web-1.1.1/lib/src/dom/indexeddb.dart:790:5: Error: Type 'JSAny' not found.
    JSAny? query,
    ^^^^^
/C:/Users/berkgoknil/AppData/Local/Pub/Cache/hosted/pub.dev/web-1.1.1/lib/src/dom/indexeddb.dart:807:12: Error: Type 'JSAny' not found.
  external JSAny? get keyPath;
           ^^^^^
/C:/Users/berkgoknil/AppData/Local/Pub/Cache/hosted/pub.dev/web-1.1.1/lib/src/dom/indexeddb.dart:874:30: Error: Type 'JSObject' not found.
extension type IDBKeyRange._(JSObject _) implements JSObject {
                             ^^^^^^^^
/C:/Users/berkgoknil/AppData/Local/Pub/Cache/hosted/pub.dev/web-1.1.1/lib/src/dom/indexeddb.dart:874:53: Error: Type 'JSObject' not found.
extension type IDBKeyRange._(JSObject _) implements JSObject {
                                                    ^^^^^^^^
/C:/Users/berkgoknil/AppData/Local/Pub/Cache/hosted/pub.dev/web-1.1.1/lib/src/dom/indexeddb.dart:877:36: Error: Type 'JSAny' not found.
  external static IDBKeyRange only(JSAny? value);
                                   ^^^^^
/C:/Users/berkgoknil/AppData/Local/Pub/Cache/hosted/pub.dev/web-1.1.1/lib/src/dom/indexeddb.dart:883:5: Error: Type 'JSAny' not found.
    JSAny? lower, [
    ^^^^^
/C:/Users/berkgoknil/AppData/Local/Pub/Cache/hosted/pub.dev/web-1.1.1/lib/src/dom/indexeddb.dart:891:5: Error: Type 'JSAny' not found.
    JSAny? upper, [
    ^^^^^
/C:/Users/berkgoknil/AppData/Local/Pub/Cache/hosted/pub.dev/web-1.1.1/lib/src/dom/indexeddb.dart:903:5: Error: Type 'JSAny' not found.
    JSAny? lower,
    ^^^^^
/C:/Users/berkgoknil/AppData/Local/Pub/Cache/hosted/pub.dev/web-1.1.1/lib/src/dom/indexeddb.dart:904:5: Error: Type 'JSAny' not found.
    JSAny? upper, [
    ^^^^^
/C:/Users/berkgoknil/AppData/Local/Pub/Cache/hosted/pub.dev/web-1.1.1/lib/src/dom/indexeddb.dart:913:26: Error: Type 'JSAny' not found.
  external bool includes(JSAny? key);
                         ^^^^^
/C:/Users/berkgoknil/AppData/Local/Pub/Cache/hosted/pub.dev/web-1.1.1/lib/src/dom/indexeddb.dart:917:12: Error: Type 'JSAny' not found.
  external JSAny? get lower;
           ^^^^^
/C:/Users/berkgoknil/AppData/Local/Pub/Cache/hosted/pub.dev/web-1.1.1/lib/src/dom/indexeddb.dart:921:12: Error: Type 'JSAny' not found.
  external JSAny? get upper;
           ^^^^^
/C:/Users/berkgoknil/AppData/Local/Pub/Cache/hosted/pub.dev/web-1.1.1/lib/src/dom/indexeddb.dart:957:28: Error: Type 'JSObject' not found.
extension type IDBCursor._(JSObject _) implements JSObject {
                           ^^^^^^^^
/C:/Users/berkgoknil/AppData/Local/Pub/Cache/hosted/pub.dev/web-1.1.1/lib/src/dom/indexeddb.dart:957:51: Error: Type 'JSObject' not found.
extension type IDBCursor._(JSObject _) implements JSObject {
                                                  ^^^^^^^^
/C:/Users/berkgoknil/AppData/Local/Pub/Cache/hosted/pub.dev/web-1.1.1/lib/src/dom/indexeddb.dart:970:28: Error: Type 'JSAny' not found.
  external void continue_([JSAny? key]);
                           ^^^^^
/C:/Users/berkgoknil/AppData/Local/Pub/Cache/hosted/pub.dev/web-1.1.1/lib/src/dom/indexeddb.dart:994:5: Error: Type 'JSAny' not found.
    JSAny? key,
    ^^^^^
/C:/Users/berkgoknil/AppData/Local/Pub/Cache/hosted/pub.dev/web-1.1.1/lib/src/dom/indexeddb.dart:995:5: Error: Type 'JSAny' not found.
    JSAny? primaryKey,
    ^^^^^
/C:/Users/berkgoknil/AppData/Local/Pub/Cache/hosted/pub.dev/web-1.1.1/lib/src/dom/indexeddb.dart:1009:30: Error: Type 'JSAny' not found.
  external IDBRequest update(JSAny? value);
                             ^^^^^
/C:/Users/berkgoknil/AppData/Local/Pub/Cache/hosted/pub.dev/web-1.1.1/lib/src/dom/indexeddb.dart:1029:12: Error: Type 'JSObject' not found.
  external JSObject get source;
           ^^^^^^^^
/C:/Users/berkgoknil/AppData/Local/Pub/Cache/hosted/pub.dev/web-1.1.1/lib/src/dom/indexeddb.dart:1043:12: Error: Type 'JSAny' not found.
  external JSAny? get key;
           ^^^^^
/C:/Users/berkgoknil/AppData/Local/Pub/Cache/hosted/pub.dev/web-1.1.1/lib/src/dom/indexeddb.dart:1050:12: Error: Type 'JSAny' not found.
  external JSAny? get primaryKey;
           ^^^^^
/C:/Users/berkgoknil/AppData/Local/Pub/Cache/hosted/pub.dev/web-1.1.1/lib/src/dom/indexeddb.dart:1078:37: Error: Type 'JSObject' not found.
extension type IDBCursorWithValue._(JSObject _) implements IDBCursor, JSObject {
                                    ^^^^^^^^
/C:/Users/berkgoknil/AppData/Local/Pub/Cache/hosted/pub.dev/web-1.1.1/lib/src/dom/indexeddb.dart:1078:71: Error: Type 'JSObject' not found.
extension type IDBCursorWithValue._(JSObject _) implements IDBCursor, JSObject {
                                                                      ^^^^^^^^
/C:/Users/berkgoknil/AppData/Local/Pub/Cache/hosted/pub.dev/web-1.1.1/lib/src/dom/indexeddb.dart:1082:12: Error: Type 'JSAny' not found.
  external JSAny? get value;
           ^^^^^
/C:/Users/berkgoknil/AppData/Local/Pub/Cache/hosted/pub.dev/web-1.1.1/lib/src/dom/indexeddb.dart:1124:33: Error: Type 'JSObject' not found.
extension type IDBTransaction._(JSObject _) implements EventTarget, JSObject {
                                ^^^^^^^^
/C:/Users/berkgoknil/AppData/Local/Pub/Cache/hosted/pub.dev/web-1.1.1/lib/src/dom/indexeddb.dart:1124:69: Error: Type 'JSObject' not found.
extension type IDBTransaction._(JSObject _) implements EventTarget, JSObject {
                                                                    ^^^^^^^^
/C:/Users/berkgoknil/AppData/Local/Pub/Cache/hosted/pub.dev/web-1.1.1/lib/src/dom/indexeddb.dart:58:65: Error: The type 'JSObject' can't be implemented by an extension type.
extension type IDBRequest._(JSObject _) implements EventTarget, JSObject {
                                                                ^
/C:/Users/berkgoknil/AppData/Local/Pub/Cache/hosted/pub.dev/web-1.1.1/lib/src/dom/indexeddb.dart:117:70: Error: The type 'JSObject' can't be implemented by an extension type.
extension type IDBOpenDBRequest._(JSObject _) implements IDBRequest, JSObject {
                                                                     ^
/C:/Users/berkgoknil/AppData/Local/Pub/Cache/hosted/pub.dev/web-1.1.1/lib/src/dom/indexeddb.dart:133:70: Error: The type 'JSObject' can't be implemented by an extension type.
extension type IDBVersionChangeEvent._(JSObject _) implements Event, JSObject {
                                                                     ^
/C:/Users/berkgoknil/AppData/Local/Pub/Cache/hosted/pub.dev/web-1.1.1/lib/src/dom/indexeddb.dart:153:27: Error: The type 'JSObject' can't be implemented by an extension type.
    implements EventInit, JSObject {
                          ^
/C:/Users/berkgoknil/AppData/Local/Pub/Cache/hosted/pub.dev/web-1.1.1/lib/src/dom/indexeddb.dart:179:52: Error: The type 'JSObject' can't be implemented by an extension type.
extension type IDBFactory._(JSObject _) implements JSObject {
                                                   ^
/C:/Users/berkgoknil/AppData/Local/Pub/Cache/hosted/pub.dev/web-1.1.1/lib/src/dom/indexeddb.dart:245:57: Error: The type 'JSObject' can't be implemented by an extension type.
extension type IDBDatabaseInfo._(JSObject _) implements JSObject {
                                                        ^
/C:/Users/berkgoknil/AppData/Local/Pub/Cache/hosted/pub.dev/web-1.1.1/lib/src/dom/indexeddb.dart:277:66: Error: The type 'JSObject' can't be implemented by an extension type.
extension type IDBDatabase._(JSObject _) implements EventTarget, JSObject {
                                                                 ^
/C:/Users/berkgoknil/AppData/Local/Pub/Cache/hosted/pub.dev/web-1.1.1/lib/src/dom/indexeddb.dart:357:63: Error: The type 'JSObject' can't be implemented by an extension type.
extension type IDBTransactionOptions._(JSObject _) implements JSObject {
                                                              ^
/C:/Users/berkgoknil/AppData/Local/Pub/Cache/hosted/pub.dev/web-1.1.1/lib/src/dom/indexeddb.dart:363:66: Error: The type 'JSObject' can't be implemented by an extension type.
extension type IDBObjectStoreParameters._(JSObject _) implements JSObject {
                                                                 ^
/C:/Users/berkgoknil/AppData/Local/Pub/Cache/hosted/pub.dev/web-1.1.1/lib/src/dom/indexeddb.dart:385:56: Error: The type 'JSObject' can't be implemented by an extension type.
extension type IDBObjectStore._(JSObject _) implements JSObject {
                                                       ^
/C:/Users/berkgoknil/AppData/Local/Pub/Cache/hosted/pub.dev/web-1.1.1/lib/src/dom/indexeddb.dart:653:60: Error: The type 'JSObject' can't be implemented by an extension type.
extension type IDBIndexParameters._(JSObject _) implements JSObject {
                                                           ^
/C:/Users/berkgoknil/AppData/Local/Pub/Cache/hosted/pub.dev/web-1.1.1/lib/src/dom/indexeddb.dart:693:50: Error: The type 'JSObject' can't be implemented by an extension type.
extension type IDBIndex._(JSObject _) implements JSObject {
                                                 ^
/C:/Users/berkgoknil/AppData/Local/Pub/Cache/hosted/pub.dev/web-1.1.1/lib/src/dom/indexeddb.dart:874:53: Error: The type 'JSObject' can't be implemented by an extension type.
extension type IDBKeyRange._(JSObject _) implements JSObject {
                                                    ^
/C:/Users/berkgoknil/AppData/Local/Pub/Cache/hosted/pub.dev/web-1.1.1/lib/src/dom/indexeddb.dart:957:51: Error: The type 'JSObject' can't be implemented by an extension type.
extension type IDBCursor._(JSObject _) implements JSObject {
                                                  ^
/C:/Users/berkgoknil/AppData/Local/Pub/Cache/hosted/pub.dev/web-1.1.1/lib/src/dom/indexeddb.dart:1078:71: Error: The type 'JSObject' can't be implemented by an extension type.
extension type IDBCursorWithValue._(JSObject _) implements IDBCursor, JSObject {
                                                                      ^
/C:/Users/berkgoknil/AppData/Local/Pub/Cache/hosted/pub.dev/web-1.1.1/lib/src/dom/indexeddb.dart:1124:69: Error: The type 'JSObject' can't be implemented by an extension type.
extension type IDBTransaction._(JSObject _) implements EventTarget, JSObject {
                                                                    ^
/C:/Users/berkgoknil/AppData/Local/Pub/Cache/hosted/pub.dev/web-1.1.1/lib/src/dom/indexeddb.dart:13:2: Error: Couldn't find constructor 'JS'.
@JS()
 ^^
/C:/Users/berkgoknil/AppData/Local/Pub/Cache/hosted/pub.dev/web-1.1.1/lib/src/dom/indexeddb.dart:969:4: Error: Couldn't find constructor 'JS'.
  @JS('continue')
   ^^
/C:/Users/berkgoknil/AppData/Local/Pub/Cache/hosted/pub.dev/web-1.1.1/lib/src/dom/indexeddb.dart:58:29: Error: 'JSObject' isn't a type.
extension type IDBRequest._(JSObject _) implements EventTarget, JSObject {
                            ^^^^^^^^
/C:/Users/berkgoknil/AppData/Local/Pub/Cache/hosted/pub.dev/web-1.1.1/lib/src/dom/indexeddb.dart:117:35: Error: 'JSObject' isn't a type.
extension type IDBOpenDBRequest._(JSObject _) implements IDBRequest, JSObject {
                                  ^^^^^^^^
/C:/Users/berkgoknil/AppData/Local/Pub/Cache/hosted/pub.dev/web-1.1.1/lib/src/dom/indexeddb.dart:133:40: Error: 'JSObject' isn't a type.
extension type IDBVersionChangeEvent._(JSObject _) implements Event, JSObject {
                                       ^^^^^^^^
/C:/Users/berkgoknil/AppData/Local/Pub/Cache/hosted/pub.dev/web-1.1.1/lib/src/dom/indexeddb.dart:152:44: Error: 'JSObject' isn't a type.
extension type IDBVersionChangeEventInit._(JSObject _)
                                           ^^^^^^^^
/C:/Users/berkgoknil/AppData/Local/Pub/Cache/hosted/pub.dev/web-1.1.1/lib/src/dom/indexeddb.dart:179:29: Error: 'JSObject' isn't a type.
extension type IDBFactory._(JSObject _) implements JSObject {
                            ^^^^^^^^
/C:/Users/berkgoknil/AppData/Local/Pub/Cache/hosted/pub.dev/web-1.1.1/lib/src/dom/indexeddb.dart:241:5: Error: 'JSAny' isn't a type.
    JSAny? first,
    ^^^^^
/C:/Users/berkgoknil/AppData/Local/Pub/Cache/hosted/pub.dev/web-1.1.1/lib/src/dom/indexeddb.dart:242:5: Error: 'JSAny' isn't a type.
    JSAny? second,
    ^^^^^
/C:/Users/berkgoknil/AppData/Local/Pub/Cache/hosted/pub.dev/web-1.1.1/lib/src/dom/indexeddb.dart:245:34: Error: 'JSObject' isn't a type.
extension type IDBDatabaseInfo._(JSObject _) implements JSObject {
                                 ^^^^^^^^
/C:/Users/berkgoknil/AppData/Local/Pub/Cache/hosted/pub.dev/web-1.1.1/lib/src/dom/indexeddb.dart:277:30: Error: 'JSObject' isn't a type.
extension type IDBDatabase._(JSObject _) implements EventTarget, JSObject {
                             ^^^^^^^^
/C:/Users/berkgoknil/AppData/Local/Pub/Cache/hosted/pub.dev/web-1.1.1/lib/src/dom/indexeddb.dart:283:5: Error: 'JSAny' isn't a type.
    JSAny storeNames, [
    ^^^^^
/C:/Users/berkgoknil/AppData/Local/Pub/Cache/hosted/pub.dev/web-1.1.1/lib/src/dom/indexeddb.dart:357:40: Error: 'JSObject' isn't a type.
extension type IDBTransactionOptions._(JSObject _) implements JSObject {
                                       ^^^^^^^^
/C:/Users/berkgoknil/AppData/Local/Pub/Cache/hosted/pub.dev/web-1.1.1/lib/src/dom/indexeddb.dart:363:43: Error: 'JSObject' isn't a type.
extension type IDBObjectStoreParameters._(JSObject _) implements JSObject {
                                          ^^^^^^^^
/C:/Users/berkgoknil/AppData/Local/Pub/Cache/hosted/pub.dev/web-1.1.1/lib/src/dom/indexeddb.dart:365:5: Error: 'JSAny' isn't a type.
    JSAny? keyPath,
    ^^^^^
/C:/Users/berkgoknil/AppData/Local/Pub/Cache/hosted/pub.dev/web-1.1.1/lib/src/dom/indexeddb.dart:370:24: Error: 'JSAny' isn't a type.
  external set keyPath(JSAny? value);
                       ^^^^^
/C:/Users/berkgoknil/AppData/Local/Pub/Cache/hosted/pub.dev/web-1.1.1/lib/src/dom/indexeddb.dart:385:33: Error: 'JSObject' isn't a type.
extension type IDBObjectStore._(JSObject _) implements JSObject {
                                ^^^^^^^^
/C:/Users/berkgoknil/AppData/Local/Pub/Cache/hosted/pub.dev/web-1.1.1/lib/src/dom/indexeddb.dart:407:5: Error: 'JSAny' isn't a type.
    JSAny? value, [
    ^^^^^
/C:/Users/berkgoknil/AppData/Local/Pub/Cache/hosted/pub.dev/web-1.1.1/lib/src/dom/indexeddb.dart:408:5: Error: 'JSAny' isn't a type.
    JSAny? key,
    ^^^^^
/C:/Users/berkgoknil/AppData/Local/Pub/Cache/hosted/pub.dev/web-1.1.1/lib/src/dom/indexeddb.dart:432:5: Error: 'JSAny' isn't a type.
    JSAny? value, [
    ^^^^^
/C:/Users/berkgoknil/AppData/Local/Pub/Cache/hosted/pub.dev/web-1.1.1/lib/src/dom/indexeddb.dart:433:5: Error: 'JSAny' isn't a type.
    JSAny? key,
    ^^^^^
/C:/Users/berkgoknil/AppData/Local/Pub/Cache/hosted/pub.dev/web-1.1.1/lib/src/dom/indexeddb.dart:447:30: Error: 'JSAny' isn't a type.
  external IDBRequest delete(JSAny? query);
                             ^^^^^
/C:/Users/berkgoknil/AppData/Local/Pub/Cache/hosted/pub.dev/web-1.1.1/lib/src/dom/indexeddb.dart:481:27: Error: 'JSAny' isn't a type.
  external IDBRequest get(JSAny? query);
                          ^^^^^
/C:/Users/berkgoknil/AppData/Local/Pub/Cache/hosted/pub.dev/web-1.1.1/lib/src/dom/indexeddb.dart:492:30: Error: 'JSAny' isn't a type.
  external IDBRequest getKey(JSAny? query);
                             ^^^^^
/C:/Users/berkgoknil/AppData/Local/Pub/Cache/hosted/pub.dev/web-1.1.1/lib/src/dom/indexeddb.dart:517:5: Error: 'JSAny' isn't a type.
    JSAny? query,
    ^^^^^
/C:/Users/berkgoknil/AppData/Local/Pub/Cache/hosted/pub.dev/web-1.1.1/lib/src/dom/indexeddb.dart:541:5: Error: 'JSAny' isn't a type.
    JSAny? query,
    ^^^^^
/C:/Users/berkgoknil/AppData/Local/Pub/Cache/hosted/pub.dev/web-1.1.1/lib/src/dom/indexeddb.dart:550:30: Error: 'JSAny' isn't a type.
  external IDBRequest count([JSAny? query]);
                             ^^^^^
/C:/Users/berkgoknil/AppData/Local/Pub/Cache/hosted/pub.dev/web-1.1.1/lib/src/dom/indexeddb.dart:561:5: Error: 'JSAny' isn't a type.
    JSAny? query,
    ^^^^^
/C:/Users/berkgoknil/AppData/Local/Pub/Cache/hosted/pub.dev/web-1.1.1/lib/src/dom/indexeddb.dart:576:5: Error: 'JSAny' isn't a type.
    JSAny? query,
    ^^^^^
/C:/Users/berkgoknil/AppData/Local/Pub/Cache/hosted/pub.dev/web-1.1.1/lib/src/dom/indexeddb.dart:605:5: Error: 'JSAny' isn't a type.
    JSAny keyPath, [
    ^^^^^
/C:/Users/berkgoknil/AppData/Local/Pub/Cache/hosted/pub.dev/web-1.1.1/lib/src/dom/indexeddb.dart:653:37: Error: 'JSObject' isn't a type.
extension type IDBIndexParameters._(JSObject _) implements JSObject {
                                    ^^^^^^^^
/C:/Users/berkgoknil/AppData/Local/Pub/Cache/hosted/pub.dev/web-1.1.1/lib/src/dom/indexeddb.dart:693:27: Error: 'JSObject' isn't a type.
extension type IDBIndex._(JSObject _) implements JSObject {
                          ^^^^^^^^
/C:/Users/berkgoknil/AppData/Local/Pub/Cache/hosted/pub.dev/web-1.1.1/lib/src/dom/indexeddb.dart:706:27: Error: 'JSAny' isn't a type.
  external IDBRequest get(JSAny? query);
                          ^^^^^
/C:/Users/berkgoknil/AppData/Local/Pub/Cache/hosted/pub.dev/web-1.1.1/lib/src/dom/indexeddb.dart:718:30: Error: 'JSAny' isn't a type.
  external IDBRequest getKey(JSAny? query);
                             ^^^^^
/C:/Users/berkgoknil/AppData/Local/Pub/Cache/hosted/pub.dev/web-1.1.1/lib/src/dom/indexeddb.dart:735:5: Error: 'JSAny' isn't a type.
    JSAny? query,
    ^^^^^
/C:/Users/berkgoknil/AppData/Local/Pub/Cache/hosted/pub.dev/web-1.1.1/lib/src/dom/indexeddb.dart:744:5: Error: 'JSAny' isn't a type.
    JSAny? query,
    ^^^^^
/C:/Users/berkgoknil/AppData/Local/Pub/Cache/hosted/pub.dev/web-1.1.1/lib/src/dom/indexeddb.dart:751:30: Error: 'JSAny' isn't a type.
  external IDBRequest count([JSAny? query]);
                             ^^^^^
/C:/Users/berkgoknil/AppData/Local/Pub/Cache/hosted/pub.dev/web-1.1.1/lib/src/dom/indexeddb.dart:767:5: Error: 'JSAny' isn't a type.
    JSAny? query,
    ^^^^^
/C:/Users/berkgoknil/AppData/Local/Pub/Cache/hosted/pub.dev/web-1.1.1/lib/src/dom/indexeddb.dart:790:5: Error: 'JSAny' isn't a type.
    JSAny? query,
    ^^^^^
/C:/Users/berkgoknil/AppData/Local/Pub/Cache/hosted/pub.dev/web-1.1.1/lib/src/dom/indexeddb.dart:874:30: Error: 'JSObject' isn't a type.
extension type IDBKeyRange._(JSObject _) implements JSObject {
                             ^^^^^^^^
/C:/Users/berkgoknil/AppData/Local/Pub/Cache/hosted/pub.dev/web-1.1.1/lib/src/dom/indexeddb.dart:877:36: Error: 'JSAny' isn't a type.
  external static IDBKeyRange only(JSAny? value);
                                   ^^^^^
/C:/Users/berkgoknil/AppData/Local/Pub/Cache/hosted/pub.dev/web-1.1.1/lib/src/dom/indexeddb.dart:883:5: Error: 'JSAny' isn't a type.
    JSAny? lower, [
    ^^^^^
/C:/Users/berkgoknil/AppData/Local/Pub/Cache/hosted/pub.dev/web-1.1.1/lib/src/dom/indexeddb.dart:891:5: Error: 'JSAny' isn't a type.
    JSAny? upper, [
    ^^^^^
/C:/Users/berkgoknil/AppData/Local/Pub/Cache/hosted/pub.dev/web-1.1.1/lib/src/dom/indexeddb.dart:903:5: Error: 'JSAny' isn't a type.
    JSAny? lower,
    ^^^^^
/C:/Users/berkgoknil/AppData/Local/Pub/Cache/hosted/pub.dev/web-1.1.1/lib/src/dom/indexeddb.dart:904:5: Error: 'JSAny' isn't a type.
    JSAny? upper, [
    ^^^^^
/C:/Users/berkgoknil/AppData/Local/Pub/Cache/hosted/pub.dev/web-1.1.1/lib/src/dom/indexeddb.dart:913:26: Error: 'JSAny' isn't a type.
  external bool includes(JSAny? key);
                         ^^^^^
/C:/Users/berkgoknil/AppData/Local/Pub/Cache/hosted/pub.dev/web-1.1.1/lib/src/dom/indexeddb.dart:957:28: Error: 'JSObject' isn't a type.
extension type IDBCursor._(JSObject _) implements JSObject {
                           ^^^^^^^^
/C:/Users/berkgoknil/AppData/Local/Pub/Cache/hosted/pub.dev/web-1.1.1/lib/src/dom/indexeddb.dart:970:28: Error: 'JSAny' isn't a type.
  external void continue_([JSAny? key]);
                           ^^^^^
/C:/Users/berkgoknil/AppData/Local/Pub/Cache/hosted/pub.dev/web-1.1.1/lib/src/dom/indexeddb.dart:994:5: Error: 'JSAny' isn't a type.
    JSAny? key,
    ^^^^^
/C:/Users/berkgoknil/AppData/Local/Pub/Cache/hosted/pub.dev/web-1.1.1/lib/src/dom/indexeddb.dart:995:5: Error: 'JSAny' isn't a type.
    JSAny? primaryKey,
    ^^^^^
/C:/Users/berkgoknil/AppData/Local/Pub/Cache/hosted/pub.dev/web-1.1.1/lib/src/dom/indexeddb.dart:1009:30: Error: 'JSAny' isn't a type.
  external IDBRequest update(JSAny? value);
                             ^^^^^
/C:/Users/berkgoknil/AppData/Local/Pub/Cache/hosted/pub.dev/web-1.1.1/lib/src/dom/indexeddb.dart:1078:37: Error: 'JSObject' isn't a type.
extension type IDBCursorWithValue._(JSObject _) implements IDBCursor, JSObject {
                                    ^^^^^^^^
/C:/Users/berkgoknil/AppData/Local/Pub/Cache/hosted/pub.dev/web-1.1.1/lib/src/dom/indexeddb.dart:1124:33: Error: 'JSObject' isn't a type.
extension type IDBTransaction._(JSObject _) implements EventTarget, JSObject {
                                ^^^^^^^^
/C:/Users/berkgoknil/AppData/Local/Pub/Cache/hosted/pub.dev/web-1.1.1/lib/src/dom/geolocation.dart:16:8: Error: Dart library 'dart:js_interop' is not available on this platform.
import 'dart:js_interop';
       ^
/C:/Users/berkgoknil/AppData/Local/Pub/Cache/hosted/pub.dev/web-1.1.1/lib/src/dom/geolocation.dart:20:28: Error: Type 'JSFunction' not found.
typedef PositionCallback = JSFunction;
                           ^^^^^^^^^^
/C:/Users/berkgoknil/AppData/Local/Pub/Cache/hosted/pub.dev/web-1.1.1/lib/src/dom/geolocation.dart:21:33: Error: Type 'JSFunction' not found.
typedef PositionErrorCallback = JSFunction;
                                ^^^^^^^^^^
/C:/Users/berkgoknil/AppData/Local/Pub/Cache/hosted/pub.dev/web-1.1.1/lib/src/dom/geolocation.dart:40:30: Error: Type 'JSObject' not found.
extension type Geolocation._(JSObject _) implements JSObject {
                             ^^^^^^^^
/C:/Users/berkgoknil/AppData/Local/Pub/Cache/hosted/pub.dev/web-1.1.1/lib/src/dom/geolocation.dart:40:53: Error: Type 'JSObject' not found.
extension type Geolocation._(JSObject _) implements JSObject {
                                                    ^^^^^^^^
/C:/Users/berkgoknil/AppData/Local/Pub/Cache/hosted/pub.dev/web-1.1.1/lib/src/dom/geolocation.dart:64:34: Error: Type 'JSObject' not found.
extension type PositionOptions._(JSObject _) implements JSObject {
                                 ^^^^^^^^
/C:/Users/berkgoknil/AppData/Local/Pub/Cache/hosted/pub.dev/web-1.1.1/lib/src/dom/geolocation.dart:64:57: Error: Type 'JSObject' not found.
extension type PositionOptions._(JSObject _) implements JSObject {
                                                        ^^^^^^^^
/C:/Users/berkgoknil/AppData/Local/Pub/Cache/hosted/pub.dev/web-1.1.1/lib/src/dom/geolocation.dart:88:38: Error: Type 'JSObject' not found.
extension type GeolocationPosition._(JSObject _) implements JSObject {
                                     ^^^^^^^^
/C:/Users/berkgoknil/AppData/Local/Pub/Cache/hosted/pub.dev/web-1.1.1/lib/src/dom/geolocation.dart:88:61: Error: Type 'JSObject' not found.
extension type GeolocationPosition._(JSObject _) implements JSObject {
                                                            ^^^^^^^^
/C:/Users/berkgoknil/AppData/Local/Pub/Cache/hosted/pub.dev/web-1.1.1/lib/src/dom/geolocation.dart:91:12: Error: Type 'JSObject' not found.
  external JSObject toJSON();
           ^^^^^^^^
/C:/Users/berkgoknil/AppData/Local/Pub/Cache/hosted/pub.dev/web-1.1.1/lib/src/dom/geolocation.dart:117:41: Error: Type 'JSObject' not found.
extension type GeolocationCoordinates._(JSObject _) implements JSObject {
                                        ^^^^^^^^
/C:/Users/berkgoknil/AppData/Local/Pub/Cache/hosted/pub.dev/web-1.1.1/lib/src/dom/geolocation.dart:117:64: Error: Type 'JSObject' not found.
extension type GeolocationCoordinates._(JSObject _) implements JSObject {
                                                               ^^^^^^^^
/C:/Users/berkgoknil/AppData/Local/Pub/Cache/hosted/pub.dev/web-1.1.1/lib/src/dom/geolocation.dart:120:12: Error: Type 'JSObject' not found.
  external JSObject toJSON();
           ^^^^^^^^
/C:/Users/berkgoknil/AppData/Local/Pub/Cache/hosted/pub.dev/web-1.1.1/lib/src/dom/geolocation.dart:181:43: Error: Type 'JSObject' not found.
extension type GeolocationPositionError._(JSObject _) implements JSObject {
                                          ^^^^^^^^
/C:/Users/berkgoknil/AppData/Local/Pub/Cache/hosted/pub.dev/web-1.1.1/lib/src/dom/geolocation.dart:181:66: Error: Type 'JSObject' not found.
extension type GeolocationPositionError._(JSObject _) implements JSObject {
                                                                 ^^^^^^^^
/C:/Users/berkgoknil/AppData/Local/Pub/Cache/hosted/pub.dev/web-1.1.1/lib/src/dom/geolocation.dart:40:53: Error: The type 'JSObject' can't be implemented by an extension type.
extension type Geolocation._(JSObject _) implements JSObject {
                                                    ^
/C:/Users/berkgoknil/AppData/Local/Pub/Cache/hosted/pub.dev/web-1.1.1/lib/src/dom/geolocation.dart:64:57: Error: The type 'JSObject' can't be implemented by an extension type.
extension type PositionOptions._(JSObject _) implements JSObject {
                                                        ^
/C:/Users/berkgoknil/AppData/Local/Pub/Cache/hosted/pub.dev/web-1.1.1/lib/src/dom/geolocation.dart:88:61: Error: The type 'JSObject' can't be implemented by an extension type.
extension type GeolocationPosition._(JSObject _) implements JSObject {
                                                            ^
/C:/Users/berkgoknil/AppData/Local/Pub/Cache/hosted/pub.dev/web-1.1.1/lib/src/dom/geolocation.dart:117:64: Error: The type 'JSObject' can't be implemented by an extension type.
extension type GeolocationCoordinates._(JSObject _) implements JSObject {
                                                               ^
/C:/Users/berkgoknil/AppData/Local/Pub/Cache/hosted/pub.dev/web-1.1.1/lib/src/dom/geolocation.dart:181:66: Error: The type 'JSObject' can't be implemented by an extension type.
extension type GeolocationPositionError._(JSObject _) implements JSObject {
                                                                 ^
/C:/Users/berkgoknil/AppData/Local/Pub/Cache/hosted/pub.dev/web-1.1.1/lib/src/dom/geolocation.dart:13:2: Error: Couldn't find constructor 'JS'.
@JS()
 ^^
/C:/Users/berkgoknil/AppData/Local/Pub/Cache/hosted/pub.dev/web-1.1.1/lib/src/dom/geolocation.dart:40:30: Error: 'JSObject' isn't a type.
extension type Geolocation._(JSObject _) implements JSObject {
                             ^^^^^^^^
/C:/Users/berkgoknil/AppData/Local/Pub/Cache/hosted/pub.dev/web-1.1.1/lib/src/dom/geolocation.dart:64:34: Error: 'JSObject' isn't a type.
extension type PositionOptions._(JSObject _) implements JSObject {
                                 ^^^^^^^^
/C:/Users/berkgoknil/AppData/Local/Pub/Cache/hosted/pub.dev/web-1.1.1/lib/src/dom/geolocation.dart:88:38: Error: 'JSObject' isn't a type.
extension type GeolocationPosition._(JSObject _) implements JSObject {
                                     ^^^^^^^^
/C:/Users/berkgoknil/AppData/Local/Pub/Cache/hosted/pub.dev/web-1.1.1/lib/src/dom/geolocation.dart:117:41: Error: 'JSObject' isn't a type.
extension type GeolocationCoordinates._(JSObject _) implements JSObject {
                                        ^^^^^^^^
/C:/Users/berkgoknil/AppData/Local/Pub/Cache/hosted/pub.dev/web-1.1.1/lib/src/dom/geolocation.dart:181:43: Error: 'JSObject' isn't a type.
extension type GeolocationPositionError._(JSObject _) implements JSObject {
                                          ^^^^^^^^
/C:/Users/berkgoknil/AppData/Local/Pub/Cache/hosted/pub.dev/web-1.1.1/lib/src/dom/gamepad.dart:16:8: Error: Dart library 'dart:js_interop' is not available on this platform.
import 'dart:js_interop';
       ^
/C:/Users/berkgoknil/AppData/Local/Pub/Cache/hosted/pub.dev/web-1.1.1/lib/src/dom/gamepad.dart:38:26: Error: Type 'JSObject' not found.
extension type Gamepad._(JSObject _) implements JSObject {
                         ^^^^^^^^
/C:/Users/berkgoknil/AppData/Local/Pub/Cache/hosted/pub.dev/web-1.1.1/lib/src/dom/gamepad.dart:38:49: Error: Type 'JSObject' not found.
extension type Gamepad._(JSObject _) implements JSObject {
                                                ^^^^^^^^
/C:/Users/berkgoknil/AppData/Local/Pub/Cache/hosted/pub.dev/web-1.1.1/lib/src/dom/gamepad.dart:113:20: Error: Type 'JSNumber' not found.
  external JSArray<JSNumber> get axes;
                   ^^^^^^^^
/C:/Users/berkgoknil/AppData/Local/Pub/Cache/hosted/pub.dev/web-1.1.1/lib/src/dom/gamepad.dart:113:12: Error: Type 'JSArray' not found.
  external JSArray<JSNumber> get axes;
           ^^^^^^^
/C:/Users/berkgoknil/AppData/Local/Pub/Cache/hosted/pub.dev/web-1.1.1/lib/src/dom/gamepad.dart:132:12: Error: Type 'JSArray' not found.
  external JSArray<GamepadButton> get buttons;
           ^^^^^^^
/C:/Users/berkgoknil/AppData/Local/Pub/Cache/hosted/pub.dev/web-1.1.1/lib/src/dom/gamepad.dart:146:32: Error: Type 'JSObject' not found.
extension type GamepadButton._(JSObject _) implements JSObject {
                               ^^^^^^^^
/C:/Users/berkgoknil/AppData/Local/Pub/Cache/hosted/pub.dev/web-1.1.1/lib/src/dom/gamepad.dart:146:55: Error: Type 'JSObject' not found.
extension type GamepadButton._(JSObject _) implements JSObject {
                                                      ^^^^^^^^
/C:/Users/berkgoknil/AppData/Local/Pub/Cache/hosted/pub.dev/web-1.1.1/lib/src/dom/gamepad.dart:186:40: Error: Type 'JSObject' not found.
extension type GamepadHapticActuator._(JSObject _) implements JSObject {
                                       ^^^^^^^^
/C:/Users/berkgoknil/AppData/Local/Pub/Cache/hosted/pub.dev/web-1.1.1/lib/src/dom/gamepad.dart:186:63: Error: Type 'JSObject' not found.
extension type GamepadHapticActuator._(JSObject _) implements JSObject {
                                                              ^^^^^^^^
/C:/Users/berkgoknil/AppData/Local/Pub/Cache/hosted/pub.dev/web-1.1.1/lib/src/dom/gamepad.dart:189:22: Error: Type 'JSString' not found.
  external JSPromise<JSString> playEffect(
                     ^^^^^^^^
/C:/Users/berkgoknil/AppData/Local/Pub/Cache/hosted/pub.dev/web-1.1.1/lib/src/dom/gamepad.dart:189:12: Error: Type 'JSPromise' not found.
  external JSPromise<JSString> playEffect(
           ^^^^^^^^^
/C:/Users/berkgoknil/AppData/Local/Pub/Cache/hosted/pub.dev/web-1.1.1/lib/src/dom/gamepad.dart:193:22: Error: Type 'JSString' not found.
  external JSPromise<JSString> reset();
                     ^^^^^^^^
/C:/Users/berkgoknil/AppData/Local/Pub/Cache/hosted/pub.dev/web-1.1.1/lib/src/dom/gamepad.dart:193:12: Error: Type 'JSPromise' not found.
  external JSPromise<JSString> reset();
           ^^^^^^^^^
/C:/Users/berkgoknil/AppData/Local/Pub/Cache/hosted/pub.dev/web-1.1.1/lib/src/dom/gamepad.dart:197:22: Error: Type 'JSBoolean' not found.
  external JSPromise<JSBoolean> pulse(
                     ^^^^^^^^^
/C:/Users/berkgoknil/AppData/Local/Pub/Cache/hosted/pub.dev/web-1.1.1/lib/src/dom/gamepad.dart:197:12: Error: Type 'JSPromise' not found.
  external JSPromise<JSBoolean> pulse(
           ^^^^^^^^^
/C:/Users/berkgoknil/AppData/Local/Pub/Cache/hosted/pub.dev/web-1.1.1/lib/src/dom/gamepad.dart:202:42: Error: Type 'JSObject' not found.
extension type GamepadEffectParameters._(JSObject _) implements JSObject {
                                         ^^^^^^^^
/C:/Users/berkgoknil/AppData/Local/Pub/Cache/hosted/pub.dev/web-1.1.1/lib/src/dom/gamepad.dart:202:65: Error: Type 'JSObject' not found.
extension type GamepadEffectParameters._(JSObject _) implements JSObject {
                                                                ^^^^^^^^
/C:/Users/berkgoknil/AppData/Local/Pub/Cache/hosted/pub.dev/web-1.1.1/lib/src/dom/gamepad.dart:235:31: Error: Type 'JSObject' not found.
extension type GamepadEvent._(JSObject _) implements Event, JSObject {
                              ^^^^^^^^
/C:/Users/berkgoknil/AppData/Local/Pub/Cache/hosted/pub.dev/web-1.1.1/lib/src/dom/gamepad.dart:235:61: Error: Type 'JSObject' not found.
extension type GamepadEvent._(JSObject _) implements Event, JSObject {
                                                            ^^^^^^^^
/C:/Users/berkgoknil/AppData/Local/Pub/Cache/hosted/pub.dev/web-1.1.1/lib/src/dom/gamepad.dart:248:35: Error: Type 'JSObject' not found.
extension type GamepadEventInit._(JSObject _) implements EventInit, JSObject {
                                  ^^^^^^^^
/C:/Users/berkgoknil/AppData/Local/Pub/Cache/hosted/pub.dev/web-1.1.1/lib/src/dom/gamepad.dart:248:69: Error: Type 'JSObject' not found.
extension type GamepadEventInit._(JSObject _) implements EventInit, JSObject {
                                                                    ^^^^^^^^
/C:/Users/berkgoknil/AppData/Local/Pub/Cache/hosted/pub.dev/web-1.1.1/lib/src/dom/gamepad.dart:38:49: Error: The type 'JSObject' can't be implemented by an extension type.
extension type Gamepad._(JSObject _) implements JSObject {
                                                ^
/C:/Users/berkgoknil/AppData/Local/Pub/Cache/hosted/pub.dev/web-1.1.1/lib/src/dom/gamepad.dart:146:55: Error: The type 'JSObject' can't be implemented by an extension type.
extension type GamepadButton._(JSObject _) implements JSObject {
                                                      ^
/C:/Users/berkgoknil/AppData/Local/Pub/Cache/hosted/pub.dev/web-1.1.1/lib/src/dom/gamepad.dart:186:63: Error: The type 'JSObject' can't be implemented by an extension type.
extension type GamepadHapticActuator._(JSObject _) implements JSObject {
                                                              ^
/C:/Users/berkgoknil/AppData/Local/Pub/Cache/hosted/pub.dev/web-1.1.1/lib/src/dom/gamepad.dart:202:65: Error: The type 'JSObject' can't be implemented by an extension type.
extension type GamepadEffectParameters._(JSObject _) implements JSObject {
                                                                ^
/C:/Users/berkgoknil/AppData/Local/Pub/Cache/hosted/pub.dev/web-1.1.1/lib/src/dom/gamepad.dart:235:61: Error: The type 'JSObject' can't be implemented by an extension type.
extension type GamepadEvent._(JSObject _) implements Event, JSObject {
                                                            ^
/C:/Users/berkgoknil/AppData/Local/Pub/Cache/hosted/pub.dev/web-1.1.1/lib/src/dom/gamepad.dart:248:69: Error: The type 'JSObject' can't be implemented by an extension type.
extension type GamepadEventInit._(JSObject _) implements EventInit, JSObject {
                                                                    ^
/C:/Users/berkgoknil/AppData/Local/Pub/Cache/hosted/pub.dev/web-1.1.1/lib/src/dom/gamepad.dart:13:2: Error: Couldn't find constructor 'JS'.
@JS()
 ^^
/C:/Users/berkgoknil/AppData/Local/Pub/Cache/hosted/pub.dev/web-1.1.1/lib/src/dom/gamepad.dart:38:26: Error: 'JSObject' isn't a type.
extension type Gamepad._(JSObject _) implements JSObject {
                         ^^^^^^^^
/C:/Users/berkgoknil/AppData/Local/Pub/Cache/hosted/pub.dev/web-1.1.1/lib/src/dom/gamepad.dart:146:32: Error: 'JSObject' isn't a type.
extension type GamepadButton._(JSObject _) implements JSObject {
                               ^^^^^^^^
/C:/Users/berkgoknil/AppData/Local/Pub/Cache/hosted/pub.dev/web-1.1.1/lib/src/dom/gamepad.dart:186:40: Error: 'JSObject' isn't a type.
extension type GamepadHapticActuator._(JSObject _) implements JSObject {
                                       ^^^^^^^^
/C:/Users/berkgoknil/AppData/Local/Pub/Cache/hosted/pub.dev/web-1.1.1/lib/src/dom/gamepad.dart:202:42: Error: 'JSObject' isn't a type.
extension type GamepadEffectParameters._(JSObject _) implements JSObject {
                                         ^^^^^^^^
/C:/Users/berkgoknil/AppData/Local/Pub/Cache/hosted/pub.dev/web-1.1.1/lib/src/dom/gamepad.dart:235:31: Error: 'JSObject' isn't a type.
extension type GamepadEvent._(JSObject _) implements Event, JSObject {
                              ^^^^^^^^
/C:/Users/berkgoknil/AppData/Local/Pub/Cache/hosted/pub.dev/web-1.1.1/lib/src/dom/gamepad.dart:248:35: Error: 'JSObject' isn't a type.
extension type GamepadEventInit._(JSObject _) implements EventInit, JSObject {
                                  ^^^^^^^^
/C:/Users/berkgoknil/AppData/Local/Pub/Cache/hosted/pub.dev/web-1.1.1/lib/src/dom/entries_api.dart:16:8: Error: Dart library 'dart:js_interop' is not available on this platform.
import 'dart:js_interop';
       ^
/C:/Users/berkgoknil/AppData/Local/Pub/Cache/hosted/pub.dev/web-1.1.1/lib/src/dom/entries_api.dart:18:25: Error: Type 'JSFunction' not found.
typedef ErrorCallback = JSFunction;
                        ^^^^^^^^^^
/C:/Users/berkgoknil/AppData/Local/Pub/Cache/hosted/pub.dev/web-1.1.1/lib/src/dom/entries_api.dart:19:35: Error: Type 'JSFunction' not found.
typedef FileSystemEntryCallback = JSFunction;
                                  ^^^^^^^^^^
/C:/Users/berkgoknil/AppData/Local/Pub/Cache/hosted/pub.dev/web-1.1.1/lib/src/dom/entries_api.dart:20:37: Error: Type 'JSFunction' not found.
typedef FileSystemEntriesCallback = JSFunction;
                                    ^^^^^^^^^^
/C:/Users/berkgoknil/AppData/Local/Pub/Cache/hosted/pub.dev/web-1.1.1/lib/src/dom/entries_api.dart:21:24: Error: Type 'JSFunction' not found.
typedef FileCallback = JSFunction;
                       ^^^^^^^^^^
/C:/Users/berkgoknil/AppData/Local/Pub/Cache/hosted/pub.dev/web-1.1.1/lib/src/dom/entries_api.dart:34:34: Error: Type 'JSObject' not found.
extension type FileSystemEntry._(JSObject _) implements JSObject {
                                 ^^^^^^^^
/C:/Users/berkgoknil/AppData/Local/Pub/Cache/hosted/pub.dev/web-1.1.1/lib/src/dom/entries_api.dart:34:57: Error: Type 'JSObject' not found.
extension type FileSystemEntry._(JSObject _) implements JSObject {
                                                        ^^^^^^^^
/C:/Users/berkgoknil/AppData/Local/Pub/Cache/hosted/pub.dev/web-1.1.1/lib/src/dom/entries_api.dart:111:43: Error: Type 'JSObject' not found.
extension type FileSystemDirectoryEntry._(JSObject _)
                                          ^^^^^^^^
/C:/Users/berkgoknil/AppData/Local/Pub/Cache/hosted/pub.dev/web-1.1.1/lib/src/dom/entries_api.dart:112:33: Error: Type 'JSObject' not found.
    implements FileSystemEntry, JSObject {
                                ^^^^^^^^
/C:/Users/berkgoknil/AppData/Local/Pub/Cache/hosted/pub.dev/web-1.1.1/lib/src/dom/entries_api.dart:143:34: Error: Type 'JSObject' not found.
extension type FileSystemFlags._(JSObject _) implements JSObject {
                                 ^^^^^^^^
/C:/Users/berkgoknil/AppData/Local/Pub/Cache/hosted/pub.dev/web-1.1.1/lib/src/dom/entries_api.dart:143:57: Error: Type 'JSObject' not found.
extension type FileSystemFlags._(JSObject _) implements JSObject {
                                                        ^^^^^^^^
/C:/Users/berkgoknil/AppData/Local/Pub/Cache/hosted/pub.dev/web-1.1.1/lib/src/dom/entries_api.dart:165:44: Error: Type 'JSObject' not found.
extension type FileSystemDirectoryReader._(JSObject _) implements JSObject {
                                           ^^^^^^^^
/C:/Users/berkgoknil/AppData/Local/Pub/Cache/hosted/pub.dev/web-1.1.1/lib/src/dom/entries_api.dart:165:67: Error: Type 'JSObject' not found.
extension type FileSystemDirectoryReader._(JSObject _) implements JSObject {
                                                                  ^^^^^^^^
/C:/Users/berkgoknil/AppData/Local/Pub/Cache/hosted/pub.dev/web-1.1.1/lib/src/dom/entries_api.dart:191:38: Error: Type 'JSObject' not found.
extension type FileSystemFileEntry._(JSObject _)
                                     ^^^^^^^^
/C:/Users/berkgoknil/AppData/Local/Pub/Cache/hosted/pub.dev/web-1.1.1/lib/src/dom/entries_api.dart:192:33: Error: Type 'JSObject' not found.
    implements FileSystemEntry, JSObject {
                                ^^^^^^^^
/C:/Users/berkgoknil/AppData/Local/Pub/Cache/hosted/pub.dev/web-1.1.1/lib/src/dom/entries_api.dart:220:29: Error: Type 'JSObject' not found.
extension type FileSystem._(JSObject _) implements JSObject {
                            ^^^^^^^^
/C:/Users/berkgoknil/AppData/Local/Pub/Cache/hosted/pub.dev/web-1.1.1/lib/src/dom/entries_api.dart:220:52: Error: Type 'JSObject' not found.
extension type FileSystem._(JSObject _) implements JSObject {
                                                   ^^^^^^^^
/C:/Users/berkgoknil/AppData/Local/Pub/Cache/hosted/pub.dev/web-1.1.1/lib/src/dom/entries_api.dart:34:57: Error: The type 'JSObject' can't be implemented by an extension type.
extension type FileSystemEntry._(JSObject _) implements JSObject {
                                                        ^
/C:/Users/berkgoknil/AppData/Local/Pub/Cache/hosted/pub.dev/web-1.1.1/lib/src/dom/entries_api.dart:112:33: Error: The type 'JSObject' can't be implemented by an extension type.
    implements FileSystemEntry, JSObject {
                                ^
/C:/Users/berkgoknil/AppData/Local/Pub/Cache/hosted/pub.dev/web-1.1.1/lib/src/dom/entries_api.dart:143:57: Error: The type 'JSObject' can't be implemented by an extension type.
extension type FileSystemFlags._(JSObject _) implements JSObject {
                                                        ^
/C:/Users/berkgoknil/AppData/Local/Pub/Cache/hosted/pub.dev/web-1.1.1/lib/src/dom/entries_api.dart:165:67: Error: The type 'JSObject' can't be implemented by an extension type.
extension type FileSystemDirectoryReader._(JSObject _) implements JSObject {
                                                                  ^
/C:/Users/berkgoknil/AppData/Local/Pub/Cache/hosted/pub.dev/web-1.1.1/lib/src/dom/entries_api.dart:192:33: Error: The type 'JSObject' can't be implemented by an extension type.
    implements FileSystemEntry, JSObject {
                                ^
/C:/Users/berkgoknil/AppData/Local/Pub/Cache/hosted/pub.dev/web-1.1.1/lib/src/dom/entries_api.dart:220:52: Error: The type 'JSObject' can't be implemented by an extension type.
extension type FileSystem._(JSObject _) implements JSObject {
                                                   ^
/C:/Users/berkgoknil/AppData/Local/Pub/Cache/hosted/pub.dev/web-1.1.1/lib/src/dom/entries_api.dart:13:2: Error: Couldn't find constructor 'JS'.
@JS()
 ^^
/C:/Users/berkgoknil/AppData/Local/Pub/Cache/hosted/pub.dev/web-1.1.1/lib/src/dom/entries_api.dart:34:34: Error: 'JSObject' isn't a type.
extension type FileSystemEntry._(JSObject _) implements JSObject {
                                 ^^^^^^^^
/C:/Users/berkgoknil/AppData/Local/Pub/Cache/hosted/pub.dev/web-1.1.1/lib/src/dom/entries_api.dart:111:43: Error: 'JSObject' isn't a type.
extension type FileSystemDirectoryEntry._(JSObject _)
                                          ^^^^^^^^
/C:/Users/berkgoknil/AppData/Local/Pub/Cache/hosted/pub.dev/web-1.1.1/lib/src/dom/entries_api.dart:143:34: Error: 'JSObject' isn't a type.
extension type FileSystemFlags._(JSObject _) implements JSObject {
                                 ^^^^^^^^
/C:/Users/berkgoknil/AppData/Local/Pub/Cache/hosted/pub.dev/web-1.1.1/lib/src/dom/entries_api.dart:165:44: Error: 'JSObject' isn't a type.
extension type FileSystemDirectoryReader._(JSObject _) implements JSObject {
                                           ^^^^^^^^
/C:/Users/berkgoknil/AppData/Local/Pub/Cache/hosted/pub.dev/web-1.1.1/lib/src/dom/entries_api.dart:191:38: Error: 'JSObject' isn't a type.
extension type FileSystemFileEntry._(JSObject _)
                                     ^^^^^^^^
/C:/Users/berkgoknil/AppData/Local/Pub/Cache/hosted/pub.dev/web-1.1.1/lib/src/dom/entries_api.dart:220:29: Error: 'JSObject' isn't a type.
extension type FileSystem._(JSObject _) implements JSObject {
                            ^^^^^^^^
/C:/Users/berkgoknil/AppData/Local/Pub/Cache/hosted/pub.dev/web-1.1.1/lib/src/dom/credential_management.dart:16:8: Error: Dart library 'dart:js_interop' is not available on this platform.
import 'dart:js_interop';
       ^
/C:/Users/berkgoknil/AppData/Local/Pub/Cache/hosted/pub.dev/web-1.1.1/lib/src/dom/credential_management.dart:24:34: Error: Type 'JSObject' not found.
typedef PasswordCredentialInit = JSObject;
                                 ^^^^^^^^
/C:/Users/berkgoknil/AppData/Local/Pub/Cache/hosted/pub.dev/web-1.1.1/lib/src/dom/credential_management.dart:44:29: Error: Type 'JSObject' not found.
extension type Credential._(JSObject _) implements JSObject {
                            ^^^^^^^^
/C:/Users/berkgoknil/AppData/Local/Pub/Cache/hosted/pub.dev/web-1.1.1/lib/src/dom/credential_management.dart:44:52: Error: Type 'JSObject' not found.
extension type Credential._(JSObject _) implements JSObject {
                                                   ^^^^^^^^
/C:/Users/berkgoknil/AppData/Local/Pub/Cache/hosted/pub.dev/web-1.1.1/lib/src/dom/credential_management.dart:67:39: Error: Type 'JSObject' not found.
extension type CredentialsContainer._(JSObject _) implements JSObject {
                                      ^^^^^^^^
/C:/Users/berkgoknil/AppData/Local/Pub/Cache/hosted/pub.dev/web-1.1.1/lib/src/dom/credential_management.dart:67:62: Error: Type 'JSObject' not found.
extension type CredentialsContainer._(JSObject _) implements JSObject {
                                                             ^^^^^^^^
/C:/Users/berkgoknil/AppData/Local/Pub/Cache/hosted/pub.dev/web-1.1.1/lib/src/dom/credential_management.dart:94:12: Error: Type 'JSPromise' not found.
  external JSPromise<Credential?> get([CredentialRequestOptions options]);
           ^^^^^^^^^
/C:/Users/berkgoknil/AppData/Local/Pub/Cache/hosted/pub.dev/web-1.1.1/lib/src/dom/credential_management.dart:103:22: Error: Type 'JSAny' not found.
  external JSPromise<JSAny?> store(Credential credential);
                     ^^^^^
/C:/Users/berkgoknil/AppData/Local/Pub/Cache/hosted/pub.dev/web-1.1.1/lib/src/dom/credential_management.dart:103:12: Error: Type 'JSPromise' not found.
  external JSPromise<JSAny?> store(Credential credential);
           ^^^^^^^^^
/C:/Users/berkgoknil/AppData/Local/Pub/Cache/hosted/pub.dev/web-1.1.1/lib/src/dom/credential_management.dart:121:12: Error: Type 'JSPromise' not found.
  external JSPromise<Credential?> create([CredentialCreationOptions options]);
           ^^^^^^^^^
/C:/Users/berkgoknil/AppData/Local/Pub/Cache/hosted/pub.dev/web-1.1.1/lib/src/dom/credential_management.dart:138:22: Error: Type 'JSAny' not found.
  external JSPromise<JSAny?> preventSilentAccess();
                     ^^^^^
/C:/Users/berkgoknil/AppData/Local/Pub/Cache/hosted/pub.dev/web-1.1.1/lib/src/dom/credential_management.dart:138:12: Error: Type 'JSPromise' not found.
  external JSPromise<JSAny?> preventSilentAccess();
           ^^^^^^^^^
/C:/Users/berkgoknil/AppData/Local/Pub/Cache/hosted/pub.dev/web-1.1.1/lib/src/dom/credential_management.dart:140:33: Error: Type 'JSObject' not found.
extension type CredentialData._(JSObject _) implements JSObject {
                                ^^^^^^^^
/C:/Users/berkgoknil/AppData/Local/Pub/Cache/hosted/pub.dev/web-1.1.1/lib/src/dom/credential_management.dart:140:56: Error: Type 'JSObject' not found.
extension type CredentialData._(JSObject _) implements JSObject {
                                                       ^^^^^^^^
/C:/Users/berkgoknil/AppData/Local/Pub/Cache/hosted/pub.dev/web-1.1.1/lib/src/dom/credential_management.dart:146:43: Error: Type 'JSObject' not found.
extension type CredentialRequestOptions._(JSObject _) implements JSObject {
                                          ^^^^^^^^
/C:/Users/berkgoknil/AppData/Local/Pub/Cache/hosted/pub.dev/web-1.1.1/lib/src/dom/credential_management.dart:146:66: Error: Type 'JSObject' not found.
extension type CredentialRequestOptions._(JSObject _) implements JSObject {
                                                                 ^^^^^^^^
/C:/Users/berkgoknil/AppData/Local/Pub/Cache/hosted/pub.dev/web-1.1.1/lib/src/dom/credential_management.dart:175:44: Error: Type 'JSObject' not found.
extension type CredentialCreationOptions._(JSObject _) implements JSObject {
                                           ^^^^^^^^
/C:/Users/berkgoknil/AppData/Local/Pub/Cache/hosted/pub.dev/web-1.1.1/lib/src/dom/credential_management.dart:175:67: Error: Type 'JSObject' not found.
extension type CredentialCreationOptions._(JSObject _) implements JSObject {
                                                                  ^^^^^^^^
/C:/Users/berkgoknil/AppData/Local/Pub/Cache/hosted/pub.dev/web-1.1.1/lib/src/dom/credential_management.dart:195:41: Error: Type 'JSObject' not found.
extension type PasswordCredentialData._(JSObject _)
                                        ^^^^^^^^
/C:/Users/berkgoknil/AppData/Local/Pub/Cache/hosted/pub.dev/web-1.1.1/lib/src/dom/credential_management.dart:196:32: Error: Type 'JSObject' not found.
    implements CredentialData, JSObject {
                               ^^^^^^^^
/C:/Users/berkgoknil/AppData/Local/Pub/Cache/hosted/pub.dev/web-1.1.1/lib/src/dom/credential_management.dart:214:52: Error: Type 'JSObject' not found.
extension type FederatedCredentialRequestOptions._(JSObject _)
                                                   ^^^^^^^^
/C:/Users/berkgoknil/AppData/Local/Pub/Cache/hosted/pub.dev/web-1.1.1/lib/src/dom/credential_management.dart:215:16: Error: Type 'JSObject' not found.
    implements JSObject {
               ^^^^^^^^
/C:/Users/berkgoknil/AppData/Local/Pub/Cache/hosted/pub.dev/web-1.1.1/lib/src/dom/credential_management.dart:217:13: Error: Type 'JSString' not found.
    JSArray<JSString> providers,
            ^^^^^^^^
/C:/Users/berkgoknil/AppData/Local/Pub/Cache/hosted/pub.dev/web-1.1.1/lib/src/dom/credential_management.dart:217:5: Error: Type 'JSArray' not found.
    JSArray<JSString> providers,
    ^^^^^^^
/C:/Users/berkgoknil/AppData/Local/Pub/Cache/hosted/pub.dev/web-1.1.1/lib/src/dom/credential_management.dart:218:13: Error: Type 'JSString' not found.
    JSArray<JSString> protocols,
            ^^^^^^^^
/C:/Users/berkgoknil/AppData/Local/Pub/Cache/hosted/pub.dev/web-1.1.1/lib/src/dom/credential_management.dart:218:5: Error: Type 'JSArray' not found.
    JSArray<JSString> protocols,
    ^^^^^^^
/C:/Users/berkgoknil/AppData/Local/Pub/Cache/hosted/pub.dev/web-1.1.1/lib/src/dom/credential_management.dart:221:20: Error: Type 'JSString' not found.
  external JSArray<JSString> get providers;
                   ^^^^^^^^
/C:/Users/berkgoknil/AppData/Local/Pub/Cache/hosted/pub.dev/web-1.1.1/lib/src/dom/credential_management.dart:221:12: Error: Type 'JSArray' not found.
  external JSArray<JSString> get providers;
           ^^^^^^^
/C:/Users/berkgoknil/AppData/Local/Pub/Cache/hosted/pub.dev/web-1.1.1/lib/src/dom/credential_management.dart:222:34: Error: Type 'JSString' not found.
  external set providers(JSArray<JSString> value);
                                 ^^^^^^^^
/C:/Users/berkgoknil/AppData/Local/Pub/Cache/hosted/pub.dev/web-1.1.1/lib/src/dom/credential_management.dart:222:26: Error: Type 'JSArray' not found.
  external set providers(JSArray<JSString> value);
                         ^^^^^^^
/C:/Users/berkgoknil/AppData/Local/Pub/Cache/hosted/pub.dev/web-1.1.1/lib/src/dom/credential_management.dart:223:20: Error: Type 'JSString' not found.
  external JSArray<JSString> get protocols;
                   ^^^^^^^^
/C:/Users/berkgoknil/AppData/Local/Pub/Cache/hosted/pub.dev/web-1.1.1/lib/src/dom/credential_management.dart:223:12: Error: Type 'JSArray' not found.
  external JSArray<JSString> get protocols;
           ^^^^^^^
/C:/Users/berkgoknil/AppData/Local/Pub/Cache/hosted/pub.dev/web-1.1.1/lib/src/dom/credential_management.dart:224:34: Error: Type 'JSString' not found.
  external set protocols(JSArray<JSString> value);
                                 ^^^^^^^^
/C:/Users/berkgoknil/AppData/Local/Pub/Cache/hosted/pub.dev/web-1.1.1/lib/src/dom/credential_management.dart:224:26: Error: Type 'JSArray' not found.
  external set protocols(JSArray<JSString> value);
                         ^^^^^^^
/C:/Users/berkgoknil/AppData/Local/Pub/Cache/hosted/pub.dev/web-1.1.1/lib/src/dom/credential_management.dart:244:42: Error: Type 'JSObject' not found.
extension type FederatedCredentialInit._(JSObject _)
                                         ^^^^^^^^
/C:/Users/berkgoknil/AppData/Local/Pub/Cache/hosted/pub.dev/web-1.1.1/lib/src/dom/credential_management.dart:245:32: Error: Type 'JSObject' not found.
    implements CredentialData, JSObject {
                               ^^^^^^^^
/C:/Users/berkgoknil/AppData/Local/Pub/Cache/hosted/pub.dev/web-1.1.1/lib/src/dom/credential_management.dart:44:52: Error: The type 'JSObject' can't be implemented by an extension type.
extension type Credential._(JSObject _) implements JSObject {
                                                   ^
/C:/Users/berkgoknil/AppData/Local/Pub/Cache/hosted/pub.dev/web-1.1.1/lib/src/dom/credential_management.dart:67:62: Error: The type 'JSObject' can't be implemented by an extension type.
extension type CredentialsContainer._(JSObject _) implements JSObject {
                                                             ^
/C:/Users/berkgoknil/AppData/Local/Pub/Cache/hosted/pub.dev/web-1.1.1/lib/src/dom/credential_management.dart:140:56: Error: The type 'JSObject' can't be implemented by an extension type.
extension type CredentialData._(JSObject _) implements JSObject {
                                                       ^
/C:/Users/berkgoknil/AppData/Local/Pub/Cache/hosted/pub.dev/web-1.1.1/lib/src/dom/credential_management.dart:146:66: Error: The type 'JSObject' can't be implemented by an extension type.
extension type CredentialRequestOptions._(JSObject _) implements JSObject {
                                                                 ^
/C:/Users/berkgoknil/AppData/Local/Pub/Cache/hosted/pub.dev/web-1.1.1/lib/src/dom/credential_management.dart:175:67: Error: The type 'JSObject' can't be implemented by an extension type.
extension type CredentialCreationOptions._(JSObject _) implements JSObject {
                                                                  ^
/C:/Users/berkgoknil/AppData/Local/Pub/Cache/hosted/pub.dev/web-1.1.1/lib/src/dom/credential_management.dart:196:32: Error: The type 'JSObject' can't be implemented by an extension type.
    implements CredentialData, JSObject {
                               ^
/C:/Users/berkgoknil/AppData/Local/Pub/Cache/hosted/pub.dev/web-1.1.1/lib/src/dom/credential_management.dart:215:16: Error: The type 'JSObject' can't be implemented by an extension type.
    implements JSObject {
               ^
/C:/Users/berkgoknil/AppData/Local/Pub/Cache/hosted/pub.dev/web-1.1.1/lib/src/dom/credential_management.dart:245:32: Error: The type 'JSObject' can't be implemented by an extension type.
    implements CredentialData, JSObject {
                               ^
/C:/Users/berkgoknil/AppData/Local/Pub/Cache/hosted/pub.dev/web-1.1.1/lib/src/dom/credential_management.dart:13:2: Error: Couldn't find constructor 'JS'.
@JS()
 ^^
/C:/Users/berkgoknil/AppData/Local/Pub/Cache/hosted/pub.dev/web-1.1.1/lib/src/dom/credential_management.dart:44:29: Error: 'JSObject' isn't a type.
extension type Credential._(JSObject _) implements JSObject {
                            ^^^^^^^^
/C:/Users/berkgoknil/AppData/Local/Pub/Cache/hosted/pub.dev/web-1.1.1/lib/src/dom/credential_management.dart:67:39: Error: 'JSObject' isn't a type.
extension type CredentialsContainer._(JSObject _) implements JSObject {
                                      ^^^^^^^^
/C:/Users/berkgoknil/AppData/Local/Pub/Cache/hosted/pub.dev/web-1.1.1/lib/src/dom/credential_management.dart:140:33: Error: 'JSObject' isn't a type.
extension type CredentialData._(JSObject _) implements JSObject {
                                ^^^^^^^^
/C:/Users/berkgoknil/AppData/Local/Pub/Cache/hosted/pub.dev/web-1.1.1/lib/src/dom/credential_management.dart:146:43: Error: 'JSObject' isn't a type.
extension type CredentialRequestOptions._(JSObject _) implements JSObject {
                                          ^^^^^^^^
/C:/Users/berkgoknil/AppData/Local/Pub/Cache/hosted/pub.dev/web-1.1.1/lib/src/dom/credential_management.dart:175:44: Error: 'JSObject' isn't a type.
extension type CredentialCreationOptions._(JSObject _) implements JSObject {
                                           ^^^^^^^^
/C:/Users/berkgoknil/AppData/Local/Pub/Cache/hosted/pub.dev/web-1.1.1/lib/src/dom/credential_management.dart:195:41: Error: 'JSObject' isn't a type.
extension type PasswordCredentialData._(JSObject _)
                                        ^^^^^^^^
/C:/Users/berkgoknil/AppData/Local/Pub/Cache/hosted/pub.dev/web-1.1.1/lib/src/dom/credential_management.dart:214:52: Error: 'JSObject' isn't a type.
extension type FederatedCredentialRequestOptions._(JSObject _)
                                                   ^^^^^^^^
/C:/Users/berkgoknil/AppData/Local/Pub/Cache/hosted/pub.dev/web-1.1.1/lib/src/dom/credential_management.dart:217:13: Error: 'JSString' isn't a type.
    JSArray<JSString> providers,
            ^^^^^^^^
/C:/Users/berkgoknil/AppData/Local/Pub/Cache/hosted/pub.dev/web-1.1.1/lib/src/dom/credential_management.dart:217:5: Error: 'JSArray' isn't a type.
    JSArray<JSString> providers,
    ^^^^^^^
/C:/Users/berkgoknil/AppData/Local/Pub/Cache/hosted/pub.dev/web-1.1.1/lib/src/dom/credential_management.dart:218:13: Error: 'JSString' isn't a type.
    JSArray<JSString> protocols,
            ^^^^^^^^
/C:/Users/berkgoknil/AppData/Local/Pub/Cache/hosted/pub.dev/web-1.1.1/lib/src/dom/credential_management.dart:218:5: Error: 'JSArray' isn't a type.
    JSArray<JSString> protocols,
    ^^^^^^^
/C:/Users/berkgoknil/AppData/Local/Pub/Cache/hosted/pub.dev/web-1.1.1/lib/src/dom/credential_management.dart:222:34: Error: 'JSString' isn't a type.
  external set providers(JSArray<JSString> value);
                                 ^^^^^^^^
/C:/Users/berkgoknil/AppData/Local/Pub/Cache/hosted/pub.dev/web-1.1.1/lib/src/dom/credential_management.dart:222:26: Error: 'JSArray' isn't a type.
  external set providers(JSArray<JSString> value);
                         ^^^^^^^
/C:/Users/berkgoknil/AppData/Local/Pub/Cache/hosted/pub.dev/web-1.1.1/lib/src/dom/credential_management.dart:224:34: Error: 'JSString' isn't a type.
  external set protocols(JSArray<JSString> value);
                                 ^^^^^^^^
/C:/Users/berkgoknil/AppData/Local/Pub/Cache/hosted/pub.dev/web-1.1.1/lib/src/dom/credential_management.dart:224:26: Error: 'JSArray' isn't a type.
  external set protocols(JSArray<JSString> value);
                         ^^^^^^^
/C:/Users/berkgoknil/AppData/Local/Pub/Cache/hosted/pub.dev/web-1.1.1/lib/src/dom/credential_management.dart:244:42: Error: 'JSObject' isn't a type.
extension type FederatedCredentialInit._(JSObject _)
                                         ^^^^^^^^
/C:/Users/berkgoknil/AppData/Local/Pub/Cache/hosted/pub.dev/web-1.1.1/lib/src/dom/webauthn.dart:16:8: Error: Dart library 'dart:js_interop' is not available on this platform.
import 'dart:js_interop';
       ^
/C:/Users/berkgoknil/AppData/Local/Pub/Cache/hosted/pub.dev/web-1.1.1/lib/src/dom/webauthn.dart:24:28: Error: Type 'JSNumber' not found.
typedef UvmEntry = JSArray<JSNumber>;
                           ^^^^^^^^
/C:/Users/berkgoknil/AppData/Local/Pub/Cache/hosted/pub.dev/web-1.1.1/lib/src/dom/webauthn.dart:24:20: Error: Type 'JSArray' not found.
typedef UvmEntry = JSArray<JSNumber>;
                   ^^^^^^^
/C:/Users/berkgoknil/AppData/Local/Pub/Cache/hosted/pub.dev/web-1.1.1/lib/src/dom/webauthn.dart:25:22: Error: Type 'JSArray' not found.
typedef UvmEntries = JSArray<UvmEntry>;
                     ^^^^^^^
/C:/Users/berkgoknil/AppData/Local/Pub/Cache/hosted/pub.dev/web-1.1.1/lib/src/dom/webauthn.dart:42:38: Error: Type 'JSObject' not found.
extension type PublicKeyCredential._(JSObject _)
                                     ^^^^^^^^
/C:/Users/berkgoknil/AppData/Local/Pub/Cache/hosted/pub.dev/web-1.1.1/lib/src/dom/webauthn.dart:43:28: Error: Type 'JSObject' not found.
    implements Credential, JSObject {
                           ^^^^^^^^
/C:/Users/berkgoknil/AppData/Local/Pub/Cache/hosted/pub.dev/web-1.1.1/lib/src/dom/webauthn.dart:44:29: Error: Type 'JSBoolean' not found.
  external static JSPromise<JSBoolean> isConditionalMediationAvailable();
                            ^^^^^^^^^
/C:/Users/berkgoknil/AppData/Local/Pub/Cache/hosted/pub.dev/web-1.1.1/lib/src/dom/webauthn.dart:44:19: Error: Type 'JSPromise' not found.
  external static JSPromise<JSBoolean> isConditionalMediationAvailable();
                  ^^^^^^^^^
/C:/Users/berkgoknil/AppData/Local/Pub/Cache/hosted/pub.dev/web-1.1.1/lib/src/dom/webauthn.dart:61:29: Error: Type 'JSBoolean' not found.
  external static JSPromise<JSBoolean>
                            ^^^^^^^^^
/C:/Users/berkgoknil/AppData/Local/Pub/Cache/hosted/pub.dev/web-1.1.1/lib/src/dom/webauthn.dart:61:19: Error: Type 'JSPromise' not found.
  external static JSPromise<JSBoolean>
                  ^^^^^^^^^
/C:/Users/berkgoknil/AppData/Local/Pub/Cache/hosted/pub.dev/web-1.1.1/lib/src/dom/webauthn.dart:94:12: Error: Type 'JSArrayBuffer' not found.
  external JSArrayBuffer get rawId;
           ^^^^^^^^^^^^^
/C:/Users/berkgoknil/AppData/Local/Pub/Cache/hosted/pub.dev/web-1.1.1/lib/src/dom/webauthn.dart:149:40: Error: Type 'JSObject' not found.
extension type AuthenticatorResponse._(JSObject _) implements JSObject {
                                       ^^^^^^^^
/C:/Users/berkgoknil/AppData/Local/Pub/Cache/hosted/pub.dev/web-1.1.1/lib/src/dom/webauthn.dart:149:63: Error: Type 'JSObject' not found.
extension type AuthenticatorResponse._(JSObject _) implements JSObject {
                                                              ^^^^^^^^
/C:/Users/berkgoknil/AppData/Local/Pub/Cache/hosted/pub.dev/web-1.1.1/lib/src/dom/webauthn.dart:159:12: Error: Type 'JSArrayBuffer' not found.
  external JSArrayBuffer get clientDataJSON;
           ^^^^^^^^^^^^^
/C:/Users/berkgoknil/AppData/Local/Pub/Cache/hosted/pub.dev/web-1.1.1/lib/src/dom/webauthn.dart:181:51: Error: Type 'JSObject' not found.
extension type AuthenticatorAttestationResponse._(JSObject _)
                                                  ^^^^^^^^
/C:/Users/berkgoknil/AppData/Local/Pub/Cache/hosted/pub.dev/web-1.1.1/lib/src/dom/webauthn.dart:182:39: Error: Type 'JSObject' not found.
    implements AuthenticatorResponse, JSObject {
                                      ^^^^^^^^
/C:/Users/berkgoknil/AppData/Local/Pub/Cache/hosted/pub.dev/web-1.1.1/lib/src/dom/webauthn.dart:195:20: Error: Type 'JSString' not found.
  external JSArray<JSString> getTransports();
                   ^^^^^^^^
/C:/Users/berkgoknil/AppData/Local/Pub/Cache/hosted/pub.dev/web-1.1.1/lib/src/dom/webauthn.dart:195:12: Error: Type 'JSArray' not found.
  external JSArray<JSString> getTransports();
           ^^^^^^^
/C:/Users/berkgoknil/AppData/Local/Pub/Cache/hosted/pub.dev/web-1.1.1/lib/src/dom/webauthn.dart:205:12: Error: Type 'JSArrayBuffer' not found.
  external JSArrayBuffer getAuthenticatorData();
           ^^^^^^^^^^^^^
/C:/Users/berkgoknil/AppData/Local/Pub/Cache/hosted/pub.dev/web-1.1.1/lib/src/dom/webauthn.dart:216:12: Error: Type 'JSArrayBuffer' not found.
  external JSArrayBuffer? getPublicKey();
           ^^^^^^^^^^^^^
/C:/Users/berkgoknil/AppData/Local/Pub/Cache/hosted/pub.dev/web-1.1.1/lib/src/dom/webauthn.dart:243:12: Error: Type 'JSArrayBuffer' not found.
  external JSArrayBuffer get attestationObject;
           ^^^^^^^^^^^^^
/C:/Users/berkgoknil/AppData/Local/Pub/Cache/hosted/pub.dev/web-1.1.1/lib/src/dom/webauthn.dart:267:49: Error: Type 'JSObject' not found.
extension type AuthenticatorAssertionResponse._(JSObject _)
                                                ^^^^^^^^
/C:/Users/berkgoknil/AppData/Local/Pub/Cache/hosted/pub.dev/web-1.1.1/lib/src/dom/webauthn.dart:268:39: Error: Type 'JSObject' not found.
    implements AuthenticatorResponse, JSObject {
                                      ^^^^^^^^
/C:/Users/berkgoknil/AppData/Local/Pub/Cache/hosted/pub.dev/web-1.1.1/lib/src/dom/webauthn.dart:274:12: Error: Type 'JSArrayBuffer' not found.
  external JSArrayBuffer get authenticatorData;
           ^^^^^^^^^^^^^
/C:/Users/berkgoknil/AppData/Local/Pub/Cache/hosted/pub.dev/web-1.1.1/lib/src/dom/webauthn.dart:288:12: Error: Type 'JSArrayBuffer' not found.
  external JSArrayBuffer get signature;
           ^^^^^^^^^^^^^
/C:/Users/berkgoknil/AppData/Local/Pub/Cache/hosted/pub.dev/web-1.1.1/lib/src/dom/webauthn.dart:298:12: Error: Type 'JSArrayBuffer' not found.
  external JSArrayBuffer? get userHandle;
           ^^^^^^^^^^^^^
/C:/Users/berkgoknil/AppData/Local/Pub/Cache/hosted/pub.dev/web-1.1.1/lib/src/dom/webauthn.dart:300:48: Error: Type 'JSObject' not found.
extension type PublicKeyCredentialParameters._(JSObject _) implements JSObject {
                                               ^^^^^^^^
/C:/Users/berkgoknil/AppData/Local/Pub/Cache/hosted/pub.dev/web-1.1.1/lib/src/dom/webauthn.dart:300:71: Error: Type 'JSObject' not found.
extension type PublicKeyCredentialParameters._(JSObject _) implements JSObject {
                                                                      ^^^^^^^^
/C:/Users/berkgoknil/AppData/Local/Pub/Cache/hosted/pub.dev/web-1.1.1/lib/src/dom/webauthn.dart:322:53: Error: Type 'JSObject' not found.
extension type PublicKeyCredentialCreationOptions._(JSObject _)
                                                    ^^^^^^^^
/C:/Users/berkgoknil/AppData/Local/Pub/Cache/hosted/pub.dev/web-1.1.1/lib/src/dom/webauthn.dart:323:16: Error: Type 'JSObject' not found.
    implements JSObject {
               ^^^^^^^^
/C:/Users/berkgoknil/AppData/Local/Pub/Cache/hosted/pub.dev/web-1.1.1/lib/src/dom/webauthn.dart:328:14: Error: Type 'JSArray' not found.
    required JSArray<PublicKeyCredentialParameters> pubKeyCredParams,
             ^^^^^^^
/C:/Users/berkgoknil/AppData/Local/Pub/Cache/hosted/pub.dev/web-1.1.1/lib/src/dom/webauthn.dart:330:5: Error: Type 'JSArray' not found.
    JSArray<PublicKeyCredentialDescriptor> excludeCredentials,
    ^^^^^^^
/C:/Users/berkgoknil/AppData/Local/Pub/Cache/hosted/pub.dev/web-1.1.1/lib/src/dom/webauthn.dart:332:13: Error: Type 'JSString' not found.
    JSArray<JSString> hints,
            ^^^^^^^^
/C:/Users/berkgoknil/AppData/Local/Pub/Cache/hosted/pub.dev/web-1.1.1/lib/src/dom/webauthn.dart:332:5: Error: Type 'JSArray' not found.
    JSArray<JSString> hints,
    ^^^^^^^
/C:/Users/berkgoknil/AppData/Local/Pub/Cache/hosted/pub.dev/web-1.1.1/lib/src/dom/webauthn.dart:334:13: Error: Type 'JSString' not found.
    JSArray<JSString> attestationFormats,
            ^^^^^^^^
/C:/Users/berkgoknil/AppData/Local/Pub/Cache/hosted/pub.dev/web-1.1.1/lib/src/dom/webauthn.dart:334:5: Error: Type 'JSArray' not found.
    JSArray<JSString> attestationFormats,
    ^^^^^^^
/C:/Users/berkgoknil/AppData/Local/Pub/Cache/hosted/pub.dev/web-1.1.1/lib/src/dom/webauthn.dart:344:12: Error: Type 'JSArray' not found.
  external JSArray<PublicKeyCredentialParameters> get pubKeyCredParams;
           ^^^^^^^
/C:/Users/berkgoknil/AppData/Local/Pub/Cache/hosted/pub.dev/web-1.1.1/lib/src/dom/webauthn.dart:345:33: Error: Type 'JSArray' not found.
  external set pubKeyCredParams(JSArray<PublicKeyCredentialParameters> value);
                                ^^^^^^^
/C:/Users/berkgoknil/AppData/Local/Pub/Cache/hosted/pub.dev/web-1.1.1/lib/src/dom/webauthn.dart:348:12: Error: Type 'JSArray' not found.
  external JSArray<PublicKeyCredentialDescriptor> get excludeCredentials;
           ^^^^^^^
/C:/Users/berkgoknil/AppData/Local/Pub/Cache/hosted/pub.dev/web-1.1.1/lib/src/dom/webauthn.dart:349:35: Error: Type 'JSArray' not found.
  external set excludeCredentials(JSArray<PublicKeyCredentialDescriptor> value);
                                  ^^^^^^^
/C:/Users/berkgoknil/AppData/Local/Pub/Cache/hosted/pub.dev/web-1.1.1/lib/src/dom/webauthn.dart:352:20: Error: Type 'JSString' not found.
  external JSArray<JSString> get hints;
                   ^^^^^^^^
/C:/Users/berkgoknil/AppData/Local/Pub/Cache/hosted/pub.dev/web-1.1.1/lib/src/dom/webauthn.dart:352:12: Error: Type 'JSArray' not found.
  external JSArray<JSString> get hints;
           ^^^^^^^
/C:/Users/berkgoknil/AppData/Local/Pub/Cache/hosted/pub.dev/web-1.1.1/lib/src/dom/webauthn.dart:353:30: Error: Type 'JSString' not found.
  external set hints(JSArray<JSString> value);
                             ^^^^^^^^
/C:/Users/berkgoknil/AppData/Local/Pub/Cache/hosted/pub.dev/web-1.1.1/lib/src/dom/webauthn.dart:353:22: Error: Type 'JSArray' not found.
  external set hints(JSArray<JSString> value);
                     ^^^^^^^
/C:/Users/berkgoknil/AppData/Local/Pub/Cache/hosted/pub.dev/web-1.1.1/lib/src/dom/webauthn.dart:356:20: Error: Type 'JSString' not found.
  external JSArray<JSString> get attestationFormats;
                   ^^^^^^^^
/C:/Users/berkgoknil/AppData/Local/Pub/Cache/hosted/pub.dev/web-1.1.1/lib/src/dom/webauthn.dart:356:12: Error: Type 'JSArray' not found.
  external JSArray<JSString> get attestationFormats;
           ^^^^^^^
/C:/Users/berkgoknil/AppData/Local/Pub/Cache/hosted/pub.dev/web-1.1.1/lib/src/dom/webauthn.dart:357:43: Error: Type 'JSString' not found.
  external set attestationFormats(JSArray<JSString> value);
                                          ^^^^^^^^
/C:/Users/berkgoknil/AppData/Local/Pub/Cache/hosted/pub.dev/web-1.1.1/lib/src/dom/webauthn.dart:357:35: Error: Type 'JSArray' not found.
  external set attestationFormats(JSArray<JSString> value);
                                  ^^^^^^^
/C:/Users/berkgoknil/AppData/Local/Pub/Cache/hosted/pub.dev/web-1.1.1/lib/src/dom/webauthn.dart:361:44: Error: Type 'JSObject' not found.
extension type PublicKeyCredentialEntity._(JSObject _) implements JSObject {
                                           ^^^^^^^^
/C:/Users/berkgoknil/AppData/Local/Pub/Cache/hosted/pub.dev/web-1.1.1/lib/src/dom/webauthn.dart:361:67: Error: Type 'JSObject' not found.
extension type PublicKeyCredentialEntity._(JSObject _) implements JSObject {
                                                                  ^^^^^^^^
/C:/Users/berkgoknil/AppData/Local/Pub/Cache/hosted/pub.dev/web-1.1.1/lib/src/dom/webauthn.dart:367:46: Error: Type 'JSObject' not found.
extension type PublicKeyCredentialRpEntity._(JSObject _)
                                             ^^^^^^^^
/C:/Users/berkgoknil/AppData/Local/Pub/Cache/hosted/pub.dev/web-1.1.1/lib/src/dom/webauthn.dart:368:43: Error: Type 'JSObject' not found.
    implements PublicKeyCredentialEntity, JSObject {
                                          ^^^^^^^^
/C:/Users/berkgoknil/AppData/Local/Pub/Cache/hosted/pub.dev/web-1.1.1/lib/src/dom/webauthn.dart:377:48: Error: Type 'JSObject' not found.
extension type PublicKeyCredentialUserEntity._(JSObject _)
                                               ^^^^^^^^
/C:/Users/berkgoknil/AppData/Local/Pub/Cache/hosted/pub.dev/web-1.1.1/lib/src/dom/webauthn.dart:378:43: Error: Type 'JSObject' not found.
    implements PublicKeyCredentialEntity, JSObject {
                                          ^^^^^^^^
/C:/Users/berkgoknil/AppData/Local/Pub/Cache/hosted/pub.dev/web-1.1.1/lib/src/dom/webauthn.dart:390:49: Error: Type 'JSObject' not found.
extension type AuthenticatorSelectionCriteria._(JSObject _)
                                                ^^^^^^^^
/C:/Users/berkgoknil/AppData/Local/Pub/Cache/hosted/pub.dev/web-1.1.1/lib/src/dom/webauthn.dart:391:16: Error: Type 'JSObject' not found.
    implements JSObject {
               ^^^^^^^^
/C:/Users/berkgoknil/AppData/Local/Pub/Cache/hosted/pub.dev/web-1.1.1/lib/src/dom/webauthn.dart:408:52: Error: Type 'JSObject' not found.
extension type PublicKeyCredentialRequestOptions._(JSObject _)
                                                   ^^^^^^^^
/C:/Users/berkgoknil/AppData/Local/Pub/Cache/hosted/pub.dev/web-1.1.1/lib/src/dom/webauthn.dart:409:16: Error: Type 'JSObject' not found.
    implements JSObject {
               ^^^^^^^^
/C:/Users/berkgoknil/AppData/Local/Pub/Cache/hosted/pub.dev/web-1.1.1/lib/src/dom/webauthn.dart:414:5: Error: Type 'JSArray' not found.
    JSArray<PublicKeyCredentialDescriptor> allowCredentials,
    ^^^^^^^
/C:/Users/berkgoknil/AppData/Local/Pub/Cache/hosted/pub.dev/web-1.1.1/lib/src/dom/webauthn.dart:416:13: Error: Type 'JSString' not found.
    JSArray<JSString> hints,
            ^^^^^^^^
/C:/Users/berkgoknil/AppData/Local/Pub/Cache/hosted/pub.dev/web-1.1.1/lib/src/dom/webauthn.dart:416:5: Error: Type 'JSArray' not found.
    JSArray<JSString> hints,
    ^^^^^^^
/C:/Users/berkgoknil/AppData/Local/Pub/Cache/hosted/pub.dev/web-1.1.1/lib/src/dom/webauthn.dart:426:12: Error: Type 'JSArray' not found.
  external JSArray<PublicKeyCredentialDescriptor> get allowCredentials;
           ^^^^^^^
/C:/Users/berkgoknil/AppData/Local/Pub/Cache/hosted/pub.dev/web-1.1.1/lib/src/dom/webauthn.dart:427:33: Error: Type 'JSArray' not found.
  external set allowCredentials(JSArray<PublicKeyCredentialDescriptor> value);
                                ^^^^^^^
/C:/Users/berkgoknil/AppData/Local/Pub/Cache/hosted/pub.dev/web-1.1.1/lib/src/dom/webauthn.dart:430:20: Error: Type 'JSString' not found.
  external JSArray<JSString> get hints;
                   ^^^^^^^^
/C:/Users/berkgoknil/AppData/Local/Pub/Cache/hosted/pub.dev/web-1.1.1/lib/src/dom/webauthn.dart:430:12: Error: Type 'JSArray' not found.
  external JSArray<JSString> get hints;
           ^^^^^^^
/C:/Users/berkgoknil/AppData/Local/Pub/Cache/hosted/pub.dev/web-1.1.1/lib/src/dom/webauthn.dart:431:30: Error: Type 'JSString' not found.
  external set hints(JSArray<JSString> value);
                             ^^^^^^^^
/C:/Users/berkgoknil/AppData/Local/Pub/Cache/hosted/pub.dev/web-1.1.1/lib/src/dom/webauthn.dart:431:22: Error: Type 'JSArray' not found.
  external set hints(JSArray<JSString> value);
                     ^^^^^^^
/C:/Users/berkgoknil/AppData/Local/Pub/Cache/hosted/pub.dev/web-1.1.1/lib/src/dom/webauthn.dart:435:55: Error: Type 'JSObject' not found.
extension type AuthenticationExtensionsClientInputs._(JSObject _)
                                                      ^^^^^^^^
/C:/Users/berkgoknil/AppData/Local/Pub/Cache/hosted/pub.dev/web-1.1.1/lib/src/dom/webauthn.dart:436:16: Error: Type 'JSObject' not found.
    implements JSObject {
               ^^^^^^^^
/C:/Users/berkgoknil/AppData/Local/Pub/Cache/hosted/pub.dev/web-1.1.1/lib/src/dom/webauthn.dart:440:5: Error: Type 'JSArrayBuffer' not found.
    JSArrayBuffer credBlob,
    ^^^^^^^^^^^^^
/C:/Users/berkgoknil/AppData/Local/Pub/Cache/hosted/pub.dev/web-1.1.1/lib/src/dom/webauthn.dart:459:12: Error: Type 'JSArrayBuffer' not found.
  external JSArrayBuffer get credBlob;
           ^^^^^^^^^^^^^
/C:/Users/berkgoknil/AppData/Local/Pub/Cache/hosted/pub.dev/web-1.1.1/lib/src/dom/webauthn.dart:460:25: Error: Type 'JSArrayBuffer' not found.
  external set credBlob(JSArrayBuffer value);
                        ^^^^^^^^^^^^^
/C:/Users/berkgoknil/AppData/Local/Pub/Cache/hosted/pub.dev/web-1.1.1/lib/src/dom/webauthn.dart:488:56: Error: Type 'JSObject' not found.
extension type AuthenticationExtensionsClientOutputs._(JSObject _)
                                                       ^^^^^^^^
/C:/Users/berkgoknil/AppData/Local/Pub/Cache/hosted/pub.dev/web-1.1.1/lib/src/dom/webauthn.dart:489:16: Error: Type 'JSObject' not found.
    implements JSObject {
               ^^^^^^^^
/C:/Users/berkgoknil/AppData/Local/Pub/Cache/hosted/pub.dev/web-1.1.1/lib/src/dom/webauthn.dart:523:48: Error: Type 'JSObject' not found.
extension type PublicKeyCredentialDescriptor._(JSObject _) implements JSObject {
                                               ^^^^^^^^
/C:/Users/berkgoknil/AppData/Local/Pub/Cache/hosted/pub.dev/web-1.1.1/lib/src/dom/webauthn.dart:523:71: Error: Type 'JSObject' not found.
extension type PublicKeyCredentialDescriptor._(JSObject _) implements JSObject {
                                                                      ^^^^^^^^
/C:/Users/berkgoknil/AppData/Local/Pub/Cache/hosted/pub.dev/web-1.1.1/lib/src/dom/webauthn.dart:527:13: Error: Type 'JSString' not found.
    JSArray<JSString> transports,
            ^^^^^^^^
/C:/Users/berkgoknil/AppData/Local/Pub/Cache/hosted/pub.dev/web-1.1.1/lib/src/dom/webauthn.dart:527:5: Error: Type 'JSArray' not found.
    JSArray<JSString> transports,
    ^^^^^^^
/C:/Users/berkgoknil/AppData/Local/Pub/Cache/hosted/pub.dev/web-1.1.1/lib/src/dom/webauthn.dart:534:20: Error: Type 'JSString' not found.
  external JSArray<JSString> get transports;
                   ^^^^^^^^
/C:/Users/berkgoknil/AppData/Local/Pub/Cache/hosted/pub.dev/web-1.1.1/lib/src/dom/webauthn.dart:534:12: Error: Type 'JSArray' not found.
  external JSArray<JSString> get transports;
           ^^^^^^^
/C:/Users/berkgoknil/AppData/Local/Pub/Cache/hosted/pub.dev/web-1.1.1/lib/src/dom/webauthn.dart:535:35: Error: Type 'JSString' not found.
  external set transports(JSArray<JSString> value);
                                  ^^^^^^^^
/C:/Users/berkgoknil/AppData/Local/Pub/Cache/hosted/pub.dev/web-1.1.1/lib/src/dom/webauthn.dart:535:27: Error: Type 'JSArray' not found.
  external set transports(JSArray<JSString> value);
                          ^^^^^^^
/C:/Users/berkgoknil/AppData/Local/Pub/Cache/hosted/pub.dev/web-1.1.1/lib/src/dom/webauthn.dart:537:45: Error: Type 'JSObject' not found.
extension type CredentialPropertiesOutput._(JSObject _) implements JSObject {
                                            ^^^^^^^^
/C:/Users/berkgoknil/AppData/Local/Pub/Cache/hosted/pub.dev/web-1.1.1/lib/src/dom/webauthn.dart:537:68: Error: Type 'JSObject' not found.
extension type CredentialPropertiesOutput._(JSObject _) implements JSObject {
                                                                   ^^^^^^^^
/C:/Users/berkgoknil/AppData/Local/Pub/Cache/hosted/pub.dev/web-1.1.1/lib/src/dom/webauthn.dart:548:52: Error: Type 'JSObject' not found.
extension type AuthenticationExtensionsPRFValues._(JSObject _)
                                                   ^^^^^^^^
/C:/Users/berkgoknil/AppData/Local/Pub/Cache/hosted/pub.dev/web-1.1.1/lib/src/dom/webauthn.dart:549:16: Error: Type 'JSObject' not found.
    implements JSObject {
               ^^^^^^^^
/C:/Users/berkgoknil/AppData/Local/Pub/Cache/hosted/pub.dev/web-1.1.1/lib/src/dom/webauthn.dart:560:52: Error: Type 'JSObject' not found.
extension type AuthenticationExtensionsPRFInputs._(JSObject _)
                                                   ^^^^^^^^
/C:/Users/berkgoknil/AppData/Local/Pub/Cache/hosted/pub.dev/web-1.1.1/lib/src/dom/webauthn.dart:561:16: Error: Type 'JSObject' not found.
    implements JSObject {
               ^^^^^^^^
/C:/Users/berkgoknil/AppData/Local/Pub/Cache/hosted/pub.dev/web-1.1.1/lib/src/dom/webauthn.dart:564:5: Error: Type 'JSObject' not found.
    JSObject evalByCredential,
    ^^^^^^^^
/C:/Users/berkgoknil/AppData/Local/Pub/Cache/hosted/pub.dev/web-1.1.1/lib/src/dom/webauthn.dart:569:12: Error: Type 'JSObject' not found.
  external JSObject get evalByCredential;
           ^^^^^^^^
/C:/Users/berkgoknil/AppData/Local/Pub/Cache/hosted/pub.dev/web-1.1.1/lib/src/dom/webauthn.dart:570:33: Error: Type 'JSObject' not found.
  external set evalByCredential(JSObject value);
                                ^^^^^^^^
/C:/Users/berkgoknil/AppData/Local/Pub/Cache/hosted/pub.dev/web-1.1.1/lib/src/dom/webauthn.dart:572:53: Error: Type 'JSObject' not found.
extension type AuthenticationExtensionsPRFOutputs._(JSObject _)
                                                    ^^^^^^^^
/C:/Users/berkgoknil/AppData/Local/Pub/Cache/hosted/pub.dev/web-1.1.1/lib/src/dom/webauthn.dart:573:16: Error: Type 'JSObject' not found.
    implements JSObject {
               ^^^^^^^^
/C:/Users/berkgoknil/AppData/Local/Pub/Cache/hosted/pub.dev/web-1.1.1/lib/src/dom/webauthn.dart:584:58: Error: Type 'JSObject' not found.
extension type AuthenticationExtensionsLargeBlobInputs._(JSObject _)
                                                         ^^^^^^^^
/C:/Users/berkgoknil/AppData/Local/Pub/Cache/hosted/pub.dev/web-1.1.1/lib/src/dom/webauthn.dart:585:16: Error: Type 'JSObject' not found.
    implements JSObject {
               ^^^^^^^^
/C:/Users/berkgoknil/AppData/Local/Pub/Cache/hosted/pub.dev/web-1.1.1/lib/src/dom/webauthn.dart:599:59: Error: Type 'JSObject' not found.
extension type AuthenticationExtensionsLargeBlobOutputs._(JSObject _)
                                                          ^^^^^^^^
/C:/Users/berkgoknil/AppData/Local/Pub/Cache/hosted/pub.dev/web-1.1.1/lib/src/dom/webauthn.dart:600:16: Error: Type 'JSObject' not found.
    implements JSObject {
               ^^^^^^^^
/C:/Users/berkgoknil/AppData/Local/Pub/Cache/hosted/pub.dev/web-1.1.1/lib/src/dom/webauthn.dart:603:5: Error: Type 'JSArrayBuffer' not found.
    JSArrayBuffer blob,
    ^^^^^^^^^^^^^
/C:/Users/berkgoknil/AppData/Local/Pub/Cache/hosted/pub.dev/web-1.1.1/lib/src/dom/webauthn.dart:609:12: Error: Type 'JSArrayBuffer' not found.
  external JSArrayBuffer get blob;
           ^^^^^^^^^^^^^
/C:/Users/berkgoknil/AppData/Local/Pub/Cache/hosted/pub.dev/web-1.1.1/lib/src/dom/webauthn.dart:610:21: Error: Type 'JSArrayBuffer' not found.
  external set blob(JSArrayBuffer value);
                    ^^^^^^^^^^^^^
/C:/Users/berkgoknil/AppData/Local/Pub/Cache/hosted/pub.dev/web-1.1.1/lib/src/dom/webauthn.dart:614:68: Error: Type 'JSObject' not found.
extension type AuthenticationExtensionsSupplementalPubKeysInputs._(JSObject _)
                                                                   ^^^^^^^^
/C:/Users/berkgoknil/AppData/Local/Pub/Cache/hosted/pub.dev/web-1.1.1/lib/src/dom/webauthn.dart:615:16: Error: Type 'JSObject' not found.
    implements JSObject {
               ^^^^^^^^
/C:/Users/berkgoknil/AppData/Local/Pub/Cache/hosted/pub.dev/web-1.1.1/lib/src/dom/webauthn.dart:617:22: Error: Type 'JSString' not found.
    required JSArray<JSString> scopes,
                     ^^^^^^^^
/C:/Users/berkgoknil/AppData/Local/Pub/Cache/hosted/pub.dev/web-1.1.1/lib/src/dom/webauthn.dart:617:14: Error: Type 'JSArray' not found.
    required JSArray<JSString> scopes,
             ^^^^^^^
/C:/Users/berkgoknil/AppData/Local/Pub/Cache/hosted/pub.dev/web-1.1.1/lib/src/dom/webauthn.dart:619:13: Error: Type 'JSString' not found.
    JSArray<JSString> attestationFormats,
            ^^^^^^^^
/C:/Users/berkgoknil/AppData/Local/Pub/Cache/hosted/pub.dev/web-1.1.1/lib/src/dom/webauthn.dart:619:5: Error: Type 'JSArray' not found.
    JSArray<JSString> attestationFormats,
    ^^^^^^^
/C:/Users/berkgoknil/AppData/Local/Pub/Cache/hosted/pub.dev/web-1.1.1/lib/src/dom/webauthn.dart:622:20: Error: Type 'JSString' not found.
  external JSArray<JSString> get scopes;
                   ^^^^^^^^
/C:/Users/berkgoknil/AppData/Local/Pub/Cache/hosted/pub.dev/web-1.1.1/lib/src/dom/webauthn.dart:622:12: Error: Type 'JSArray' not found.
  external JSArray<JSString> get scopes;
           ^^^^^^^
/C:/Users/berkgoknil/AppData/Local/Pub/Cache/hosted/pub.dev/web-1.1.1/lib/src/dom/webauthn.dart:623:31: Error: Type 'JSString' not found.
  external set scopes(JSArray<JSString> value);
                              ^^^^^^^^
/C:/Users/berkgoknil/AppData/Local/Pub/Cache/hosted/pub.dev/web-1.1.1/lib/src/dom/webauthn.dart:623:23: Error: Type 'JSArray' not found.
  external set scopes(JSArray<JSString> value);
                      ^^^^^^^
/C:/Users/berkgoknil/AppData/Local/Pub/Cache/hosted/pub.dev/web-1.1.1/lib/src/dom/webauthn.dart:626:20: Error: Type 'JSString' not found.
  external JSArray<JSString> get attestationFormats;
                   ^^^^^^^^
/C:/Users/berkgoknil/AppData/Local/Pub/Cache/hosted/pub.dev/web-1.1.1/lib/src/dom/webauthn.dart:626:12: Error: Type 'JSArray' not found.
  external JSArray<JSString> get attestationFormats;
           ^^^^^^^
/C:/Users/berkgoknil/AppData/Local/Pub/Cache/hosted/pub.dev/web-1.1.1/lib/src/dom/webauthn.dart:627:43: Error: Type 'JSString' not found.
  external set attestationFormats(JSArray<JSString> value);
                                          ^^^^^^^^
/C:/Users/berkgoknil/AppData/Local/Pub/Cache/hosted/pub.dev/web-1.1.1/lib/src/dom/webauthn.dart:627:35: Error: Type 'JSArray' not found.
  external set attestationFormats(JSArray<JSString> value);
                                  ^^^^^^^
/C:/Users/berkgoknil/AppData/Local/Pub/Cache/hosted/pub.dev/web-1.1.1/lib/src/dom/webauthn.dart:629:69: Error: Type 'JSObject' not found.
extension type AuthenticationExtensionsSupplementalPubKeysOutputs._(JSObject _)
                                                                    ^^^^^^^^
/C:/Users/berkgoknil/AppData/Local/Pub/Cache/hosted/pub.dev/web-1.1.1/lib/src/dom/webauthn.dart:630:16: Error: Type 'JSObject' not found.
    implements JSObject {
               ^^^^^^^^
/C:/Users/berkgoknil/AppData/Local/Pub/Cache/hosted/pub.dev/web-1.1.1/lib/src/dom/webauthn.dart:632:25: Error: Type 'JSArrayBuffer' not found.
      {required JSArray<JSArrayBuffer> signatures});
                        ^^^^^^^^^^^^^
/C:/Users/berkgoknil/AppData/Local/Pub/Cache/hosted/pub.dev/web-1.1.1/lib/src/dom/webauthn.dart:632:17: Error: Type 'JSArray' not found.
      {required JSArray<JSArrayBuffer> signatures});
                ^^^^^^^
/C:/Users/berkgoknil/AppData/Local/Pub/Cache/hosted/pub.dev/web-1.1.1/lib/src/dom/webauthn.dart:634:20: Error: Type 'JSArrayBuffer' not found.
  external JSArray<JSArrayBuffer> get signatures;
                   ^^^^^^^^^^^^^
/C:/Users/berkgoknil/AppData/Local/Pub/Cache/hosted/pub.dev/web-1.1.1/lib/src/dom/webauthn.dart:634:12: Error: Type 'JSArray' not found.
  external JSArray<JSArrayBuffer> get signatures;
           ^^^^^^^
/C:/Users/berkgoknil/AppData/Local/Pub/Cache/hosted/pub.dev/web-1.1.1/lib/src/dom/webauthn.dart:635:35: Error: Type 'JSArrayBuffer' not found.
  external set signatures(JSArray<JSArrayBuffer> value);
                                  ^^^^^^^^^^^^^
/C:/Users/berkgoknil/AppData/Local/Pub/Cache/hosted/pub.dev/web-1.1.1/lib/src/dom/webauthn.dart:635:27: Error: Type 'JSArray' not found.
  external set signatures(JSArray<JSArrayBuffer> value);
                          ^^^^^^^
/C:/Users/berkgoknil/AppData/Local/Pub/Cache/hosted/pub.dev/web-1.1.1/lib/src/dom/webauthn.dart:43:28: Error: The type 'JSObject' can't be implemented by an extension type.
    implements Credential, JSObject {
                           ^
/C:/Users/berkgoknil/AppData/Local/Pub/Cache/hosted/pub.dev/web-1.1.1/lib/src/dom/webauthn.dart:149:63: Error: The type 'JSObject' can't be implemented by an extension type.
extension type AuthenticatorResponse._(JSObject _) implements JSObject {
                                                              ^
/C:/Users/berkgoknil/AppData/Local/Pub/Cache/hosted/pub.dev/web-1.1.1/lib/src/dom/webauthn.dart:182:39: Error: The type 'JSObject' can't be implemented by an extension type.
    implements AuthenticatorResponse, JSObject {
                                      ^
/C:/Users/berkgoknil/AppData/Local/Pub/Cache/hosted/pub.dev/web-1.1.1/lib/src/dom/webauthn.dart:268:39: Error: The type 'JSObject' can't be implemented by an extension type.
    implements AuthenticatorResponse, JSObject {
                                      ^
/C:/Users/berkgoknil/AppData/Local/Pub/Cache/hosted/pub.dev/web-1.1.1/lib/src/dom/webauthn.dart:300:71: Error: The type 'JSObject' can't be implemented by an extension type.
extension type PublicKeyCredentialParameters._(JSObject _) implements JSObject {
                                                                      ^
/C:/Users/berkgoknil/AppData/Local/Pub/Cache/hosted/pub.dev/web-1.1.1/lib/src/dom/webauthn.dart:323:16: Error: The type 'JSObject' can't be implemented by an extension type.
    implements JSObject {
               ^
/C:/Users/berkgoknil/AppData/Local/Pub/Cache/hosted/pub.dev/web-1.1.1/lib/src/dom/webauthn.dart:361:67: Error: The type 'JSObject' can't be implemented by an extension type.
extension type PublicKeyCredentialEntity._(JSObject _) implements JSObject {
                                                                  ^
/C:/Users/berkgoknil/AppData/Local/Pub/Cache/hosted/pub.dev/web-1.1.1/lib/src/dom/webauthn.dart:368:43: Error: The type 'JSObject' can't be implemented by an extension type.
    implements PublicKeyCredentialEntity, JSObject {
                                          ^
/C:/Users/berkgoknil/AppData/Local/Pub/Cache/hosted/pub.dev/web-1.1.1/lib/src/dom/webauthn.dart:378:43: Error: The type 'JSObject' can't be implemented by an extension type.
    implements PublicKeyCredentialEntity, JSObject {
                                          ^
/C:/Users/berkgoknil/AppData/Local/Pub/Cache/hosted/pub.dev/web-1.1.1/lib/src/dom/webauthn.dart:391:16: Error: The type 'JSObject' can't be implemented by an extension type.
    implements JSObject {
               ^
/C:/Users/berkgoknil/AppData/Local/Pub/Cache/hosted/pub.dev/web-1.1.1/lib/src/dom/webauthn.dart:409:16: Error: The type 'JSObject' can't be implemented by an extension type.
    implements JSObject {
               ^
/C:/Users/berkgoknil/AppData/Local/Pub/Cache/hosted/pub.dev/web-1.1.1/lib/src/dom/webauthn.dart:436:16: Error: The type 'JSObject' can't be implemented by an extension type.
    implements JSObject {
               ^
/C:/Users/berkgoknil/AppData/Local/Pub/Cache/hosted/pub.dev/web-1.1.1/lib/src/dom/webauthn.dart:489:16: Error: The type 'JSObject' can't be implemented by an extension type.
    implements JSObject {
               ^
/C:/Users/berkgoknil/AppData/Local/Pub/Cache/hosted/pub.dev/web-1.1.1/lib/src/dom/webauthn.dart:523:71: Error: The type 'JSObject' can't be implemented by an extension type.
extension type PublicKeyCredentialDescriptor._(JSObject _) implements JSObject {
                                                                      ^
/C:/Users/berkgoknil/AppData/Local/Pub/Cache/hosted/pub.dev/web-1.1.1/lib/src/dom/webauthn.dart:537:68: Error: The type 'JSObject' can't be implemented by an extension type.
extension type CredentialPropertiesOutput._(JSObject _) implements JSObject {
                                                                   ^
/C:/Users/berkgoknil/AppData/Local/Pub/Cache/hosted/pub.dev/web-1.1.1/lib/src/dom/webauthn.dart:549:16: Error: The type 'JSObject' can't be implemented by an extension type.
    implements JSObject {
               ^
/C:/Users/berkgoknil/AppData/Local/Pub/Cache/hosted/pub.dev/web-1.1.1/lib/src/dom/webauthn.dart:561:16: Error: The type 'JSObject' can't be implemented by an extension type.
    implements JSObject {
               ^
/C:/Users/berkgoknil/AppData/Local/Pub/Cache/hosted/pub.dev/web-1.1.1/lib/src/dom/webauthn.dart:573:16: Error: The type 'JSObject' can't be implemented by an extension type.
    implements JSObject {
               ^
/C:/Users/berkgoknil/AppData/Local/Pub/Cache/hosted/pub.dev/web-1.1.1/lib/src/dom/webauthn.dart:585:16: Error: The type 'JSObject' can't be implemented by an extension type.
    implements JSObject {
               ^
/C:/Users/berkgoknil/AppData/Local/Pub/Cache/hosted/pub.dev/web-1.1.1/lib/src/dom/webauthn.dart:600:16: Error: The type 'JSObject' can't be implemented by an extension type.
    implements JSObject {
               ^
/C:/Users/berkgoknil/AppData/Local/Pub/Cache/hosted/pub.dev/web-1.1.1/lib/src/dom/webauthn.dart:615:16: Error: The type 'JSObject' can't be implemented by an extension type.
    implements JSObject {
               ^
/C:/Users/berkgoknil/AppData/Local/Pub/Cache/hosted/pub.dev/web-1.1.1/lib/src/dom/webauthn.dart:630:16: Error: The type 'JSObject' can't be implemented by an extension type.
    implements JSObject {
               ^
/C:/Users/berkgoknil/AppData/Local/Pub/Cache/hosted/pub.dev/web-1.1.1/lib/src/dom/webauthn.dart:13:2: Error: Couldn't find constructor 'JS'.
@JS()
 ^^
/C:/Users/berkgoknil/AppData/Local/Pub/Cache/hosted/pub.dev/web-1.1.1/lib/src/dom/webauthn.dart:42:38: Error: 'JSObject' isn't a type.
extension type PublicKeyCredential._(JSObject _)
                                     ^^^^^^^^
/C:/Users/berkgoknil/AppData/Local/Pub/Cache/hosted/pub.dev/web-1.1.1/lib/src/dom/webauthn.dart:149:40: Error: 'JSObject' isn't a type.
extension type AuthenticatorResponse._(JSObject _) implements JSObject {
                                       ^^^^^^^^
/C:/Users/berkgoknil/AppData/Local/Pub/Cache/hosted/pub.dev/web-1.1.1/lib/src/dom/webauthn.dart:181:51: Error: 'JSObject' isn't a type.
extension type AuthenticatorAttestationResponse._(JSObject _)
                                                  ^^^^^^^^
/C:/Users/berkgoknil/AppData/Local/Pub/Cache/hosted/pub.dev/web-1.1.1/lib/src/dom/webauthn.dart:267:49: Error: 'JSObject' isn't a type.
extension type AuthenticatorAssertionResponse._(JSObject _)
                                                ^^^^^^^^
/C:/Users/berkgoknil/AppData/Local/Pub/Cache/hosted/pub.dev/web-1.1.1/lib/src/dom/webauthn.dart:300:48: Error: 'JSObject' isn't a type.
extension type PublicKeyCredentialParameters._(JSObject _) implements JSObject {
                                               ^^^^^^^^
/C:/Users/berkgoknil/AppData/Local/Pub/Cache/hosted/pub.dev/web-1.1.1/lib/src/dom/webauthn.dart:322:53: Error: 'JSObject' isn't a type.
extension type PublicKeyCredentialCreationOptions._(JSObject _)
                                                    ^^^^^^^^
/C:/Users/berkgoknil/AppData/Local/Pub/Cache/hosted/pub.dev/web-1.1.1/lib/src/dom/webauthn.dart:328:14: Error: 'JSArray' isn't a type.
    required JSArray<PublicKeyCredentialParameters> pubKeyCredParams,
             ^^^^^^^
/C:/Users/berkgoknil/AppData/Local/Pub/Cache/hosted/pub.dev/web-1.1.1/lib/src/dom/webauthn.dart:330:5: Error: 'JSArray' isn't a type.
    JSArray<PublicKeyCredentialDescriptor> excludeCredentials,
    ^^^^^^^
/C:/Users/berkgoknil/AppData/Local/Pub/Cache/hosted/pub.dev/web-1.1.1/lib/src/dom/webauthn.dart:332:13: Error: 'JSString' isn't a type.
    JSArray<JSString> hints,
            ^^^^^^^^
/C:/Users/berkgoknil/AppData/Local/Pub/Cache/hosted/pub.dev/web-1.1.1/lib/src/dom/webauthn.dart:332:5: Error: 'JSArray' isn't a type.
    JSArray<JSString> hints,
    ^^^^^^^
/C:/Users/berkgoknil/AppData/Local/Pub/Cache/hosted/pub.dev/web-1.1.1/lib/src/dom/webauthn.dart:334:13: Error: 'JSString' isn't a type.
    JSArray<JSString> attestationFormats,
            ^^^^^^^^
/C:/Users/berkgoknil/AppData/Local/Pub/Cache/hosted/pub.dev/web-1.1.1/lib/src/dom/webauthn.dart:334:5: Error: 'JSArray' isn't a type.
    JSArray<JSString> attestationFormats,
    ^^^^^^^
/C:/Users/berkgoknil/AppData/Local/Pub/Cache/hosted/pub.dev/web-1.1.1/lib/src/dom/webauthn.dart:345:33: Error: 'JSArray' isn't a type.
  external set pubKeyCredParams(JSArray<PublicKeyCredentialParameters> value);
                                ^^^^^^^
/C:/Users/berkgoknil/AppData/Local/Pub/Cache/hosted/pub.dev/web-1.1.1/lib/src/dom/webauthn.dart:349:35: Error: 'JSArray' isn't a type.
  external set excludeCredentials(JSArray<PublicKeyCredentialDescriptor> value);
                                  ^^^^^^^
/C:/Users/berkgoknil/AppData/Local/Pub/Cache/hosted/pub.dev/web-1.1.1/lib/src/dom/webauthn.dart:353:30: Error: 'JSString' isn't a type.
  external set hints(JSArray<JSString> value);
                             ^^^^^^^^
/C:/Users/berkgoknil/AppData/Local/Pub/Cache/hosted/pub.dev/web-1.1.1/lib/src/dom/webauthn.dart:353:22: Error: 'JSArray' isn't a type.
  external set hints(JSArray<JSString> value);
                     ^^^^^^^
/C:/Users/berkgoknil/AppData/Local/Pub/Cache/hosted/pub.dev/web-1.1.1/lib/src/dom/webauthn.dart:357:43: Error: 'JSString' isn't a type.
  external set attestationFormats(JSArray<JSString> value);
                                          ^^^^^^^^
/C:/Users/berkgoknil/AppData/Local/Pub/Cache/hosted/pub.dev/web-1.1.1/lib/src/dom/webauthn.dart:357:35: Error: 'JSArray' isn't a type.
  external set attestationFormats(JSArray<JSString> value);
                                  ^^^^^^^
/C:/Users/berkgoknil/AppData/Local/Pub/Cache/hosted/pub.dev/web-1.1.1/lib/src/dom/webauthn.dart:361:44: Error: 'JSObject' isn't a type.
extension type PublicKeyCredentialEntity._(JSObject _) implements JSObject {
                                           ^^^^^^^^
/C:/Users/berkgoknil/AppData/Local/Pub/Cache/hosted/pub.dev/web-1.1.1/lib/src/dom/webauthn.dart:367:46: Error: 'JSObject' isn't a type.
extension type PublicKeyCredentialRpEntity._(JSObject _)
                                             ^^^^^^^^
/C:/Users/berkgoknil/AppData/Local/Pub/Cache/hosted/pub.dev/web-1.1.1/lib/src/dom/webauthn.dart:377:48: Error: 'JSObject' isn't a type.
extension type PublicKeyCredentialUserEntity._(JSObject _)
                                               ^^^^^^^^
/C:/Users/berkgoknil/AppData/Local/Pub/Cache/hosted/pub.dev/web-1.1.1/lib/src/dom/webauthn.dart:390:49: Error: 'JSObject' isn't a type.
extension type AuthenticatorSelectionCriteria._(JSObject _)
                                                ^^^^^^^^
/C:/Users/berkgoknil/AppData/Local/Pub/Cache/hosted/pub.dev/web-1.1.1/lib/src/dom/webauthn.dart:408:52: Error: 'JSObject' isn't a type.
extension type PublicKeyCredentialRequestOptions._(JSObject _)
                                                   ^^^^^^^^
/C:/Users/berkgoknil/AppData/Local/Pub/Cache/hosted/pub.dev/web-1.1.1/lib/src/dom/webauthn.dart:414:5: Error: 'JSArray' isn't a type.
    JSArray<PublicKeyCredentialDescriptor> allowCredentials,
    ^^^^^^^
/C:/Users/berkgoknil/AppData/Local/Pub/Cache/hosted/pub.dev/web-1.1.1/lib/src/dom/webauthn.dart:416:13: Error: 'JSString' isn't a type.
    JSArray<JSString> hints,
            ^^^^^^^^
/C:/Users/berkgoknil/AppData/Local/Pub/Cache/hosted/pub.dev/web-1.1.1/lib/src/dom/webauthn.dart:416:5: Error: 'JSArray' isn't a type.
    JSArray<JSString> hints,
    ^^^^^^^
/C:/Users/berkgoknil/AppData/Local/Pub/Cache/hosted/pub.dev/web-1.1.1/lib/src/dom/webauthn.dart:427:33: Error: 'JSArray' isn't a type.
  external set allowCredentials(JSArray<PublicKeyCredentialDescriptor> value);
                                ^^^^^^^
/C:/Users/berkgoknil/AppData/Local/Pub/Cache/hosted/pub.dev/web-1.1.1/lib/src/dom/webauthn.dart:431:30: Error: 'JSString' isn't a type.
  external set hints(JSArray<JSString> value);
                             ^^^^^^^^
/C:/Users/berkgoknil/AppData/Local/Pub/Cache/hosted/pub.dev/web-1.1.1/lib/src/dom/webauthn.dart:431:22: Error: 'JSArray' isn't a type.
  external set hints(JSArray<JSString> value);
                     ^^^^^^^
/C:/Users/berkgoknil/AppData/Local/Pub/Cache/hosted/pub.dev/web-1.1.1/lib/src/dom/webauthn.dart:435:55: Error: 'JSObject' isn't a type.
extension type AuthenticationExtensionsClientInputs._(JSObject _)
                                                      ^^^^^^^^
/C:/Users/berkgoknil/AppData/Local/Pub/Cache/hosted/pub.dev/web-1.1.1/lib/src/dom/webauthn.dart:440:5: Error: 'JSArrayBuffer' isn't a type.
    JSArrayBuffer credBlob,
    ^^^^^^^^^^^^^
/C:/Users/berkgoknil/AppData/Local/Pub/Cache/hosted/pub.dev/web-1.1.1/lib/src/dom/webauthn.dart:460:25: Error: 'JSArrayBuffer' isn't a type.
  external set credBlob(JSArrayBuffer value);
                        ^^^^^^^^^^^^^
/C:/Users/berkgoknil/AppData/Local/Pub/Cache/hosted/pub.dev/web-1.1.1/lib/src/dom/webauthn.dart:488:56: Error: 'JSObject' isn't a type.
extension type AuthenticationExtensionsClientOutputs._(JSObject _)
                                                       ^^^^^^^^
/C:/Users/berkgoknil/AppData/Local/Pub/Cache/hosted/pub.dev/web-1.1.1/lib/src/dom/webauthn.dart:523:48: Error: 'JSObject' isn't a type.
extension type PublicKeyCredentialDescriptor._(JSObject _) implements JSObject {
                                               ^^^^^^^^
/C:/Users/berkgoknil/AppData/Local/Pub/Cache/hosted/pub.dev/web-1.1.1/lib/src/dom/webauthn.dart:527:13: Error: 'JSString' isn't a type.
    JSArray<JSString> transports,
            ^^^^^^^^
/C:/Users/berkgoknil/AppData/Local/Pub/Cache/hosted/pub.dev/web-1.1.1/lib/src/dom/webauthn.dart:527:5: Error: 'JSArray' isn't a type.
    JSArray<JSString> transports,
    ^^^^^^^
/C:/Users/berkgoknil/AppData/Local/Pub/Cache/hosted/pub.dev/web-1.1.1/lib/src/dom/webauthn.dart:535:35: Error: 'JSString' isn't a type.
  external set transports(JSArray<JSString> value);
                                  ^^^^^^^^
/C:/Users/berkgoknil/AppData/Local/Pub/Cache/hosted/pub.dev/web-1.1.1/lib/src/dom/webauthn.dart:535:27: Error: 'JSArray' isn't a type.
  external set transports(JSArray<JSString> value);
                          ^^^^^^^
/C:/Users/berkgoknil/AppData/Local/Pub/Cache/hosted/pub.dev/web-1.1.1/lib/src/dom/webauthn.dart:537:45: Error: 'JSObject' isn't a type.
extension type CredentialPropertiesOutput._(JSObject _) implements JSObject {
                                            ^^^^^^^^
/C:/Users/berkgoknil/AppData/Local/Pub/Cache/hosted/pub.dev/web-1.1.1/lib/src/dom/webauthn.dart:548:52: Error: 'JSObject' isn't a type.
extension type AuthenticationExtensionsPRFValues._(JSObject _)
                                                   ^^^^^^^^
/C:/Users/berkgoknil/AppData/Local/Pub/Cache/hosted/pub.dev/web-1.1.1/lib/src/dom/webauthn.dart:560:52: Error: 'JSObject' isn't a type.
extension type AuthenticationExtensionsPRFInputs._(JSObject _)
                                                   ^^^^^^^^
/C:/Users/berkgoknil/AppData/Local/Pub/Cache/hosted/pub.dev/web-1.1.1/lib/src/dom/webauthn.dart:564:5: Error: 'JSObject' isn't a type.
    JSObject evalByCredential,
    ^^^^^^^^
/C:/Users/berkgoknil/AppData/Local/Pub/Cache/hosted/pub.dev/web-1.1.1/lib/src/dom/webauthn.dart:570:33: Error: 'JSObject' isn't a type.
  external set evalByCredential(JSObject value);
                                ^^^^^^^^
/C:/Users/berkgoknil/AppData/Local/Pub/Cache/hosted/pub.dev/web-1.1.1/lib/src/dom/webauthn.dart:572:53: Error: 'JSObject' isn't a type.
extension type AuthenticationExtensionsPRFOutputs._(JSObject _)
                                                    ^^^^^^^^
/C:/Users/berkgoknil/AppData/Local/Pub/Cache/hosted/pub.dev/web-1.1.1/lib/src/dom/webauthn.dart:584:58: Error: 'JSObject' isn't a type.
extension type AuthenticationExtensionsLargeBlobInputs._(JSObject _)
                                                         ^^^^^^^^
/C:/Users/berkgoknil/AppData/Local/Pub/Cache/hosted/pub.dev/web-1.1.1/lib/src/dom/webauthn.dart:599:59: Error: 'JSObject' isn't a type.
extension type AuthenticationExtensionsLargeBlobOutputs._(JSObject _)
                                                          ^^^^^^^^
/C:/Users/berkgoknil/AppData/Local/Pub/Cache/hosted/pub.dev/web-1.1.1/lib/src/dom/webauthn.dart:603:5: Error: 'JSArrayBuffer' isn't a type.
    JSArrayBuffer blob,
    ^^^^^^^^^^^^^
/C:/Users/berkgoknil/AppData/Local/Pub/Cache/hosted/pub.dev/web-1.1.1/lib/src/dom/webauthn.dart:610:21: Error: 'JSArrayBuffer' isn't a type.
  external set blob(JSArrayBuffer value);
                    ^^^^^^^^^^^^^
/C:/Users/berkgoknil/AppData/Local/Pub/Cache/hosted/pub.dev/web-1.1.1/lib/src/dom/webauthn.dart:614:68: Error: 'JSObject' isn't a type.
extension type AuthenticationExtensionsSupplementalPubKeysInputs._(JSObject _)
                                                                   ^^^^^^^^
/C:/Users/berkgoknil/AppData/Local/Pub/Cache/hosted/pub.dev/web-1.1.1/lib/src/dom/webauthn.dart:617:22: Error: 'JSString' isn't a type.
    required JSArray<JSString> scopes,
                     ^^^^^^^^
/C:/Users/berkgoknil/AppData/Local/Pub/Cache/hosted/pub.dev/web-1.1.1/lib/src/dom/webauthn.dart:617:14: Error: 'JSArray' isn't a type.
    required JSArray<JSString> scopes,
             ^^^^^^^
/C:/Users/berkgoknil/AppData/Local/Pub/Cache/hosted/pub.dev/web-1.1.1/lib/src/dom/webauthn.dart:619:13: Error: 'JSString' isn't a type.
    JSArray<JSString> attestationFormats,
            ^^^^^^^^
/C:/Users/berkgoknil/AppData/Local/Pub/Cache/hosted/pub.dev/web-1.1.1/lib/src/dom/webauthn.dart:619:5: Error: 'JSArray' isn't a type.
    JSArray<JSString> attestationFormats,
    ^^^^^^^
/C:/Users/berkgoknil/AppData/Local/Pub/Cache/hosted/pub.dev/web-1.1.1/lib/src/dom/webauthn.dart:623:31: Error: 'JSString' isn't a type.
  external set scopes(JSArray<JSString> value);
                              ^^^^^^^^
/C:/Users/berkgoknil/AppData/Local/Pub/Cache/hosted/pub.dev/web-1.1.1/lib/src/dom/webauthn.dart:623:23: Error: 'JSArray' isn't a type.
  external set scopes(JSArray<JSString> value);
                      ^^^^^^^
/C:/Users/berkgoknil/AppData/Local/Pub/Cache/hosted/pub.dev/web-1.1.1/lib/src/dom/webauthn.dart:627:43: Error: 'JSString' isn't a type.
  external set attestationFormats(JSArray<JSString> value);
                                          ^^^^^^^^
/C:/Users/berkgoknil/AppData/Local/Pub/Cache/hosted/pub.dev/web-1.1.1/lib/src/dom/webauthn.dart:627:35: Error: 'JSArray' isn't a type.
  external set attestationFormats(JSArray<JSString> value);
                                  ^^^^^^^
/C:/Users/berkgoknil/AppData/Local/Pub/Cache/hosted/pub.dev/web-1.1.1/lib/src/dom/webauthn.dart:629:69: Error: 'JSObject' isn't a type.
extension type AuthenticationExtensionsSupplementalPubKeysOutputs._(JSObject _)
                                                                    ^^^^^^^^
/C:/Users/berkgoknil/AppData/Local/Pub/Cache/hosted/pub.dev/web-1.1.1/lib/src/dom/webauthn.dart:632:25: Error: 'JSArrayBuffer' isn't a type.
      {required JSArray<JSArrayBuffer> signatures});
                        ^^^^^^^^^^^^^
/C:/Users/berkgoknil/AppData/Local/Pub/Cache/hosted/pub.dev/web-1.1.1/lib/src/dom/webauthn.dart:632:17: Error: 'JSArray' isn't a type.
      {required JSArray<JSArrayBuffer> signatures});
                ^^^^^^^
/C:/Users/berkgoknil/AppData/Local/Pub/Cache/hosted/pub.dev/web-1.1.1/lib/src/dom/webauthn.dart:635:35: Error: 'JSArrayBuffer' isn't a type.
  external set signatures(JSArray<JSArrayBuffer> value);
                                  ^^^^^^^^^^^^^
/C:/Users/berkgoknil/AppData/Local/Pub/Cache/hosted/pub.dev/web-1.1.1/lib/src/dom/webauthn.dart:635:27: Error: 'JSArray' isn't a type.
  external set signatures(JSArray<JSArrayBuffer> value);
                          ^^^^^^^
/C:/Users/berkgoknil/AppData/Local/Pub/Cache/hosted/pub.dev/web-1.1.1/lib/src/dom/secure_payment_confirmation.dart:16:8: Error: Dart library 'dart:js_interop' is not available on this platform.
import 'dart:js_interop';
       ^
/C:/Users/berkgoknil/AppData/Local/Pub/Cache/hosted/pub.dev/web-1.1.1/lib/src/dom/secure_payment_confirmation.dart:20:56: Error: Type 'JSObject' not found.
extension type AuthenticationExtensionsPaymentInputs._(JSObject _)
                                                       ^^^^^^^^
/C:/Users/berkgoknil/AppData/Local/Pub/Cache/hosted/pub.dev/web-1.1.1/lib/src/dom/secure_payment_confirmation.dart:21:16: Error: Type 'JSObject' not found.
    implements JSObject {
               ^^^^^^^^
/C:/Users/berkgoknil/AppData/Local/Pub/Cache/hosted/pub.dev/web-1.1.1/lib/src/dom/secure_payment_confirmation.dart:47:46: Error: Type 'JSObject' not found.
extension type PaymentCredentialInstrument._(JSObject _) implements JSObject {
                                             ^^^^^^^^
/C:/Users/berkgoknil/AppData/Local/Pub/Cache/hosted/pub.dev/web-1.1.1/lib/src/dom/secure_payment_confirmation.dart:47:69: Error: Type 'JSObject' not found.
extension type PaymentCredentialInstrument._(JSObject _) implements JSObject {
                                                                    ^^^^^^^^
/C:/Users/berkgoknil/AppData/Local/Pub/Cache/hosted/pub.dev/web-1.1.1/lib/src/dom/secure_payment_confirmation.dart:21:16: Error: The type 'JSObject' can't be implemented by an extension type.
    implements JSObject {
               ^
/C:/Users/berkgoknil/AppData/Local/Pub/Cache/hosted/pub.dev/web-1.1.1/lib/src/dom/secure_payment_confirmation.dart:47:69: Error: The type 'JSObject' can't be implemented by an extension type.
extension type PaymentCredentialInstrument._(JSObject _) implements JSObject {
                                                                    ^
/C:/Users/berkgoknil/AppData/Local/Pub/Cache/hosted/pub.dev/web-1.1.1/lib/src/dom/secure_payment_confirmation.dart:13:2: Error: Couldn't find constructor 'JS'.
@JS()
 ^^
/C:/Users/berkgoknil/AppData/Local/Pub/Cache/hosted/pub.dev/web-1.1.1/lib/src/dom/secure_payment_confirmation.dart:20:56: Error: 'JSObject' isn't a type.
extension type AuthenticationExtensionsPaymentInputs._(JSObject _)
                                                       ^^^^^^^^
/C:/Users/berkgoknil/AppData/Local/Pub/Cache/hosted/pub.dev/web-1.1.1/lib/src/dom/secure_payment_confirmation.dart:47:46: Error: 'JSObject' isn't a type.
extension type PaymentCredentialInstrument._(JSObject _) implements JSObject {
                                             ^^^^^^^^
/C:/Users/berkgoknil/AppData/Local/Pub/Cache/hosted/pub.dev/web-1.1.1/lib/src/dom/payment_request.dart:16:8: Error: Dart library 'dart:js_interop' is not available on this platform.
import 'dart:js_interop';
       ^
/C:/Users/berkgoknil/AppData/Local/Pub/Cache/hosted/pub.dev/web-1.1.1/lib/src/dom/payment_request.dart:33:33: Error: Type 'JSObject' not found.
extension type PaymentRequest._(JSObject _) implements EventTarget, JSObject {
                                ^^^^^^^^
/C:/Users/berkgoknil/AppData/Local/Pub/Cache/hosted/pub.dev/web-1.1.1/lib/src/dom/payment_request.dart:33:69: Error: Type 'JSObject' not found.
extension type PaymentRequest._(JSObject _) implements EventTarget, JSObject {
                                                                    ^^^^^^^^
/C:/Users/berkgoknil/AppData/Local/Pub/Cache/hosted/pub.dev/web-1.1.1/lib/src/dom/payment_request.dart:35:5: Error: Type 'JSArray' not found.
    JSArray<PaymentMethodData> methodData,
    ^^^^^^^
/C:/Users/berkgoknil/AppData/Local/Pub/Cache/hosted/pub.dev/web-1.1.1/lib/src/dom/payment_request.dart:77:12: Error: Type 'JSPromise' not found.
  external JSPromise<PaymentResponse> show(
           ^^^^^^^^^
/C:/Users/berkgoknil/AppData/Local/Pub/Cache/hosted/pub.dev/web-1.1.1/lib/src/dom/payment_request.dart:78:8: Error: Type 'JSPromise' not found.
      [JSPromise<PaymentDetailsUpdate> detailsPromise]);
       ^^^^^^^^^
/C:/Users/berkgoknil/AppData/Local/Pub/Cache/hosted/pub.dev/web-1.1.1/lib/src/dom/payment_request.dart:84:22: Error: Type 'JSAny' not found.
  external JSPromise<JSAny?> abort();
                     ^^^^^
/C:/Users/berkgoknil/AppData/Local/Pub/Cache/hosted/pub.dev/web-1.1.1/lib/src/dom/payment_request.dart:84:12: Error: Type 'JSPromise' not found.
  external JSPromise<JSAny?> abort();
           ^^^^^^^^^
/C:/Users/berkgoknil/AppData/Local/Pub/Cache/hosted/pub.dev/web-1.1.1/lib/src/dom/payment_request.dart:104:22: Error: Type 'JSBoolean' not found.
  external JSPromise<JSBoolean> canMakePayment();
                     ^^^^^^^^^
/C:/Users/berkgoknil/AppData/Local/Pub/Cache/hosted/pub.dev/web-1.1.1/lib/src/dom/payment_request.dart:104:12: Error: Type 'JSPromise' not found.
  external JSPromise<JSBoolean> canMakePayment();
           ^^^^^^^^^
/C:/Users/berkgoknil/AppData/Local/Pub/Cache/hosted/pub.dev/web-1.1.1/lib/src/dom/payment_request.dart:117:36: Error: Type 'JSObject' not found.
extension type PaymentMethodData._(JSObject _) implements JSObject {
                                   ^^^^^^^^
/C:/Users/berkgoknil/AppData/Local/Pub/Cache/hosted/pub.dev/web-1.1.1/lib/src/dom/payment_request.dart:117:59: Error: Type 'JSObject' not found.
extension type PaymentMethodData._(JSObject _) implements JSObject {
                                                          ^^^^^^^^
/C:/Users/berkgoknil/AppData/Local/Pub/Cache/hosted/pub.dev/web-1.1.1/lib/src/dom/payment_request.dart:120:5: Error: Type 'JSObject' not found.
    JSObject data,
    ^^^^^^^^
/C:/Users/berkgoknil/AppData/Local/Pub/Cache/hosted/pub.dev/web-1.1.1/lib/src/dom/payment_request.dart:125:12: Error: Type 'JSObject' not found.
  external JSObject get data;
           ^^^^^^^^
/C:/Users/berkgoknil/AppData/Local/Pub/Cache/hosted/pub.dev/web-1.1.1/lib/src/dom/payment_request.dart:126:21: Error: Type 'JSObject' not found.
  external set data(JSObject value);
                    ^^^^^^^^
/C:/Users/berkgoknil/AppData/Local/Pub/Cache/hosted/pub.dev/web-1.1.1/lib/src/dom/payment_request.dart:128:40: Error: Type 'JSObject' not found.
extension type PaymentCurrencyAmount._(JSObject _) implements JSObject {
                                       ^^^^^^^^
/C:/Users/berkgoknil/AppData/Local/Pub/Cache/hosted/pub.dev/web-1.1.1/lib/src/dom/payment_request.dart:128:63: Error: Type 'JSObject' not found.
extension type PaymentCurrencyAmount._(JSObject _) implements JSObject {
                                                              ^^^^^^^^
/C:/Users/berkgoknil/AppData/Local/Pub/Cache/hosted/pub.dev/web-1.1.1/lib/src/dom/payment_request.dart:139:37: Error: Type 'JSObject' not found.
extension type PaymentDetailsBase._(JSObject _) implements JSObject {
                                    ^^^^^^^^
/C:/Users/berkgoknil/AppData/Local/Pub/Cache/hosted/pub.dev/web-1.1.1/lib/src/dom/payment_request.dart:139:60: Error: Type 'JSObject' not found.
extension type PaymentDetailsBase._(JSObject _) implements JSObject {
                                                           ^^^^^^^^
/C:/Users/berkgoknil/AppData/Local/Pub/Cache/hosted/pub.dev/web-1.1.1/lib/src/dom/payment_request.dart:141:5: Error: Type 'JSArray' not found.
    JSArray<PaymentItem> displayItems,
    ^^^^^^^
/C:/Users/berkgoknil/AppData/Local/Pub/Cache/hosted/pub.dev/web-1.1.1/lib/src/dom/payment_request.dart:142:5: Error: Type 'JSArray' not found.
    JSArray<PaymentDetailsModifier> modifiers,
    ^^^^^^^
/C:/Users/berkgoknil/AppData/Local/Pub/Cache/hosted/pub.dev/web-1.1.1/lib/src/dom/payment_request.dart:145:12: Error: Type 'JSArray' not found.
  external JSArray<PaymentItem> get displayItems;
           ^^^^^^^
/C:/Users/berkgoknil/AppData/Local/Pub/Cache/hosted/pub.dev/web-1.1.1/lib/src/dom/payment_request.dart:146:29: Error: Type 'JSArray' not found.
  external set displayItems(JSArray<PaymentItem> value);
                            ^^^^^^^
/C:/Users/berkgoknil/AppData/Local/Pub/Cache/hosted/pub.dev/web-1.1.1/lib/src/dom/payment_request.dart:147:12: Error: Type 'JSArray' not found.
  external JSArray<PaymentDetailsModifier> get modifiers;
           ^^^^^^^
/C:/Users/berkgoknil/AppData/Local/Pub/Cache/hosted/pub.dev/web-1.1.1/lib/src/dom/payment_request.dart:148:26: Error: Type 'JSArray' not found.
  external set modifiers(JSArray<PaymentDetailsModifier> value);
                         ^^^^^^^
/C:/Users/berkgoknil/AppData/Local/Pub/Cache/hosted/pub.dev/web-1.1.1/lib/src/dom/payment_request.dart:150:37: Error: Type 'JSObject' not found.
extension type PaymentDetailsInit._(JSObject _)
                                    ^^^^^^^^
/C:/Users/berkgoknil/AppData/Local/Pub/Cache/hosted/pub.dev/web-1.1.1/lib/src/dom/payment_request.dart:151:36: Error: Type 'JSObject' not found.
    implements PaymentDetailsBase, JSObject {
                                   ^^^^^^^^
/C:/Users/berkgoknil/AppData/Local/Pub/Cache/hosted/pub.dev/web-1.1.1/lib/src/dom/payment_request.dart:153:5: Error: Type 'JSArray' not found.
    JSArray<PaymentItem> displayItems,
    ^^^^^^^
/C:/Users/berkgoknil/AppData/Local/Pub/Cache/hosted/pub.dev/web-1.1.1/lib/src/dom/payment_request.dart:154:5: Error: Type 'JSArray' not found.
    JSArray<PaymentDetailsModifier> modifiers,
    ^^^^^^^
/C:/Users/berkgoknil/AppData/Local/Pub/Cache/hosted/pub.dev/web-1.1.1/lib/src/dom/payment_request.dart:164:39: Error: Type 'JSObject' not found.
extension type PaymentDetailsUpdate._(JSObject _)
                                      ^^^^^^^^
/C:/Users/berkgoknil/AppData/Local/Pub/Cache/hosted/pub.dev/web-1.1.1/lib/src/dom/payment_request.dart:165:36: Error: Type 'JSObject' not found.
    implements PaymentDetailsBase, JSObject {
                                   ^^^^^^^^
/C:/Users/berkgoknil/AppData/Local/Pub/Cache/hosted/pub.dev/web-1.1.1/lib/src/dom/payment_request.dart:167:5: Error: Type 'JSArray' not found.
    JSArray<PaymentItem> displayItems,
    ^^^^^^^
/C:/Users/berkgoknil/AppData/Local/Pub/Cache/hosted/pub.dev/web-1.1.1/lib/src/dom/payment_request.dart:168:5: Error: Type 'JSArray' not found.
    JSArray<PaymentDetailsModifier> modifiers,
    ^^^^^^^
/C:/Users/berkgoknil/AppData/Local/Pub/Cache/hosted/pub.dev/web-1.1.1/lib/src/dom/payment_request.dart:170:5: Error: Type 'JSObject' not found.
    JSObject paymentMethodErrors,
    ^^^^^^^^
/C:/Users/berkgoknil/AppData/Local/Pub/Cache/hosted/pub.dev/web-1.1.1/lib/src/dom/payment_request.dart:175:12: Error: Type 'JSObject' not found.
  external JSObject get paymentMethodErrors;
           ^^^^^^^^
/C:/Users/berkgoknil/AppData/Local/Pub/Cache/hosted/pub.dev/web-1.1.1/lib/src/dom/payment_request.dart:176:36: Error: Type 'JSObject' not found.
  external set paymentMethodErrors(JSObject value);
                                   ^^^^^^^^
/C:/Users/berkgoknil/AppData/Local/Pub/Cache/hosted/pub.dev/web-1.1.1/lib/src/dom/payment_request.dart:178:41: Error: Type 'JSObject' not found.
extension type PaymentDetailsModifier._(JSObject _) implements JSObject {
                                        ^^^^^^^^
/C:/Users/berkgoknil/AppData/Local/Pub/Cache/hosted/pub.dev/web-1.1.1/lib/src/dom/payment_request.dart:178:64: Error: Type 'JSObject' not found.
extension type PaymentDetailsModifier._(JSObject _) implements JSObject {
                                                               ^^^^^^^^
/C:/Users/berkgoknil/AppData/Local/Pub/Cache/hosted/pub.dev/web-1.1.1/lib/src/dom/payment_request.dart:182:5: Error: Type 'JSArray' not found.
    JSArray<PaymentItem> additionalDisplayItems,
    ^^^^^^^
/C:/Users/berkgoknil/AppData/Local/Pub/Cache/hosted/pub.dev/web-1.1.1/lib/src/dom/payment_request.dart:183:5: Error: Type 'JSObject' not found.
    JSObject data,
    ^^^^^^^^
/C:/Users/berkgoknil/AppData/Local/Pub/Cache/hosted/pub.dev/web-1.1.1/lib/src/dom/payment_request.dart:190:12: Error: Type 'JSArray' not found.
  external JSArray<PaymentItem> get additionalDisplayItems;
           ^^^^^^^
/C:/Users/berkgoknil/AppData/Local/Pub/Cache/hosted/pub.dev/web-1.1.1/lib/src/dom/payment_request.dart:191:39: Error: Type 'JSArray' not found.
  external set additionalDisplayItems(JSArray<PaymentItem> value);
                                      ^^^^^^^
/C:/Users/berkgoknil/AppData/Local/Pub/Cache/hosted/pub.dev/web-1.1.1/lib/src/dom/payment_request.dart:192:12: Error: Type 'JSObject' not found.
  external JSObject get data;
           ^^^^^^^^
/C:/Users/berkgoknil/AppData/Local/Pub/Cache/hosted/pub.dev/web-1.1.1/lib/src/dom/payment_request.dart:193:21: Error: Type 'JSObject' not found.
  external set data(JSObject value);
                    ^^^^^^^^
/C:/Users/berkgoknil/AppData/Local/Pub/Cache/hosted/pub.dev/web-1.1.1/lib/src/dom/payment_request.dart:195:30: Error: Type 'JSObject' not found.
extension type PaymentItem._(JSObject _) implements JSObject {
                             ^^^^^^^^
/C:/Users/berkgoknil/AppData/Local/Pub/Cache/hosted/pub.dev/web-1.1.1/lib/src/dom/payment_request.dart:195:53: Error: Type 'JSObject' not found.
extension type PaymentItem._(JSObject _) implements JSObject {
                                                    ^^^^^^^^
/C:/Users/berkgoknil/AppData/Local/Pub/Cache/hosted/pub.dev/web-1.1.1/lib/src/dom/payment_request.dart:209:41: Error: Type 'JSObject' not found.
extension type PaymentCompleteDetails._(JSObject _) implements JSObject {
                                        ^^^^^^^^
/C:/Users/berkgoknil/AppData/Local/Pub/Cache/hosted/pub.dev/web-1.1.1/lib/src/dom/payment_request.dart:209:64: Error: Type 'JSObject' not found.
extension type PaymentCompleteDetails._(JSObject _) implements JSObject {
                                                               ^^^^^^^^
/C:/Users/berkgoknil/AppData/Local/Pub/Cache/hosted/pub.dev/web-1.1.1/lib/src/dom/payment_request.dart:210:44: Error: Type 'JSObject' not found.
  external factory PaymentCompleteDetails({JSObject? data});
                                           ^^^^^^^^
/C:/Users/berkgoknil/AppData/Local/Pub/Cache/hosted/pub.dev/web-1.1.1/lib/src/dom/payment_request.dart:212:12: Error: Type 'JSObject' not found.
  external JSObject? get data;
           ^^^^^^^^
/C:/Users/berkgoknil/AppData/Local/Pub/Cache/hosted/pub.dev/web-1.1.1/lib/src/dom/payment_request.dart:213:21: Error: Type 'JSObject' not found.
  external set data(JSObject? value);
                    ^^^^^^^^
/C:/Users/berkgoknil/AppData/Local/Pub/Cache/hosted/pub.dev/web-1.1.1/lib/src/dom/payment_request.dart:225:34: Error: Type 'JSObject' not found.
extension type PaymentResponse._(JSObject _) implements EventTarget, JSObject {
                                 ^^^^^^^^
/C:/Users/berkgoknil/AppData/Local/Pub/Cache/hosted/pub.dev/web-1.1.1/lib/src/dom/payment_request.dart:225:70: Error: Type 'JSObject' not found.
extension type PaymentResponse._(JSObject _) implements EventTarget, JSObject {
                                                                     ^^^^^^^^
/C:/Users/berkgoknil/AppData/Local/Pub/Cache/hosted/pub.dev/web-1.1.1/lib/src/dom/payment_request.dart:228:12: Error: Type 'JSObject' not found.
  external JSObject toJSON();
           ^^^^^^^^
/C:/Users/berkgoknil/AppData/Local/Pub/Cache/hosted/pub.dev/web-1.1.1/lib/src/dom/payment_request.dart:240:22: Error: Type 'JSAny' not found.
  external JSPromise<JSAny?> complete([
                     ^^^^^
/C:/Users/berkgoknil/AppData/Local/Pub/Cache/hosted/pub.dev/web-1.1.1/lib/src/dom/payment_request.dart:240:12: Error: Type 'JSPromise' not found.
  external JSPromise<JSAny?> complete([
           ^^^^^^^^^
/C:/Users/berkgoknil/AppData/Local/Pub/Cache/hosted/pub.dev/web-1.1.1/lib/src/dom/payment_request.dart:253:22: Error: Type 'JSAny' not found.
  external JSPromise<JSAny?> retry([PaymentValidationErrors errorFields]);
                     ^^^^^
/C:/Users/berkgoknil/AppData/Local/Pub/Cache/hosted/pub.dev/web-1.1.1/lib/src/dom/payment_request.dart:253:12: Error: Type 'JSPromise' not found.
  external JSPromise<JSAny?> retry([PaymentValidationErrors errorFields]);
           ^^^^^^^^^
/C:/Users/berkgoknil/AppData/Local/Pub/Cache/hosted/pub.dev/web-1.1.1/lib/src/dom/payment_request.dart:279:12: Error: Type 'JSObject' not found.
  external JSObject get details;
           ^^^^^^^^
/C:/Users/berkgoknil/AppData/Local/Pub/Cache/hosted/pub.dev/web-1.1.1/lib/src/dom/payment_request.dart:281:42: Error: Type 'JSObject' not found.
extension type PaymentValidationErrors._(JSObject _) implements JSObject {
                                         ^^^^^^^^
/C:/Users/berkgoknil/AppData/Local/Pub/Cache/hosted/pub.dev/web-1.1.1/lib/src/dom/payment_request.dart:281:65: Error: Type 'JSObject' not found.
extension type PaymentValidationErrors._(JSObject _) implements JSObject {
                                                                ^^^^^^^^
/C:/Users/berkgoknil/AppData/Local/Pub/Cache/hosted/pub.dev/web-1.1.1/lib/src/dom/payment_request.dart:284:5: Error: Type 'JSObject' not found.
    JSObject paymentMethod,
    ^^^^^^^^
/C:/Users/berkgoknil/AppData/Local/Pub/Cache/hosted/pub.dev/web-1.1.1/lib/src/dom/payment_request.dart:289:12: Error: Type 'JSObject' not found.
  external JSObject get paymentMethod;
           ^^^^^^^^
/C:/Users/berkgoknil/AppData/Local/Pub/Cache/hosted/pub.dev/web-1.1.1/lib/src/dom/payment_request.dart:290:30: Error: Type 'JSObject' not found.
  external set paymentMethod(JSObject value);
                             ^^^^^^^^
/C:/Users/berkgoknil/AppData/Local/Pub/Cache/hosted/pub.dev/web-1.1.1/lib/src/dom/payment_request.dart:304:43: Error: Type 'JSObject' not found.
extension type PaymentMethodChangeEvent._(JSObject _)
                                          ^^^^^^^^
/C:/Users/berkgoknil/AppData/Local/Pub/Cache/hosted/pub.dev/web-1.1.1/lib/src/dom/payment_request.dart:305:43: Error: Type 'JSObject' not found.
    implements PaymentRequestUpdateEvent, JSObject {
                                          ^^^^^^^^
/C:/Users/berkgoknil/AppData/Local/Pub/Cache/hosted/pub.dev/web-1.1.1/lib/src/dom/payment_request.dart:329:12: Error: Type 'JSObject' not found.
  external JSObject? get methodDetails;
           ^^^^^^^^
/C:/Users/berkgoknil/AppData/Local/Pub/Cache/hosted/pub.dev/web-1.1.1/lib/src/dom/payment_request.dart:331:47: Error: Type 'JSObject' not found.
extension type PaymentMethodChangeEventInit._(JSObject _)
                                              ^^^^^^^^
/C:/Users/berkgoknil/AppData/Local/Pub/Cache/hosted/pub.dev/web-1.1.1/lib/src/dom/payment_request.dart:332:47: Error: Type 'JSObject' not found.
    implements PaymentRequestUpdateEventInit, JSObject {
                                              ^^^^^^^^
/C:/Users/berkgoknil/AppData/Local/Pub/Cache/hosted/pub.dev/web-1.1.1/lib/src/dom/payment_request.dart:338:5: Error: Type 'JSObject' not found.
    JSObject? methodDetails,
    ^^^^^^^^
/C:/Users/berkgoknil/AppData/Local/Pub/Cache/hosted/pub.dev/web-1.1.1/lib/src/dom/payment_request.dart:343:12: Error: Type 'JSObject' not found.
  external JSObject? get methodDetails;
           ^^^^^^^^
/C:/Users/berkgoknil/AppData/Local/Pub/Cache/hosted/pub.dev/web-1.1.1/lib/src/dom/payment_request.dart:344:30: Error: Type 'JSObject' not found.
  external set methodDetails(JSObject? value);
                             ^^^^^^^^
/C:/Users/berkgoknil/AppData/Local/Pub/Cache/hosted/pub.dev/web-1.1.1/lib/src/dom/payment_request.dart:360:44: Error: Type 'JSObject' not found.
extension type PaymentRequestUpdateEvent._(JSObject _)
                                           ^^^^^^^^
/C:/Users/berkgoknil/AppData/Local/Pub/Cache/hosted/pub.dev/web-1.1.1/lib/src/dom/payment_request.dart:361:23: Error: Type 'JSObject' not found.
    implements Event, JSObject {
                      ^^^^^^^^
/C:/Users/berkgoknil/AppData/Local/Pub/Cache/hosted/pub.dev/web-1.1.1/lib/src/dom/payment_request.dart:370:28: Error: Type 'JSPromise' not found.
  external void updateWith(JSPromise<PaymentDetailsUpdate> detailsPromise);
                           ^^^^^^^^^
/C:/Users/berkgoknil/AppData/Local/Pub/Cache/hosted/pub.dev/web-1.1.1/lib/src/dom/payment_request.dart:372:48: Error: Type 'JSObject' not found.
extension type PaymentRequestUpdateEventInit._(JSObject _)
                                               ^^^^^^^^
/C:/Users/berkgoknil/AppData/Local/Pub/Cache/hosted/pub.dev/web-1.1.1/lib/src/dom/payment_request.dart:373:27: Error: Type 'JSObject' not found.
    implements EventInit, JSObject {
                          ^^^^^^^^
/C:/Users/berkgoknil/AppData/Local/Pub/Cache/hosted/pub.dev/web-1.1.1/lib/src/dom/payment_request.dart:33:69: Error: The type 'JSObject' can't be implemented by an extension type.
extension type PaymentRequest._(JSObject _) implements EventTarget, JSObject {
                                                                    ^
/C:/Users/berkgoknil/AppData/Local/Pub/Cache/hosted/pub.dev/web-1.1.1/lib/src/dom/payment_request.dart:117:59: Error: The type 'JSObject' can't be implemented by an extension type.
extension type PaymentMethodData._(JSObject _) implements JSObject {
                                                          ^
/C:/Users/berkgoknil/AppData/Local/Pub/Cache/hosted/pub.dev/web-1.1.1/lib/src/dom/payment_request.dart:128:63: Error: The type 'JSObject' can't be implemented by an extension type.
extension type PaymentCurrencyAmount._(JSObject _) implements JSObject {
                                                              ^
/C:/Users/berkgoknil/AppData/Local/Pub/Cache/hosted/pub.dev/web-1.1.1/lib/src/dom/payment_request.dart:139:60: Error: The type 'JSObject' can't be implemented by an extension type.
extension type PaymentDetailsBase._(JSObject _) implements JSObject {
                                                           ^
/C:/Users/berkgoknil/AppData/Local/Pub/Cache/hosted/pub.dev/web-1.1.1/lib/src/dom/payment_request.dart:151:36: Error: The type 'JSObject' can't be implemented by an extension type.
    implements PaymentDetailsBase, JSObject {
                                   ^
/C:/Users/berkgoknil/AppData/Local/Pub/Cache/hosted/pub.dev/web-1.1.1/lib/src/dom/payment_request.dart:165:36: Error: The type 'JSObject' can't be implemented by an extension type.
    implements PaymentDetailsBase, JSObject {
                                   ^
/C:/Users/berkgoknil/AppData/Local/Pub/Cache/hosted/pub.dev/web-1.1.1/lib/src/dom/payment_request.dart:178:64: Error: The type 'JSObject' can't be implemented by an extension type.
extension type PaymentDetailsModifier._(JSObject _) implements JSObject {
                                                               ^
/C:/Users/berkgoknil/AppData/Local/Pub/Cache/hosted/pub.dev/web-1.1.1/lib/src/dom/payment_request.dart:195:53: Error: The type 'JSObject' can't be implemented by an extension type.
extension type PaymentItem._(JSObject _) implements JSObject {
                                                    ^
/C:/Users/berkgoknil/AppData/Local/Pub/Cache/hosted/pub.dev/web-1.1.1/lib/src/dom/payment_request.dart:209:64: Error: The type 'JSObject' can't be implemented by an extension type.
extension type PaymentCompleteDetails._(JSObject _) implements JSObject {
                                                               ^
/C:/Users/berkgoknil/AppData/Local/Pub/Cache/hosted/pub.dev/web-1.1.1/lib/src/dom/payment_request.dart:225:70: Error: The type 'JSObject' can't be implemented by an extension type.
extension type PaymentResponse._(JSObject _) implements EventTarget, JSObject {
                                                                     ^
/C:/Users/berkgoknil/AppData/Local/Pub/Cache/hosted/pub.dev/web-1.1.1/lib/src/dom/payment_request.dart:281:65: Error: The type 'JSObject' can't be implemented by an extension type.
extension type PaymentValidationErrors._(JSObject _) implements JSObject {
                                                                ^
/C:/Users/berkgoknil/AppData/Local/Pub/Cache/hosted/pub.dev/web-1.1.1/lib/src/dom/payment_request.dart:305:43: Error: The type 'JSObject' can't be implemented by an extension type.
    implements PaymentRequestUpdateEvent, JSObject {
                                          ^
/C:/Users/berkgoknil/AppData/Local/Pub/Cache/hosted/pub.dev/web-1.1.1/lib/src/dom/payment_request.dart:332:47: Error: The type 'JSObject' can't be implemented by an extension type.
    implements PaymentRequestUpdateEventInit, JSObject {
                                              ^
/C:/Users/berkgoknil/AppData/Local/Pub/Cache/hosted/pub.dev/web-1.1.1/lib/src/dom/payment_request.dart:361:23: Error: The type 'JSObject' can't be implemented by an extension type.
    implements Event, JSObject {
                      ^
/C:/Users/berkgoknil/AppData/Local/Pub/Cache/hosted/pub.dev/web-1.1.1/lib/src/dom/payment_request.dart:373:27: Error: The type 'JSObject' can't be implemented by an extension type.
    implements EventInit, JSObject {
                          ^
/C:/Users/berkgoknil/AppData/Local/Pub/Cache/hosted/pub.dev/web-1.1.1/lib/src/dom/payment_request.dart:13:2: Error: Couldn't find constructor 'JS'.
@JS()
 ^^
/C:/Users/berkgoknil/AppData/Local/Pub/Cache/hosted/pub.dev/web-1.1.1/lib/src/dom/payment_request.dart:33:33: Error: 'JSObject' isn't a type.
extension type PaymentRequest._(JSObject _) implements EventTarget, JSObject {
                                ^^^^^^^^
/C:/Users/berkgoknil/AppData/Local/Pub/Cache/hosted/pub.dev/web-1.1.1/lib/src/dom/payment_request.dart:35:5: Error: 'JSArray' isn't a type.
    JSArray<PaymentMethodData> methodData,
    ^^^^^^^
/C:/Users/berkgoknil/AppData/Local/Pub/Cache/hosted/pub.dev/web-1.1.1/lib/src/dom/payment_request.dart:78:8: Error: 'JSPromise' isn't a type.
      [JSPromise<PaymentDetailsUpdate> detailsPromise]);
       ^^^^^^^^^
/C:/Users/berkgoknil/AppData/Local/Pub/Cache/hosted/pub.dev/web-1.1.1/lib/src/dom/payment_request.dart:117:36: Error: 'JSObject' isn't a type.
extension type PaymentMethodData._(JSObject _) implements JSObject {
                                   ^^^^^^^^
/C:/Users/berkgoknil/AppData/Local/Pub/Cache/hosted/pub.dev/web-1.1.1/lib/src/dom/payment_request.dart:120:5: Error: 'JSObject' isn't a type.
    JSObject data,
    ^^^^^^^^
/C:/Users/berkgoknil/AppData/Local/Pub/Cache/hosted/pub.dev/web-1.1.1/lib/src/dom/payment_request.dart:126:21: Error: 'JSObject' isn't a type.
  external set data(JSObject value);
                    ^^^^^^^^
/C:/Users/berkgoknil/AppData/Local/Pub/Cache/hosted/pub.dev/web-1.1.1/lib/src/dom/payment_request.dart:128:40: Error: 'JSObject' isn't a type.
extension type PaymentCurrencyAmount._(JSObject _) implements JSObject {
                                       ^^^^^^^^
/C:/Users/berkgoknil/AppData/Local/Pub/Cache/hosted/pub.dev/web-1.1.1/lib/src/dom/payment_request.dart:139:37: Error: 'JSObject' isn't a type.
extension type PaymentDetailsBase._(JSObject _) implements JSObject {
                                    ^^^^^^^^
/C:/Users/berkgoknil/AppData/Local/Pub/Cache/hosted/pub.dev/web-1.1.1/lib/src/dom/payment_request.dart:141:5: Error: 'JSArray' isn't a type.
    JSArray<PaymentItem> displayItems,
    ^^^^^^^
/C:/Users/berkgoknil/AppData/Local/Pub/Cache/hosted/pub.dev/web-1.1.1/lib/src/dom/payment_request.dart:142:5: Error: 'JSArray' isn't a type.
    JSArray<PaymentDetailsModifier> modifiers,
    ^^^^^^^
/C:/Users/berkgoknil/AppData/Local/Pub/Cache/hosted/pub.dev/web-1.1.1/lib/src/dom/payment_request.dart:146:29: Error: 'JSArray' isn't a type.
  external set displayItems(JSArray<PaymentItem> value);
                            ^^^^^^^
/C:/Users/berkgoknil/AppData/Local/Pub/Cache/hosted/pub.dev/web-1.1.1/lib/src/dom/payment_request.dart:148:26: Error: 'JSArray' isn't a type.
  external set modifiers(JSArray<PaymentDetailsModifier> value);
                         ^^^^^^^
/C:/Users/berkgoknil/AppData/Local/Pub/Cache/hosted/pub.dev/web-1.1.1/lib/src/dom/payment_request.dart:150:37: Error: 'JSObject' isn't a type.
extension type PaymentDetailsInit._(JSObject _)
                                    ^^^^^^^^
/C:/Users/berkgoknil/AppData/Local/Pub/Cache/hosted/pub.dev/web-1.1.1/lib/src/dom/payment_request.dart:153:5: Error: 'JSArray' isn't a type.
    JSArray<PaymentItem> displayItems,
    ^^^^^^^
/C:/Users/berkgoknil/AppData/Local/Pub/Cache/hosted/pub.dev/web-1.1.1/lib/src/dom/payment_request.dart:154:5: Error: 'JSArray' isn't a type.
    JSArray<PaymentDetailsModifier> modifiers,
    ^^^^^^^
/C:/Users/berkgoknil/AppData/Local/Pub/Cache/hosted/pub.dev/web-1.1.1/lib/src/dom/payment_request.dart:164:39: Error: 'JSObject' isn't a type.
extension type PaymentDetailsUpdate._(JSObject _)
                                      ^^^^^^^^
/C:/Users/berkgoknil/AppData/Local/Pub/Cache/hosted/pub.dev/web-1.1.1/lib/src/dom/payment_request.dart:167:5: Error: 'JSArray' isn't a type.
    JSArray<PaymentItem> displayItems,
    ^^^^^^^
/C:/Users/berkgoknil/AppData/Local/Pub/Cache/hosted/pub.dev/web-1.1.1/lib/src/dom/payment_request.dart:168:5: Error: 'JSArray' isn't a type.
    JSArray<PaymentDetailsModifier> modifiers,
    ^^^^^^^
/C:/Users/berkgoknil/AppData/Local/Pub/Cache/hosted/pub.dev/web-1.1.1/lib/src/dom/payment_request.dart:170:5: Error: 'JSObject' isn't a type.
    JSObject paymentMethodErrors,
    ^^^^^^^^
/C:/Users/berkgoknil/AppData/Local/Pub/Cache/hosted/pub.dev/web-1.1.1/lib/src/dom/payment_request.dart:176:36: Error: 'JSObject' isn't a type.
  external set paymentMethodErrors(JSObject value);
                                   ^^^^^^^^
/C:/Users/berkgoknil/AppData/Local/Pub/Cache/hosted/pub.dev/web-1.1.1/lib/src/dom/payment_request.dart:178:41: Error: 'JSObject' isn't a type.
extension type PaymentDetailsModifier._(JSObject _) implements JSObject {
                                        ^^^^^^^^
/C:/Users/berkgoknil/AppData/Local/Pub/Cache/hosted/pub.dev/web-1.1.1/lib/src/dom/payment_request.dart:182:5: Error: 'JSArray' isn't a type.
    JSArray<PaymentItem> additionalDisplayItems,
    ^^^^^^^
/C:/Users/berkgoknil/AppData/Local/Pub/Cache/hosted/pub.dev/web-1.1.1/lib/src/dom/payment_request.dart:183:5: Error: 'JSObject' isn't a type.
    JSObject data,
    ^^^^^^^^
/C:/Users/berkgoknil/AppData/Local/Pub/Cache/hosted/pub.dev/web-1.1.1/lib/src/dom/payment_request.dart:191:39: Error: 'JSArray' isn't a type.
  external set additionalDisplayItems(JSArray<PaymentItem> value);
                                      ^^^^^^^
/C:/Users/berkgoknil/AppData/Local/Pub/Cache/hosted/pub.dev/web-1.1.1/lib/src/dom/payment_request.dart:193:21: Error: 'JSObject' isn't a type.
  external set data(JSObject value);
                    ^^^^^^^^
/C:/Users/berkgoknil/AppData/Local/Pub/Cache/hosted/pub.dev/web-1.1.1/lib/src/dom/payment_request.dart:195:30: Error: 'JSObject' isn't a type.
extension type PaymentItem._(JSObject _) implements JSObject {
                             ^^^^^^^^
/C:/Users/berkgoknil/AppData/Local/Pub/Cache/hosted/pub.dev/web-1.1.1/lib/src/dom/payment_request.dart:209:41: Error: 'JSObject' isn't a type.
extension type PaymentCompleteDetails._(JSObject _) implements JSObject {
                                        ^^^^^^^^
/C:/Users/berkgoknil/AppData/Local/Pub/Cache/hosted/pub.dev/web-1.1.1/lib/src/dom/payment_request.dart:210:44: Error: 'JSObject' isn't a type.
  external factory PaymentCompleteDetails({JSObject? data});
                                           ^^^^^^^^
/C:/Users/berkgoknil/AppData/Local/Pub/Cache/hosted/pub.dev/web-1.1.1/lib/src/dom/payment_request.dart:213:21: Error: 'JSObject' isn't a type.
  external set data(JSObject? value);
                    ^^^^^^^^
/C:/Users/berkgoknil/AppData/Local/Pub/Cache/hosted/pub.dev/web-1.1.1/lib/src/dom/payment_request.dart:225:34: Error: 'JSObject' isn't a type.
extension type PaymentResponse._(JSObject _) implements EventTarget, JSObject {
                                 ^^^^^^^^
/C:/Users/berkgoknil/AppData/Local/Pub/Cache/hosted/pub.dev/web-1.1.1/lib/src/dom/payment_request.dart:281:42: Error: 'JSObject' isn't a type.
extension type PaymentValidationErrors._(JSObject _) implements JSObject {
                                         ^^^^^^^^
/C:/Users/berkgoknil/AppData/Local/Pub/Cache/hosted/pub.dev/web-1.1.1/lib/src/dom/payment_request.dart:284:5: Error: 'JSObject' isn't a type.
    JSObject paymentMethod,
    ^^^^^^^^
/C:/Users/berkgoknil/AppData/Local/Pub/Cache/hosted/pub.dev/web-1.1.1/lib/src/dom/payment_request.dart:290:30: Error: 'JSObject' isn't a type.
  external set paymentMethod(JSObject value);
                             ^^^^^^^^
/C:/Users/berkgoknil/AppData/Local/Pub/Cache/hosted/pub.dev/web-1.1.1/lib/src/dom/payment_request.dart:304:43: Error: 'JSObject' isn't a type.
extension type PaymentMethodChangeEvent._(JSObject _)
                                          ^^^^^^^^
/C:/Users/berkgoknil/AppData/Local/Pub/Cache/hosted/pub.dev/web-1.1.1/lib/src/dom/payment_request.dart:331:47: Error: 'JSObject' isn't a type.
extension type PaymentMethodChangeEventInit._(JSObject _)
                                              ^^^^^^^^
/C:/Users/berkgoknil/AppData/Local/Pub/Cache/hosted/pub.dev/web-1.1.1/lib/src/dom/payment_request.dart:338:5: Error: 'JSObject' isn't a type.
    JSObject? methodDetails,
    ^^^^^^^^
/C:/Users/berkgoknil/AppData/Local/Pub/Cache/hosted/pub.dev/web-1.1.1/lib/src/dom/payment_request.dart:344:30: Error: 'JSObject' isn't a type.
  external set methodDetails(JSObject? value);
                             ^^^^^^^^
/C:/Users/berkgoknil/AppData/Local/Pub/Cache/hosted/pub.dev/web-1.1.1/lib/src/dom/payment_request.dart:360:44: Error: 'JSObject' isn't a type.
extension type PaymentRequestUpdateEvent._(JSObject _)
                                           ^^^^^^^^
/C:/Users/berkgoknil/AppData/Local/Pub/Cache/hosted/pub.dev/web-1.1.1/lib/src/dom/payment_request.dart:370:28: Error: 'JSPromise' isn't a type.
  external void updateWith(JSPromise<PaymentDetailsUpdate> detailsPromise);
                           ^^^^^^^^^
/C:/Users/berkgoknil/AppData/Local/Pub/Cache/hosted/pub.dev/web-1.1.1/lib/src/dom/payment_request.dart:372:48: Error: 'JSObject' isn't a type.
extension type PaymentRequestUpdateEventInit._(JSObject _)
                                               ^^^^^^^^
/C:/Users/berkgoknil/AppData/Local/Pub/Cache/hosted/pub.dev/web-1.1.1/lib/src/dom/fido.dart:16:8: Error: Dart library 'dart:js_interop' is not available on this platform.
import 'dart:js_interop';
       ^
/C:/Users/berkgoknil/AppData/Local/Pub/Cache/hosted/pub.dev/web-1.1.1/lib/src/dom/fido.dart:18:37: Error: Type 'JSObject' not found.
extension type HMACGetSecretInput._(JSObject _) implements JSObject {
                                    ^^^^^^^^
/C:/Users/berkgoknil/AppData/Local/Pub/Cache/hosted/pub.dev/web-1.1.1/lib/src/dom/fido.dart:18:60: Error: Type 'JSObject' not found.
extension type HMACGetSecretInput._(JSObject _) implements JSObject {
                                                           ^^^^^^^^
/C:/Users/berkgoknil/AppData/Local/Pub/Cache/hosted/pub.dev/web-1.1.1/lib/src/dom/fido.dart:20:14: Error: Type 'JSArrayBuffer' not found.
    required JSArrayBuffer salt1,
             ^^^^^^^^^^^^^
/C:/Users/berkgoknil/AppData/Local/Pub/Cache/hosted/pub.dev/web-1.1.1/lib/src/dom/fido.dart:21:5: Error: Type 'JSArrayBuffer' not found.
    JSArrayBuffer salt2,
    ^^^^^^^^^^^^^
/C:/Users/berkgoknil/AppData/Local/Pub/Cache/hosted/pub.dev/web-1.1.1/lib/src/dom/fido.dart:24:12: Error: Type 'JSArrayBuffer' not found.
  external JSArrayBuffer get salt1;
           ^^^^^^^^^^^^^
/C:/Users/berkgoknil/AppData/Local/Pub/Cache/hosted/pub.dev/web-1.1.1/lib/src/dom/fido.dart:25:22: Error: Type 'JSArrayBuffer' not found.
  external set salt1(JSArrayBuffer value);
                     ^^^^^^^^^^^^^
/C:/Users/berkgoknil/AppData/Local/Pub/Cache/hosted/pub.dev/web-1.1.1/lib/src/dom/fido.dart:26:12: Error: Type 'JSArrayBuffer' not found.
  external JSArrayBuffer get salt2;
           ^^^^^^^^^^^^^
/C:/Users/berkgoknil/AppData/Local/Pub/Cache/hosted/pub.dev/web-1.1.1/lib/src/dom/fido.dart:27:22: Error: Type 'JSArrayBuffer' not found.
  external set salt2(JSArrayBuffer value);
                     ^^^^^^^^^^^^^
/C:/Users/berkgoknil/AppData/Local/Pub/Cache/hosted/pub.dev/web-1.1.1/lib/src/dom/fido.dart:29:38: Error: Type 'JSObject' not found.
extension type HMACGetSecretOutput._(JSObject _) implements JSObject {
                                     ^^^^^^^^
/C:/Users/berkgoknil/AppData/Local/Pub/Cache/hosted/pub.dev/web-1.1.1/lib/src/dom/fido.dart:29:61: Error: Type 'JSObject' not found.
extension type HMACGetSecretOutput._(JSObject _) implements JSObject {
                                                            ^^^^^^^^
/C:/Users/berkgoknil/AppData/Local/Pub/Cache/hosted/pub.dev/web-1.1.1/lib/src/dom/fido.dart:31:14: Error: Type 'JSArrayBuffer' not found.
    required JSArrayBuffer output1,
             ^^^^^^^^^^^^^
/C:/Users/berkgoknil/AppData/Local/Pub/Cache/hosted/pub.dev/web-1.1.1/lib/src/dom/fido.dart:32:5: Error: Type 'JSArrayBuffer' not found.
    JSArrayBuffer output2,
    ^^^^^^^^^^^^^
/C:/Users/berkgoknil/AppData/Local/Pub/Cache/hosted/pub.dev/web-1.1.1/lib/src/dom/fido.dart:35:12: Error: Type 'JSArrayBuffer' not found.
  external JSArrayBuffer get output1;
           ^^^^^^^^^^^^^
/C:/Users/berkgoknil/AppData/Local/Pub/Cache/hosted/pub.dev/web-1.1.1/lib/src/dom/fido.dart:36:24: Error: Type 'JSArrayBuffer' not found.
  external set output1(JSArrayBuffer value);
                       ^^^^^^^^^^^^^
/C:/Users/berkgoknil/AppData/Local/Pub/Cache/hosted/pub.dev/web-1.1.1/lib/src/dom/fido.dart:37:12: Error: Type 'JSArrayBuffer' not found.
  external JSArrayBuffer get output2;
           ^^^^^^^^^^^^^
/C:/Users/berkgoknil/AppData/Local/Pub/Cache/hosted/pub.dev/web-1.1.1/lib/src/dom/fido.dart:38:24: Error: Type 'JSArrayBuffer' not found.
  external set output2(JSArrayBuffer value);
                       ^^^^^^^^^^^^^
/C:/Users/berkgoknil/AppData/Local/Pub/Cache/hosted/pub.dev/web-1.1.1/lib/src/dom/fido.dart:18:60: Error: The type 'JSObject' can't be implemented by an extension type.
extension type HMACGetSecretInput._(JSObject _) implements JSObject {
                                                           ^
/C:/Users/berkgoknil/AppData/Local/Pub/Cache/hosted/pub.dev/web-1.1.1/lib/src/dom/fido.dart:29:61: Error: The type 'JSObject' can't be implemented by an extension type.
extension type HMACGetSecretOutput._(JSObject _) implements JSObject {
                                                            ^
/C:/Users/berkgoknil/AppData/Local/Pub/Cache/hosted/pub.dev/web-1.1.1/lib/src/dom/fido.dart:13:2: Error: Couldn't find constructor 'JS'.
@JS()
 ^^
/C:/Users/berkgoknil/AppData/Local/Pub/Cache/hosted/pub.dev/web-1.1.1/lib/src/dom/fido.dart:18:37: Error: 'JSObject' isn't a type.
extension type HMACGetSecretInput._(JSObject _) implements JSObject {
                                    ^^^^^^^^
/C:/Users/berkgoknil/AppData/Local/Pub/Cache/hosted/pub.dev/web-1.1.1/lib/src/dom/fido.dart:20:14: Error: 'JSArrayBuffer' isn't a type.
    required JSArrayBuffer salt1,
             ^^^^^^^^^^^^^
/C:/Users/berkgoknil/AppData/Local/Pub/Cache/hosted/pub.dev/web-1.1.1/lib/src/dom/fido.dart:21:5: Error: 'JSArrayBuffer' isn't a type.
    JSArrayBuffer salt2,
    ^^^^^^^^^^^^^
/C:/Users/berkgoknil/AppData/Local/Pub/Cache/hosted/pub.dev/web-1.1.1/lib/src/dom/fido.dart:25:22: Error: 'JSArrayBuffer' isn't a type.
  external set salt1(JSArrayBuffer value);
                     ^^^^^^^^^^^^^
/C:/Users/berkgoknil/AppData/Local/Pub/Cache/hosted/pub.dev/web-1.1.1/lib/src/dom/fido.dart:27:22: Error: 'JSArrayBuffer' isn't a type.
  external set salt2(JSArrayBuffer value);
                     ^^^^^^^^^^^^^
/C:/Users/berkgoknil/AppData/Local/Pub/Cache/hosted/pub.dev/web-1.1.1/lib/src/dom/fido.dart:29:38: Error: 'JSObject' isn't a type.
extension type HMACGetSecretOutput._(JSObject _) implements JSObject {
                                     ^^^^^^^^
/C:/Users/berkgoknil/AppData/Local/Pub/Cache/hosted/pub.dev/web-1.1.1/lib/src/dom/fido.dart:31:14: Error: 'JSArrayBuffer' isn't a type.
    required JSArrayBuffer output1,
             ^^^^^^^^^^^^^
/C:/Users/berkgoknil/AppData/Local/Pub/Cache/hosted/pub.dev/web-1.1.1/lib/src/dom/fido.dart:32:5: Error: 'JSArrayBuffer' isn't a type.
    JSArrayBuffer output2,
    ^^^^^^^^^^^^^
/C:/Users/berkgoknil/AppData/Local/Pub/Cache/hosted/pub.dev/web-1.1.1/lib/src/dom/fido.dart:36:24: Error: 'JSArrayBuffer' isn't a type.
  external set output1(JSArrayBuffer value);
                       ^^^^^^^^^^^^^
/C:/Users/berkgoknil/AppData/Local/Pub/Cache/hosted/pub.dev/web-1.1.1/lib/src/dom/fido.dart:38:24: Error: 'JSArrayBuffer' isn't a type.
  external set output2(JSArrayBuffer value);
                       ^^^^^^^^^^^^^
/C:/Users/berkgoknil/AppData/Local/Pub/Cache/hosted/pub.dev/web-1.1.1/lib/src/dom/web_otp.dart:16:8: Error: Dart library 'dart:js_interop' is not available on this platform.
import 'dart:js_interop';
       ^
/C:/Users/berkgoknil/AppData/Local/Pub/Cache/hosted/pub.dev/web-1.1.1/lib/src/dom/web_otp.dart:19:46: Error: Type 'JSObject' not found.
extension type OTPCredentialRequestOptions._(JSObject _) implements JSObject {
                                             ^^^^^^^^
/C:/Users/berkgoknil/AppData/Local/Pub/Cache/hosted/pub.dev/web-1.1.1/lib/src/dom/web_otp.dart:19:69: Error: Type 'JSObject' not found.
extension type OTPCredentialRequestOptions._(JSObject _) implements JSObject {
                                                                    ^^^^^^^^
/C:/Users/berkgoknil/AppData/Local/Pub/Cache/hosted/pub.dev/web-1.1.1/lib/src/dom/web_otp.dart:20:57: Error: Type 'JSString' not found.
  external factory OTPCredentialRequestOptions({JSArray<JSString> transport});
                                                        ^^^^^^^^
/C:/Users/berkgoknil/AppData/Local/Pub/Cache/hosted/pub.dev/web-1.1.1/lib/src/dom/web_otp.dart:20:49: Error: Type 'JSArray' not found.
  external factory OTPCredentialRequestOptions({JSArray<JSString> transport});
                                                ^^^^^^^
/C:/Users/berkgoknil/AppData/Local/Pub/Cache/hosted/pub.dev/web-1.1.1/lib/src/dom/web_otp.dart:22:20: Error: Type 'JSString' not found.
  external JSArray<JSString> get transport;
                   ^^^^^^^^
/C:/Users/berkgoknil/AppData/Local/Pub/Cache/hosted/pub.dev/web-1.1.1/lib/src/dom/web_otp.dart:22:12: Error: Type 'JSArray' not found.
  external JSArray<JSString> get transport;
           ^^^^^^^
/C:/Users/berkgoknil/AppData/Local/Pub/Cache/hosted/pub.dev/web-1.1.1/lib/src/dom/web_otp.dart:23:34: Error: Type 'JSString' not found.
  external set transport(JSArray<JSString> value);
                                 ^^^^^^^^
/C:/Users/berkgoknil/AppData/Local/Pub/Cache/hosted/pub.dev/web-1.1.1/lib/src/dom/web_otp.dart:23:26: Error: Type 'JSArray' not found.
  external set transport(JSArray<JSString> value);
                         ^^^^^^^
/C:/Users/berkgoknil/AppData/Local/Pub/Cache/hosted/pub.dev/web-1.1.1/lib/src/dom/web_otp.dart:19:69: Error: The type 'JSObject' can't be implemented by an extension type.
extension type OTPCredentialRequestOptions._(JSObject _) implements JSObject {
                                                                    ^
/C:/Users/berkgoknil/AppData/Local/Pub/Cache/hosted/pub.dev/web-1.1.1/lib/src/dom/web_otp.dart:13:2: Error: Couldn't find constructor 'JS'.
@JS()
 ^^
/C:/Users/berkgoknil/AppData/Local/Pub/Cache/hosted/pub.dev/web-1.1.1/lib/src/dom/web_otp.dart:19:46: Error: 'JSObject' isn't a type.
extension type OTPCredentialRequestOptions._(JSObject _) implements JSObject {
                                             ^^^^^^^^
/C:/Users/berkgoknil/AppData/Local/Pub/Cache/hosted/pub.dev/web-1.1.1/lib/src/dom/web_otp.dart:20:57: Error: 'JSString' isn't a type.
  external factory OTPCredentialRequestOptions({JSArray<JSString> transport});
                                                        ^^^^^^^^
/C:/Users/berkgoknil/AppData/Local/Pub/Cache/hosted/pub.dev/web-1.1.1/lib/src/dom/web_otp.dart:20:49: Error: 'JSArray' isn't a type.
  external factory OTPCredentialRequestOptions({JSArray<JSString> transport});
                                                ^^^^^^^
/C:/Users/berkgoknil/AppData/Local/Pub/Cache/hosted/pub.dev/web-1.1.1/lib/src/dom/web_otp.dart:23:34: Error: 'JSString' isn't a type.
  external set transport(JSArray<JSString> value);
                                 ^^^^^^^^
/C:/Users/berkgoknil/AppData/Local/Pub/Cache/hosted/pub.dev/web-1.1.1/lib/src/dom/web_otp.dart:23:26: Error: 'JSArray' isn't a type.
  external set transport(JSArray<JSString> value);
                         ^^^^^^^
/C:/Users/berkgoknil/AppData/Local/Pub/Cache/hosted/pub.dev/web-1.1.1/lib/src/dom/fedcm.dart:16:8: Error: Dart library 'dart:js_interop' is not available on this platform.
import 'dart:js_interop';
       ^
/C:/Users/berkgoknil/AppData/Local/Pub/Cache/hosted/pub.dev/web-1.1.1/lib/src/dom/fedcm.dart:19:51: Error: Type 'JSObject' not found.
extension type IdentityCredentialRequestOptions._(JSObject _)
                                                  ^^^^^^^^
/C:/Users/berkgoknil/AppData/Local/Pub/Cache/hosted/pub.dev/web-1.1.1/lib/src/dom/fedcm.dart:20:16: Error: Type 'JSObject' not found.
    implements JSObject {
               ^^^^^^^^
/C:/Users/berkgoknil/AppData/Local/Pub/Cache/hosted/pub.dev/web-1.1.1/lib/src/dom/fedcm.dart:22:14: Error: Type 'JSArray' not found.
    required JSArray<IdentityProviderRequestOptions> providers,
             ^^^^^^^
/C:/Users/berkgoknil/AppData/Local/Pub/Cache/hosted/pub.dev/web-1.1.1/lib/src/dom/fedcm.dart:26:12: Error: Type 'JSArray' not found.
  external JSArray<IdentityProviderRequestOptions> get providers;
           ^^^^^^^
/C:/Users/berkgoknil/AppData/Local/Pub/Cache/hosted/pub.dev/web-1.1.1/lib/src/dom/fedcm.dart:27:26: Error: Type 'JSArray' not found.
  external set providers(JSArray<IdentityProviderRequestOptions> value);
                         ^^^^^^^
/C:/Users/berkgoknil/AppData/Local/Pub/Cache/hosted/pub.dev/web-1.1.1/lib/src/dom/fedcm.dart:31:41: Error: Type 'JSObject' not found.
extension type IdentityProviderConfig._(JSObject _) implements JSObject {
                                        ^^^^^^^^
/C:/Users/berkgoknil/AppData/Local/Pub/Cache/hosted/pub.dev/web-1.1.1/lib/src/dom/fedcm.dart:31:64: Error: Type 'JSObject' not found.
extension type IdentityProviderConfig._(JSObject _) implements JSObject {
                                                               ^^^^^^^^
/C:/Users/berkgoknil/AppData/Local/Pub/Cache/hosted/pub.dev/web-1.1.1/lib/src/dom/fedcm.dart:42:49: Error: Type 'JSObject' not found.
extension type IdentityProviderRequestOptions._(JSObject _)
                                                ^^^^^^^^
/C:/Users/berkgoknil/AppData/Local/Pub/Cache/hosted/pub.dev/web-1.1.1/lib/src/dom/fedcm.dart:43:40: Error: Type 'JSObject' not found.
    implements IdentityProviderConfig, JSObject {
                                       ^^^^^^^^
/C:/Users/berkgoknil/AppData/Local/Pub/Cache/hosted/pub.dev/web-1.1.1/lib/src/dom/fedcm.dart:20:16: Error: The type 'JSObject' can't be implemented by an extension type.
    implements JSObject {
               ^
/C:/Users/berkgoknil/AppData/Local/Pub/Cache/hosted/pub.dev/web-1.1.1/lib/src/dom/fedcm.dart:31:64: Error: The type 'JSObject' can't be implemented by an extension type.
extension type IdentityProviderConfig._(JSObject _) implements JSObject {
                                                               ^
/C:/Users/berkgoknil/AppData/Local/Pub/Cache/hosted/pub.dev/web-1.1.1/lib/src/dom/fedcm.dart:43:40: Error: The type 'JSObject' can't be implemented by an extension type.
    implements IdentityProviderConfig, JSObject {
                                       ^
/C:/Users/berkgoknil/AppData/Local/Pub/Cache/hosted/pub.dev/web-1.1.1/lib/src/dom/fedcm.dart:13:2: Error: Couldn't find constructor 'JS'.
@JS()
 ^^
/C:/Users/berkgoknil/AppData/Local/Pub/Cache/hosted/pub.dev/web-1.1.1/lib/src/dom/fedcm.dart:19:51: Error: 'JSObject' isn't a type.
extension type IdentityCredentialRequestOptions._(JSObject _)
                                                  ^^^^^^^^
/C:/Users/berkgoknil/AppData/Local/Pub/Cache/hosted/pub.dev/web-1.1.1/lib/src/dom/fedcm.dart:22:14: Error: 'JSArray' isn't a type.
    required JSArray<IdentityProviderRequestOptions> providers,
             ^^^^^^^
/C:/Users/berkgoknil/AppData/Local/Pub/Cache/hosted/pub.dev/web-1.1.1/lib/src/dom/fedcm.dart:27:26: Error: 'JSArray' isn't a type.
  external set providers(JSArray<IdentityProviderRequestOptions> value);
                         ^^^^^^^
/C:/Users/berkgoknil/AppData/Local/Pub/Cache/hosted/pub.dev/web-1.1.1/lib/src/dom/fedcm.dart:31:41: Error: 'JSObject' isn't a type.
extension type IdentityProviderConfig._(JSObject _) implements JSObject {
                                        ^^^^^^^^
/C:/Users/berkgoknil/AppData/Local/Pub/Cache/hosted/pub.dev/web-1.1.1/lib/src/dom/fedcm.dart:42:49: Error: 'JSObject' isn't a type.
extension type IdentityProviderRequestOptions._(JSObject _)
                                                ^^^^^^^^
/C:/Users/berkgoknil/AppData/Local/Pub/Cache/hosted/pub.dev/web-1.1.1/lib/src/dom/digital_identities.dart:16:8: Error: Dart library 'dart:js_interop' is not available on this platform.
import 'dart:js_interop';
       ^
/C:/Users/berkgoknil/AppData/Local/Pub/Cache/hosted/pub.dev/web-1.1.1/lib/src/dom/digital_identities.dart:18:50: Error: Type 'JSObject' not found.
extension type DigitalCredentialRequestOptions._(JSObject _)
                                                 ^^^^^^^^
/C:/Users/berkgoknil/AppData/Local/Pub/Cache/hosted/pub.dev/web-1.1.1/lib/src/dom/digital_identities.dart:19:16: Error: Type 'JSObject' not found.
    implements JSObject {
               ^^^^^^^^
/C:/Users/berkgoknil/AppData/Local/Pub/Cache/hosted/pub.dev/web-1.1.1/lib/src/dom/digital_identities.dart:21:8: Error: Type 'JSArray' not found.
      {JSArray<IdentityRequestProvider> providers});
       ^^^^^^^
/C:/Users/berkgoknil/AppData/Local/Pub/Cache/hosted/pub.dev/web-1.1.1/lib/src/dom/digital_identities.dart:23:12: Error: Type 'JSArray' not found.
  external JSArray<IdentityRequestProvider> get providers;
           ^^^^^^^
/C:/Users/berkgoknil/AppData/Local/Pub/Cache/hosted/pub.dev/web-1.1.1/lib/src/dom/digital_identities.dart:24:26: Error: Type 'JSArray' not found.
  external set providers(JSArray<IdentityRequestProvider> value);
                         ^^^^^^^
/C:/Users/berkgoknil/AppData/Local/Pub/Cache/hosted/pub.dev/web-1.1.1/lib/src/dom/digital_identities.dart:26:42: Error: Type 'JSObject' not found.
extension type IdentityRequestProvider._(JSObject _) implements JSObject {
                                         ^^^^^^^^
/C:/Users/berkgoknil/AppData/Local/Pub/Cache/hosted/pub.dev/web-1.1.1/lib/src/dom/digital_identities.dart:26:65: Error: Type 'JSObject' not found.
extension type IdentityRequestProvider._(JSObject _) implements JSObject {
                                                                ^^^^^^^^
/C:/Users/berkgoknil/AppData/Local/Pub/Cache/hosted/pub.dev/web-1.1.1/lib/src/dom/digital_identities.dart:29:14: Error: Type 'JSObject' not found.
    required JSObject request,
             ^^^^^^^^
/C:/Users/berkgoknil/AppData/Local/Pub/Cache/hosted/pub.dev/web-1.1.1/lib/src/dom/digital_identities.dart:34:12: Error: Type 'JSObject' not found.
  external JSObject get request;
           ^^^^^^^^
/C:/Users/berkgoknil/AppData/Local/Pub/Cache/hosted/pub.dev/web-1.1.1/lib/src/dom/digital_identities.dart:35:24: Error: Type 'JSObject' not found.
  external set request(JSObject value);
                       ^^^^^^^^
/C:/Users/berkgoknil/AppData/Local/Pub/Cache/hosted/pub.dev/web-1.1.1/lib/src/dom/digital_identities.dart:19:16: Error: The type 'JSObject' can't be implemented by an extension type.
    implements JSObject {
               ^
/C:/Users/berkgoknil/AppData/Local/Pub/Cache/hosted/pub.dev/web-1.1.1/lib/src/dom/digital_identities.dart:26:65: Error: The type 'JSObject' can't be implemented by an extension type.
extension type IdentityRequestProvider._(JSObject _) implements JSObject {
                                                                ^
/C:/Users/berkgoknil/AppData/Local/Pub/Cache/hosted/pub.dev/web-1.1.1/lib/src/dom/digital_identities.dart:13:2: Error: Couldn't find constructor 'JS'.
@JS()
 ^^
/C:/Users/berkgoknil/AppData/Local/Pub/Cache/hosted/pub.dev/web-1.1.1/lib/src/dom/digital_identities.dart:18:50: Error: 'JSObject' isn't a type.
extension type DigitalCredentialRequestOptions._(JSObject _)
                                                 ^^^^^^^^
/C:/Users/berkgoknil/AppData/Local/Pub/Cache/hosted/pub.dev/web-1.1.1/lib/src/dom/digital_identities.dart:21:8: Error: 'JSArray' isn't a type.
      {JSArray<IdentityRequestProvider> providers});
       ^^^^^^^
/C:/Users/berkgoknil/AppData/Local/Pub/Cache/hosted/pub.dev/web-1.1.1/lib/src/dom/digital_identities.dart:24:26: Error: 'JSArray' isn't a type.
  external set providers(JSArray<IdentityRequestProvider> value);
                         ^^^^^^^
/C:/Users/berkgoknil/AppData/Local/Pub/Cache/hosted/pub.dev/web-1.1.1/lib/src/dom/digital_identities.dart:26:42: Error: 'JSObject' isn't a type.
extension type IdentityRequestProvider._(JSObject _) implements JSObject {
                                         ^^^^^^^^
/C:/Users/berkgoknil/AppData/Local/Pub/Cache/hosted/pub.dev/web-1.1.1/lib/src/dom/digital_identities.dart:29:14: Error: 'JSObject' isn't a type.
    required JSObject request,
             ^^^^^^^^
/C:/Users/berkgoknil/AppData/Local/Pub/Cache/hosted/pub.dev/web-1.1.1/lib/src/dom/digital_identities.dart:35:24: Error: 'JSObject' isn't a type.
  external set request(JSObject value);
                       ^^^^^^^^
/C:/Users/berkgoknil/AppData/Local/Pub/Cache/hosted/pub.dev/web-1.1.1/lib/src/dom/clipboard_apis.dart:16:8: Error: Dart library 'dart:js_interop' is not available on this platform.
import 'dart:js_interop';
       ^
/C:/Users/berkgoknil/AppData/Local/Pub/Cache/hosted/pub.dev/web-1.1.1/lib/src/dom/clipboard_apis.dart:22:26: Error: Type 'JSArray' not found.
typedef ClipboardItems = JSArray<ClipboardItem>;
                         ^^^^^^^
/C:/Users/berkgoknil/AppData/Local/Pub/Cache/hosted/pub.dev/web-1.1.1/lib/src/dom/clipboard_apis.dart:24:37: Error: Type 'JSObject' not found.
extension type ClipboardEventInit._(JSObject _) implements EventInit, JSObject {
                                    ^^^^^^^^
/C:/Users/berkgoknil/AppData/Local/Pub/Cache/hosted/pub.dev/web-1.1.1/lib/src/dom/clipboard_apis.dart:24:71: Error: Type 'JSObject' not found.
extension type ClipboardEventInit._(JSObject _) implements EventInit, JSObject {
                                                                      ^^^^^^^^
/C:/Users/berkgoknil/AppData/Local/Pub/Cache/hosted/pub.dev/web-1.1.1/lib/src/dom/clipboard_apis.dart:46:33: Error: Type 'JSObject' not found.
extension type ClipboardEvent._(JSObject _) implements Event, JSObject {
                                ^^^^^^^^
/C:/Users/berkgoknil/AppData/Local/Pub/Cache/hosted/pub.dev/web-1.1.1/lib/src/dom/clipboard_apis.dart:46:63: Error: Type 'JSObject' not found.
extension type ClipboardEvent._(JSObject _) implements Event, JSObject {
                                                              ^^^^^^^^
/C:/Users/berkgoknil/AppData/Local/Pub/Cache/hosted/pub.dev/web-1.1.1/lib/src/dom/clipboard_apis.dart:82:32: Error: Type 'JSObject' not found.
extension type ClipboardItem._(JSObject _) implements JSObject {
                               ^^^^^^^^
/C:/Users/berkgoknil/AppData/Local/Pub/Cache/hosted/pub.dev/web-1.1.1/lib/src/dom/clipboard_apis.dart:82:55: Error: Type 'JSObject' not found.
extension type ClipboardItem._(JSObject _) implements JSObject {
                                                      ^^^^^^^^
/C:/Users/berkgoknil/AppData/Local/Pub/Cache/hosted/pub.dev/web-1.1.1/lib/src/dom/clipboard_apis.dart:84:5: Error: Type 'JSObject' not found.
    JSObject items, [
    ^^^^^^^^
/C:/Users/berkgoknil/AppData/Local/Pub/Cache/hosted/pub.dev/web-1.1.1/lib/src/dom/clipboard_apis.dart:102:12: Error: Type 'JSPromise' not found.
  external JSPromise<Blob> getType(String type);
           ^^^^^^^^^
/C:/Users/berkgoknil/AppData/Local/Pub/Cache/hosted/pub.dev/web-1.1.1/lib/src/dom/clipboard_apis.dart:113:20: Error: Type 'JSString' not found.
  external JSArray<JSString> get types;
                   ^^^^^^^^
/C:/Users/berkgoknil/AppData/Local/Pub/Cache/hosted/pub.dev/web-1.1.1/lib/src/dom/clipboard_apis.dart:113:12: Error: Type 'JSArray' not found.
  external JSArray<JSString> get types;
           ^^^^^^^
/C:/Users/berkgoknil/AppData/Local/Pub/Cache/hosted/pub.dev/web-1.1.1/lib/src/dom/clipboard_apis.dart:115:39: Error: Type 'JSObject' not found.
extension type ClipboardItemOptions._(JSObject _) implements JSObject {
                                      ^^^^^^^^
/C:/Users/berkgoknil/AppData/Local/Pub/Cache/hosted/pub.dev/web-1.1.1/lib/src/dom/clipboard_apis.dart:115:62: Error: Type 'JSObject' not found.
extension type ClipboardItemOptions._(JSObject _) implements JSObject {
                                                             ^^^^^^^^
/C:/Users/berkgoknil/AppData/Local/Pub/Cache/hosted/pub.dev/web-1.1.1/lib/src/dom/clipboard_apis.dart:144:28: Error: Type 'JSObject' not found.
extension type Clipboard._(JSObject _) implements EventTarget, JSObject {
                           ^^^^^^^^
/C:/Users/berkgoknil/AppData/Local/Pub/Cache/hosted/pub.dev/web-1.1.1/lib/src/dom/clipboard_apis.dart:144:64: Error: Type 'JSObject' not found.
extension type Clipboard._(JSObject _) implements EventTarget, JSObject {
                                                               ^^^^^^^^
/C:/Users/berkgoknil/AppData/Local/Pub/Cache/hosted/pub.dev/web-1.1.1/lib/src/dom/clipboard_apis.dart:152:12: Error: Type 'JSPromise' not found.
  external JSPromise<ClipboardItems> read(
           ^^^^^^^^^
/C:/Users/berkgoknil/AppData/Local/Pub/Cache/hosted/pub.dev/web-1.1.1/lib/src/dom/clipboard_apis.dart:162:22: Error: Type 'JSString' not found.
  external JSPromise<JSString> readText();
                     ^^^^^^^^
/C:/Users/berkgoknil/AppData/Local/Pub/Cache/hosted/pub.dev/web-1.1.1/lib/src/dom/clipboard_apis.dart:162:12: Error: Type 'JSPromise' not found.
  external JSPromise<JSString> readText();
           ^^^^^^^^^
/C:/Users/berkgoknil/AppData/Local/Pub/Cache/hosted/pub.dev/web-1.1.1/lib/src/dom/clipboard_apis.dart:173:22: Error: Type 'JSAny' not found.
  external JSPromise<JSAny?> write(ClipboardItems data);
                     ^^^^^
/C:/Users/berkgoknil/AppData/Local/Pub/Cache/hosted/pub.dev/web-1.1.1/lib/src/dom/clipboard_apis.dart:173:12: Error: Type 'JSPromise' not found.
  external JSPromise<JSAny?> write(ClipboardItems data);
           ^^^^^^^^^
/C:/Users/berkgoknil/AppData/Local/Pub/Cache/hosted/pub.dev/web-1.1.1/lib/src/dom/clipboard_apis.dart:178:22: Error: Type 'JSAny' not found.
  external JSPromise<JSAny?> writeText(String data);
                     ^^^^^
/C:/Users/berkgoknil/AppData/Local/Pub/Cache/hosted/pub.dev/web-1.1.1/lib/src/dom/clipboard_apis.dart:178:12: Error: Type 'JSPromise' not found.
  external JSPromise<JSAny?> writeText(String data);
           ^^^^^^^^^
/C:/Users/berkgoknil/AppData/Local/Pub/Cache/hosted/pub.dev/web-1.1.1/lib/src/dom/clipboard_apis.dart:180:46: Error: Type 'JSObject' not found.
extension type ClipboardUnsanitizedFormats._(JSObject _) implements JSObject {
                                             ^^^^^^^^
/C:/Users/berkgoknil/AppData/Local/Pub/Cache/hosted/pub.dev/web-1.1.1/lib/src/dom/clipboard_apis.dart:180:69: Error: Type 'JSObject' not found.
extension type ClipboardUnsanitizedFormats._(JSObject _) implements JSObject {
                                                                    ^^^^^^^^
/C:/Users/berkgoknil/AppData/Local/Pub/Cache/hosted/pub.dev/web-1.1.1/lib/src/dom/clipboard_apis.dart:181:57: Error: Type 'JSString' not found.
  external factory ClipboardUnsanitizedFormats({JSArray<JSString> unsanitized});
                                                        ^^^^^^^^
/C:/Users/berkgoknil/AppData/Local/Pub/Cache/hosted/pub.dev/web-1.1.1/lib/src/dom/clipboard_apis.dart:181:49: Error: Type 'JSArray' not found.
  external factory ClipboardUnsanitizedFormats({JSArray<JSString> unsanitized});
                                                ^^^^^^^
/C:/Users/berkgoknil/AppData/Local/Pub/Cache/hosted/pub.dev/web-1.1.1/lib/src/dom/clipboard_apis.dart:183:20: Error: Type 'JSString' not found.
  external JSArray<JSString> get unsanitized;
                   ^^^^^^^^
/C:/Users/berkgoknil/AppData/Local/Pub/Cache/hosted/pub.dev/web-1.1.1/lib/src/dom/clipboard_apis.dart:183:12: Error: Type 'JSArray' not found.
  external JSArray<JSString> get unsanitized;
           ^^^^^^^
/C:/Users/berkgoknil/AppData/Local/Pub/Cache/hosted/pub.dev/web-1.1.1/lib/src/dom/clipboard_apis.dart:184:36: Error: Type 'JSString' not found.
  external set unsanitized(JSArray<JSString> value);
                                   ^^^^^^^^
/C:/Users/berkgoknil/AppData/Local/Pub/Cache/hosted/pub.dev/web-1.1.1/lib/src/dom/clipboard_apis.dart:184:28: Error: Type 'JSArray' not found.
  external set unsanitized(JSArray<JSString> value);
                           ^^^^^^^
/C:/Users/berkgoknil/AppData/Local/Pub/Cache/hosted/pub.dev/web-1.1.1/lib/src/dom/clipboard_apis.dart:24:71: Error: The type 'JSObject' can't be implemented by an extension type.
extension type ClipboardEventInit._(JSObject _) implements EventInit, JSObject {
                                                                      ^
/C:/Users/berkgoknil/AppData/Local/Pub/Cache/hosted/pub.dev/web-1.1.1/lib/src/dom/clipboard_apis.dart:46:63: Error: The type 'JSObject' can't be implemented by an extension type.
extension type ClipboardEvent._(JSObject _) implements Event, JSObject {
                                                              ^
/C:/Users/berkgoknil/AppData/Local/Pub/Cache/hosted/pub.dev/web-1.1.1/lib/src/dom/clipboard_apis.dart:82:55: Error: The type 'JSObject' can't be implemented by an extension type.
extension type ClipboardItem._(JSObject _) implements JSObject {
                                                      ^
/C:/Users/berkgoknil/AppData/Local/Pub/Cache/hosted/pub.dev/web-1.1.1/lib/src/dom/clipboard_apis.dart:115:62: Error: The type 'JSObject' can't be implemented by an extension type.
extension type ClipboardItemOptions._(JSObject _) implements JSObject {
                                                             ^
/C:/Users/berkgoknil/AppData/Local/Pub/Cache/hosted/pub.dev/web-1.1.1/lib/src/dom/clipboard_apis.dart:144:64: Error: The type 'JSObject' can't be implemented by an extension type.
extension type Clipboard._(JSObject _) implements EventTarget, JSObject {
                                                               ^
/C:/Users/berkgoknil/AppData/Local/Pub/Cache/hosted/pub.dev/web-1.1.1/lib/src/dom/clipboard_apis.dart:180:69: Error: The type 'JSObject' can't be implemented by an extension type.
extension type ClipboardUnsanitizedFormats._(JSObject _) implements JSObject {
                                                                    ^
/C:/Users/berkgoknil/AppData/Local/Pub/Cache/hosted/pub.dev/web-1.1.1/lib/src/dom/clipboard_apis.dart:13:2: Error: Couldn't find constructor 'JS'.
@JS()
 ^^
/C:/Users/berkgoknil/AppData/Local/Pub/Cache/hosted/pub.dev/web-1.1.1/lib/src/dom/clipboard_apis.dart:24:37: Error: 'JSObject' isn't a type.
extension type ClipboardEventInit._(JSObject _) implements EventInit, JSObject {
                                    ^^^^^^^^
/C:/Users/berkgoknil/AppData/Local/Pub/Cache/hosted/pub.dev/web-1.1.1/lib/src/dom/clipboard_apis.dart:46:33: Error: 'JSObject' isn't a type.
extension type ClipboardEvent._(JSObject _) implements Event, JSObject {
                                ^^^^^^^^
/C:/Users/berkgoknil/AppData/Local/Pub/Cache/hosted/pub.dev/web-1.1.1/lib/src/dom/clipboard_apis.dart:82:32: Error: 'JSObject' isn't a type.
extension type ClipboardItem._(JSObject _) implements JSObject {
                               ^^^^^^^^
/C:/Users/berkgoknil/AppData/Local/Pub/Cache/hosted/pub.dev/web-1.1.1/lib/src/dom/clipboard_apis.dart:84:5: Error: 'JSObject' isn't a type.
    JSObject items, [
    ^^^^^^^^
/C:/Users/berkgoknil/AppData/Local/Pub/Cache/hosted/pub.dev/web-1.1.1/lib/src/dom/clipboard_apis.dart:115:39: Error: 'JSObject' isn't a type.
extension type ClipboardItemOptions._(JSObject _) implements JSObject {
                                      ^^^^^^^^
/C:/Users/berkgoknil/AppData/Local/Pub/Cache/hosted/pub.dev/web-1.1.1/lib/src/dom/clipboard_apis.dart:144:28: Error: 'JSObject' isn't a type.
extension type Clipboard._(JSObject _) implements EventTarget, JSObject {
                           ^^^^^^^^
/C:/Users/berkgoknil/AppData/Local/Pub/Cache/hosted/pub.dev/web-1.1.1/lib/src/dom/clipboard_apis.dart:180:46: Error: 'JSObject' isn't a type.
extension type ClipboardUnsanitizedFormats._(JSObject _) implements JSObject {
                                             ^^^^^^^^
/C:/Users/berkgoknil/AppData/Local/Pub/Cache/hosted/pub.dev/web-1.1.1/lib/src/dom/clipboard_apis.dart:181:57: Error: 'JSString' isn't a type.
  external factory ClipboardUnsanitizedFormats({JSArray<JSString> unsanitized});
                                                        ^^^^^^^^
/C:/Users/berkgoknil/AppData/Local/Pub/Cache/hosted/pub.dev/web-1.1.1/lib/src/dom/clipboard_apis.dart:181:49: Error: 'JSArray' isn't a type.
  external factory ClipboardUnsanitizedFormats({JSArray<JSString> unsanitized});
                                                ^^^^^^^
/C:/Users/berkgoknil/AppData/Local/Pub/Cache/hosted/pub.dev/web-1.1.1/lib/src/dom/clipboard_apis.dart:184:36: Error: 'JSString' isn't a type.
  external set unsanitized(JSArray<JSString> value);
                                   ^^^^^^^^
/C:/Users/berkgoknil/AppData/Local/Pub/Cache/hosted/pub.dev/web-1.1.1/lib/src/dom/clipboard_apis.dart:184:28: Error: 'JSArray' isn't a type.
  external set unsanitized(JSArray<JSString> value);
                           ^^^^^^^
/C:/Users/berkgoknil/AppData/Local/Pub/Cache/hosted/pub.dev/web-1.1.1/lib/src/dom/battery_status.dart:16:8: Error: Dart library 'dart:js_interop' is not available on this platform.
import 'dart:js_interop';
       ^
/C:/Users/berkgoknil/AppData/Local/Pub/Cache/hosted/pub.dev/web-1.1.1/lib/src/dom/battery_status.dart:33:33: Error: Type 'JSObject' not found.
extension type BatteryManager._(JSObject _) implements EventTarget, JSObject {
                                ^^^^^^^^
/C:/Users/berkgoknil/AppData/Local/Pub/Cache/hosted/pub.dev/web-1.1.1/lib/src/dom/battery_status.dart:33:69: Error: Type 'JSObject' not found.
extension type BatteryManager._(JSObject _) implements EventTarget, JSObject {
                                                                    ^^^^^^^^
/C:/Users/berkgoknil/AppData/Local/Pub/Cache/hosted/pub.dev/web-1.1.1/lib/src/dom/battery_status.dart:33:69: Error: The type 'JSObject' can't be implemented by an extension type.
extension type BatteryManager._(JSObject _) implements EventTarget, JSObject {
                                                                    ^
/C:/Users/berkgoknil/AppData/Local/Pub/Cache/hosted/pub.dev/web-1.1.1/lib/src/dom/battery_status.dart:13:2: Error: Couldn't find constructor 'JS'.
@JS()
 ^^
/C:/Users/berkgoknil/AppData/Local/Pub/Cache/hosted/pub.dev/web-1.1.1/lib/src/dom/battery_status.dart:33:33: Error: 'JSObject' isn't a type.
extension type BatteryManager._(JSObject _) implements EventTarget, JSObject {
                                ^^^^^^^^
/C:/Users/berkgoknil/AppData/Local/Pub/Cache/hosted/pub.dev/web-1.1.1/lib/src/dom/webxr_hand_input.dart:16:8: Error: Dart library 'dart:js_interop' is not available on this platform.
import 'dart:js_interop';
       ^
/C:/Users/berkgoknil/AppData/Local/Pub/Cache/hosted/pub.dev/web-1.1.1/lib/src/dom/webxr_hand_input.dart:31:25: Error: Type 'JSObject' not found.
extension type XRHand._(JSObject _) implements JSObject {}
                        ^^^^^^^^
/C:/Users/berkgoknil/AppData/Local/Pub/Cache/hosted/pub.dev/web-1.1.1/lib/src/dom/webxr_hand_input.dart:31:48: Error: Type 'JSObject' not found.
extension type XRHand._(JSObject _) implements JSObject {}
                                               ^^^^^^^^
/C:/Users/berkgoknil/AppData/Local/Pub/Cache/hosted/pub.dev/web-1.1.1/lib/src/dom/webxr_hand_input.dart:40:31: Error: Type 'JSObject' not found.
extension type XRJointSpace._(JSObject _) implements XRSpace, JSObject {
                              ^^^^^^^^
/C:/Users/berkgoknil/AppData/Local/Pub/Cache/hosted/pub.dev/web-1.1.1/lib/src/dom/webxr_hand_input.dart:40:63: Error: Type 'JSObject' not found.
extension type XRJointSpace._(JSObject _) implements XRSpace, JSObject {
                                                              ^^^^^^^^
/C:/Users/berkgoknil/AppData/Local/Pub/Cache/hosted/pub.dev/web-1.1.1/lib/src/dom/webxr_hand_input.dart:53:30: Error: Type 'JSObject' not found.
extension type XRJointPose._(JSObject _) implements XRPose, JSObject {
                             ^^^^^^^^
/C:/Users/berkgoknil/AppData/Local/Pub/Cache/hosted/pub.dev/web-1.1.1/lib/src/dom/webxr_hand_input.dart:53:61: Error: Type 'JSObject' not found.
extension type XRJointPose._(JSObject _) implements XRPose, JSObject {
                                                            ^^^^^^^^
/C:/Users/berkgoknil/AppData/Local/Pub/Cache/hosted/pub.dev/web-1.1.1/lib/src/dom/webxr_hand_input.dart:31:48: Error: The type 'JSObject' can't be implemented by an extension type.
extension type XRHand._(JSObject _) implements JSObject {}
                                               ^
/C:/Users/berkgoknil/AppData/Local/Pub/Cache/hosted/pub.dev/web-1.1.1/lib/src/dom/webxr_hand_input.dart:40:63: Error: The type 'JSObject' can't be implemented by an extension type.
extension type XRJointSpace._(JSObject _) implements XRSpace, JSObject {
                                                              ^
/C:/Users/berkgoknil/AppData/Local/Pub/Cache/hosted/pub.dev/web-1.1.1/lib/src/dom/webxr_hand_input.dart:53:61: Error: The type 'JSObject' can't be implemented by an extension type.
extension type XRJointPose._(JSObject _) implements XRPose, JSObject {
                                                            ^
/C:/Users/berkgoknil/AppData/Local/Pub/Cache/hosted/pub.dev/web-1.1.1/lib/src/dom/webxr_hand_input.dart:13:2: Error: Couldn't find constructor 'JS'.
@JS()
 ^^
/C:/Users/berkgoknil/AppData/Local/Pub/Cache/hosted/pub.dev/web-1.1.1/lib/src/dom/webxr_hand_input.dart:31:25: Error: 'JSObject' isn't a type.
extension type XRHand._(JSObject _) implements JSObject {}
                        ^^^^^^^^
/C:/Users/berkgoknil/AppData/Local/Pub/Cache/hosted/pub.dev/web-1.1.1/lib/src/dom/webxr_hand_input.dart:40:31: Error: 'JSObject' isn't a type.
extension type XRJointSpace._(JSObject _) implements XRSpace, JSObject {
                              ^^^^^^^^
/C:/Users/berkgoknil/AppData/Local/Pub/Cache/hosted/pub.dev/web-1.1.1/lib/src/dom/webxr_hand_input.dart:53:30: Error: 'JSObject' isn't a type.
extension type XRJointPose._(JSObject _) implements XRPose, JSObject {
                             ^^^^^^^^
/C:/Users/berkgoknil/AppData/Local/Pub/Cache/hosted/pub.dev/web-1.1.1/lib/src/dom/webxr.dart:16:8: Error: Dart library 'dart:js_interop' is not available on this platform.
import 'dart:js_interop';
       ^
/C:/Users/berkgoknil/AppData/Local/Pub/Cache/hosted/pub.dev/web-1.1.1/lib/src/dom/webxr.dart:47:26: Error: Type 'JSObject' not found.
extension type XRSpace._(JSObject _) implements EventTarget, JSObject {}
                         ^^^^^^^^
/C:/Users/berkgoknil/AppData/Local/Pub/Cache/hosted/pub.dev/web-1.1.1/lib/src/dom/webxr.dart:47:62: Error: Type 'JSObject' not found.
extension type XRSpace._(JSObject _) implements EventTarget, JSObject {}
                                                             ^^^^^^^^
/C:/Users/berkgoknil/AppData/Local/Pub/Cache/hosted/pub.dev/web-1.1.1/lib/src/dom/webxr.dart:75:35: Error: Type 'JSObject' not found.
extension type XRReferenceSpace._(JSObject _) implements XRSpace, JSObject {
                                  ^^^^^^^^
/C:/Users/berkgoknil/AppData/Local/Pub/Cache/hosted/pub.dev/web-1.1.1/lib/src/dom/webxr.dart:75:67: Error: Type 'JSObject' not found.
extension type XRReferenceSpace._(JSObject _) implements XRSpace, JSObject {
                                                                  ^^^^^^^^
/C:/Users/berkgoknil/AppData/Local/Pub/Cache/hosted/pub.dev/web-1.1.1/lib/src/dom/webxr.dart:118:29: Error: Type 'JSObject' not found.
extension type XRViewport._(JSObject _) implements JSObject {
                            ^^^^^^^^
/C:/Users/berkgoknil/AppData/Local/Pub/Cache/hosted/pub.dev/web-1.1.1/lib/src/dom/webxr.dart:118:52: Error: Type 'JSObject' not found.
extension type XRViewport._(JSObject _) implements JSObject {
                                                   ^^^^^^^^
/C:/Users/berkgoknil/AppData/Local/Pub/Cache/hosted/pub.dev/web-1.1.1/lib/src/dom/webxr.dart:184:35: Error: Type 'JSObject' not found.
extension type XRRigidTransform._(JSObject _) implements JSObject {
                                  ^^^^^^^^
/C:/Users/berkgoknil/AppData/Local/Pub/Cache/hosted/pub.dev/web-1.1.1/lib/src/dom/webxr.dart:184:58: Error: Type 'JSObject' not found.
extension type XRRigidTransform._(JSObject _) implements JSObject {
                                                         ^^^^^^^^
/C:/Users/berkgoknil/AppData/Local/Pub/Cache/hosted/pub.dev/web-1.1.1/lib/src/dom/webxr.dart:216:12: Error: Type 'JSFloat32Array' not found.
  external JSFloat32Array get matrix;
           ^^^^^^^^^^^^^^
/C:/Users/berkgoknil/AppData/Local/Pub/Cache/hosted/pub.dev/web-1.1.1/lib/src/dom/webxr.dart:267:25: Error: Type 'JSObject' not found.
extension type XRPose._(JSObject _) implements JSObject {
                        ^^^^^^^^
/C:/Users/berkgoknil/AppData/Local/Pub/Cache/hosted/pub.dev/web-1.1.1/lib/src/dom/webxr.dart:267:48: Error: Type 'JSObject' not found.
extension type XRPose._(JSObject _) implements JSObject {
                                               ^^^^^^^^
/C:/Users/berkgoknil/AppData/Local/Pub/Cache/hosted/pub.dev/web-1.1.1/lib/src/dom/webxr.dart:309:31: Error: Type 'JSObject' not found.
extension type XRViewerPose._(JSObject _) implements XRPose, JSObject {
                              ^^^^^^^^
/C:/Users/berkgoknil/AppData/Local/Pub/Cache/hosted/pub.dev/web-1.1.1/lib/src/dom/webxr.dart:309:62: Error: Type 'JSObject' not found.
extension type XRViewerPose._(JSObject _) implements XRPose, JSObject {
                                                             ^^^^^^^^
/C:/Users/berkgoknil/AppData/Local/Pub/Cache/hosted/pub.dev/web-1.1.1/lib/src/dom/webxr.dart:325:20: Error: Type 'JSObject' not found.
  external JSArray<JSObject> get views;
                   ^^^^^^^^
/C:/Users/berkgoknil/AppData/Local/Pub/Cache/hosted/pub.dev/web-1.1.1/lib/src/dom/webxr.dart:325:12: Error: Type 'JSArray' not found.
  external JSArray<JSObject> get views;
           ^^^^^^^
/C:/Users/berkgoknil/AppData/Local/Pub/Cache/hosted/pub.dev/web-1.1.1/lib/src/dom/webxr.dart:340:32: Error: Type 'JSObject' not found.
extension type XRInputSource._(JSObject _) implements JSObject {
                               ^^^^^^^^
/C:/Users/berkgoknil/AppData/Local/Pub/Cache/hosted/pub.dev/web-1.1.1/lib/src/dom/webxr.dart:340:55: Error: Type 'JSObject' not found.
extension type XRInputSource._(JSObject _) implements JSObject {
                                                      ^^^^^^^^
/C:/Users/berkgoknil/AppData/Local/Pub/Cache/hosted/pub.dev/web-1.1.1/lib/src/dom/webxr.dart:400:20: Error: Type 'JSString' not found.
  external JSArray<JSString> get profiles;
                   ^^^^^^^^
/C:/Users/berkgoknil/AppData/Local/Pub/Cache/hosted/pub.dev/web-1.1.1/lib/src/dom/webxr.dart:400:12: Error: Type 'JSArray' not found.
  external JSArray<JSString> get profiles;
           ^^^^^^^
/C:/Users/berkgoknil/AppData/Local/Pub/Cache/hosted/pub.dev/web-1.1.1/lib/src/dom/webxr.dart:440:33: Error: Type 'JSObject' not found.
extension type XRSessionEvent._(JSObject _) implements Event, JSObject {
                                ^^^^^^^^
/C:/Users/berkgoknil/AppData/Local/Pub/Cache/hosted/pub.dev/web-1.1.1/lib/src/dom/webxr.dart:440:63: Error: Type 'JSObject' not found.
extension type XRSessionEvent._(JSObject _) implements Event, JSObject {
                                                              ^^^^^^^^
/C:/Users/berkgoknil/AppData/Local/Pub/Cache/hosted/pub.dev/web-1.1.1/lib/src/dom/webxr.dart:449:12: Error: Type 'JSObject' not found.
  external JSObject get session;
           ^^^^^^^^
/C:/Users/berkgoknil/AppData/Local/Pub/Cache/hosted/pub.dev/web-1.1.1/lib/src/dom/webxr.dart:451:37: Error: Type 'JSObject' not found.
extension type XRSessionEventInit._(JSObject _) implements EventInit, JSObject {
                                    ^^^^^^^^
/C:/Users/berkgoknil/AppData/Local/Pub/Cache/hosted/pub.dev/web-1.1.1/lib/src/dom/webxr.dart:451:71: Error: Type 'JSObject' not found.
extension type XRSessionEventInit._(JSObject _) implements EventInit, JSObject {
                                                                      ^^^^^^^^
/C:/Users/berkgoknil/AppData/Local/Pub/Cache/hosted/pub.dev/web-1.1.1/lib/src/dom/webxr.dart:456:14: Error: Type 'JSObject' not found.
    required JSObject session,
             ^^^^^^^^
/C:/Users/berkgoknil/AppData/Local/Pub/Cache/hosted/pub.dev/web-1.1.1/lib/src/dom/webxr.dart:459:12: Error: Type 'JSObject' not found.
  external JSObject get session;
           ^^^^^^^^
/C:/Users/berkgoknil/AppData/Local/Pub/Cache/hosted/pub.dev/web-1.1.1/lib/src/dom/webxr.dart:460:24: Error: Type 'JSObject' not found.
  external set session(JSObject value);
                       ^^^^^^^^
/C:/Users/berkgoknil/AppData/Local/Pub/Cache/hosted/pub.dev/web-1.1.1/lib/src/dom/webxr.dart:477:37: Error: Type 'JSObject' not found.
extension type XRInputSourceEvent._(JSObject _) implements Event, JSObject {
                                    ^^^^^^^^
/C:/Users/berkgoknil/AppData/Local/Pub/Cache/hosted/pub.dev/web-1.1.1/lib/src/dom/webxr.dart:477:67: Error: Type 'JSObject' not found.
extension type XRInputSourceEvent._(JSObject _) implements Event, JSObject {
                                                                  ^^^^^^^^
/C:/Users/berkgoknil/AppData/Local/Pub/Cache/hosted/pub.dev/web-1.1.1/lib/src/dom/webxr.dart:491:12: Error: Type 'JSObject' not found.
  external JSObject get frame;
           ^^^^^^^^
/C:/Users/berkgoknil/AppData/Local/Pub/Cache/hosted/pub.dev/web-1.1.1/lib/src/dom/webxr.dart:501:41: Error: Type 'JSObject' not found.
extension type XRInputSourceEventInit._(JSObject _)
                                        ^^^^^^^^
/C:/Users/berkgoknil/AppData/Local/Pub/Cache/hosted/pub.dev/web-1.1.1/lib/src/dom/webxr.dart:502:27: Error: Type 'JSObject' not found.
    implements EventInit, JSObject {
                          ^^^^^^^^
/C:/Users/berkgoknil/AppData/Local/Pub/Cache/hosted/pub.dev/web-1.1.1/lib/src/dom/webxr.dart:507:14: Error: Type 'JSObject' not found.
    required JSObject frame,
             ^^^^^^^^
/C:/Users/berkgoknil/AppData/Local/Pub/Cache/hosted/pub.dev/web-1.1.1/lib/src/dom/webxr.dart:511:12: Error: Type 'JSObject' not found.
  external JSObject get frame;
           ^^^^^^^^
/C:/Users/berkgoknil/AppData/Local/Pub/Cache/hosted/pub.dev/web-1.1.1/lib/src/dom/webxr.dart:512:22: Error: Type 'JSObject' not found.
  external set frame(JSObject value);
                     ^^^^^^^^
/C:/Users/berkgoknil/AppData/Local/Pub/Cache/hosted/pub.dev/web-1.1.1/lib/src/dom/webxr.dart:525:44: Error: Type 'JSObject' not found.
extension type XRInputSourcesChangeEvent._(JSObject _)
                                           ^^^^^^^^
/C:/Users/berkgoknil/AppData/Local/Pub/Cache/hosted/pub.dev/web-1.1.1/lib/src/dom/webxr.dart:526:23: Error: Type 'JSObject' not found.
    implements Event, JSObject {
                      ^^^^^^^^
/C:/Users/berkgoknil/AppData/Local/Pub/Cache/hosted/pub.dev/web-1.1.1/lib/src/dom/webxr.dart:535:12: Error: Type 'JSObject' not found.
  external JSObject get session;
           ^^^^^^^^
/C:/Users/berkgoknil/AppData/Local/Pub/Cache/hosted/pub.dev/web-1.1.1/lib/src/dom/webxr.dart:541:12: Error: Type 'JSArray' not found.
  external JSArray<XRInputSource> get added;
           ^^^^^^^
/C:/Users/berkgoknil/AppData/Local/Pub/Cache/hosted/pub.dev/web-1.1.1/lib/src/dom/webxr.dart:547:12: Error: Type 'JSArray' not found.
  external JSArray<XRInputSource> get removed;
           ^^^^^^^
/C:/Users/berkgoknil/AppData/Local/Pub/Cache/hosted/pub.dev/web-1.1.1/lib/src/dom/webxr.dart:549:48: Error: Type 'JSObject' not found.
extension type XRInputSourcesChangeEventInit._(JSObject _)
                                               ^^^^^^^^
/C:/Users/berkgoknil/AppData/Local/Pub/Cache/hosted/pub.dev/web-1.1.1/lib/src/dom/webxr.dart:550:27: Error: Type 'JSObject' not found.
    implements EventInit, JSObject {
                          ^^^^^^^^
/C:/Users/berkgoknil/AppData/Local/Pub/Cache/hosted/pub.dev/web-1.1.1/lib/src/dom/webxr.dart:555:14: Error: Type 'JSObject' not found.
    required JSObject session,
             ^^^^^^^^
/C:/Users/berkgoknil/AppData/Local/Pub/Cache/hosted/pub.dev/web-1.1.1/lib/src/dom/webxr.dart:556:14: Error: Type 'JSArray' not found.
    required JSArray<XRInputSource> added,
             ^^^^^^^
/C:/Users/berkgoknil/AppData/Local/Pub/Cache/hosted/pub.dev/web-1.1.1/lib/src/dom/webxr.dart:557:14: Error: Type 'JSArray' not found.
    required JSArray<XRInputSource> removed,
             ^^^^^^^
/C:/Users/berkgoknil/AppData/Local/Pub/Cache/hosted/pub.dev/web-1.1.1/lib/src/dom/webxr.dart:560:12: Error: Type 'JSObject' not found.
  external JSObject get session;
           ^^^^^^^^
/C:/Users/berkgoknil/AppData/Local/Pub/Cache/hosted/pub.dev/web-1.1.1/lib/src/dom/webxr.dart:561:24: Error: Type 'JSObject' not found.
  external set session(JSObject value);
                       ^^^^^^^^
/C:/Users/berkgoknil/AppData/Local/Pub/Cache/hosted/pub.dev/web-1.1.1/lib/src/dom/webxr.dart:562:12: Error: Type 'JSArray' not found.
  external JSArray<XRInputSource> get added;
           ^^^^^^^
/C:/Users/berkgoknil/AppData/Local/Pub/Cache/hosted/pub.dev/web-1.1.1/lib/src/dom/webxr.dart:563:22: Error: Type 'JSArray' not found.
  external set added(JSArray<XRInputSource> value);
                     ^^^^^^^
/C:/Users/berkgoknil/AppData/Local/Pub/Cache/hosted/pub.dev/web-1.1.1/lib/src/dom/webxr.dart:564:12: Error: Type 'JSArray' not found.
  external JSArray<XRInputSource> get removed;
           ^^^^^^^
/C:/Users/berkgoknil/AppData/Local/Pub/Cache/hosted/pub.dev/web-1.1.1/lib/src/dom/webxr.dart:565:24: Error: Type 'JSArray' not found.
  external set removed(JSArray<XRInputSource> value);
                       ^^^^^^^
/C:/Users/berkgoknil/AppData/Local/Pub/Cache/hosted/pub.dev/web-1.1.1/lib/src/dom/webxr.dart:578:40: Error: Type 'JSObject' not found.
extension type XRReferenceSpaceEvent._(JSObject _) implements Event, JSObject {
                                       ^^^^^^^^
/C:/Users/berkgoknil/AppData/Local/Pub/Cache/hosted/pub.dev/web-1.1.1/lib/src/dom/webxr.dart:578:70: Error: Type 'JSObject' not found.
extension type XRReferenceSpaceEvent._(JSObject _) implements Event, JSObject {
                                                                     ^^^^^^^^
/C:/Users/berkgoknil/AppData/Local/Pub/Cache/hosted/pub.dev/web-1.1.1/lib/src/dom/webxr.dart:600:44: Error: Type 'JSObject' not found.
extension type XRReferenceSpaceEventInit._(JSObject _)
                                           ^^^^^^^^
/C:/Users/berkgoknil/AppData/Local/Pub/Cache/hosted/pub.dev/web-1.1.1/lib/src/dom/webxr.dart:601:27: Error: Type 'JSObject' not found.
    implements EventInit, JSObject {
                          ^^^^^^^^
/C:/Users/berkgoknil/AppData/Local/Pub/Cache/hosted/pub.dev/web-1.1.1/lib/src/dom/webxr.dart:47:62: Error: The type 'JSObject' can't be implemented by an extension type.
extension type XRSpace._(JSObject _) implements EventTarget, JSObject {}
                                                             ^
/C:/Users/berkgoknil/AppData/Local/Pub/Cache/hosted/pub.dev/web-1.1.1/lib/src/dom/webxr.dart:75:67: Error: The type 'JSObject' can't be implemented by an extension type.
extension type XRReferenceSpace._(JSObject _) implements XRSpace, JSObject {
                                                                  ^
/C:/Users/berkgoknil/AppData/Local/Pub/Cache/hosted/pub.dev/web-1.1.1/lib/src/dom/webxr.dart:118:52: Error: The type 'JSObject' can't be implemented by an extension type.
extension type XRViewport._(JSObject _) implements JSObject {
                                                   ^
/C:/Users/berkgoknil/AppData/Local/Pub/Cache/hosted/pub.dev/web-1.1.1/lib/src/dom/webxr.dart:184:58: Error: The type 'JSObject' can't be implemented by an extension type.
extension type XRRigidTransform._(JSObject _) implements JSObject {
                                                         ^
/C:/Users/berkgoknil/AppData/Local/Pub/Cache/hosted/pub.dev/web-1.1.1/lib/src/dom/webxr.dart:267:48: Error: The type 'JSObject' can't be implemented by an extension type.
extension type XRPose._(JSObject _) implements JSObject {
                                               ^
/C:/Users/berkgoknil/AppData/Local/Pub/Cache/hosted/pub.dev/web-1.1.1/lib/src/dom/webxr.dart:309:62: Error: The type 'JSObject' can't be implemented by an extension type.
extension type XRViewerPose._(JSObject _) implements XRPose, JSObject {
                                                             ^
/C:/Users/berkgoknil/AppData/Local/Pub/Cache/hosted/pub.dev/web-1.1.1/lib/src/dom/webxr.dart:340:55: Error: The type 'JSObject' can't be implemented by an extension type.
extension type XRInputSource._(JSObject _) implements JSObject {
                                                      ^
/C:/Users/berkgoknil/AppData/Local/Pub/Cache/hosted/pub.dev/web-1.1.1/lib/src/dom/webxr.dart:440:63: Error: The type 'JSObject' can't be implemented by an extension type.
extension type XRSessionEvent._(JSObject _) implements Event, JSObject {
                                                              ^
/C:/Users/berkgoknil/AppData/Local/Pub/Cache/hosted/pub.dev/web-1.1.1/lib/src/dom/webxr.dart:451:71: Error: The type 'JSObject' can't be implemented by an extension type.
extension type XRSessionEventInit._(JSObject _) implements EventInit, JSObject {
                                                                      ^
/C:/Users/berkgoknil/AppData/Local/Pub/Cache/hosted/pub.dev/web-1.1.1/lib/src/dom/webxr.dart:477:67: Error: The type 'JSObject' can't be implemented by an extension type.
extension type XRInputSourceEvent._(JSObject _) implements Event, JSObject {
                                                                  ^
/C:/Users/berkgoknil/AppData/Local/Pub/Cache/hosted/pub.dev/web-1.1.1/lib/src/dom/webxr.dart:502:27: Error: The type 'JSObject' can't be implemented by an extension type.
    implements EventInit, JSObject {
                          ^
/C:/Users/berkgoknil/AppData/Local/Pub/Cache/hosted/pub.dev/web-1.1.1/lib/src/dom/webxr.dart:526:23: Error: The type 'JSObject' can't be implemented by an extension type.
    implements Event, JSObject {
                      ^
/C:/Users/berkgoknil/AppData/Local/Pub/Cache/hosted/pub.dev/web-1.1.1/lib/src/dom/webxr.dart:550:27: Error: The type 'JSObject' can't be implemented by an extension type.
    implements EventInit, JSObject {
                          ^
/C:/Users/berkgoknil/AppData/Local/Pub/Cache/hosted/pub.dev/web-1.1.1/lib/src/dom/webxr.dart:578:70: Error: The type 'JSObject' can't be implemented by an extension type.
extension type XRReferenceSpaceEvent._(JSObject _) implements Event, JSObject {
                                                                     ^
/C:/Users/berkgoknil/AppData/Local/Pub/Cache/hosted/pub.dev/web-1.1.1/lib/src/dom/webxr.dart:601:27: Error: The type 'JSObject' can't be implemented by an extension type.
    implements EventInit, JSObject {
                          ^
/C:/Users/berkgoknil/AppData/Local/Pub/Cache/hosted/pub.dev/web-1.1.1/lib/src/dom/webxr.dart:13:2: Error: Couldn't find constructor 'JS'.
@JS()
 ^^
/C:/Users/berkgoknil/AppData/Local/Pub/Cache/hosted/pub.dev/web-1.1.1/lib/src/dom/webxr.dart:47:26: Error: 'JSObject' isn't a type.
extension type XRSpace._(JSObject _) implements EventTarget, JSObject {}
                         ^^^^^^^^
/C:/Users/berkgoknil/AppData/Local/Pub/Cache/hosted/pub.dev/web-1.1.1/lib/src/dom/webxr.dart:75:35: Error: 'JSObject' isn't a type.
extension type XRReferenceSpace._(JSObject _) implements XRSpace, JSObject {
                                  ^^^^^^^^
/C:/Users/berkgoknil/AppData/Local/Pub/Cache/hosted/pub.dev/web-1.1.1/lib/src/dom/webxr.dart:118:29: Error: 'JSObject' isn't a type.
extension type XRViewport._(JSObject _) implements JSObject {
                            ^^^^^^^^
/C:/Users/berkgoknil/AppData/Local/Pub/Cache/hosted/pub.dev/web-1.1.1/lib/src/dom/webxr.dart:184:35: Error: 'JSObject' isn't a type.
extension type XRRigidTransform._(JSObject _) implements JSObject {
                                  ^^^^^^^^
/C:/Users/berkgoknil/AppData/Local/Pub/Cache/hosted/pub.dev/web-1.1.1/lib/src/dom/webxr.dart:267:25: Error: 'JSObject' isn't a type.
extension type XRPose._(JSObject _) implements JSObject {
                        ^^^^^^^^
/C:/Users/berkgoknil/AppData/Local/Pub/Cache/hosted/pub.dev/web-1.1.1/lib/src/dom/webxr.dart:309:31: Error: 'JSObject' isn't a type.
extension type XRViewerPose._(JSObject _) implements XRPose, JSObject {
                              ^^^^^^^^
/C:/Users/berkgoknil/AppData/Local/Pub/Cache/hosted/pub.dev/web-1.1.1/lib/src/dom/webxr.dart:340:32: Error: 'JSObject' isn't a type.
extension type XRInputSource._(JSObject _) implements JSObject {
                               ^^^^^^^^
/C:/Users/berkgoknil/AppData/Local/Pub/Cache/hosted/pub.dev/web-1.1.1/lib/src/dom/webxr.dart:440:33: Error: 'JSObject' isn't a type.
extension type XRSessionEvent._(JSObject _) implements Event, JSObject {
                                ^^^^^^^^
/C:/Users/berkgoknil/AppData/Local/Pub/Cache/hosted/pub.dev/web-1.1.1/lib/src/dom/webxr.dart:451:37: Error: 'JSObject' isn't a type.
extension type XRSessionEventInit._(JSObject _) implements EventInit, JSObject {
                                    ^^^^^^^^
/C:/Users/berkgoknil/AppData/Local/Pub/Cache/hosted/pub.dev/web-1.1.1/lib/src/dom/webxr.dart:456:14: Error: 'JSObject' isn't a type.
    required JSObject session,
             ^^^^^^^^
/C:/Users/berkgoknil/AppData/Local/Pub/Cache/hosted/pub.dev/web-1.1.1/lib/src/dom/webxr.dart:460:24: Error: 'JSObject' isn't a type.
  external set session(JSObject value);
                       ^^^^^^^^
/C:/Users/berkgoknil/AppData/Local/Pub/Cache/hosted/pub.dev/web-1.1.1/lib/src/dom/webxr.dart:477:37: Error: 'JSObject' isn't a type.
extension type XRInputSourceEvent._(JSObject _) implements Event, JSObject {
                                    ^^^^^^^^
/C:/Users/berkgoknil/AppData/Local/Pub/Cache/hosted/pub.dev/web-1.1.1/lib/src/dom/webxr.dart:501:41: Error: 'JSObject' isn't a type.
extension type XRInputSourceEventInit._(JSObject _)
                                        ^^^^^^^^
/C:/Users/berkgoknil/AppData/Local/Pub/Cache/hosted/pub.dev/web-1.1.1/lib/src/dom/webxr.dart:507:14: Error: 'JSObject' isn't a type.
    required JSObject frame,
             ^^^^^^^^
/C:/Users/berkgoknil/AppData/Local/Pub/Cache/hosted/pub.dev/web-1.1.1/lib/src/dom/webxr.dart:512:22: Error: 'JSObject' isn't a type.
  external set frame(JSObject value);
                     ^^^^^^^^
/C:/Users/berkgoknil/AppData/Local/Pub/Cache/hosted/pub.dev/web-1.1.1/lib/src/dom/webxr.dart:525:44: Error: 'JSObject' isn't a type.
extension type XRInputSourcesChangeEvent._(JSObject _)
                                           ^^^^^^^^
/C:/Users/berkgoknil/AppData/Local/Pub/Cache/hosted/pub.dev/web-1.1.1/lib/src/dom/webxr.dart:549:48: Error: 'JSObject' isn't a type.
extension type XRInputSourcesChangeEventInit._(JSObject _)
                                               ^^^^^^^^
/C:/Users/berkgoknil/AppData/Local/Pub/Cache/hosted/pub.dev/web-1.1.1/lib/src/dom/webxr.dart:555:14: Error: 'JSObject' isn't a type.
    required JSObject session,
             ^^^^^^^^
/C:/Users/berkgoknil/AppData/Local/Pub/Cache/hosted/pub.dev/web-1.1.1/lib/src/dom/webxr.dart:556:14: Error: 'JSArray' isn't a type.
    required JSArray<XRInputSource> added,
             ^^^^^^^
/C:/Users/berkgoknil/AppData/Local/Pub/Cache/hosted/pub.dev/web-1.1.1/lib/src/dom/webxr.dart:557:14: Error: 'JSArray' isn't a type.
    required JSArray<XRInputSource> removed,
             ^^^^^^^
/C:/Users/berkgoknil/AppData/Local/Pub/Cache/hosted/pub.dev/web-1.1.1/lib/src/dom/webxr.dart:561:24: Error: 'JSObject' isn't a type.
  external set session(JSObject value);
                       ^^^^^^^^
/C:/Users/berkgoknil/AppData/Local/Pub/Cache/hosted/pub.dev/web-1.1.1/lib/src/dom/webxr.dart:563:22: Error: 'JSArray' isn't a type.
  external set added(JSArray<XRInputSource> value);
                     ^^^^^^^
/C:/Users/berkgoknil/AppData/Local/Pub/Cache/hosted/pub.dev/web-1.1.1/lib/src/dom/webxr.dart:565:24: Error: 'JSArray' isn't a type.
  external set removed(JSArray<XRInputSource> value);
                       ^^^^^^^
/C:/Users/berkgoknil/AppData/Local/Pub/Cache/hosted/pub.dev/web-1.1.1/lib/src/dom/webxr.dart:578:40: Error: 'JSObject' isn't a type.
extension type XRReferenceSpaceEvent._(JSObject _) implements Event, JSObject {
                                       ^^^^^^^^
/C:/Users/berkgoknil/AppData/Local/Pub/Cache/hosted/pub.dev/web-1.1.1/lib/src/dom/webxr.dart:600:44: Error: 'JSObject' isn't a type.
extension type XRReferenceSpaceEventInit._(JSObject _)
                                           ^^^^^^^^
/C:/Users/berkgoknil/AppData/Local/Pub/Cache/hosted/pub.dev/web-1.1.1/lib/src/dom/webvtt.dart:16:8: Error: Dart library 'dart:js_interop' is not available on this platform.
import 'dart:js_interop';
       ^
/C:/Users/berkgoknil/AppData/Local/Pub/Cache/hosted/pub.dev/web-1.1.1/lib/src/dom/webvtt.dart:21:34: Error: Type 'JSAny' not found.
typedef LineAndPositionSetting = JSAny;
                                 ^^^^^
/C:/Users/berkgoknil/AppData/Local/Pub/Cache/hosted/pub.dev/web-1.1.1/lib/src/dom/webvtt.dart:37:25: Error: Type 'JSObject' not found.
extension type VTTCue._(JSObject _) implements TextTrackCue, JSObject {
                        ^^^^^^^^
/C:/Users/berkgoknil/AppData/Local/Pub/Cache/hosted/pub.dev/web-1.1.1/lib/src/dom/webvtt.dart:37:62: Error: Type 'JSObject' not found.
extension type VTTCue._(JSObject _) implements TextTrackCue, JSObject {
                                                             ^^^^^^^^
/C:/Users/berkgoknil/AppData/Local/Pub/Cache/hosted/pub.dev/web-1.1.1/lib/src/dom/webvtt.dart:108:28: Error: Type 'JSObject' not found.
extension type VTTRegion._(JSObject _) implements JSObject {
                           ^^^^^^^^
/C:/Users/berkgoknil/AppData/Local/Pub/Cache/hosted/pub.dev/web-1.1.1/lib/src/dom/webvtt.dart:108:51: Error: Type 'JSObject' not found.
extension type VTTRegion._(JSObject _) implements JSObject {
                                                  ^^^^^^^^
/C:/Users/berkgoknil/AppData/Local/Pub/Cache/hosted/pub.dev/web-1.1.1/lib/src/dom/webvtt.dart:37:62: Error: The type 'JSObject' can't be implemented by an extension type.
extension type VTTCue._(JSObject _) implements TextTrackCue, JSObject {
                                                             ^
/C:/Users/berkgoknil/AppData/Local/Pub/Cache/hosted/pub.dev/web-1.1.1/lib/src/dom/webvtt.dart:108:51: Error: The type 'JSObject' can't be implemented by an extension type.
extension type VTTRegion._(JSObject _) implements JSObject {
                                                  ^
/C:/Users/berkgoknil/AppData/Local/Pub/Cache/hosted/pub.dev/web-1.1.1/lib/src/dom/webvtt.dart:13:2: Error: Couldn't find constructor 'JS'.
@JS()
 ^^
/C:/Users/berkgoknil/AppData/Local/Pub/Cache/hosted/pub.dev/web-1.1.1/lib/src/dom/webvtt.dart:37:25: Error: 'JSObject' isn't a type.
extension type VTTCue._(JSObject _) implements TextTrackCue, JSObject {
                        ^^^^^^^^
/C:/Users/berkgoknil/AppData/Local/Pub/Cache/hosted/pub.dev/web-1.1.1/lib/src/dom/webvtt.dart:108:28: Error: 'JSObject' isn't a type.
extension type VTTRegion._(JSObject _) implements JSObject {
                           ^^^^^^^^
/C:/Users/berkgoknil/AppData/Local/Pub/Cache/hosted/pub.dev/web-1.1.1/lib/src/dom/webtransport.dart:16:8: Error: Dart library 'dart:js_interop' is not available on this platform.
import 'dart:js_interop';
       ^
/C:/Users/berkgoknil/AppData/Local/Pub/Cache/hosted/pub.dev/web-1.1.1/lib/src/dom/webtransport.dart:43:51: Error: Type 'JSObject' not found.
extension type WebTransportDatagramDuplexStream._(JSObject _)
                                                  ^^^^^^^^
/C:/Users/berkgoknil/AppData/Local/Pub/Cache/hosted/pub.dev/web-1.1.1/lib/src/dom/webtransport.dart:44:16: Error: Type 'JSObject' not found.
    implements JSObject {
               ^^^^^^^^
/C:/Users/berkgoknil/AppData/Local/Pub/Cache/hosted/pub.dev/web-1.1.1/lib/src/dom/webtransport.dart:117:31: Error: Type 'JSObject' not found.
extension type WebTransport._(JSObject _) implements JSObject {
                              ^^^^^^^^
/C:/Users/berkgoknil/AppData/Local/Pub/Cache/hosted/pub.dev/web-1.1.1/lib/src/dom/webtransport.dart:117:54: Error: Type 'JSObject' not found.
extension type WebTransport._(JSObject _) implements JSObject {
                                                     ^^^^^^^^
/C:/Users/berkgoknil/AppData/Local/Pub/Cache/hosted/pub.dev/web-1.1.1/lib/src/dom/webtransport.dart:147:12: Error: Type 'JSPromise' not found.
  external JSPromise<WebTransportBidirectionalStream> createBidirectionalStream(
           ^^^^^^^^^
/C:/Users/berkgoknil/AppData/Local/Pub/Cache/hosted/pub.dev/web-1.1.1/lib/src/dom/webtransport.dart:171:22: Error: Type 'JSObject' not found.
  external JSPromise<JSObject> createUnidirectionalStream(
                     ^^^^^^^^
/C:/Users/berkgoknil/AppData/Local/Pub/Cache/hosted/pub.dev/web-1.1.1/lib/src/dom/webtransport.dart:171:12: Error: Type 'JSPromise' not found.
  external JSPromise<JSObject> createUnidirectionalStream(
           ^^^^^^^^^
/C:/Users/berkgoknil/AppData/Local/Pub/Cache/hosted/pub.dev/web-1.1.1/lib/src/dom/webtransport.dart:176:22: Error: Type 'JSAny' not found.
  external JSPromise<JSAny?> get ready;
                     ^^^^^
/C:/Users/berkgoknil/AppData/Local/Pub/Cache/hosted/pub.dev/web-1.1.1/lib/src/dom/webtransport.dart:176:12: Error: Type 'JSPromise' not found.
  external JSPromise<JSAny?> get ready;
           ^^^^^^^^^
/C:/Users/berkgoknil/AppData/Local/Pub/Cache/hosted/pub.dev/web-1.1.1/lib/src/dom/webtransport.dart:180:12: Error: Type 'JSPromise' not found.
  external JSPromise<WebTransportCloseInfo> get closed;
           ^^^^^^^^^
/C:/Users/berkgoknil/AppData/Local/Pub/Cache/hosted/pub.dev/web-1.1.1/lib/src/dom/webtransport.dart:217:35: Error: Type 'JSObject' not found.
extension type WebTransportHash._(JSObject _) implements JSObject {
                                  ^^^^^^^^
/C:/Users/berkgoknil/AppData/Local/Pub/Cache/hosted/pub.dev/web-1.1.1/lib/src/dom/webtransport.dart:217:58: Error: Type 'JSObject' not found.
extension type WebTransportHash._(JSObject _) implements JSObject {
                                                         ^^^^^^^^
/C:/Users/berkgoknil/AppData/Local/Pub/Cache/hosted/pub.dev/web-1.1.1/lib/src/dom/webtransport.dart:228:38: Error: Type 'JSObject' not found.
extension type WebTransportOptions._(JSObject _) implements JSObject {
                                     ^^^^^^^^
/C:/Users/berkgoknil/AppData/Local/Pub/Cache/hosted/pub.dev/web-1.1.1/lib/src/dom/webtransport.dart:228:61: Error: Type 'JSObject' not found.
extension type WebTransportOptions._(JSObject _) implements JSObject {
                                                            ^^^^^^^^
/C:/Users/berkgoknil/AppData/Local/Pub/Cache/hosted/pub.dev/web-1.1.1/lib/src/dom/webtransport.dart:232:5: Error: Type 'JSArray' not found.
    JSArray<WebTransportHash> serverCertificateHashes,
    ^^^^^^^
/C:/Users/berkgoknil/AppData/Local/Pub/Cache/hosted/pub.dev/web-1.1.1/lib/src/dom/webtransport.dart:242:12: Error: Type 'JSArray' not found.
  external JSArray<WebTransportHash> get serverCertificateHashes;
           ^^^^^^^
/C:/Users/berkgoknil/AppData/Local/Pub/Cache/hosted/pub.dev/web-1.1.1/lib/src/dom/webtransport.dart:243:40: Error: Type 'JSArray' not found.
  external set serverCertificateHashes(JSArray<WebTransportHash> value);
                                       ^^^^^^^
/C:/Users/berkgoknil/AppData/Local/Pub/Cache/hosted/pub.dev/web-1.1.1/lib/src/dom/webtransport.dart:251:40: Error: Type 'JSObject' not found.
extension type WebTransportCloseInfo._(JSObject _) implements JSObject {
                                       ^^^^^^^^
/C:/Users/berkgoknil/AppData/Local/Pub/Cache/hosted/pub.dev/web-1.1.1/lib/src/dom/webtransport.dart:251:63: Error: Type 'JSObject' not found.
extension type WebTransportCloseInfo._(JSObject _) implements JSObject {
                                                              ^^^^^^^^
/C:/Users/berkgoknil/AppData/Local/Pub/Cache/hosted/pub.dev/web-1.1.1/lib/src/dom/webtransport.dart:262:48: Error: Type 'JSObject' not found.
extension type WebTransportSendStreamOptions._(JSObject _) implements JSObject {
                                               ^^^^^^^^
/C:/Users/berkgoknil/AppData/Local/Pub/Cache/hosted/pub.dev/web-1.1.1/lib/src/dom/webtransport.dart:262:71: Error: Type 'JSObject' not found.
extension type WebTransportSendStreamOptions._(JSObject _) implements JSObject {
                                                                      ^^^^^^^^
/C:/Users/berkgoknil/AppData/Local/Pub/Cache/hosted/pub.dev/web-1.1.1/lib/src/dom/webtransport.dart:264:5: Error: Type 'JSObject' not found.
    JSObject? sendGroup,
    ^^^^^^^^
/C:/Users/berkgoknil/AppData/Local/Pub/Cache/hosted/pub.dev/web-1.1.1/lib/src/dom/webtransport.dart:269:12: Error: Type 'JSObject' not found.
  external JSObject? get sendGroup;
           ^^^^^^^^
/C:/Users/berkgoknil/AppData/Local/Pub/Cache/hosted/pub.dev/web-1.1.1/lib/src/dom/webtransport.dart:270:26: Error: Type 'JSObject' not found.
  external set sendGroup(JSObject? value);
                         ^^^^^^^^
/C:/Users/berkgoknil/AppData/Local/Pub/Cache/hosted/pub.dev/web-1.1.1/lib/src/dom/webtransport.dart:287:50: Error: Type 'JSObject' not found.
extension type WebTransportBidirectionalStream._(JSObject _)
                                                 ^^^^^^^^
/C:/Users/berkgoknil/AppData/Local/Pub/Cache/hosted/pub.dev/web-1.1.1/lib/src/dom/webtransport.dart:288:16: Error: Type 'JSObject' not found.
    implements JSObject {
               ^^^^^^^^
/C:/Users/berkgoknil/AppData/Local/Pub/Cache/hosted/pub.dev/web-1.1.1/lib/src/dom/webtransport.dart:293:12: Error: Type 'JSObject' not found.
  external JSObject get readable;
           ^^^^^^^^
/C:/Users/berkgoknil/AppData/Local/Pub/Cache/hosted/pub.dev/web-1.1.1/lib/src/dom/webtransport.dart:298:12: Error: Type 'JSObject' not found.
  external JSObject get writable;
           ^^^^^^^^
/C:/Users/berkgoknil/AppData/Local/Pub/Cache/hosted/pub.dev/web-1.1.1/lib/src/dom/webtransport.dart:310:36: Error: Type 'JSObject' not found.
extension type WebTransportError._(JSObject _)
                                   ^^^^^^^^
/C:/Users/berkgoknil/AppData/Local/Pub/Cache/hosted/pub.dev/web-1.1.1/lib/src/dom/webtransport.dart:311:30: Error: Type 'JSObject' not found.
    implements DOMException, JSObject {
                             ^^^^^^^^
/C:/Users/berkgoknil/AppData/Local/Pub/Cache/hosted/pub.dev/web-1.1.1/lib/src/dom/webtransport.dart:326:43: Error: Type 'JSObject' not found.
extension type WebTransportErrorOptions._(JSObject _) implements JSObject {
                                          ^^^^^^^^
/C:/Users/berkgoknil/AppData/Local/Pub/Cache/hosted/pub.dev/web-1.1.1/lib/src/dom/webtransport.dart:326:66: Error: Type 'JSObject' not found.
extension type WebTransportErrorOptions._(JSObject _) implements JSObject {
                                                                 ^^^^^^^^
/C:/Users/berkgoknil/AppData/Local/Pub/Cache/hosted/pub.dev/web-1.1.1/lib/src/dom/webtransport.dart:44:16: Error: The type 'JSObject' can't be implemented by an extension type.
    implements JSObject {
               ^
/C:/Users/berkgoknil/AppData/Local/Pub/Cache/hosted/pub.dev/web-1.1.1/lib/src/dom/webtransport.dart:117:54: Error: The type 'JSObject' can't be implemented by an extension type.
extension type WebTransport._(JSObject _) implements JSObject {
                                                     ^
/C:/Users/berkgoknil/AppData/Local/Pub/Cache/hosted/pub.dev/web-1.1.1/lib/src/dom/webtransport.dart:217:58: Error: The type 'JSObject' can't be implemented by an extension type.
extension type WebTransportHash._(JSObject _) implements JSObject {
                                                         ^
/C:/Users/berkgoknil/AppData/Local/Pub/Cache/hosted/pub.dev/web-1.1.1/lib/src/dom/webtransport.dart:228:61: Error: The type 'JSObject' can't be implemented by an extension type.
extension type WebTransportOptions._(JSObject _) implements JSObject {
                                                            ^
/C:/Users/berkgoknil/AppData/Local/Pub/Cache/hosted/pub.dev/web-1.1.1/lib/src/dom/webtransport.dart:251:63: Error: The type 'JSObject' can't be implemented by an extension type.
extension type WebTransportCloseInfo._(JSObject _) implements JSObject {
                                                              ^
/C:/Users/berkgoknil/AppData/Local/Pub/Cache/hosted/pub.dev/web-1.1.1/lib/src/dom/webtransport.dart:262:71: Error: The type 'JSObject' can't be implemented by an extension type.
extension type WebTransportSendStreamOptions._(JSObject _) implements JSObject {
                                                                      ^
/C:/Users/berkgoknil/AppData/Local/Pub/Cache/hosted/pub.dev/web-1.1.1/lib/src/dom/webtransport.dart:288:16: Error: The type 'JSObject' can't be implemented by an extension type.
    implements JSObject {
               ^
/C:/Users/berkgoknil/AppData/Local/Pub/Cache/hosted/pub.dev/web-1.1.1/lib/src/dom/webtransport.dart:311:30: Error: The type 'JSObject' can't be implemented by an extension type.
    implements DOMException, JSObject {
                             ^
/C:/Users/berkgoknil/AppData/Local/Pub/Cache/hosted/pub.dev/web-1.1.1/lib/src/dom/webtransport.dart:326:66: Error: The type 'JSObject' can't be implemented by an extension type.
extension type WebTransportErrorOptions._(JSObject _) implements JSObject {
                                                                 ^
/C:/Users/berkgoknil/AppData/Local/Pub/Cache/hosted/pub.dev/web-1.1.1/lib/src/dom/webtransport.dart:13:2: Error: Couldn't find constructor 'JS'.
@JS()
 ^^
/C:/Users/berkgoknil/AppData/Local/Pub/Cache/hosted/pub.dev/web-1.1.1/lib/src/dom/webtransport.dart:43:51: Error: 'JSObject' isn't a type.
extension type WebTransportDatagramDuplexStream._(JSObject _)
                                                  ^^^^^^^^
/C:/Users/berkgoknil/AppData/Local/Pub/Cache/hosted/pub.dev/web-1.1.1/lib/src/dom/webtransport.dart:117:31: Error: 'JSObject' isn't a type.
extension type WebTransport._(JSObject _) implements JSObject {
                              ^^^^^^^^
/C:/Users/berkgoknil/AppData/Local/Pub/Cache/hosted/pub.dev/web-1.1.1/lib/src/dom/webtransport.dart:217:35: Error: 'JSObject' isn't a type.
extension type WebTransportHash._(JSObject _) implements JSObject {
                                  ^^^^^^^^
/C:/Users/berkgoknil/AppData/Local/Pub/Cache/hosted/pub.dev/web-1.1.1/lib/src/dom/webtransport.dart:228:38: Error: 'JSObject' isn't a type.
extension type WebTransportOptions._(JSObject _) implements JSObject {
                                     ^^^^^^^^
/C:/Users/berkgoknil/AppData/Local/Pub/Cache/hosted/pub.dev/web-1.1.1/lib/src/dom/webtransport.dart:232:5: Error: 'JSArray' isn't a type.
    JSArray<WebTransportHash> serverCertificateHashes,
    ^^^^^^^
/C:/Users/berkgoknil/AppData/Local/Pub/Cache/hosted/pub.dev/web-1.1.1/lib/src/dom/webtransport.dart:243:40: Error: 'JSArray' isn't a type.
  external set serverCertificateHashes(JSArray<WebTransportHash> value);
                                       ^^^^^^^
/C:/Users/berkgoknil/AppData/Local/Pub/Cache/hosted/pub.dev/web-1.1.1/lib/src/dom/webtransport.dart:251:40: Error: 'JSObject' isn't a type.
extension type WebTransportCloseInfo._(JSObject _) implements JSObject {
                                       ^^^^^^^^
/C:/Users/berkgoknil/AppData/Local/Pub/Cache/hosted/pub.dev/web-1.1.1/lib/src/dom/webtransport.dart:262:48: Error: 'JSObject' isn't a type.
extension type WebTransportSendStreamOptions._(JSObject _) implements JSObject {
                                               ^^^^^^^^
/C:/Users/berkgoknil/AppData/Local/Pub/Cache/hosted/pub.dev/web-1.1.1/lib/src/dom/webtransport.dart:264:5: Error: 'JSObject' isn't a type.
    JSObject? sendGroup,
    ^^^^^^^^
/C:/Users/berkgoknil/AppData/Local/Pub/Cache/hosted/pub.dev/web-1.1.1/lib/src/dom/webtransport.dart:270:26: Error: 'JSObject' isn't a type.
  external set sendGroup(JSObject? value);
                         ^^^^^^^^
/C:/Users/berkgoknil/AppData/Local/Pub/Cache/hosted/pub.dev/web-1.1.1/lib/src/dom/webtransport.dart:287:50: Error: 'JSObject' isn't a type.
extension type WebTransportBidirectionalStream._(JSObject _)
                                                 ^^^^^^^^
/C:/Users/berkgoknil/AppData/Local/Pub/Cache/hosted/pub.dev/web-1.1.1/lib/src/dom/webtransport.dart:310:36: Error: 'JSObject' isn't a type.
extension type WebTransportError._(JSObject _)
                                   ^^^^^^^^
/C:/Users/berkgoknil/AppData/Local/Pub/Cache/hosted/pub.dev/web-1.1.1/lib/src/dom/webtransport.dart:326:43: Error: 'JSObject' isn't a type.
extension type WebTransportErrorOptions._(JSObject _) implements JSObject {
                                          ^^^^^^^^
/C:/Users/berkgoknil/AppData/Local/Pub/Cache/hosted/pub.dev/web-1.1.1/lib/src/dom/websockets.dart:16:8: Error: Dart library 'dart:js_interop' is not available on this platform.
import 'dart:js_interop';
       ^
/C:/Users/berkgoknil/AppData/Local/Pub/Cache/hosted/pub.dev/web-1.1.1/lib/src/dom/websockets.dart:36:28: Error: Type 'JSObject' not found.
extension type WebSocket._(JSObject _) implements EventTarget, JSObject {
                           ^^^^^^^^
/C:/Users/berkgoknil/AppData/Local/Pub/Cache/hosted/pub.dev/web-1.1.1/lib/src/dom/websockets.dart:36:64: Error: Type 'JSObject' not found.
extension type WebSocket._(JSObject _) implements EventTarget, JSObject {
                                                               ^^^^^^^^
/C:/Users/berkgoknil/AppData/Local/Pub/Cache/hosted/pub.dev/web-1.1.1/lib/src/dom/websockets.dart:39:5: Error: Type 'JSAny' not found.
    JSAny protocols,
    ^^^^^
/C:/Users/berkgoknil/AppData/Local/Pub/Cache/hosted/pub.dev/web-1.1.1/lib/src/dom/websockets.dart:76:22: Error: Type 'JSAny' not found.
  external void send(JSAny data);
                     ^^^^^
/C:/Users/berkgoknil/AppData/Local/Pub/Cache/hosted/pub.dev/web-1.1.1/lib/src/dom/websockets.dart:134:29: Error: Type 'JSObject' not found.
extension type CloseEvent._(JSObject _) implements Event, JSObject {
                            ^^^^^^^^
/C:/Users/berkgoknil/AppData/Local/Pub/Cache/hosted/pub.dev/web-1.1.1/lib/src/dom/websockets.dart:134:59: Error: Type 'JSObject' not found.
extension type CloseEvent._(JSObject _) implements Event, JSObject {
                                                          ^^^^^^^^
/C:/Users/berkgoknil/AppData/Local/Pub/Cache/hosted/pub.dev/web-1.1.1/lib/src/dom/websockets.dart:156:33: Error: Type 'JSObject' not found.
extension type CloseEventInit._(JSObject _) implements EventInit, JSObject {
                                ^^^^^^^^
/C:/Users/berkgoknil/AppData/Local/Pub/Cache/hosted/pub.dev/web-1.1.1/lib/src/dom/websockets.dart:156:67: Error: Type 'JSObject' not found.
extension type CloseEventInit._(JSObject _) implements EventInit, JSObject {
                                                                  ^^^^^^^^
/C:/Users/berkgoknil/AppData/Local/Pub/Cache/hosted/pub.dev/web-1.1.1/lib/src/dom/websockets.dart:36:64: Error: The type 'JSObject' can't be implemented by an extension type.
extension type WebSocket._(JSObject _) implements EventTarget, JSObject {
                                                               ^
/C:/Users/berkgoknil/AppData/Local/Pub/Cache/hosted/pub.dev/web-1.1.1/lib/src/dom/websockets.dart:134:59: Error: The type 'JSObject' can't be implemented by an extension type.
extension type CloseEvent._(JSObject _) implements Event, JSObject {
                                                          ^
/C:/Users/berkgoknil/AppData/Local/Pub/Cache/hosted/pub.dev/web-1.1.1/lib/src/dom/websockets.dart:156:67: Error: The type 'JSObject' can't be implemented by an extension type.
extension type CloseEventInit._(JSObject _) implements EventInit, JSObject {
                                                                  ^
/C:/Users/berkgoknil/AppData/Local/Pub/Cache/hosted/pub.dev/web-1.1.1/lib/src/dom/websockets.dart:13:2: Error: Couldn't find constructor 'JS'.
@JS()
 ^^
/C:/Users/berkgoknil/AppData/Local/Pub/Cache/hosted/pub.dev/web-1.1.1/lib/src/dom/websockets.dart:36:28: Error: 'JSObject' isn't a type.
extension type WebSocket._(JSObject _) implements EventTarget, JSObject {
                           ^^^^^^^^
/C:/Users/berkgoknil/AppData/Local/Pub/Cache/hosted/pub.dev/web-1.1.1/lib/src/dom/websockets.dart:39:5: Error: 'JSAny' isn't a type.
    JSAny protocols,
    ^^^^^
/C:/Users/berkgoknil/AppData/Local/Pub/Cache/hosted/pub.dev/web-1.1.1/lib/src/dom/websockets.dart:76:22: Error: 'JSAny' isn't a type.
  external void send(JSAny data);
                     ^^^^^
/C:/Users/berkgoknil/AppData/Local/Pub/Cache/hosted/pub.dev/web-1.1.1/lib/src/dom/websockets.dart:134:29: Error: 'JSObject' isn't a type.
extension type CloseEvent._(JSObject _) implements Event, JSObject {
                            ^^^^^^^^
/C:/Users/berkgoknil/AppData/Local/Pub/Cache/hosted/pub.dev/web-1.1.1/lib/src/dom/websockets.dart:156:33: Error: 'JSObject' isn't a type.
extension type CloseEventInit._(JSObject _) implements EventInit, JSObject {
                                ^^^^^^^^
/C:/Users/berkgoknil/AppData/Local/Pub/Cache/hosted/pub.dev/web-1.1.1/lib/src/dom/webrtc_priority.dart:16:8: Error: Dart library 'dart:js_interop' is not available on this platform.
import 'dart:js_interop';
       ^
/C:/Users/berkgoknil/AppData/Local/Pub/Cache/hosted/pub.dev/web-1.1.1/lib/src/dom/webrtc_priority.dart:13:2: Error: Couldn't find constructor 'JS'.
@JS()
 ^^
/C:/Users/berkgoknil/AppData/Local/Pub/Cache/hosted/pub.dev/web-1.1.1/lib/src/dom/webrtc_identity.dart:16:8: Error: Dart library 'dart:js_interop' is not available on this platform.
import 'dart:js_interop';
       ^
/C:/Users/berkgoknil/AppData/Local/Pub/Cache/hosted/pub.dev/web-1.1.1/lib/src/dom/webrtc_identity.dart:18:45: Error: Type 'JSObject' not found.
extension type RTCIdentityProviderOptions._(JSObject _) implements JSObject {
                                            ^^^^^^^^
/C:/Users/berkgoknil/AppData/Local/Pub/Cache/hosted/pub.dev/web-1.1.1/lib/src/dom/webrtc_identity.dart:18:68: Error: Type 'JSObject' not found.
extension type RTCIdentityProviderOptions._(JSObject _) implements JSObject {
                                                                   ^^^^^^^^
/C:/Users/berkgoknil/AppData/Local/Pub/Cache/hosted/pub.dev/web-1.1.1/lib/src/dom/webrtc_identity.dart:18:68: Error: The type 'JSObject' can't be implemented by an extension type.
extension type RTCIdentityProviderOptions._(JSObject _) implements JSObject {
                                                                   ^
/C:/Users/berkgoknil/AppData/Local/Pub/Cache/hosted/pub.dev/web-1.1.1/lib/src/dom/webrtc_identity.dart:13:2: Error: Couldn't find constructor 'JS'.
@JS()
 ^^
/C:/Users/berkgoknil/AppData/Local/Pub/Cache/hosted/pub.dev/web-1.1.1/lib/src/dom/webrtc_identity.dart:18:45: Error: 'JSObject' isn't a type.
extension type RTCIdentityProviderOptions._(JSObject _) implements JSObject {
                                            ^^^^^^^^
/C:/Users/berkgoknil/AppData/Local/Pub/Cache/hosted/pub.dev/web-1.1.1/lib/src/dom/webrtc_encoded_transform.dart:16:8: Error: Dart library 'dart:js_interop' is not available on this platform.
import 'dart:js_interop';
       ^
/C:/Users/berkgoknil/AppData/Local/Pub/Cache/hosted/pub.dev/web-1.1.1/lib/src/dom/webrtc_encoded_transform.dart:22:27: Error: Type 'JSObject' not found.
typedef RTCRtpTransform = JSObject;
                          ^^^^^^^^
/C:/Users/berkgoknil/AppData/Local/Pub/Cache/hosted/pub.dev/web-1.1.1/lib/src/dom/webrtc_encoded_transform.dart:24:47: Error: Type 'JSObject' not found.
extension type RTCEncodedVideoFrameMetadata._(JSObject _) implements JSObject {
                                              ^^^^^^^^
/C:/Users/berkgoknil/AppData/Local/Pub/Cache/hosted/pub.dev/web-1.1.1/lib/src/dom/webrtc_encoded_transform.dart:24:70: Error: Type 'JSObject' not found.
extension type RTCEncodedVideoFrameMetadata._(JSObject _) implements JSObject {
                                                                     ^^^^^^^^
/C:/Users/berkgoknil/AppData/Local/Pub/Cache/hosted/pub.dev/web-1.1.1/lib/src/dom/webrtc_encoded_transform.dart:27:13: Error: Type 'JSNumber' not found.
    JSArray<JSNumber> dependencies,
            ^^^^^^^^
/C:/Users/berkgoknil/AppData/Local/Pub/Cache/hosted/pub.dev/web-1.1.1/lib/src/dom/webrtc_encoded_transform.dart:27:5: Error: Type 'JSArray' not found.
    JSArray<JSNumber> dependencies,
    ^^^^^^^
/C:/Users/berkgoknil/AppData/Local/Pub/Cache/hosted/pub.dev/web-1.1.1/lib/src/dom/webrtc_encoded_transform.dart:34:13: Error: Type 'JSNumber' not found.
    JSArray<JSNumber> contributingSources,
            ^^^^^^^^
/C:/Users/berkgoknil/AppData/Local/Pub/Cache/hosted/pub.dev/web-1.1.1/lib/src/dom/webrtc_encoded_transform.dart:34:5: Error: Type 'JSArray' not found.
    JSArray<JSNumber> contributingSources,
    ^^^^^^^
/C:/Users/berkgoknil/AppData/Local/Pub/Cache/hosted/pub.dev/web-1.1.1/lib/src/dom/webrtc_encoded_transform.dart:42:20: Error: Type 'JSNumber' not found.
  external JSArray<JSNumber> get dependencies;
                   ^^^^^^^^
/C:/Users/berkgoknil/AppData/Local/Pub/Cache/hosted/pub.dev/web-1.1.1/lib/src/dom/webrtc_encoded_transform.dart:42:12: Error: Type 'JSArray' not found.
  external JSArray<JSNumber> get dependencies;
           ^^^^^^^
/C:/Users/berkgoknil/AppData/Local/Pub/Cache/hosted/pub.dev/web-1.1.1/lib/src/dom/webrtc_encoded_transform.dart:43:37: Error: Type 'JSNumber' not found.
  external set dependencies(JSArray<JSNumber> value);
                                    ^^^^^^^^
/C:/Users/berkgoknil/AppData/Local/Pub/Cache/hosted/pub.dev/web-1.1.1/lib/src/dom/webrtc_encoded_transform.dart:43:29: Error: Type 'JSArray' not found.
  external set dependencies(JSArray<JSNumber> value);
                            ^^^^^^^
/C:/Users/berkgoknil/AppData/Local/Pub/Cache/hosted/pub.dev/web-1.1.1/lib/src/dom/webrtc_encoded_transform.dart:56:20: Error: Type 'JSNumber' not found.
  external JSArray<JSNumber> get contributingSources;
                   ^^^^^^^^
/C:/Users/berkgoknil/AppData/Local/Pub/Cache/hosted/pub.dev/web-1.1.1/lib/src/dom/webrtc_encoded_transform.dart:56:12: Error: Type 'JSArray' not found.
  external JSArray<JSNumber> get contributingSources;
           ^^^^^^^
/C:/Users/berkgoknil/AppData/Local/Pub/Cache/hosted/pub.dev/web-1.1.1/lib/src/dom/webrtc_encoded_transform.dart:57:44: Error: Type 'JSNumber' not found.
  external set contributingSources(JSArray<JSNumber> value);
                                           ^^^^^^^^
/C:/Users/berkgoknil/AppData/Local/Pub/Cache/hosted/pub.dev/web-1.1.1/lib/src/dom/webrtc_encoded_transform.dart:57:36: Error: Type 'JSArray' not found.
  external set contributingSources(JSArray<JSNumber> value);
                                   ^^^^^^^
/C:/Users/berkgoknil/AppData/Local/Pub/Cache/hosted/pub.dev/web-1.1.1/lib/src/dom/webrtc_encoded_transform.dart:81:39: Error: Type 'JSObject' not found.
extension type RTCEncodedVideoFrame._(JSObject _) implements JSObject {
                                      ^^^^^^^^
/C:/Users/berkgoknil/AppData/Local/Pub/Cache/hosted/pub.dev/web-1.1.1/lib/src/dom/webrtc_encoded_transform.dart:81:62: Error: Type 'JSObject' not found.
extension type RTCEncodedVideoFrame._(JSObject _) implements JSObject {
                                                             ^^^^^^^^
/C:/Users/berkgoknil/AppData/Local/Pub/Cache/hosted/pub.dev/web-1.1.1/lib/src/dom/webrtc_encoded_transform.dart:102:12: Error: Type 'JSArrayBuffer' not found.
  external JSArrayBuffer get data;
           ^^^^^^^^^^^^^
/C:/Users/berkgoknil/AppData/Local/Pub/Cache/hosted/pub.dev/web-1.1.1/lib/src/dom/webrtc_encoded_transform.dart:103:21: Error: Type 'JSArrayBuffer' not found.
  external set data(JSArrayBuffer value);
                    ^^^^^^^^^^^^^
/C:/Users/berkgoknil/AppData/Local/Pub/Cache/hosted/pub.dev/web-1.1.1/lib/src/dom/webrtc_encoded_transform.dart:105:47: Error: Type 'JSObject' not found.
extension type RTCEncodedAudioFrameMetadata._(JSObject _) implements JSObject {
                                              ^^^^^^^^
/C:/Users/berkgoknil/AppData/Local/Pub/Cache/hosted/pub.dev/web-1.1.1/lib/src/dom/webrtc_encoded_transform.dart:105:70: Error: Type 'JSObject' not found.
extension type RTCEncodedAudioFrameMetadata._(JSObject _) implements JSObject {
                                                                     ^^^^^^^^
/C:/Users/berkgoknil/AppData/Local/Pub/Cache/hosted/pub.dev/web-1.1.1/lib/src/dom/webrtc_encoded_transform.dart:109:13: Error: Type 'JSNumber' not found.
    JSArray<JSNumber> contributingSources,
            ^^^^^^^^
/C:/Users/berkgoknil/AppData/Local/Pub/Cache/hosted/pub.dev/web-1.1.1/lib/src/dom/webrtc_encoded_transform.dart:109:5: Error: Type 'JSArray' not found.
    JSArray<JSNumber> contributingSources,
    ^^^^^^^
/C:/Users/berkgoknil/AppData/Local/Pub/Cache/hosted/pub.dev/web-1.1.1/lib/src/dom/webrtc_encoded_transform.dart:119:20: Error: Type 'JSNumber' not found.
  external JSArray<JSNumber> get contributingSources;
                   ^^^^^^^^
/C:/Users/berkgoknil/AppData/Local/Pub/Cache/hosted/pub.dev/web-1.1.1/lib/src/dom/webrtc_encoded_transform.dart:119:12: Error: Type 'JSArray' not found.
  external JSArray<JSNumber> get contributingSources;
           ^^^^^^^
/C:/Users/berkgoknil/AppData/Local/Pub/Cache/hosted/pub.dev/web-1.1.1/lib/src/dom/webrtc_encoded_transform.dart:120:44: Error: Type 'JSNumber' not found.
  external set contributingSources(JSArray<JSNumber> value);
                                           ^^^^^^^^
/C:/Users/berkgoknil/AppData/Local/Pub/Cache/hosted/pub.dev/web-1.1.1/lib/src/dom/webrtc_encoded_transform.dart:120:36: Error: Type 'JSArray' not found.
  external set contributingSources(JSArray<JSNumber> value);
                                   ^^^^^^^
/C:/Users/berkgoknil/AppData/Local/Pub/Cache/hosted/pub.dev/web-1.1.1/lib/src/dom/webrtc_encoded_transform.dart:150:39: Error: Type 'JSObject' not found.
extension type RTCEncodedAudioFrame._(JSObject _) implements JSObject {
                                      ^^^^^^^^
/C:/Users/berkgoknil/AppData/Local/Pub/Cache/hosted/pub.dev/web-1.1.1/lib/src/dom/webrtc_encoded_transform.dart:150:62: Error: Type 'JSObject' not found.
extension type RTCEncodedAudioFrame._(JSObject _) implements JSObject {
                                                             ^^^^^^^^
/C:/Users/berkgoknil/AppData/Local/Pub/Cache/hosted/pub.dev/web-1.1.1/lib/src/dom/webrtc_encoded_transform.dart:165:12: Error: Type 'JSArrayBuffer' not found.
  external JSArrayBuffer get data;
           ^^^^^^^^^^^^^
/C:/Users/berkgoknil/AppData/Local/Pub/Cache/hosted/pub.dev/web-1.1.1/lib/src/dom/webrtc_encoded_transform.dart:166:21: Error: Type 'JSArrayBuffer' not found.
  external set data(JSArrayBuffer value);
                    ^^^^^^^^^^^^^
/C:/Users/berkgoknil/AppData/Local/Pub/Cache/hosted/pub.dev/web-1.1.1/lib/src/dom/webrtc_encoded_transform.dart:188:36: Error: Type 'JSObject' not found.
extension type RTCTransformEvent._(JSObject _) implements Event, JSObject {
                                   ^^^^^^^^
/C:/Users/berkgoknil/AppData/Local/Pub/Cache/hosted/pub.dev/web-1.1.1/lib/src/dom/webrtc_encoded_transform.dart:188:66: Error: Type 'JSObject' not found.
extension type RTCTransformEvent._(JSObject _) implements Event, JSObject {
                                                                 ^^^^^^^^
/C:/Users/berkgoknil/AppData/Local/Pub/Cache/hosted/pub.dev/web-1.1.1/lib/src/dom/webrtc_encoded_transform.dart:215:42: Error: Type 'JSObject' not found.
extension type RTCRtpScriptTransformer._(JSObject _)
                                         ^^^^^^^^
/C:/Users/berkgoknil/AppData/Local/Pub/Cache/hosted/pub.dev/web-1.1.1/lib/src/dom/webrtc_encoded_transform.dart:216:29: Error: Type 'JSObject' not found.
    implements EventTarget, JSObject {
                            ^^^^^^^^
/C:/Users/berkgoknil/AppData/Local/Pub/Cache/hosted/pub.dev/web-1.1.1/lib/src/dom/webrtc_encoded_transform.dart:219:22: Error: Type 'JSNumber' not found.
  external JSPromise<JSNumber> generateKeyFrame([String rid]);
                     ^^^^^^^^
/C:/Users/berkgoknil/AppData/Local/Pub/Cache/hosted/pub.dev/web-1.1.1/lib/src/dom/webrtc_encoded_transform.dart:219:12: Error: Type 'JSPromise' not found.
  external JSPromise<JSNumber> generateKeyFrame([String rid]);
           ^^^^^^^^^
/C:/Users/berkgoknil/AppData/Local/Pub/Cache/hosted/pub.dev/web-1.1.1/lib/src/dom/webrtc_encoded_transform.dart:240:22: Error: Type 'JSAny' not found.
  external JSPromise<JSAny?> sendKeyFrameRequest();
                     ^^^^^
/C:/Users/berkgoknil/AppData/Local/Pub/Cache/hosted/pub.dev/web-1.1.1/lib/src/dom/webrtc_encoded_transform.dart:240:12: Error: Type 'JSPromise' not found.
  external JSPromise<JSAny?> sendKeyFrameRequest();
           ^^^^^^^^^
/C:/Users/berkgoknil/AppData/Local/Pub/Cache/hosted/pub.dev/web-1.1.1/lib/src/dom/webrtc_encoded_transform.dart:278:12: Error: Type 'JSAny' not found.
  external JSAny? get options;
           ^^^^^
/C:/Users/berkgoknil/AppData/Local/Pub/Cache/hosted/pub.dev/web-1.1.1/lib/src/dom/webrtc_encoded_transform.dart:292:40: Error: Type 'JSObject' not found.
extension type RTCRtpScriptTransform._(JSObject _) implements JSObject {
                                       ^^^^^^^^
/C:/Users/berkgoknil/AppData/Local/Pub/Cache/hosted/pub.dev/web-1.1.1/lib/src/dom/webrtc_encoded_transform.dart:292:63: Error: Type 'JSObject' not found.
extension type RTCRtpScriptTransform._(JSObject _) implements JSObject {
                                                              ^^^^^^^^
/C:/Users/berkgoknil/AppData/Local/Pub/Cache/hosted/pub.dev/web-1.1.1/lib/src/dom/webrtc_encoded_transform.dart:295:5: Error: Type 'JSAny' not found.
    JSAny? options,
    ^^^^^
/C:/Users/berkgoknil/AppData/Local/Pub/Cache/hosted/pub.dev/web-1.1.1/lib/src/dom/webrtc_encoded_transform.dart:296:13: Error: Type 'JSObject' not found.
    JSArray<JSObject> transfer,
            ^^^^^^^^
/C:/Users/berkgoknil/AppData/Local/Pub/Cache/hosted/pub.dev/web-1.1.1/lib/src/dom/webrtc_encoded_transform.dart:296:5: Error: Type 'JSArray' not found.
    JSArray<JSObject> transfer,
    ^^^^^^^
/C:/Users/berkgoknil/AppData/Local/Pub/Cache/hosted/pub.dev/web-1.1.1/lib/src/dom/webrtc_encoded_transform.dart:24:70: Error: The type 'JSObject' can't be implemented by an extension type.
extension type RTCEncodedVideoFrameMetadata._(JSObject _) implements JSObject {
                                                                     ^
/C:/Users/berkgoknil/AppData/Local/Pub/Cache/hosted/pub.dev/web-1.1.1/lib/src/dom/webrtc_encoded_transform.dart:81:62: Error: The type 'JSObject' can't be implemented by an extension type.
extension type RTCEncodedVideoFrame._(JSObject _) implements JSObject {
                                                             ^
/C:/Users/berkgoknil/AppData/Local/Pub/Cache/hosted/pub.dev/web-1.1.1/lib/src/dom/webrtc_encoded_transform.dart:105:70: Error: The type 'JSObject' can't be implemented by an extension type.
extension type RTCEncodedAudioFrameMetadata._(JSObject _) implements JSObject {
                                                                     ^
/C:/Users/berkgoknil/AppData/Local/Pub/Cache/hosted/pub.dev/web-1.1.1/lib/src/dom/webrtc_encoded_transform.dart:150:62: Error: The type 'JSObject' can't be implemented by an extension type.
extension type RTCEncodedAudioFrame._(JSObject _) implements JSObject {
                                                             ^
/C:/Users/berkgoknil/AppData/Local/Pub/Cache/hosted/pub.dev/web-1.1.1/lib/src/dom/webrtc_encoded_transform.dart:188:66: Error: The type 'JSObject' can't be implemented by an extension type.
extension type RTCTransformEvent._(JSObject _) implements Event, JSObject {
                                                                 ^
/C:/Users/berkgoknil/AppData/Local/Pub/Cache/hosted/pub.dev/web-1.1.1/lib/src/dom/webrtc_encoded_transform.dart:216:29: Error: The type 'JSObject' can't be implemented by an extension type.
    implements EventTarget, JSObject {
                            ^
/C:/Users/berkgoknil/AppData/Local/Pub/Cache/hosted/pub.dev/web-1.1.1/lib/src/dom/webrtc_encoded_transform.dart:292:63: Error: The type 'JSObject' can't be implemented by an extension type.
extension type RTCRtpScriptTransform._(JSObject _) implements JSObject {
                                                              ^
/C:/Users/berkgoknil/AppData/Local/Pub/Cache/hosted/pub.dev/web-1.1.1/lib/src/dom/webrtc_encoded_transform.dart:13:2: Error: Couldn't find constructor 'JS'.
@JS()
 ^^
/C:/Users/berkgoknil/AppData/Local/Pub/Cache/hosted/pub.dev/web-1.1.1/lib/src/dom/webrtc_encoded_transform.dart:24:47: Error: 'JSObject' isn't a type.
extension type RTCEncodedVideoFrameMetadata._(JSObject _) implements JSObject {
                                              ^^^^^^^^
/C:/Users/berkgoknil/AppData/Local/Pub/Cache/hosted/pub.dev/web-1.1.1/lib/src/dom/webrtc_encoded_transform.dart:27:13: Error: 'JSNumber' isn't a type.
    JSArray<JSNumber> dependencies,
            ^^^^^^^^
/C:/Users/berkgoknil/AppData/Local/Pub/Cache/hosted/pub.dev/web-1.1.1/lib/src/dom/webrtc_encoded_transform.dart:27:5: Error: 'JSArray' isn't a type.
    JSArray<JSNumber> dependencies,
    ^^^^^^^
/C:/Users/berkgoknil/AppData/Local/Pub/Cache/hosted/pub.dev/web-1.1.1/lib/src/dom/webrtc_encoded_transform.dart:34:13: Error: 'JSNumber' isn't a type.
    JSArray<JSNumber> contributingSources,
            ^^^^^^^^
/C:/Users/berkgoknil/AppData/Local/Pub/Cache/hosted/pub.dev/web-1.1.1/lib/src/dom/webrtc_encoded_transform.dart:34:5: Error: 'JSArray' isn't a type.
    JSArray<JSNumber> contributingSources,
    ^^^^^^^
/C:/Users/berkgoknil/AppData/Local/Pub/Cache/hosted/pub.dev/web-1.1.1/lib/src/dom/webrtc_encoded_transform.dart:43:37: Error: 'JSNumber' isn't a type.
  external set dependencies(JSArray<JSNumber> value);
                                    ^^^^^^^^
/C:/Users/berkgoknil/AppData/Local/Pub/Cache/hosted/pub.dev/web-1.1.1/lib/src/dom/webrtc_encoded_transform.dart:43:29: Error: 'JSArray' isn't a type.
  external set dependencies(JSArray<JSNumber> value);
                            ^^^^^^^
/C:/Users/berkgoknil/AppData/Local/Pub/Cache/hosted/pub.dev/web-1.1.1/lib/src/dom/webrtc_encoded_transform.dart:57:44: Error: 'JSNumber' isn't a type.
  external set contributingSources(JSArray<JSNumber> value);
                                           ^^^^^^^^
/C:/Users/berkgoknil/AppData/Local/Pub/Cache/hosted/pub.dev/web-1.1.1/lib/src/dom/webrtc_encoded_transform.dart:57:36: Error: 'JSArray' isn't a type.
  external set contributingSources(JSArray<JSNumber> value);
                                   ^^^^^^^
/C:/Users/berkgoknil/AppData/Local/Pub/Cache/hosted/pub.dev/web-1.1.1/lib/src/dom/webrtc_encoded_transform.dart:81:39: Error: 'JSObject' isn't a type.
extension type RTCEncodedVideoFrame._(JSObject _) implements JSObject {
                                      ^^^^^^^^
/C:/Users/berkgoknil/AppData/Local/Pub/Cache/hosted/pub.dev/web-1.1.1/lib/src/dom/webrtc_encoded_transform.dart:103:21: Error: 'JSArrayBuffer' isn't a type.
  external set data(JSArrayBuffer value);
                    ^^^^^^^^^^^^^
/C:/Users/berkgoknil/AppData/Local/Pub/Cache/hosted/pub.dev/web-1.1.1/lib/src/dom/webrtc_encoded_transform.dart:105:47: Error: 'JSObject' isn't a type.
extension type RTCEncodedAudioFrameMetadata._(JSObject _) implements JSObject {
                                              ^^^^^^^^
/C:/Users/berkgoknil/AppData/Local/Pub/Cache/hosted/pub.dev/web-1.1.1/lib/src/dom/webrtc_encoded_transform.dart:109:13: Error: 'JSNumber' isn't a type.
    JSArray<JSNumber> contributingSources,
            ^^^^^^^^
/C:/Users/berkgoknil/AppData/Local/Pub/Cache/hosted/pub.dev/web-1.1.1/lib/src/dom/webrtc_encoded_transform.dart:109:5: Error: 'JSArray' isn't a type.
    JSArray<JSNumber> contributingSources,
    ^^^^^^^
/C:/Users/berkgoknil/AppData/Local/Pub/Cache/hosted/pub.dev/web-1.1.1/lib/src/dom/webrtc_encoded_transform.dart:120:44: Error: 'JSNumber' isn't a type.
  external set contributingSources(JSArray<JSNumber> value);
                                           ^^^^^^^^
/C:/Users/berkgoknil/AppData/Local/Pub/Cache/hosted/pub.dev/web-1.1.1/lib/src/dom/webrtc_encoded_transform.dart:120:36: Error: 'JSArray' isn't a type.
  external set contributingSources(JSArray<JSNumber> value);
                                   ^^^^^^^
/C:/Users/berkgoknil/AppData/Local/Pub/Cache/hosted/pub.dev/web-1.1.1/lib/src/dom/webrtc_encoded_transform.dart:150:39: Error: 'JSObject' isn't a type.
extension type RTCEncodedAudioFrame._(JSObject _) implements JSObject {
                                      ^^^^^^^^
/C:/Users/berkgoknil/AppData/Local/Pub/Cache/hosted/pub.dev/web-1.1.1/lib/src/dom/webrtc_encoded_transform.dart:166:21: Error: 'JSArrayBuffer' isn't a type.
  external set data(JSArrayBuffer value);
                    ^^^^^^^^^^^^^
/C:/Users/berkgoknil/AppData/Local/Pub/Cache/hosted/pub.dev/web-1.1.1/lib/src/dom/webrtc_encoded_transform.dart:188:36: Error: 'JSObject' isn't a type.
extension type RTCTransformEvent._(JSObject _) implements Event, JSObject {
                                   ^^^^^^^^
/C:/Users/berkgoknil/AppData/Local/Pub/Cache/hosted/pub.dev/web-1.1.1/lib/src/dom/webrtc_encoded_transform.dart:215:42: Error: 'JSObject' isn't a type.
extension type RTCRtpScriptTransformer._(JSObject _)
                                         ^^^^^^^^
/C:/Users/berkgoknil/AppData/Local/Pub/Cache/hosted/pub.dev/web-1.1.1/lib/src/dom/webrtc_encoded_transform.dart:292:40: Error: 'JSObject' isn't a type.
extension type RTCRtpScriptTransform._(JSObject _) implements JSObject {
                                       ^^^^^^^^
/C:/Users/berkgoknil/AppData/Local/Pub/Cache/hosted/pub.dev/web-1.1.1/lib/src/dom/webrtc_encoded_transform.dart:295:5: Error: 'JSAny' isn't a type.
    JSAny? options,
    ^^^^^
/C:/Users/berkgoknil/AppData/Local/Pub/Cache/hosted/pub.dev/web-1.1.1/lib/src/dom/webrtc_encoded_transform.dart:296:13: Error: 'JSObject' isn't a type.
    JSArray<JSObject> transfer,
            ^^^^^^^^
/C:/Users/berkgoknil/AppData/Local/Pub/Cache/hosted/pub.dev/web-1.1.1/lib/src/dom/webrtc_encoded_transform.dart:296:5: Error: 'JSArray' isn't a type.
    JSArray<JSObject> transfer,
    ^^^^^^^
/C:/Users/berkgoknil/AppData/Local/Pub/Cache/hosted/pub.dev/web-1.1.1/lib/src/dom/webrtc.dart:16:8: Error: Dart library 'dart:js_interop' is not available on this platform.
import 'dart:js_interop';
       ^
/C:/Users/berkgoknil/AppData/Local/Pub/Cache/hosted/pub.dev/web-1.1.1/lib/src/dom/webrtc.dart:30:42: Error: Type 'JSFunction' not found.
typedef RTCPeerConnectionErrorCallback = JSFunction;
                                         ^^^^^^^^^^
/C:/Users/berkgoknil/AppData/Local/Pub/Cache/hosted/pub.dev/web-1.1.1/lib/src/dom/webrtc.dart:31:41: Error: Type 'JSFunction' not found.
typedef RTCSessionDescriptionCallback = JSFunction;
                                        ^^^^^^^^^^
/C:/Users/berkgoknil/AppData/Local/Pub/Cache/hosted/pub.dev/web-1.1.1/lib/src/dom/webrtc.dart:52:35: Error: Type 'JSObject' not found.
extension type RTCConfiguration._(JSObject _) implements JSObject {
                                  ^^^^^^^^
/C:/Users/berkgoknil/AppData/Local/Pub/Cache/hosted/pub.dev/web-1.1.1/lib/src/dom/webrtc.dart:52:58: Error: Type 'JSObject' not found.
extension type RTCConfiguration._(JSObject _) implements JSObject {
                                                         ^^^^^^^^
/C:/Users/berkgoknil/AppData/Local/Pub/Cache/hosted/pub.dev/web-1.1.1/lib/src/dom/webrtc.dart:54:5: Error: Type 'JSArray' not found.
    JSArray<RTCIceServer> iceServers,
    ^^^^^^^
/C:/Users/berkgoknil/AppData/Local/Pub/Cache/hosted/pub.dev/web-1.1.1/lib/src/dom/webrtc.dart:58:5: Error: Type 'JSArray' not found.
    JSArray<RTCCertificate> certificates,
    ^^^^^^^
/C:/Users/berkgoknil/AppData/Local/Pub/Cache/hosted/pub.dev/web-1.1.1/lib/src/dom/webrtc.dart:63:12: Error: Type 'JSArray' not found.
  external JSArray<RTCIceServer> get iceServers;
           ^^^^^^^
/C:/Users/berkgoknil/AppData/Local/Pub/Cache/hosted/pub.dev/web-1.1.1/lib/src/dom/webrtc.dart:64:27: Error: Type 'JSArray' not found.
  external set iceServers(JSArray<RTCIceServer> value);
                          ^^^^^^^
/C:/Users/berkgoknil/AppData/Local/Pub/Cache/hosted/pub.dev/web-1.1.1/lib/src/dom/webrtc.dart:71:12: Error: Type 'JSArray' not found.
  external JSArray<RTCCertificate> get certificates;
           ^^^^^^^
/C:/Users/berkgoknil/AppData/Local/Pub/Cache/hosted/pub.dev/web-1.1.1/lib/src/dom/webrtc.dart:72:29: Error: Type 'JSArray' not found.
  external set certificates(JSArray<RTCCertificate> value);
                            ^^^^^^^
/C:/Users/berkgoknil/AppData/Local/Pub/Cache/hosted/pub.dev/web-1.1.1/lib/src/dom/webrtc.dart:78:31: Error: Type 'JSObject' not found.
extension type RTCIceServer._(JSObject _) implements JSObject {
                              ^^^^^^^^
/C:/Users/berkgoknil/AppData/Local/Pub/Cache/hosted/pub.dev/web-1.1.1/lib/src/dom/webrtc.dart:78:54: Error: Type 'JSObject' not found.
extension type RTCIceServer._(JSObject _) implements JSObject {
                                                     ^^^^^^^^
/C:/Users/berkgoknil/AppData/Local/Pub/Cache/hosted/pub.dev/web-1.1.1/lib/src/dom/webrtc.dart:80:14: Error: Type 'JSAny' not found.
    required JSAny urls,
             ^^^^^
/C:/Users/berkgoknil/AppData/Local/Pub/Cache/hosted/pub.dev/web-1.1.1/lib/src/dom/webrtc.dart:85:12: Error: Type 'JSAny' not found.
  external JSAny get urls;
           ^^^^^
/C:/Users/berkgoknil/AppData/Local/Pub/Cache/hosted/pub.dev/web-1.1.1/lib/src/dom/webrtc.dart:86:21: Error: Type 'JSAny' not found.
  external set urls(JSAny value);
                    ^^^^^
/C:/Users/berkgoknil/AppData/Local/Pub/Cache/hosted/pub.dev/web-1.1.1/lib/src/dom/webrtc.dart:92:40: Error: Type 'JSObject' not found.
extension type RTCOfferAnswerOptions._(JSObject _) implements JSObject {
                                       ^^^^^^^^
/C:/Users/berkgoknil/AppData/Local/Pub/Cache/hosted/pub.dev/web-1.1.1/lib/src/dom/webrtc.dart:92:63: Error: Type 'JSObject' not found.
extension type RTCOfferAnswerOptions._(JSObject _) implements JSObject {
                                                              ^^^^^^^^
/C:/Users/berkgoknil/AppData/Local/Pub/Cache/hosted/pub.dev/web-1.1.1/lib/src/dom/webrtc.dart:95:34: Error: Type 'JSObject' not found.
extension type RTCOfferOptions._(JSObject _)
                                 ^^^^^^^^
/C:/Users/berkgoknil/AppData/Local/Pub/Cache/hosted/pub.dev/web-1.1.1/lib/src/dom/webrtc.dart:96:39: Error: Type 'JSObject' not found.
    implements RTCOfferAnswerOptions, JSObject {
                                      ^^^^^^^^
/C:/Users/berkgoknil/AppData/Local/Pub/Cache/hosted/pub.dev/web-1.1.1/lib/src/dom/webrtc.dart:110:35: Error: Type 'JSObject' not found.
extension type RTCAnswerOptions._(JSObject _)
                                  ^^^^^^^^
/C:/Users/berkgoknil/AppData/Local/Pub/Cache/hosted/pub.dev/web-1.1.1/lib/src/dom/webrtc.dart:111:39: Error: Type 'JSObject' not found.
    implements RTCOfferAnswerOptions, JSObject {
                                      ^^^^^^^^
/C:/Users/berkgoknil/AppData/Local/Pub/Cache/hosted/pub.dev/web-1.1.1/lib/src/dom/webrtc.dart:124:36: Error: Type 'JSObject' not found.
extension type RTCPeerConnection._(JSObject _)
                                   ^^^^^^^^
/C:/Users/berkgoknil/AppData/Local/Pub/Cache/hosted/pub.dev/web-1.1.1/lib/src/dom/webrtc.dart:125:29: Error: Type 'JSObject' not found.
    implements EventTarget, JSObject {
                            ^^^^^^^^
/C:/Users/berkgoknil/AppData/Local/Pub/Cache/hosted/pub.dev/web-1.1.1/lib/src/dom/webrtc.dart:132:19: Error: Type 'JSPromise' not found.
  external static JSPromise<RTCCertificate> generateCertificate(
                  ^^^^^^^^^
/C:/Users/berkgoknil/AppData/Local/Pub/Cache/hosted/pub.dev/web-1.1.1/lib/src/dom/webrtc.dart:150:12: Error: Type 'JSPromise' not found.
  external JSPromise<RTCSessionDescriptionInit?> createOffer([
           ^^^^^^^^^
/C:/Users/berkgoknil/AppData/Local/Pub/Cache/hosted/pub.dev/web-1.1.1/lib/src/dom/webrtc.dart:151:5: Error: Type 'JSObject' not found.
    JSObject optionsOrSuccessCallback,
    ^^^^^^^^
/C:/Users/berkgoknil/AppData/Local/Pub/Cache/hosted/pub.dev/web-1.1.1/lib/src/dom/webrtc.dart:165:12: Error: Type 'JSPromise' not found.
  external JSPromise<RTCSessionDescriptionInit?> createAnswer([
           ^^^^^^^^^
/C:/Users/berkgoknil/AppData/Local/Pub/Cache/hosted/pub.dev/web-1.1.1/lib/src/dom/webrtc.dart:166:5: Error: Type 'JSObject' not found.
    JSObject optionsOrSuccessCallback,
    ^^^^^^^^
/C:/Users/berkgoknil/AppData/Local/Pub/Cache/hosted/pub.dev/web-1.1.1/lib/src/dom/webrtc.dart:187:22: Error: Type 'JSAny' not found.
  external JSPromise<JSAny?> setLocalDescription([
                     ^^^^^
/C:/Users/berkgoknil/AppData/Local/Pub/Cache/hosted/pub.dev/web-1.1.1/lib/src/dom/webrtc.dart:187:12: Error: Type 'JSPromise' not found.
  external JSPromise<JSAny?> setLocalDescription([
           ^^^^^^^^^
/C:/Users/berkgoknil/AppData/Local/Pub/Cache/hosted/pub.dev/web-1.1.1/lib/src/dom/webrtc.dart:214:22: Error: Type 'JSAny' not found.
  external JSPromise<JSAny?> setRemoteDescription(
                     ^^^^^
/C:/Users/berkgoknil/AppData/Local/Pub/Cache/hosted/pub.dev/web-1.1.1/lib/src/dom/webrtc.dart:214:12: Error: Type 'JSPromise' not found.
  external JSPromise<JSAny?> setRemoteDescription(
           ^^^^^^^^^
/C:/Users/berkgoknil/AppData/Local/Pub/Cache/hosted/pub.dev/web-1.1.1/lib/src/dom/webrtc.dart:249:22: Error: Type 'JSAny' not found.
  external JSPromise<JSAny?> addIceCandidate([
                     ^^^^^
/C:/Users/berkgoknil/AppData/Local/Pub/Cache/hosted/pub.dev/web-1.1.1/lib/src/dom/webrtc.dart:249:12: Error: Type 'JSPromise' not found.
  external JSPromise<JSAny?> addIceCandidate([
           ^^^^^^^^^
/C:/Users/berkgoknil/AppData/Local/Pub/Cache/hosted/pub.dev/web-1.1.1/lib/src/dom/webrtc.dart:351:22: Error: Type 'JSString' not found.
  external JSPromise<JSString> getIdentityAssertion();
                     ^^^^^^^^
/C:/Users/berkgoknil/AppData/Local/Pub/Cache/hosted/pub.dev/web-1.1.1/lib/src/dom/webrtc.dart:351:12: Error: Type 'JSPromise' not found.
  external JSPromise<JSString> getIdentityAssertion();
           ^^^^^^^^^
/C:/Users/berkgoknil/AppData/Local/Pub/Cache/hosted/pub.dev/web-1.1.1/lib/src/dom/webrtc.dart:358:12: Error: Type 'JSArray' not found.
  external JSArray<RTCRtpSender> getSenders();
           ^^^^^^^
/C:/Users/berkgoknil/AppData/Local/Pub/Cache/hosted/pub.dev/web-1.1.1/lib/src/dom/webrtc.dart:365:12: Error: Type 'JSArray' not found.
  external JSArray<RTCRtpReceiver> getReceivers();
           ^^^^^^^
/C:/Users/berkgoknil/AppData/Local/Pub/Cache/hosted/pub.dev/web-1.1.1/lib/src/dom/webrtc.dart:370:12: Error: Type 'JSArray' not found.
  external JSArray<RTCRtpTransceiver> getTransceivers();
           ^^^^^^^
/C:/Users/berkgoknil/AppData/Local/Pub/Cache/hosted/pub.dev/web-1.1.1/lib/src/dom/webrtc.dart:407:5: Error: Type 'JSAny' not found.
    JSAny trackOrKind, [
    ^^^^^
/C:/Users/berkgoknil/AppData/Local/Pub/Cache/hosted/pub.dev/web-1.1.1/lib/src/dom/webrtc.dart:428:12: Error: Type 'JSPromise' not found.
  external JSPromise<RTCStatsReport> getStats([MediaStreamTrack? selector]);
           ^^^^^^^^^
/C:/Users/berkgoknil/AppData/Local/Pub/Cache/hosted/pub.dev/web-1.1.1/lib/src/dom/webrtc.dart:633:22: Error: Type 'JSObject' not found.
  external JSPromise<JSObject> get peerIdentity;
                     ^^^^^^^^
/C:/Users/berkgoknil/AppData/Local/Pub/Cache/hosted/pub.dev/web-1.1.1/lib/src/dom/webrtc.dart:633:12: Error: Type 'JSPromise' not found.
  external JSPromise<JSObject> get peerIdentity;
           ^^^^^^^^^
/C:/Users/berkgoknil/AppData/Local/Pub/Cache/hosted/pub.dev/web-1.1.1/lib/src/dom/webrtc.dart:666:40: Error: Type 'JSObject' not found.
extension type RTCSessionDescription._(JSObject _) implements JSObject {
                                       ^^^^^^^^
/C:/Users/berkgoknil/AppData/Local/Pub/Cache/hosted/pub.dev/web-1.1.1/lib/src/dom/webrtc.dart:666:63: Error: Type 'JSObject' not found.
extension type RTCSessionDescription._(JSObject _) implements JSObject {
                                                              ^^^^^^^^
/C:/Users/berkgoknil/AppData/Local/Pub/Cache/hosted/pub.dev/web-1.1.1/lib/src/dom/webrtc.dart:684:44: Error: Type 'JSObject' not found.
extension type RTCSessionDescriptionInit._(JSObject _) implements JSObject {
                                           ^^^^^^^^
/C:/Users/berkgoknil/AppData/Local/Pub/Cache/hosted/pub.dev/web-1.1.1/lib/src/dom/webrtc.dart:684:67: Error: Type 'JSObject' not found.
extension type RTCSessionDescriptionInit._(JSObject _) implements JSObject {
                                                                  ^^^^^^^^
/C:/Users/berkgoknil/AppData/Local/Pub/Cache/hosted/pub.dev/web-1.1.1/lib/src/dom/webrtc.dart:695:49: Error: Type 'JSObject' not found.
extension type RTCLocalSessionDescriptionInit._(JSObject _)
                                                ^^^^^^^^
/C:/Users/berkgoknil/AppData/Local/Pub/Cache/hosted/pub.dev/web-1.1.1/lib/src/dom/webrtc.dart:696:16: Error: Type 'JSObject' not found.
    implements JSObject {
               ^^^^^^^^
/C:/Users/berkgoknil/AppData/Local/Pub/Cache/hosted/pub.dev/web-1.1.1/lib/src/dom/webrtc.dart:730:34: Error: Type 'JSObject' not found.
extension type RTCIceCandidate._(JSObject _) implements JSObject {
                                 ^^^^^^^^
/C:/Users/berkgoknil/AppData/Local/Pub/Cache/hosted/pub.dev/web-1.1.1/lib/src/dom/webrtc.dart:730:57: Error: Type 'JSObject' not found.
extension type RTCIceCandidate._(JSObject _) implements JSObject {
                                                        ^^^^^^^^
/C:/Users/berkgoknil/AppData/Local/Pub/Cache/hosted/pub.dev/web-1.1.1/lib/src/dom/webrtc.dart:926:38: Error: Type 'JSObject' not found.
extension type RTCIceCandidateInit._(JSObject _) implements JSObject {
                                     ^^^^^^^^
/C:/Users/berkgoknil/AppData/Local/Pub/Cache/hosted/pub.dev/web-1.1.1/lib/src/dom/webrtc.dart:926:61: Error: Type 'JSObject' not found.
extension type RTCIceCandidateInit._(JSObject _) implements JSObject {
                                                            ^^^^^^^^
/C:/Users/berkgoknil/AppData/Local/Pub/Cache/hosted/pub.dev/web-1.1.1/lib/src/dom/webrtc.dart:953:44: Error: Type 'JSObject' not found.
extension type RTCPeerConnectionIceEvent._(JSObject _)
                                           ^^^^^^^^
/C:/Users/berkgoknil/AppData/Local/Pub/Cache/hosted/pub.dev/web-1.1.1/lib/src/dom/webrtc.dart:954:23: Error: Type 'JSObject' not found.
    implements Event, JSObject {
                      ^^^^^^^^
/C:/Users/berkgoknil/AppData/Local/Pub/Cache/hosted/pub.dev/web-1.1.1/lib/src/dom/webrtc.dart:966:48: Error: Type 'JSObject' not found.
extension type RTCPeerConnectionIceEventInit._(JSObject _)
                                               ^^^^^^^^
/C:/Users/berkgoknil/AppData/Local/Pub/Cache/hosted/pub.dev/web-1.1.1/lib/src/dom/webrtc.dart:967:27: Error: Type 'JSObject' not found.
    implements EventInit, JSObject {
                          ^^^^^^^^
/C:/Users/berkgoknil/AppData/Local/Pub/Cache/hosted/pub.dev/web-1.1.1/lib/src/dom/webrtc.dart:991:49: Error: Type 'JSObject' not found.
extension type RTCPeerConnectionIceErrorEvent._(JSObject _)
                                                ^^^^^^^^
/C:/Users/berkgoknil/AppData/Local/Pub/Cache/hosted/pub.dev/web-1.1.1/lib/src/dom/webrtc.dart:992:23: Error: Type 'JSObject' not found.
    implements Event, JSObject {
                      ^^^^^^^^
/C:/Users/berkgoknil/AppData/Local/Pub/Cache/hosted/pub.dev/web-1.1.1/lib/src/dom/webrtc.dart:1008:53: Error: Type 'JSObject' not found.
extension type RTCPeerConnectionIceErrorEventInit._(JSObject _)
                                                    ^^^^^^^^
/C:/Users/berkgoknil/AppData/Local/Pub/Cache/hosted/pub.dev/web-1.1.1/lib/src/dom/webrtc.dart:1009:27: Error: Type 'JSObject' not found.
    implements EventInit, JSObject {
                          ^^^^^^^^
/C:/Users/berkgoknil/AppData/Local/Pub/Cache/hosted/pub.dev/web-1.1.1/lib/src/dom/webrtc.dart:1046:33: Error: Type 'JSObject' not found.
extension type RTCCertificate._(JSObject _) implements JSObject {
                                ^^^^^^^^
/C:/Users/berkgoknil/AppData/Local/Pub/Cache/hosted/pub.dev/web-1.1.1/lib/src/dom/webrtc.dart:1046:56: Error: Type 'JSObject' not found.
extension type RTCCertificate._(JSObject _) implements JSObject {
                                                       ^^^^^^^^
/C:/Users/berkgoknil/AppData/Local/Pub/Cache/hosted/pub.dev/web-1.1.1/lib/src/dom/webrtc.dart:1055:12: Error: Type 'JSArray' not found.
  external JSArray<RTCDtlsFingerprint> getFingerprints();
           ^^^^^^^
/C:/Users/berkgoknil/AppData/Local/Pub/Cache/hosted/pub.dev/web-1.1.1/lib/src/dom/webrtc.dart:1067:40: Error: Type 'JSObject' not found.
extension type RTCRtpTransceiverInit._(JSObject _) implements JSObject {
                                       ^^^^^^^^
/C:/Users/berkgoknil/AppData/Local/Pub/Cache/hosted/pub.dev/web-1.1.1/lib/src/dom/webrtc.dart:1067:63: Error: Type 'JSObject' not found.
extension type RTCRtpTransceiverInit._(JSObject _) implements JSObject {
                                                              ^^^^^^^^
/C:/Users/berkgoknil/AppData/Local/Pub/Cache/hosted/pub.dev/web-1.1.1/lib/src/dom/webrtc.dart:1070:5: Error: Type 'JSArray' not found.
    JSArray<MediaStream> streams,
    ^^^^^^^
/C:/Users/berkgoknil/AppData/Local/Pub/Cache/hosted/pub.dev/web-1.1.1/lib/src/dom/webrtc.dart:1071:5: Error: Type 'JSArray' not found.
    JSArray<RTCRtpEncodingParameters> sendEncodings,
    ^^^^^^^
/C:/Users/berkgoknil/AppData/Local/Pub/Cache/hosted/pub.dev/web-1.1.1/lib/src/dom/webrtc.dart:1076:12: Error: Type 'JSArray' not found.
  external JSArray<MediaStream> get streams;
           ^^^^^^^
/C:/Users/berkgoknil/AppData/Local/Pub/Cache/hosted/pub.dev/web-1.1.1/lib/src/dom/webrtc.dart:1077:24: Error: Type 'JSArray' not found.
  external set streams(JSArray<MediaStream> value);
                       ^^^^^^^
/C:/Users/berkgoknil/AppData/Local/Pub/Cache/hosted/pub.dev/web-1.1.1/lib/src/dom/webrtc.dart:1078:12: Error: Type 'JSArray' not found.
  external JSArray<RTCRtpEncodingParameters> get sendEncodings;
           ^^^^^^^
/C:/Users/berkgoknil/AppData/Local/Pub/Cache/hosted/pub.dev/web-1.1.1/lib/src/dom/webrtc.dart:1079:30: Error: Type 'JSArray' not found.
  external set sendEncodings(JSArray<RTCRtpEncodingParameters> value);
                             ^^^^^^^
/C:/Users/berkgoknil/AppData/Local/Pub/Cache/hosted/pub.dev/web-1.1.1/lib/src/dom/webrtc.dart:1096:31: Error: Type 'JSObject' not found.
extension type RTCRtpSender._(JSObject _) implements JSObject {
                              ^^^^^^^^
/C:/Users/berkgoknil/AppData/Local/Pub/Cache/hosted/pub.dev/web-1.1.1/lib/src/dom/webrtc.dart:1096:54: Error: Type 'JSObject' not found.
extension type RTCRtpSender._(JSObject _) implements JSObject {
                                                     ^^^^^^^^
/C:/Users/berkgoknil/AppData/Local/Pub/Cache/hosted/pub.dev/web-1.1.1/lib/src/dom/webrtc.dart:1115:22: Error: Type 'JSAny' not found.
  external JSPromise<JSAny?> setParameters(
                     ^^^^^
/C:/Users/berkgoknil/AppData/Local/Pub/Cache/hosted/pub.dev/web-1.1.1/lib/src/dom/webrtc.dart:1115:12: Error: Type 'JSPromise' not found.
  external JSPromise<JSAny?> setParameters(
           ^^^^^^^^^
/C:/Users/berkgoknil/AppData/Local/Pub/Cache/hosted/pub.dev/web-1.1.1/lib/src/dom/webrtc.dart:1141:22: Error: Type 'JSAny' not found.
  external JSPromise<JSAny?> replaceTrack(MediaStreamTrack? withTrack);
                     ^^^^^
/C:/Users/berkgoknil/AppData/Local/Pub/Cache/hosted/pub.dev/web-1.1.1/lib/src/dom/webrtc.dart:1141:12: Error: Type 'JSPromise' not found.
  external JSPromise<JSAny?> replaceTrack(MediaStreamTrack? withTrack);
           ^^^^^^^^^
/C:/Users/berkgoknil/AppData/Local/Pub/Cache/hosted/pub.dev/web-1.1.1/lib/src/dom/webrtc.dart:1151:12: Error: Type 'JSPromise' not found.
  external JSPromise<RTCStatsReport> getStats();
           ^^^^^^^^^
/C:/Users/berkgoknil/AppData/Local/Pub/Cache/hosted/pub.dev/web-1.1.1/lib/src/dom/webrtc.dart:1197:35: Error: Type 'JSObject' not found.
extension type RTCRtpParameters._(JSObject _) implements JSObject {
                                  ^^^^^^^^
/C:/Users/berkgoknil/AppData/Local/Pub/Cache/hosted/pub.dev/web-1.1.1/lib/src/dom/webrtc.dart:1197:58: Error: Type 'JSObject' not found.
extension type RTCRtpParameters._(JSObject _) implements JSObject {
                                                         ^^^^^^^^
/C:/Users/berkgoknil/AppData/Local/Pub/Cache/hosted/pub.dev/web-1.1.1/lib/src/dom/webrtc.dart:1199:14: Error: Type 'JSArray' not found.
    required JSArray<RTCRtpHeaderExtensionParameters> headerExtensions,
             ^^^^^^^
/C:/Users/berkgoknil/AppData/Local/Pub/Cache/hosted/pub.dev/web-1.1.1/lib/src/dom/webrtc.dart:1201:14: Error: Type 'JSArray' not found.
    required JSArray<RTCRtpCodecParameters> codecs,
             ^^^^^^^
/C:/Users/berkgoknil/AppData/Local/Pub/Cache/hosted/pub.dev/web-1.1.1/lib/src/dom/webrtc.dart:1204:12: Error: Type 'JSArray' not found.
  external JSArray<RTCRtpHeaderExtensionParameters> get headerExtensions;
           ^^^^^^^
/C:/Users/berkgoknil/AppData/Local/Pub/Cache/hosted/pub.dev/web-1.1.1/lib/src/dom/webrtc.dart:1205:33: Error: Type 'JSArray' not found.
  external set headerExtensions(JSArray<RTCRtpHeaderExtensionParameters> value);
                                ^^^^^^^
/C:/Users/berkgoknil/AppData/Local/Pub/Cache/hosted/pub.dev/web-1.1.1/lib/src/dom/webrtc.dart:1208:12: Error: Type 'JSArray' not found.
  external JSArray<RTCRtpCodecParameters> get codecs;
           ^^^^^^^
/C:/Users/berkgoknil/AppData/Local/Pub/Cache/hosted/pub.dev/web-1.1.1/lib/src/dom/webrtc.dart:1209:23: Error: Type 'JSArray' not found.
  external set codecs(JSArray<RTCRtpCodecParameters> value);
                      ^^^^^^^
/C:/Users/berkgoknil/AppData/Local/Pub/Cache/hosted/pub.dev/web-1.1.1/lib/src/dom/webrtc.dart:1211:39: Error: Type 'JSObject' not found.
extension type RTCRtpSendParameters._(JSObject _)
                                      ^^^^^^^^
/C:/Users/berkgoknil/AppData/Local/Pub/Cache/hosted/pub.dev/web-1.1.1/lib/src/dom/webrtc.dart:1212:34: Error: Type 'JSObject' not found.
    implements RTCRtpParameters, JSObject {
                                 ^^^^^^^^
/C:/Users/berkgoknil/AppData/Local/Pub/Cache/hosted/pub.dev/web-1.1.1/lib/src/dom/webrtc.dart:1214:14: Error: Type 'JSArray' not found.
    required JSArray<RTCRtpHeaderExtensionParameters> headerExtensions,
             ^^^^^^^
/C:/Users/berkgoknil/AppData/Local/Pub/Cache/hosted/pub.dev/web-1.1.1/lib/src/dom/webrtc.dart:1216:14: Error: Type 'JSArray' not found.
    required JSArray<RTCRtpCodecParameters> codecs,
             ^^^^^^^
/C:/Users/berkgoknil/AppData/Local/Pub/Cache/hosted/pub.dev/web-1.1.1/lib/src/dom/webrtc.dart:1218:14: Error: Type 'JSArray' not found.
    required JSArray<RTCRtpEncodingParameters> encodings,
             ^^^^^^^
/C:/Users/berkgoknil/AppData/Local/Pub/Cache/hosted/pub.dev/web-1.1.1/lib/src/dom/webrtc.dart:1224:12: Error: Type 'JSArray' not found.
  external JSArray<RTCRtpEncodingParameters> get encodings;
           ^^^^^^^
/C:/Users/berkgoknil/AppData/Local/Pub/Cache/hosted/pub.dev/web-1.1.1/lib/src/dom/webrtc.dart:1225:26: Error: Type 'JSArray' not found.
  external set encodings(JSArray<RTCRtpEncodingParameters> value);
                         ^^^^^^^
/C:/Users/berkgoknil/AppData/Local/Pub/Cache/hosted/pub.dev/web-1.1.1/lib/src/dom/webrtc.dart:1229:42: Error: Type 'JSObject' not found.
extension type RTCRtpReceiveParameters._(JSObject _)
                                         ^^^^^^^^
/C:/Users/berkgoknil/AppData/Local/Pub/Cache/hosted/pub.dev/web-1.1.1/lib/src/dom/webrtc.dart:1230:34: Error: Type 'JSObject' not found.
    implements RTCRtpParameters, JSObject {
                                 ^^^^^^^^
/C:/Users/berkgoknil/AppData/Local/Pub/Cache/hosted/pub.dev/web-1.1.1/lib/src/dom/webrtc.dart:1232:14: Error: Type 'JSArray' not found.
    required JSArray<RTCRtpHeaderExtensionParameters> headerExtensions,
             ^^^^^^^
/C:/Users/berkgoknil/AppData/Local/Pub/Cache/hosted/pub.dev/web-1.1.1/lib/src/dom/webrtc.dart:1234:14: Error: Type 'JSArray' not found.
    required JSArray<RTCRtpCodecParameters> codecs,
             ^^^^^^^
/C:/Users/berkgoknil/AppData/Local/Pub/Cache/hosted/pub.dev/web-1.1.1/lib/src/dom/webrtc.dart:1237:41: Error: Type 'JSObject' not found.
extension type RTCRtpCodingParameters._(JSObject _) implements JSObject {
                                        ^^^^^^^^
/C:/Users/berkgoknil/AppData/Local/Pub/Cache/hosted/pub.dev/web-1.1.1/lib/src/dom/webrtc.dart:1237:64: Error: Type 'JSObject' not found.
extension type RTCRtpCodingParameters._(JSObject _) implements JSObject {
                                                               ^^^^^^^^
/C:/Users/berkgoknil/AppData/Local/Pub/Cache/hosted/pub.dev/web-1.1.1/lib/src/dom/webrtc.dart:1243:43: Error: Type 'JSObject' not found.
extension type RTCRtpEncodingParameters._(JSObject _)
                                          ^^^^^^^^
/C:/Users/berkgoknil/AppData/Local/Pub/Cache/hosted/pub.dev/web-1.1.1/lib/src/dom/webrtc.dart:1244:40: Error: Type 'JSObject' not found.
    implements RTCRtpCodingParameters, JSObject {
                                       ^^^^^^^^
/C:/Users/berkgoknil/AppData/Local/Pub/Cache/hosted/pub.dev/web-1.1.1/lib/src/dom/webrtc.dart:1271:36: Error: Type 'JSObject' not found.
extension type RTCRtcpParameters._(JSObject _) implements JSObject {
                                   ^^^^^^^^
/C:/Users/berkgoknil/AppData/Local/Pub/Cache/hosted/pub.dev/web-1.1.1/lib/src/dom/webrtc.dart:1271:59: Error: Type 'JSObject' not found.
extension type RTCRtcpParameters._(JSObject _) implements JSObject {
                                                          ^^^^^^^^
/C:/Users/berkgoknil/AppData/Local/Pub/Cache/hosted/pub.dev/web-1.1.1/lib/src/dom/webrtc.dart:1282:50: Error: Type 'JSObject' not found.
extension type RTCRtpHeaderExtensionParameters._(JSObject _)
                                                 ^^^^^^^^
/C:/Users/berkgoknil/AppData/Local/Pub/Cache/hosted/pub.dev/web-1.1.1/lib/src/dom/webrtc.dart:1283:16: Error: Type 'JSObject' not found.
    implements JSObject {
               ^^^^^^^^
/C:/Users/berkgoknil/AppData/Local/Pub/Cache/hosted/pub.dev/web-1.1.1/lib/src/dom/webrtc.dart:1297:30: Error: Type 'JSObject' not found.
extension type RTCRtpCodec._(JSObject _) implements JSObject {
                             ^^^^^^^^
/C:/Users/berkgoknil/AppData/Local/Pub/Cache/hosted/pub.dev/web-1.1.1/lib/src/dom/webrtc.dart:1297:53: Error: Type 'JSObject' not found.
extension type RTCRtpCodec._(JSObject _) implements JSObject {
                                                    ^^^^^^^^
/C:/Users/berkgoknil/AppData/Local/Pub/Cache/hosted/pub.dev/web-1.1.1/lib/src/dom/webrtc.dart:1314:40: Error: Type 'JSObject' not found.
extension type RTCRtpCodecParameters._(JSObject _)
                                       ^^^^^^^^
/C:/Users/berkgoknil/AppData/Local/Pub/Cache/hosted/pub.dev/web-1.1.1/lib/src/dom/webrtc.dart:1315:29: Error: Type 'JSObject' not found.
    implements RTCRtpCodec, JSObject {
                            ^^^^^^^^
/C:/Users/berkgoknil/AppData/Local/Pub/Cache/hosted/pub.dev/web-1.1.1/lib/src/dom/webrtc.dart:1327:37: Error: Type 'JSObject' not found.
extension type RTCRtpCapabilities._(JSObject _) implements JSObject {
                                    ^^^^^^^^
/C:/Users/berkgoknil/AppData/Local/Pub/Cache/hosted/pub.dev/web-1.1.1/lib/src/dom/webrtc.dart:1327:60: Error: Type 'JSObject' not found.
extension type RTCRtpCapabilities._(JSObject _) implements JSObject {
                                                           ^^^^^^^^
/C:/Users/berkgoknil/AppData/Local/Pub/Cache/hosted/pub.dev/web-1.1.1/lib/src/dom/webrtc.dart:1329:14: Error: Type 'JSArray' not found.
    required JSArray<RTCRtpCodec> codecs,
             ^^^^^^^
/C:/Users/berkgoknil/AppData/Local/Pub/Cache/hosted/pub.dev/web-1.1.1/lib/src/dom/webrtc.dart:1330:14: Error: Type 'JSArray' not found.
    required JSArray<RTCRtpHeaderExtensionCapability> headerExtensions,
             ^^^^^^^
/C:/Users/berkgoknil/AppData/Local/Pub/Cache/hosted/pub.dev/web-1.1.1/lib/src/dom/webrtc.dart:1333:12: Error: Type 'JSArray' not found.
  external JSArray<RTCRtpCodec> get codecs;
           ^^^^^^^
/C:/Users/berkgoknil/AppData/Local/Pub/Cache/hosted/pub.dev/web-1.1.1/lib/src/dom/webrtc.dart:1334:23: Error: Type 'JSArray' not found.
  external set codecs(JSArray<RTCRtpCodec> value);
                      ^^^^^^^
/C:/Users/berkgoknil/AppData/Local/Pub/Cache/hosted/pub.dev/web-1.1.1/lib/src/dom/webrtc.dart:1335:12: Error: Type 'JSArray' not found.
  external JSArray<RTCRtpHeaderExtensionCapability> get headerExtensions;
           ^^^^^^^
/C:/Users/berkgoknil/AppData/Local/Pub/Cache/hosted/pub.dev/web-1.1.1/lib/src/dom/webrtc.dart:1336:33: Error: Type 'JSArray' not found.
  external set headerExtensions(JSArray<RTCRtpHeaderExtensionCapability> value);
                                ^^^^^^^
/C:/Users/berkgoknil/AppData/Local/Pub/Cache/hosted/pub.dev/web-1.1.1/lib/src/dom/webrtc.dart:1338:50: Error: Type 'JSObject' not found.
extension type RTCRtpHeaderExtensionCapability._(JSObject _)
                                                 ^^^^^^^^
/C:/Users/berkgoknil/AppData/Local/Pub/Cache/hosted/pub.dev/web-1.1.1/lib/src/dom/webrtc.dart:1339:16: Error: Type 'JSObject' not found.
    implements JSObject {
               ^^^^^^^^
/C:/Users/berkgoknil/AppData/Local/Pub/Cache/hosted/pub.dev/web-1.1.1/lib/src/dom/webrtc.dart:1345:41: Error: Type 'JSObject' not found.
extension type RTCSetParameterOptions._(JSObject _) implements JSObject {
                                        ^^^^^^^^
/C:/Users/berkgoknil/AppData/Local/Pub/Cache/hosted/pub.dev/web-1.1.1/lib/src/dom/webrtc.dart:1345:64: Error: Type 'JSObject' not found.
extension type RTCSetParameterOptions._(JSObject _) implements JSObject {
                                                               ^^^^^^^^
/C:/Users/berkgoknil/AppData/Local/Pub/Cache/hosted/pub.dev/web-1.1.1/lib/src/dom/webrtc.dart:1358:33: Error: Type 'JSObject' not found.
extension type RTCRtpReceiver._(JSObject _) implements JSObject {
                                ^^^^^^^^
/C:/Users/berkgoknil/AppData/Local/Pub/Cache/hosted/pub.dev/web-1.1.1/lib/src/dom/webrtc.dart:1358:56: Error: Type 'JSObject' not found.
extension type RTCRtpReceiver._(JSObject _) implements JSObject {
                                                       ^^^^^^^^
/C:/Users/berkgoknil/AppData/Local/Pub/Cache/hosted/pub.dev/web-1.1.1/lib/src/dom/webrtc.dart:1376:12: Error: Type 'JSArray' not found.
  external JSArray<RTCRtpContributingSource> getContributingSources();
           ^^^^^^^
/C:/Users/berkgoknil/AppData/Local/Pub/Cache/hosted/pub.dev/web-1.1.1/lib/src/dom/webrtc.dart:1382:12: Error: Type 'JSArray' not found.
  external JSArray<RTCRtpSynchronizationSource> getSynchronizationSources();
           ^^^^^^^
/C:/Users/berkgoknil/AppData/Local/Pub/Cache/hosted/pub.dev/web-1.1.1/lib/src/dom/webrtc.dart:1388:12: Error: Type 'JSPromise' not found.
  external JSPromise<RTCStatsReport> getStats();
           ^^^^^^^^^
/C:/Users/berkgoknil/AppData/Local/Pub/Cache/hosted/pub.dev/web-1.1.1/lib/src/dom/webrtc.dart:1438:43: Error: Type 'JSObject' not found.
extension type RTCRtpContributingSource._(JSObject _) implements JSObject {
                                          ^^^^^^^^
/C:/Users/berkgoknil/AppData/Local/Pub/Cache/hosted/pub.dev/web-1.1.1/lib/src/dom/webrtc.dart:1438:66: Error: Type 'JSObject' not found.
extension type RTCRtpContributingSource._(JSObject _) implements JSObject {
                                                                 ^^^^^^^^
/C:/Users/berkgoknil/AppData/Local/Pub/Cache/hosted/pub.dev/web-1.1.1/lib/src/dom/webrtc.dart:1455:46: Error: Type 'JSObject' not found.
extension type RTCRtpSynchronizationSource._(JSObject _)
                                             ^^^^^^^^
/C:/Users/berkgoknil/AppData/Local/Pub/Cache/hosted/pub.dev/web-1.1.1/lib/src/dom/webrtc.dart:1456:42: Error: Type 'JSObject' not found.
    implements RTCRtpContributingSource, JSObject {
                                         ^^^^^^^^
/C:/Users/berkgoknil/AppData/Local/Pub/Cache/hosted/pub.dev/web-1.1.1/lib/src/dom/webrtc.dart:1486:36: Error: Type 'JSObject' not found.
extension type RTCRtpTransceiver._(JSObject _) implements JSObject {
                                   ^^^^^^^^
/C:/Users/berkgoknil/AppData/Local/Pub/Cache/hosted/pub.dev/web-1.1.1/lib/src/dom/webrtc.dart:1486:59: Error: Type 'JSObject' not found.
extension type RTCRtpTransceiver._(JSObject _) implements JSObject {
                                                          ^^^^^^^^
/C:/Users/berkgoknil/AppData/Local/Pub/Cache/hosted/pub.dev/web-1.1.1/lib/src/dom/webrtc.dart:1506:37: Error: Type 'JSArray' not found.
  external void setCodecPreferences(JSArray<RTCRtpCodec> codecs);
                                    ^^^^^^^
/C:/Users/berkgoknil/AppData/Local/Pub/Cache/hosted/pub.dev/web-1.1.1/lib/src/dom/webrtc.dart:1571:35: Error: Type 'JSObject' not found.
extension type RTCDtlsTransport._(JSObject _) implements EventTarget, JSObject {
                                  ^^^^^^^^
/C:/Users/berkgoknil/AppData/Local/Pub/Cache/hosted/pub.dev/web-1.1.1/lib/src/dom/webrtc.dart:1571:71: Error: Type 'JSObject' not found.
extension type RTCDtlsTransport._(JSObject _) implements EventTarget, JSObject {
                                                                      ^^^^^^^^
/C:/Users/berkgoknil/AppData/Local/Pub/Cache/hosted/pub.dev/web-1.1.1/lib/src/dom/webrtc.dart:1572:20: Error: Type 'JSArrayBuffer' not found.
  external JSArray<JSArrayBuffer> getRemoteCertificates();
                   ^^^^^^^^^^^^^
/C:/Users/berkgoknil/AppData/Local/Pub/Cache/hosted/pub.dev/web-1.1.1/lib/src/dom/webrtc.dart:1572:12: Error: Type 'JSArray' not found.
  external JSArray<JSArrayBuffer> getRemoteCertificates();
           ^^^^^^^
/C:/Users/berkgoknil/AppData/Local/Pub/Cache/hosted/pub.dev/web-1.1.1/lib/src/dom/webrtc.dart:1587:37: Error: Type 'JSObject' not found.
extension type RTCDtlsFingerprint._(JSObject _) implements JSObject {
                                    ^^^^^^^^
/C:/Users/berkgoknil/AppData/Local/Pub/Cache/hosted/pub.dev/web-1.1.1/lib/src/dom/webrtc.dart:1587:60: Error: Type 'JSObject' not found.
extension type RTCDtlsFingerprint._(JSObject _) implements JSObject {
                                                           ^^^^^^^^
/C:/Users/berkgoknil/AppData/Local/Pub/Cache/hosted/pub.dev/web-1.1.1/lib/src/dom/webrtc.dart:1608:34: Error: Type 'JSObject' not found.
extension type RTCIceTransport._(JSObject _) implements EventTarget, JSObject {
                                 ^^^^^^^^
/C:/Users/berkgoknil/AppData/Local/Pub/Cache/hosted/pub.dev/web-1.1.1/lib/src/dom/webrtc.dart:1608:70: Error: Type 'JSObject' not found.
extension type RTCIceTransport._(JSObject _) implements EventTarget, JSObject {
                                                                     ^^^^^^^^
/C:/Users/berkgoknil/AppData/Local/Pub/Cache/hosted/pub.dev/web-1.1.1/lib/src/dom/webrtc.dart:1618:12: Error: Type 'JSArray' not found.
  external JSArray<RTCIceCandidate> getLocalCandidates();
           ^^^^^^^
/C:/Users/berkgoknil/AppData/Local/Pub/Cache/hosted/pub.dev/web-1.1.1/lib/src/dom/webrtc.dart:1628:12: Error: Type 'JSArray' not found.
  external JSArray<RTCIceCandidate> getRemoteCandidates();
           ^^^^^^^
/C:/Users/berkgoknil/AppData/Local/Pub/Cache/hosted/pub.dev/web-1.1.1/lib/src/dom/webrtc.dart:1634:12: Error: Type 'JSObject' not found.
  external JSObject? getSelectedCandidatePair();
           ^^^^^^^^
/C:/Users/berkgoknil/AppData/Local/Pub/Cache/hosted/pub.dev/web-1.1.1/lib/src/dom/webrtc.dart:1711:35: Error: Type 'JSObject' not found.
extension type RTCIceParameters._(JSObject _) implements JSObject {
                                  ^^^^^^^^
/C:/Users/berkgoknil/AppData/Local/Pub/Cache/hosted/pub.dev/web-1.1.1/lib/src/dom/webrtc.dart:1711:58: Error: Type 'JSObject' not found.
extension type RTCIceParameters._(JSObject _) implements JSObject {
                                                         ^^^^^^^^
/C:/Users/berkgoknil/AppData/Local/Pub/Cache/hosted/pub.dev/web-1.1.1/lib/src/dom/webrtc.dart:1753:32: Error: Type 'JSObject' not found.
extension type RTCTrackEvent._(JSObject _) implements Event, JSObject {
                               ^^^^^^^^
/C:/Users/berkgoknil/AppData/Local/Pub/Cache/hosted/pub.dev/web-1.1.1/lib/src/dom/webrtc.dart:1753:62: Error: Type 'JSObject' not found.
extension type RTCTrackEvent._(JSObject _) implements Event, JSObject {
                                                             ^^^^^^^^
/C:/Users/berkgoknil/AppData/Local/Pub/Cache/hosted/pub.dev/web-1.1.1/lib/src/dom/webrtc.dart:1778:12: Error: Type 'JSArray' not found.
  external JSArray<MediaStream> get streams;
           ^^^^^^^
/C:/Users/berkgoknil/AppData/Local/Pub/Cache/hosted/pub.dev/web-1.1.1/lib/src/dom/webrtc.dart:1789:36: Error: Type 'JSObject' not found.
extension type RTCTrackEventInit._(JSObject _) implements EventInit, JSObject {
                                   ^^^^^^^^
/C:/Users/berkgoknil/AppData/Local/Pub/Cache/hosted/pub.dev/web-1.1.1/lib/src/dom/webrtc.dart:1789:70: Error: Type 'JSObject' not found.
extension type RTCTrackEventInit._(JSObject _) implements EventInit, JSObject {
                                                                     ^^^^^^^^
/C:/Users/berkgoknil/AppData/Local/Pub/Cache/hosted/pub.dev/web-1.1.1/lib/src/dom/webrtc.dart:1796:5: Error: Type 'JSArray' not found.
    JSArray<MediaStream> streams,
    ^^^^^^^
/C:/Users/berkgoknil/AppData/Local/Pub/Cache/hosted/pub.dev/web-1.1.1/lib/src/dom/webrtc.dart:1804:12: Error: Type 'JSArray' not found.
  external JSArray<MediaStream> get streams;
           ^^^^^^^
/C:/Users/berkgoknil/AppData/Local/Pub/Cache/hosted/pub.dev/web-1.1.1/lib/src/dom/webrtc.dart:1805:24: Error: Type 'JSArray' not found.
  external set streams(JSArray<MediaStream> value);
                       ^^^^^^^
/C:/Users/berkgoknil/AppData/Local/Pub/Cache/hosted/pub.dev/web-1.1.1/lib/src/dom/webrtc.dart:1830:35: Error: Type 'JSObject' not found.
extension type RTCSctpTransport._(JSObject _) implements EventTarget, JSObject {
                                  ^^^^^^^^
/C:/Users/berkgoknil/AppData/Local/Pub/Cache/hosted/pub.dev/web-1.1.1/lib/src/dom/webrtc.dart:1830:71: Error: Type 'JSObject' not found.
extension type RTCSctpTransport._(JSObject _) implements EventTarget, JSObject {
                                                                      ^^^^^^^^
/C:/Users/berkgoknil/AppData/Local/Pub/Cache/hosted/pub.dev/web-1.1.1/lib/src/dom/webrtc.dart:1874:33: Error: Type 'JSObject' not found.
extension type RTCDataChannel._(JSObject _) implements EventTarget, JSObject {
                                ^^^^^^^^
/C:/Users/berkgoknil/AppData/Local/Pub/Cache/hosted/pub.dev/web-1.1.1/lib/src/dom/webrtc.dart:1874:69: Error: Type 'JSObject' not found.
extension type RTCDataChannel._(JSObject _) implements EventTarget, JSObject {
                                                                    ^^^^^^^^
/C:/Users/berkgoknil/AppData/Local/Pub/Cache/hosted/pub.dev/web-1.1.1/lib/src/dom/webrtc.dart:1926:22: Error: Type 'JSAny' not found.
  external void send(JSAny data);
                     ^^^^^
/C:/Users/berkgoknil/AppData/Local/Pub/Cache/hosted/pub.dev/web-1.1.1/lib/src/dom/webrtc.dart:2108:37: Error: Type 'JSObject' not found.
extension type RTCDataChannelInit._(JSObject _) implements JSObject {
                                    ^^^^^^^^
/C:/Users/berkgoknil/AppData/Local/Pub/Cache/hosted/pub.dev/web-1.1.1/lib/src/dom/webrtc.dart:2108:60: Error: Type 'JSObject' not found.
extension type RTCDataChannelInit._(JSObject _) implements JSObject {
                                                           ^^^^^^^^
/C:/Users/berkgoknil/AppData/Local/Pub/Cache/hosted/pub.dev/web-1.1.1/lib/src/dom/webrtc.dart:2142:38: Error: Type 'JSObject' not found.
extension type RTCDataChannelEvent._(JSObject _) implements Event, JSObject {
                                     ^^^^^^^^
/C:/Users/berkgoknil/AppData/Local/Pub/Cache/hosted/pub.dev/web-1.1.1/lib/src/dom/webrtc.dart:2142:68: Error: Type 'JSObject' not found.
extension type RTCDataChannelEvent._(JSObject _) implements Event, JSObject {
                                                                   ^^^^^^^^
/C:/Users/berkgoknil/AppData/Local/Pub/Cache/hosted/pub.dev/web-1.1.1/lib/src/dom/webrtc.dart:2152:42: Error: Type 'JSObject' not found.
extension type RTCDataChannelEventInit._(JSObject _)
                                         ^^^^^^^^
/C:/Users/berkgoknil/AppData/Local/Pub/Cache/hosted/pub.dev/web-1.1.1/lib/src/dom/webrtc.dart:2153:27: Error: Type 'JSObject' not found.
    implements EventInit, JSObject {
                          ^^^^^^^^
/C:/Users/berkgoknil/AppData/Local/Pub/Cache/hosted/pub.dev/web-1.1.1/lib/src/dom/webrtc.dart:2185:32: Error: Type 'JSObject' not found.
extension type RTCDTMFSender._(JSObject _) implements EventTarget, JSObject {
                               ^^^^^^^^
/C:/Users/berkgoknil/AppData/Local/Pub/Cache/hosted/pub.dev/web-1.1.1/lib/src/dom/webrtc.dart:2185:68: Error: Type 'JSObject' not found.
extension type RTCDTMFSender._(JSObject _) implements EventTarget, JSObject {
                                                                   ^^^^^^^^
/C:/Users/berkgoknil/AppData/Local/Pub/Cache/hosted/pub.dev/web-1.1.1/lib/src/dom/webrtc.dart:2239:41: Error: Type 'JSObject' not found.
extension type RTCDTMFToneChangeEvent._(JSObject _) implements Event, JSObject {
                                        ^^^^^^^^
/C:/Users/berkgoknil/AppData/Local/Pub/Cache/hosted/pub.dev/web-1.1.1/lib/src/dom/webrtc.dart:2239:71: Error: Type 'JSObject' not found.
extension type RTCDTMFToneChangeEvent._(JSObject _) implements Event, JSObject {
                                                                      ^^^^^^^^
/C:/Users/berkgoknil/AppData/Local/Pub/Cache/hosted/pub.dev/web-1.1.1/lib/src/dom/webrtc.dart:2252:45: Error: Type 'JSObject' not found.
extension type RTCDTMFToneChangeEventInit._(JSObject _)
                                            ^^^^^^^^
/C:/Users/berkgoknil/AppData/Local/Pub/Cache/hosted/pub.dev/web-1.1.1/lib/src/dom/webrtc.dart:2253:27: Error: Type 'JSObject' not found.
    implements EventInit, JSObject {
                          ^^^^^^^^
/C:/Users/berkgoknil/AppData/Local/Pub/Cache/hosted/pub.dev/web-1.1.1/lib/src/dom/webrtc.dart:2280:33: Error: Type 'JSObject' not found.
extension type RTCStatsReport._(JSObject _) implements JSObject {}
                                ^^^^^^^^
/C:/Users/berkgoknil/AppData/Local/Pub/Cache/hosted/pub.dev/web-1.1.1/lib/src/dom/webrtc.dart:2280:56: Error: Type 'JSObject' not found.
extension type RTCStatsReport._(JSObject _) implements JSObject {}
                                                       ^^^^^^^^
/C:/Users/berkgoknil/AppData/Local/Pub/Cache/hosted/pub.dev/web-1.1.1/lib/src/dom/webrtc.dart:2292:27: Error: Type 'JSObject' not found.
extension type RTCError._(JSObject _) implements DOMException, JSObject {
                          ^^^^^^^^
/C:/Users/berkgoknil/AppData/Local/Pub/Cache/hosted/pub.dev/web-1.1.1/lib/src/dom/webrtc.dart:2292:64: Error: Type 'JSObject' not found.
extension type RTCError._(JSObject _) implements DOMException, JSObject {
                                                               ^^^^^^^^
/C:/Users/berkgoknil/AppData/Local/Pub/Cache/hosted/pub.dev/web-1.1.1/lib/src/dom/webrtc.dart:2327:31: Error: Type 'JSObject' not found.
extension type RTCErrorInit._(JSObject _) implements JSObject {
                              ^^^^^^^^
/C:/Users/berkgoknil/AppData/Local/Pub/Cache/hosted/pub.dev/web-1.1.1/lib/src/dom/webrtc.dart:2327:54: Error: Type 'JSObject' not found.
extension type RTCErrorInit._(JSObject _) implements JSObject {
                                                     ^^^^^^^^
/C:/Users/berkgoknil/AppData/Local/Pub/Cache/hosted/pub.dev/web-1.1.1/lib/src/dom/webrtc.dart:2359:32: Error: Type 'JSObject' not found.
extension type RTCErrorEvent._(JSObject _) implements Event, JSObject {
                               ^^^^^^^^
/C:/Users/berkgoknil/AppData/Local/Pub/Cache/hosted/pub.dev/web-1.1.1/lib/src/dom/webrtc.dart:2359:62: Error: Type 'JSObject' not found.
extension type RTCErrorEvent._(JSObject _) implements Event, JSObject {
                                                             ^^^^^^^^
/C:/Users/berkgoknil/AppData/Local/Pub/Cache/hosted/pub.dev/web-1.1.1/lib/src/dom/webrtc.dart:2371:36: Error: Type 'JSObject' not found.
extension type RTCErrorEventInit._(JSObject _) implements EventInit, JSObject {
                                   ^^^^^^^^
/C:/Users/berkgoknil/AppData/Local/Pub/Cache/hosted/pub.dev/web-1.1.1/lib/src/dom/webrtc.dart:2371:70: Error: Type 'JSObject' not found.
extension type RTCErrorEventInit._(JSObject _) implements EventInit, JSObject {
                                                                     ^^^^^^^^
/C:/Users/berkgoknil/AppData/Local/Pub/Cache/hosted/pub.dev/web-1.1.1/lib/src/dom/webrtc.dart:52:58: Error: The type 'JSObject' can't be implemented by an extension type.
extension type RTCConfiguration._(JSObject _) implements JSObject {
                                                         ^
/C:/Users/berkgoknil/AppData/Local/Pub/Cache/hosted/pub.dev/web-1.1.1/lib/src/dom/webrtc.dart:78:54: Error: The type 'JSObject' can't be implemented by an extension type.
extension type RTCIceServer._(JSObject _) implements JSObject {
                                                     ^
/C:/Users/berkgoknil/AppData/Local/Pub/Cache/hosted/pub.dev/web-1.1.1/lib/src/dom/webrtc.dart:92:63: Error: The type 'JSObject' can't be implemented by an extension type.
extension type RTCOfferAnswerOptions._(JSObject _) implements JSObject {
                                                              ^
/C:/Users/berkgoknil/AppData/Local/Pub/Cache/hosted/pub.dev/web-1.1.1/lib/src/dom/webrtc.dart:96:39: Error: The type 'JSObject' can't be implemented by an extension type.
    implements RTCOfferAnswerOptions, JSObject {
                                      ^
/C:/Users/berkgoknil/AppData/Local/Pub/Cache/hosted/pub.dev/web-1.1.1/lib/src/dom/webrtc.dart:111:39: Error: The type 'JSObject' can't be implemented by an extension type.
    implements RTCOfferAnswerOptions, JSObject {
                                      ^
/C:/Users/berkgoknil/AppData/Local/Pub/Cache/hosted/pub.dev/web-1.1.1/lib/src/dom/webrtc.dart:125:29: Error: The type 'JSObject' can't be implemented by an extension type.
    implements EventTarget, JSObject {
                            ^
/C:/Users/berkgoknil/AppData/Local/Pub/Cache/hosted/pub.dev/web-1.1.1/lib/src/dom/webrtc.dart:666:63: Error: The type 'JSObject' can't be implemented by an extension type.
extension type RTCSessionDescription._(JSObject _) implements JSObject {
                                                              ^
/C:/Users/berkgoknil/AppData/Local/Pub/Cache/hosted/pub.dev/web-1.1.1/lib/src/dom/webrtc.dart:684:67: Error: The type 'JSObject' can't be implemented by an extension type.
extension type RTCSessionDescriptionInit._(JSObject _) implements JSObject {
                                                                  ^
/C:/Users/berkgoknil/AppData/Local/Pub/Cache/hosted/pub.dev/web-1.1.1/lib/src/dom/webrtc.dart:696:16: Error: The type 'JSObject' can't be implemented by an extension type.
    implements JSObject {
               ^
/C:/Users/berkgoknil/AppData/Local/Pub/Cache/hosted/pub.dev/web-1.1.1/lib/src/dom/webrtc.dart:730:57: Error: The type 'JSObject' can't be implemented by an extension type.
extension type RTCIceCandidate._(JSObject _) implements JSObject {
                                                        ^
/C:/Users/berkgoknil/AppData/Local/Pub/Cache/hosted/pub.dev/web-1.1.1/lib/src/dom/webrtc.dart:926:61: Error: The type 'JSObject' can't be implemented by an extension type.
extension type RTCIceCandidateInit._(JSObject _) implements JSObject {
                                                            ^
/C:/Users/berkgoknil/AppData/Local/Pub/Cache/hosted/pub.dev/web-1.1.1/lib/src/dom/webrtc.dart:954:23: Error: The type 'JSObject' can't be implemented by an extension type.
    implements Event, JSObject {
                      ^
/C:/Users/berkgoknil/AppData/Local/Pub/Cache/hosted/pub.dev/web-1.1.1/lib/src/dom/webrtc.dart:967:27: Error: The type 'JSObject' can't be implemented by an extension type.
    implements EventInit, JSObject {
                          ^
/C:/Users/berkgoknil/AppData/Local/Pub/Cache/hosted/pub.dev/web-1.1.1/lib/src/dom/webrtc.dart:992:23: Error: The type 'JSObject' can't be implemented by an extension type.
    implements Event, JSObject {
                      ^
/C:/Users/berkgoknil/AppData/Local/Pub/Cache/hosted/pub.dev/web-1.1.1/lib/src/dom/webrtc.dart:1009:27: Error: The type 'JSObject' can't be implemented by an extension type.
    implements EventInit, JSObject {
                          ^
/C:/Users/berkgoknil/AppData/Local/Pub/Cache/hosted/pub.dev/web-1.1.1/lib/src/dom/webrtc.dart:1046:56: Error: The type 'JSObject' can't be implemented by an extension type.
extension type RTCCertificate._(JSObject _) implements JSObject {
                                                       ^
/C:/Users/berkgoknil/AppData/Local/Pub/Cache/hosted/pub.dev/web-1.1.1/lib/src/dom/webrtc.dart:1067:63: Error: The type 'JSObject' can't be implemented by an extension type.
extension type RTCRtpTransceiverInit._(JSObject _) implements JSObject {
                                                              ^
/C:/Users/berkgoknil/AppData/Local/Pub/Cache/hosted/pub.dev/web-1.1.1/lib/src/dom/webrtc.dart:1096:54: Error: The type 'JSObject' can't be implemented by an extension type.
extension type RTCRtpSender._(JSObject _) implements JSObject {
                                                     ^
/C:/Users/berkgoknil/AppData/Local/Pub/Cache/hosted/pub.dev/web-1.1.1/lib/src/dom/webrtc.dart:1197:58: Error: The type 'JSObject' can't be implemented by an extension type.
extension type RTCRtpParameters._(JSObject _) implements JSObject {
                                                         ^
/C:/Users/berkgoknil/AppData/Local/Pub/Cache/hosted/pub.dev/web-1.1.1/lib/src/dom/webrtc.dart:1212:34: Error: The type 'JSObject' can't be implemented by an extension type.
    implements RTCRtpParameters, JSObject {
                                 ^
/C:/Users/berkgoknil/AppData/Local/Pub/Cache/hosted/pub.dev/web-1.1.1/lib/src/dom/webrtc.dart:1230:34: Error: The type 'JSObject' can't be implemented by an extension type.
    implements RTCRtpParameters, JSObject {
                                 ^
/C:/Users/berkgoknil/AppData/Local/Pub/Cache/hosted/pub.dev/web-1.1.1/lib/src/dom/webrtc.dart:1237:64: Error: The type 'JSObject' can't be implemented by an extension type.
extension type RTCRtpCodingParameters._(JSObject _) implements JSObject {
                                                               ^
/C:/Users/berkgoknil/AppData/Local/Pub/Cache/hosted/pub.dev/web-1.1.1/lib/src/dom/webrtc.dart:1244:40: Error: The type 'JSObject' can't be implemented by an extension type.
    implements RTCRtpCodingParameters, JSObject {
                                       ^
/C:/Users/berkgoknil/AppData/Local/Pub/Cache/hosted/pub.dev/web-1.1.1/lib/src/dom/webrtc.dart:1271:59: Error: The type 'JSObject' can't be implemented by an extension type.
extension type RTCRtcpParameters._(JSObject _) implements JSObject {
                                                          ^
/C:/Users/berkgoknil/AppData/Local/Pub/Cache/hosted/pub.dev/web-1.1.1/lib/src/dom/webrtc.dart:1283:16: Error: The type 'JSObject' can't be implemented by an extension type.
    implements JSObject {
               ^
/C:/Users/berkgoknil/AppData/Local/Pub/Cache/hosted/pub.dev/web-1.1.1/lib/src/dom/webrtc.dart:1297:53: Error: The type 'JSObject' can't be implemented by an extension type.
extension type RTCRtpCodec._(JSObject _) implements JSObject {
                                                    ^
/C:/Users/berkgoknil/AppData/Local/Pub/Cache/hosted/pub.dev/web-1.1.1/lib/src/dom/webrtc.dart:1315:29: Error: The type 'JSObject' can't be implemented by an extension type.
    implements RTCRtpCodec, JSObject {
                            ^
/C:/Users/berkgoknil/AppData/Local/Pub/Cache/hosted/pub.dev/web-1.1.1/lib/src/dom/webrtc.dart:1327:60: Error: The type 'JSObject' can't be implemented by an extension type.
extension type RTCRtpCapabilities._(JSObject _) implements JSObject {
                                                           ^
/C:/Users/berkgoknil/AppData/Local/Pub/Cache/hosted/pub.dev/web-1.1.1/lib/src/dom/webrtc.dart:1339:16: Error: The type 'JSObject' can't be implemented by an extension type.
    implements JSObject {
               ^
/C:/Users/berkgoknil/AppData/Local/Pub/Cache/hosted/pub.dev/web-1.1.1/lib/src/dom/webrtc.dart:1345:64: Error: The type 'JSObject' can't be implemented by an extension type.
extension type RTCSetParameterOptions._(JSObject _) implements JSObject {
                                                               ^
/C:/Users/berkgoknil/AppData/Local/Pub/Cache/hosted/pub.dev/web-1.1.1/lib/src/dom/webrtc.dart:1358:56: Error: The type 'JSObject' can't be implemented by an extension type.
extension type RTCRtpReceiver._(JSObject _) implements JSObject {
                                                       ^
/C:/Users/berkgoknil/AppData/Local/Pub/Cache/hosted/pub.dev/web-1.1.1/lib/src/dom/webrtc.dart:1438:66: Error: The type 'JSObject' can't be implemented by an extension type.
extension type RTCRtpContributingSource._(JSObject _) implements JSObject {
                                                                 ^
/C:/Users/berkgoknil/AppData/Local/Pub/Cache/hosted/pub.dev/web-1.1.1/lib/src/dom/webrtc.dart:1456:42: Error: The type 'JSObject' can't be implemented by an extension type.
    implements RTCRtpContributingSource, JSObject {
                                         ^
/C:/Users/berkgoknil/AppData/Local/Pub/Cache/hosted/pub.dev/web-1.1.1/lib/src/dom/webrtc.dart:1486:59: Error: The type 'JSObject' can't be implemented by an extension type.
extension type RTCRtpTransceiver._(JSObject _) implements JSObject {
                                                          ^
/C:/Users/berkgoknil/AppData/Local/Pub/Cache/hosted/pub.dev/web-1.1.1/lib/src/dom/webrtc.dart:1571:71: Error: The type 'JSObject' can't be implemented by an extension type.
extension type RTCDtlsTransport._(JSObject _) implements EventTarget, JSObject {
                                                                      ^
/C:/Users/berkgoknil/AppData/Local/Pub/Cache/hosted/pub.dev/web-1.1.1/lib/src/dom/webrtc.dart:1587:60: Error: The type 'JSObject' can't be implemented by an extension type.
extension type RTCDtlsFingerprint._(JSObject _) implements JSObject {
                                                           ^
/C:/Users/berkgoknil/AppData/Local/Pub/Cache/hosted/pub.dev/web-1.1.1/lib/src/dom/webrtc.dart:1608:70: Error: The type 'JSObject' can't be implemented by an extension type.
extension type RTCIceTransport._(JSObject _) implements EventTarget, JSObject {
                                                                     ^
/C:/Users/berkgoknil/AppData/Local/Pub/Cache/hosted/pub.dev/web-1.1.1/lib/src/dom/webrtc.dart:1711:58: Error: The type 'JSObject' can't be implemented by an extension type.
extension type RTCIceParameters._(JSObject _) implements JSObject {
                                                         ^
/C:/Users/berkgoknil/AppData/Local/Pub/Cache/hosted/pub.dev/web-1.1.1/lib/src/dom/webrtc.dart:1753:62: Error: The type 'JSObject' can't be implemented by an extension type.
extension type RTCTrackEvent._(JSObject _) implements Event, JSObject {
                                                             ^
/C:/Users/berkgoknil/AppData/Local/Pub/Cache/hosted/pub.dev/web-1.1.1/lib/src/dom/webrtc.dart:1789:70: Error: The type 'JSObject' can't be implemented by an extension type.
extension type RTCTrackEventInit._(JSObject _) implements EventInit, JSObject {
                                                                     ^
/C:/Users/berkgoknil/AppData/Local/Pub/Cache/hosted/pub.dev/web-1.1.1/lib/src/dom/webrtc.dart:1830:71: Error: The type 'JSObject' can't be implemented by an extension type.
extension type RTCSctpTransport._(JSObject _) implements EventTarget, JSObject {
                                                                      ^
/C:/Users/berkgoknil/AppData/Local/Pub/Cache/hosted/pub.dev/web-1.1.1/lib/src/dom/webrtc.dart:1874:69: Error: The type 'JSObject' can't be implemented by an extension type.
extension type RTCDataChannel._(JSObject _) implements EventTarget, JSObject {
                                                                    ^
/C:/Users/berkgoknil/AppData/Local/Pub/Cache/hosted/pub.dev/web-1.1.1/lib/src/dom/webrtc.dart:2108:60: Error: The type 'JSObject' can't be implemented by an extension type.
extension type RTCDataChannelInit._(JSObject _) implements JSObject {
                                                           ^
/C:/Users/berkgoknil/AppData/Local/Pub/Cache/hosted/pub.dev/web-1.1.1/lib/src/dom/webrtc.dart:2142:68: Error: The type 'JSObject' can't be implemented by an extension type.
extension type RTCDataChannelEvent._(JSObject _) implements Event, JSObject {
                                                                   ^
/C:/Users/berkgoknil/AppData/Local/Pub/Cache/hosted/pub.dev/web-1.1.1/lib/src/dom/webrtc.dart:2153:27: Error: The type 'JSObject' can't be implemented by an extension type.
    implements EventInit, JSObject {
                          ^
/C:/Users/berkgoknil/AppData/Local/Pub/Cache/hosted/pub.dev/web-1.1.1/lib/src/dom/webrtc.dart:2185:68: Error: The type 'JSObject' can't be implemented by an extension type.
extension type RTCDTMFSender._(JSObject _) implements EventTarget, JSObject {
                                                                   ^
/C:/Users/berkgoknil/AppData/Local/Pub/Cache/hosted/pub.dev/web-1.1.1/lib/src/dom/webrtc.dart:2239:71: Error: The type 'JSObject' can't be implemented by an extension type.
extension type RTCDTMFToneChangeEvent._(JSObject _) implements Event, JSObject {
                                                                      ^
/C:/Users/berkgoknil/AppData/Local/Pub/Cache/hosted/pub.dev/web-1.1.1/lib/src/dom/webrtc.dart:2253:27: Error: The type 'JSObject' can't be implemented by an extension type.
    implements EventInit, JSObject {
                          ^
/C:/Users/berkgoknil/AppData/Local/Pub/Cache/hosted/pub.dev/web-1.1.1/lib/src/dom/webrtc.dart:2280:56: Error: The type 'JSObject' can't be implemented by an extension type.
extension type RTCStatsReport._(JSObject _) implements JSObject {}
                                                       ^
/C:/Users/berkgoknil/AppData/Local/Pub/Cache/hosted/pub.dev/web-1.1.1/lib/src/dom/webrtc.dart:2292:64: Error: The type 'JSObject' can't be implemented by an extension type.
extension type RTCError._(JSObject _) implements DOMException, JSObject {
                                                               ^
/C:/Users/berkgoknil/AppData/Local/Pub/Cache/hosted/pub.dev/web-1.1.1/lib/src/dom/webrtc.dart:2327:54: Error: The type 'JSObject' can't be implemented by an extension type.
extension type RTCErrorInit._(JSObject _) implements JSObject {
                                                     ^
/C:/Users/berkgoknil/AppData/Local/Pub/Cache/hosted/pub.dev/web-1.1.1/lib/src/dom/webrtc.dart:2359:62: Error: The type 'JSObject' can't be implemented by an extension type.
extension type RTCErrorEvent._(JSObject _) implements Event, JSObject {
                                                             ^
/C:/Users/berkgoknil/AppData/Local/Pub/Cache/hosted/pub.dev/web-1.1.1/lib/src/dom/webrtc.dart:2371:70: Error: The type 'JSObject' can't be implemented by an extension type.
extension type RTCErrorEventInit._(JSObject _) implements EventInit, JSObject {
                                                                     ^
/C:/Users/berkgoknil/AppData/Local/Pub/Cache/hosted/pub.dev/web-1.1.1/lib/src/dom/webrtc.dart:13:2: Error: Couldn't find constructor 'JS'.
@JS()
 ^^
/C:/Users/berkgoknil/AppData/Local/Pub/Cache/hosted/pub.dev/web-1.1.1/lib/src/dom/webrtc.dart:52:35: Error: 'JSObject' isn't a type.
extension type RTCConfiguration._(JSObject _) implements JSObject {
                                  ^^^^^^^^
/C:/Users/berkgoknil/AppData/Local/Pub/Cache/hosted/pub.dev/web-1.1.1/lib/src/dom/webrtc.dart:54:5: Error: 'JSArray' isn't a type.
    JSArray<RTCIceServer> iceServers,
    ^^^^^^^
/C:/Users/berkgoknil/AppData/Local/Pub/Cache/hosted/pub.dev/web-1.1.1/lib/src/dom/webrtc.dart:58:5: Error: 'JSArray' isn't a type.
    JSArray<RTCCertificate> certificates,
    ^^^^^^^
/C:/Users/berkgoknil/AppData/Local/Pub/Cache/hosted/pub.dev/web-1.1.1/lib/src/dom/webrtc.dart:64:27: Error: 'JSArray' isn't a type.
  external set iceServers(JSArray<RTCIceServer> value);
                          ^^^^^^^
/C:/Users/berkgoknil/AppData/Local/Pub/Cache/hosted/pub.dev/web-1.1.1/lib/src/dom/webrtc.dart:72:29: Error: 'JSArray' isn't a type.
  external set certificates(JSArray<RTCCertificate> value);
                            ^^^^^^^
/C:/Users/berkgoknil/AppData/Local/Pub/Cache/hosted/pub.dev/web-1.1.1/lib/src/dom/webrtc.dart:78:31: Error: 'JSObject' isn't a type.
extension type RTCIceServer._(JSObject _) implements JSObject {
                              ^^^^^^^^
/C:/Users/berkgoknil/AppData/Local/Pub/Cache/hosted/pub.dev/web-1.1.1/lib/src/dom/webrtc.dart:80:14: Error: 'JSAny' isn't a type.
    required JSAny urls,
             ^^^^^
/C:/Users/berkgoknil/AppData/Local/Pub/Cache/hosted/pub.dev/web-1.1.1/lib/src/dom/webrtc.dart:86:21: Error: 'JSAny' isn't a type.
  external set urls(JSAny value);
                    ^^^^^
/C:/Users/berkgoknil/AppData/Local/Pub/Cache/hosted/pub.dev/web-1.1.1/lib/src/dom/webrtc.dart:92:40: Error: 'JSObject' isn't a type.
extension type RTCOfferAnswerOptions._(JSObject _) implements JSObject {
                                       ^^^^^^^^
/C:/Users/berkgoknil/AppData/Local/Pub/Cache/hosted/pub.dev/web-1.1.1/lib/src/dom/webrtc.dart:93:33: Error: Method not found: 'JSObject'.
  RTCOfferAnswerOptions() : _ = JSObject();
                                ^^^^^^^^
/C:/Users/berkgoknil/AppData/Local/Pub/Cache/hosted/pub.dev/web-1.1.1/lib/src/dom/webrtc.dart:95:34: Error: 'JSObject' isn't a type.
extension type RTCOfferOptions._(JSObject _)
                                 ^^^^^^^^
/C:/Users/berkgoknil/AppData/Local/Pub/Cache/hosted/pub.dev/web-1.1.1/lib/src/dom/webrtc.dart:110:35: Error: 'JSObject' isn't a type.
extension type RTCAnswerOptions._(JSObject _)
                                  ^^^^^^^^
/C:/Users/berkgoknil/AppData/Local/Pub/Cache/hosted/pub.dev/web-1.1.1/lib/src/dom/webrtc.dart:112:28: Error: Method not found: 'JSObject'.
  RTCAnswerOptions() : _ = JSObject();
                           ^^^^^^^^
/C:/Users/berkgoknil/AppData/Local/Pub/Cache/hosted/pub.dev/web-1.1.1/lib/src/dom/webrtc.dart:124:36: Error: 'JSObject' isn't a type.
extension type RTCPeerConnection._(JSObject _)
                                   ^^^^^^^^
/C:/Users/berkgoknil/AppData/Local/Pub/Cache/hosted/pub.dev/web-1.1.1/lib/src/dom/webrtc.dart:151:5: Error: 'JSObject' isn't a type.
    JSObject optionsOrSuccessCallback,
    ^^^^^^^^
/C:/Users/berkgoknil/AppData/Local/Pub/Cache/hosted/pub.dev/web-1.1.1/lib/src/dom/webrtc.dart:166:5: Error: 'JSObject' isn't a type.
    JSObject optionsOrSuccessCallback,
    ^^^^^^^^
/C:/Users/berkgoknil/AppData/Local/Pub/Cache/hosted/pub.dev/web-1.1.1/lib/src/dom/webrtc.dart:407:5: Error: 'JSAny' isn't a type.
    JSAny trackOrKind, [
    ^^^^^
/C:/Users/berkgoknil/AppData/Local/Pub/Cache/hosted/pub.dev/web-1.1.1/lib/src/dom/webrtc.dart:666:40: Error: 'JSObject' isn't a type.
extension type RTCSessionDescription._(JSObject _) implements JSObject {
                                       ^^^^^^^^
/C:/Users/berkgoknil/AppData/Local/Pub/Cache/hosted/pub.dev/web-1.1.1/lib/src/dom/webrtc.dart:684:44: Error: 'JSObject' isn't a type.
extension type RTCSessionDescriptionInit._(JSObject _) implements JSObject {
                                           ^^^^^^^^
/C:/Users/berkgoknil/AppData/Local/Pub/Cache/hosted/pub.dev/web-1.1.1/lib/src/dom/webrtc.dart:695:49: Error: 'JSObject' isn't a type.
extension type RTCLocalSessionDescriptionInit._(JSObject _)
                                                ^^^^^^^^
/C:/Users/berkgoknil/AppData/Local/Pub/Cache/hosted/pub.dev/web-1.1.1/lib/src/dom/webrtc.dart:730:34: Error: 'JSObject' isn't a type.
extension type RTCIceCandidate._(JSObject _) implements JSObject {
                                 ^^^^^^^^
/C:/Users/berkgoknil/AppData/Local/Pub/Cache/hosted/pub.dev/web-1.1.1/lib/src/dom/webrtc.dart:926:38: Error: 'JSObject' isn't a type.
extension type RTCIceCandidateInit._(JSObject _) implements JSObject {
                                     ^^^^^^^^
/C:/Users/berkgoknil/AppData/Local/Pub/Cache/hosted/pub.dev/web-1.1.1/lib/src/dom/webrtc.dart:953:44: Error: 'JSObject' isn't a type.
extension type RTCPeerConnectionIceEvent._(JSObject _)
                                           ^^^^^^^^
/C:/Users/berkgoknil/AppData/Local/Pub/Cache/hosted/pub.dev/web-1.1.1/lib/src/dom/webrtc.dart:966:48: Error: 'JSObject' isn't a type.
extension type RTCPeerConnectionIceEventInit._(JSObject _)
                                               ^^^^^^^^
/C:/Users/berkgoknil/AppData/Local/Pub/Cache/hosted/pub.dev/web-1.1.1/lib/src/dom/webrtc.dart:991:49: Error: 'JSObject' isn't a type.
extension type RTCPeerConnectionIceErrorEvent._(JSObject _)
                                                ^^^^^^^^
/C:/Users/berkgoknil/AppData/Local/Pub/Cache/hosted/pub.dev/web-1.1.1/lib/src/dom/webrtc.dart:1008:53: Error: 'JSObject' isn't a type.
extension type RTCPeerConnectionIceErrorEventInit._(JSObject _)
                                                    ^^^^^^^^
/C:/Users/berkgoknil/AppData/Local/Pub/Cache/hosted/pub.dev/web-1.1.1/lib/src/dom/webrtc.dart:1046:33: Error: 'JSObject' isn't a type.
extension type RTCCertificate._(JSObject _) implements JSObject {
                                ^^^^^^^^
/C:/Users/berkgoknil/AppData/Local/Pub/Cache/hosted/pub.dev/web-1.1.1/lib/src/dom/webrtc.dart:1067:40: Error: 'JSObject' isn't a type.
extension type RTCRtpTransceiverInit._(JSObject _) implements JSObject {
                                       ^^^^^^^^
/C:/Users/berkgoknil/AppData/Local/Pub/Cache/hosted/pub.dev/web-1.1.1/lib/src/dom/webrtc.dart:1070:5: Error: 'JSArray' isn't a type.
    JSArray<MediaStream> streams,
    ^^^^^^^
/C:/Users/berkgoknil/AppData/Local/Pub/Cache/hosted/pub.dev/web-1.1.1/lib/src/dom/webrtc.dart:1071:5: Error: 'JSArray' isn't a type.
    JSArray<RTCRtpEncodingParameters> sendEncodings,
    ^^^^^^^
/C:/Users/berkgoknil/AppData/Local/Pub/Cache/hosted/pub.dev/web-1.1.1/lib/src/dom/webrtc.dart:1077:24: Error: 'JSArray' isn't a type.
  external set streams(JSArray<MediaStream> value);
                       ^^^^^^^
/C:/Users/berkgoknil/AppData/Local/Pub/Cache/hosted/pub.dev/web-1.1.1/lib/src/dom/webrtc.dart:1079:30: Error: 'JSArray' isn't a type.
  external set sendEncodings(JSArray<RTCRtpEncodingParameters> value);
                             ^^^^^^^
/C:/Users/berkgoknil/AppData/Local/Pub/Cache/hosted/pub.dev/web-1.1.1/lib/src/dom/webrtc.dart:1096:31: Error: 'JSObject' isn't a type.
extension type RTCRtpSender._(JSObject _) implements JSObject {
                              ^^^^^^^^
/C:/Users/berkgoknil/AppData/Local/Pub/Cache/hosted/pub.dev/web-1.1.1/lib/src/dom/webrtc.dart:1197:35: Error: 'JSObject' isn't a type.
extension type RTCRtpParameters._(JSObject _) implements JSObject {
                                  ^^^^^^^^
/C:/Users/berkgoknil/AppData/Local/Pub/Cache/hosted/pub.dev/web-1.1.1/lib/src/dom/webrtc.dart:1199:14: Error: 'JSArray' isn't a type.
    required JSArray<RTCRtpHeaderExtensionParameters> headerExtensions,
             ^^^^^^^
/C:/Users/berkgoknil/AppData/Local/Pub/Cache/hosted/pub.dev/web-1.1.1/lib/src/dom/webrtc.dart:1201:14: Error: 'JSArray' isn't a type.
    required JSArray<RTCRtpCodecParameters> codecs,
             ^^^^^^^
/C:/Users/berkgoknil/AppData/Local/Pub/Cache/hosted/pub.dev/web-1.1.1/lib/src/dom/webrtc.dart:1205:33: Error: 'JSArray' isn't a type.
  external set headerExtensions(JSArray<RTCRtpHeaderExtensionParameters> value);
                                ^^^^^^^
/C:/Users/berkgoknil/AppData/Local/Pub/Cache/hosted/pub.dev/web-1.1.1/lib/src/dom/webrtc.dart:1209:23: Error: 'JSArray' isn't a type.
  external set codecs(JSArray<RTCRtpCodecParameters> value);
                      ^^^^^^^
/C:/Users/berkgoknil/AppData/Local/Pub/Cache/hosted/pub.dev/web-1.1.1/lib/src/dom/webrtc.dart:1211:39: Error: 'JSObject' isn't a type.
extension type RTCRtpSendParameters._(JSObject _)
                                      ^^^^^^^^
/C:/Users/berkgoknil/AppData/Local/Pub/Cache/hosted/pub.dev/web-1.1.1/lib/src/dom/webrtc.dart:1214:14: Error: 'JSArray' isn't a type.
    required JSArray<RTCRtpHeaderExtensionParameters> headerExtensions,
             ^^^^^^^
/C:/Users/berkgoknil/AppData/Local/Pub/Cache/hosted/pub.dev/web-1.1.1/lib/src/dom/webrtc.dart:1216:14: Error: 'JSArray' isn't a type.
    required JSArray<RTCRtpCodecParameters> codecs,
             ^^^^^^^
/C:/Users/berkgoknil/AppData/Local/Pub/Cache/hosted/pub.dev/web-1.1.1/lib/src/dom/webrtc.dart:1218:14: Error: 'JSArray' isn't a type.
    required JSArray<RTCRtpEncodingParameters> encodings,
             ^^^^^^^
/C:/Users/berkgoknil/AppData/Local/Pub/Cache/hosted/pub.dev/web-1.1.1/lib/src/dom/webrtc.dart:1225:26: Error: 'JSArray' isn't a type.
  external set encodings(JSArray<RTCRtpEncodingParameters> value);
                         ^^^^^^^
/C:/Users/berkgoknil/AppData/Local/Pub/Cache/hosted/pub.dev/web-1.1.1/lib/src/dom/webrtc.dart:1229:42: Error: 'JSObject' isn't a type.
extension type RTCRtpReceiveParameters._(JSObject _)
                                         ^^^^^^^^
/C:/Users/berkgoknil/AppData/Local/Pub/Cache/hosted/pub.dev/web-1.1.1/lib/src/dom/webrtc.dart:1232:14: Error: 'JSArray' isn't a type.
    required JSArray<RTCRtpHeaderExtensionParameters> headerExtensions,
             ^^^^^^^
/C:/Users/berkgoknil/AppData/Local/Pub/Cache/hosted/pub.dev/web-1.1.1/lib/src/dom/webrtc.dart:1234:14: Error: 'JSArray' isn't a type.
    required JSArray<RTCRtpCodecParameters> codecs,
             ^^^^^^^
/C:/Users/berkgoknil/AppData/Local/Pub/Cache/hosted/pub.dev/web-1.1.1/lib/src/dom/webrtc.dart:1237:41: Error: 'JSObject' isn't a type.
extension type RTCRtpCodingParameters._(JSObject _) implements JSObject {
                                        ^^^^^^^^
/C:/Users/berkgoknil/AppData/Local/Pub/Cache/hosted/pub.dev/web-1.1.1/lib/src/dom/webrtc.dart:1243:43: Error: 'JSObject' isn't a type.
extension type RTCRtpEncodingParameters._(JSObject _)
                                          ^^^^^^^^
/C:/Users/berkgoknil/AppData/Local/Pub/Cache/hosted/pub.dev/web-1.1.1/lib/src/dom/webrtc.dart:1271:36: Error: 'JSObject' isn't a type.
extension type RTCRtcpParameters._(JSObject _) implements JSObject {
                                   ^^^^^^^^
/C:/Users/berkgoknil/AppData/Local/Pub/Cache/hosted/pub.dev/web-1.1.1/lib/src/dom/webrtc.dart:1282:50: Error: 'JSObject' isn't a type.
extension type RTCRtpHeaderExtensionParameters._(JSObject _)
                                                 ^^^^^^^^
/C:/Users/berkgoknil/AppData/Local/Pub/Cache/hosted/pub.dev/web-1.1.1/lib/src/dom/webrtc.dart:1297:30: Error: 'JSObject' isn't a type.
extension type RTCRtpCodec._(JSObject _) implements JSObject {
                             ^^^^^^^^
/C:/Users/berkgoknil/AppData/Local/Pub/Cache/hosted/pub.dev/web-1.1.1/lib/src/dom/webrtc.dart:1314:40: Error: 'JSObject' isn't a type.
extension type RTCRtpCodecParameters._(JSObject _)
                                       ^^^^^^^^
/C:/Users/berkgoknil/AppData/Local/Pub/Cache/hosted/pub.dev/web-1.1.1/lib/src/dom/webrtc.dart:1327:37: Error: 'JSObject' isn't a type.
extension type RTCRtpCapabilities._(JSObject _) implements JSObject {
                                    ^^^^^^^^
/C:/Users/berkgoknil/AppData/Local/Pub/Cache/hosted/pub.dev/web-1.1.1/lib/src/dom/webrtc.dart:1329:14: Error: 'JSArray' isn't a type.
    required JSArray<RTCRtpCodec> codecs,
             ^^^^^^^
/C:/Users/berkgoknil/AppData/Local/Pub/Cache/hosted/pub.dev/web-1.1.1/lib/src/dom/webrtc.dart:1330:14: Error: 'JSArray' isn't a type.
    required JSArray<RTCRtpHeaderExtensionCapability> headerExtensions,
             ^^^^^^^
/C:/Users/berkgoknil/AppData/Local/Pub/Cache/hosted/pub.dev/web-1.1.1/lib/src/dom/webrtc.dart:1334:23: Error: 'JSArray' isn't a type.
  external set codecs(JSArray<RTCRtpCodec> value);
                      ^^^^^^^
/C:/Users/berkgoknil/AppData/Local/Pub/Cache/hosted/pub.dev/web-1.1.1/lib/src/dom/webrtc.dart:1336:33: Error: 'JSArray' isn't a type.
  external set headerExtensions(JSArray<RTCRtpHeaderExtensionCapability> value);
                                ^^^^^^^
/C:/Users/berkgoknil/AppData/Local/Pub/Cache/hosted/pub.dev/web-1.1.1/lib/src/dom/webrtc.dart:1338:50: Error: 'JSObject' isn't a type.
extension type RTCRtpHeaderExtensionCapability._(JSObject _)
                                                 ^^^^^^^^
/C:/Users/berkgoknil/AppData/Local/Pub/Cache/hosted/pub.dev/web-1.1.1/lib/src/dom/webrtc.dart:1345:41: Error: 'JSObject' isn't a type.
extension type RTCSetParameterOptions._(JSObject _) implements JSObject {
                                        ^^^^^^^^
/C:/Users/berkgoknil/AppData/Local/Pub/Cache/hosted/pub.dev/web-1.1.1/lib/src/dom/webrtc.dart:1346:34: Error: Method not found: 'JSObject'.
  RTCSetParameterOptions() : _ = JSObject();
                                 ^^^^^^^^
/C:/Users/berkgoknil/AppData/Local/Pub/Cache/hosted/pub.dev/web-1.1.1/lib/src/dom/webrtc.dart:1358:33: Error: 'JSObject' isn't a type.
extension type RTCRtpReceiver._(JSObject _) implements JSObject {
                                ^^^^^^^^
/C:/Users/berkgoknil/AppData/Local/Pub/Cache/hosted/pub.dev/web-1.1.1/lib/src/dom/webrtc.dart:1438:43: Error: 'JSObject' isn't a type.
extension type RTCRtpContributingSource._(JSObject _) implements JSObject {
                                          ^^^^^^^^
/C:/Users/berkgoknil/AppData/Local/Pub/Cache/hosted/pub.dev/web-1.1.1/lib/src/dom/webrtc.dart:1455:46: Error: 'JSObject' isn't a type.
extension type RTCRtpSynchronizationSource._(JSObject _)
                                             ^^^^^^^^
/C:/Users/berkgoknil/AppData/Local/Pub/Cache/hosted/pub.dev/web-1.1.1/lib/src/dom/webrtc.dart:1486:36: Error: 'JSObject' isn't a type.
extension type RTCRtpTransceiver._(JSObject _) implements JSObject {
                                   ^^^^^^^^
/C:/Users/berkgoknil/AppData/Local/Pub/Cache/hosted/pub.dev/web-1.1.1/lib/src/dom/webrtc.dart:1506:37: Error: 'JSArray' isn't a type.
  external void setCodecPreferences(JSArray<RTCRtpCodec> codecs);
                                    ^^^^^^^
/C:/Users/berkgoknil/AppData/Local/Pub/Cache/hosted/pub.dev/web-1.1.1/lib/src/dom/webrtc.dart:1571:35: Error: 'JSObject' isn't a type.
extension type RTCDtlsTransport._(JSObject _) implements EventTarget, JSObject {
                                  ^^^^^^^^
/C:/Users/berkgoknil/AppData/Local/Pub/Cache/hosted/pub.dev/web-1.1.1/lib/src/dom/webrtc.dart:1587:37: Error: 'JSObject' isn't a type.
extension type RTCDtlsFingerprint._(JSObject _) implements JSObject {
                                    ^^^^^^^^
/C:/Users/berkgoknil/AppData/Local/Pub/Cache/hosted/pub.dev/web-1.1.1/lib/src/dom/webrtc.dart:1608:34: Error: 'JSObject' isn't a type.
extension type RTCIceTransport._(JSObject _) implements EventTarget, JSObject {
                                 ^^^^^^^^
/C:/Users/berkgoknil/AppData/Local/Pub/Cache/hosted/pub.dev/web-1.1.1/lib/src/dom/webrtc.dart:1711:35: Error: 'JSObject' isn't a type.
extension type RTCIceParameters._(JSObject _) implements JSObject {
                                  ^^^^^^^^
/C:/Users/berkgoknil/AppData/Local/Pub/Cache/hosted/pub.dev/web-1.1.1/lib/src/dom/webrtc.dart:1753:32: Error: 'JSObject' isn't a type.
extension type RTCTrackEvent._(JSObject _) implements Event, JSObject {
                               ^^^^^^^^
/C:/Users/berkgoknil/AppData/Local/Pub/Cache/hosted/pub.dev/web-1.1.1/lib/src/dom/webrtc.dart:1789:36: Error: 'JSObject' isn't a type.
extension type RTCTrackEventInit._(JSObject _) implements EventInit, JSObject {
                                   ^^^^^^^^
/C:/Users/berkgoknil/AppData/Local/Pub/Cache/hosted/pub.dev/web-1.1.1/lib/src/dom/webrtc.dart:1796:5: Error: 'JSArray' isn't a type.
    JSArray<MediaStream> streams,
    ^^^^^^^
/C:/Users/berkgoknil/AppData/Local/Pub/Cache/hosted/pub.dev/web-1.1.1/lib/src/dom/webrtc.dart:1805:24: Error: 'JSArray' isn't a type.
  external set streams(JSArray<MediaStream> value);
                       ^^^^^^^
/C:/Users/berkgoknil/AppData/Local/Pub/Cache/hosted/pub.dev/web-1.1.1/lib/src/dom/webrtc.dart:1830:35: Error: 'JSObject' isn't a type.
extension type RTCSctpTransport._(JSObject _) implements EventTarget, JSObject {
                                  ^^^^^^^^
/C:/Users/berkgoknil/AppData/Local/Pub/Cache/hosted/pub.dev/web-1.1.1/lib/src/dom/webrtc.dart:1874:33: Error: 'JSObject' isn't a type.
extension type RTCDataChannel._(JSObject _) implements EventTarget, JSObject {
                                ^^^^^^^^
/C:/Users/berkgoknil/AppData/Local/Pub/Cache/hosted/pub.dev/web-1.1.1/lib/src/dom/webrtc.dart:1926:22: Error: 'JSAny' isn't a type.
  external void send(JSAny data);
                     ^^^^^
/C:/Users/berkgoknil/AppData/Local/Pub/Cache/hosted/pub.dev/web-1.1.1/lib/src/dom/webrtc.dart:2108:37: Error: 'JSObject' isn't a type.
extension type RTCDataChannelInit._(JSObject _) implements JSObject {
                                    ^^^^^^^^
/C:/Users/berkgoknil/AppData/Local/Pub/Cache/hosted/pub.dev/web-1.1.1/lib/src/dom/webrtc.dart:2142:38: Error: 'JSObject' isn't a type.
extension type RTCDataChannelEvent._(JSObject _) implements Event, JSObject {
                                     ^^^^^^^^
/C:/Users/berkgoknil/AppData/Local/Pub/Cache/hosted/pub.dev/web-1.1.1/lib/src/dom/webrtc.dart:2152:42: Error: 'JSObject' isn't a type.
extension type RTCDataChannelEventInit._(JSObject _)
                                         ^^^^^^^^
/C:/Users/berkgoknil/AppData/Local/Pub/Cache/hosted/pub.dev/web-1.1.1/lib/src/dom/webrtc.dart:2185:32: Error: 'JSObject' isn't a type.
extension type RTCDTMFSender._(JSObject _) implements EventTarget, JSObject {
                               ^^^^^^^^
/C:/Users/berkgoknil/AppData/Local/Pub/Cache/hosted/pub.dev/web-1.1.1/lib/src/dom/webrtc.dart:2239:41: Error: 'JSObject' isn't a type.
extension type RTCDTMFToneChangeEvent._(JSObject _) implements Event, JSObject {
                                        ^^^^^^^^
/C:/Users/berkgoknil/AppData/Local/Pub/Cache/hosted/pub.dev/web-1.1.1/lib/src/dom/webrtc.dart:2252:45: Error: 'JSObject' isn't a type.
extension type RTCDTMFToneChangeEventInit._(JSObject _)
                                            ^^^^^^^^
/C:/Users/berkgoknil/AppData/Local/Pub/Cache/hosted/pub.dev/web-1.1.1/lib/src/dom/webrtc.dart:2280:33: Error: 'JSObject' isn't a type.
extension type RTCStatsReport._(JSObject _) implements JSObject {}
                                ^^^^^^^^
/C:/Users/berkgoknil/AppData/Local/Pub/Cache/hosted/pub.dev/web-1.1.1/lib/src/dom/webrtc.dart:2292:27: Error: 'JSObject' isn't a type.
extension type RTCError._(JSObject _) implements DOMException, JSObject {
                          ^^^^^^^^
/C:/Users/berkgoknil/AppData/Local/Pub/Cache/hosted/pub.dev/web-1.1.1/lib/src/dom/webrtc.dart:2327:31: Error: 'JSObject' isn't a type.
extension type RTCErrorInit._(JSObject _) implements JSObject {
                              ^^^^^^^^
/C:/Users/berkgoknil/AppData/Local/Pub/Cache/hosted/pub.dev/web-1.1.1/lib/src/dom/webrtc.dart:2359:32: Error: 'JSObject' isn't a type.
extension type RTCErrorEvent._(JSObject _) implements Event, JSObject {
                               ^^^^^^^^
/C:/Users/berkgoknil/AppData/Local/Pub/Cache/hosted/pub.dev/web-1.1.1/lib/src/dom/webrtc.dart:2371:36: Error: 'JSObject' isn't a type.
extension type RTCErrorEventInit._(JSObject _) implements EventInit, JSObject {
                                   ^^^^^^^^
/C:/Users/berkgoknil/AppData/Local/Pub/Cache/hosted/pub.dev/web-1.1.1/lib/src/dom/mst_content_hint.dart:16:8: Error: Dart library 'dart:js_interop' is not available on this platform.
import 'dart:js_interop';
       ^
/C:/Users/berkgoknil/AppData/Local/Pub/Cache/hosted/pub.dev/web-1.1.1/lib/src/dom/mst_content_hint.dart:13:2: Error: Couldn't find constructor 'JS'.
@JS()
 ^^
/C:/Users/berkgoknil/AppData/Local/Pub/Cache/hosted/pub.dev/web-1.1.1/lib/src/dom/webgpu.dart:16:8: Error: Dart library 'dart:js_interop' is not available on this platform.
import 'dart:js_interop';
       ^
/C:/Users/berkgoknil/AppData/Local/Pub/Cache/hosted/pub.dev/web-1.1.1/lib/src/dom/webgpu.dart:22:34: Error: Type 'JSObject' not found.
extension type $GPUBufferUsage._(JSObject _) implements JSObject {
                                 ^^^^^^^^
/C:/Users/berkgoknil/AppData/Local/Pub/Cache/hosted/pub.dev/web-1.1.1/lib/src/dom/webgpu.dart:22:57: Error: Type 'JSObject' not found.
extension type $GPUBufferUsage._(JSObject _) implements JSObject {
                                                        ^^^^^^^^
/C:/Users/berkgoknil/AppData/Local/Pub/Cache/hosted/pub.dev/web-1.1.1/lib/src/dom/webgpu.dart:46:30: Error: Type 'JSObject' not found.
extension type $GPUMapMode._(JSObject _) implements JSObject {
                             ^^^^^^^^
/C:/Users/berkgoknil/AppData/Local/Pub/Cache/hosted/pub.dev/web-1.1.1/lib/src/dom/webgpu.dart:46:53: Error: Type 'JSObject' not found.
extension type $GPUMapMode._(JSObject _) implements JSObject {
                                                    ^^^^^^^^
/C:/Users/berkgoknil/AppData/Local/Pub/Cache/hosted/pub.dev/web-1.1.1/lib/src/dom/webgpu.dart:54:35: Error: Type 'JSObject' not found.
extension type $GPUTextureUsage._(JSObject _) implements JSObject {
                                  ^^^^^^^^
/C:/Users/berkgoknil/AppData/Local/Pub/Cache/hosted/pub.dev/web-1.1.1/lib/src/dom/webgpu.dart:54:58: Error: Type 'JSObject' not found.
extension type $GPUTextureUsage._(JSObject _) implements JSObject {
                                                         ^^^^^^^^
/C:/Users/berkgoknil/AppData/Local/Pub/Cache/hosted/pub.dev/web-1.1.1/lib/src/dom/webgpu.dart:68:34: Error: Type 'JSObject' not found.
extension type $GPUShaderStage._(JSObject _) implements JSObject {
                                 ^^^^^^^^
/C:/Users/berkgoknil/AppData/Local/Pub/Cache/hosted/pub.dev/web-1.1.1/lib/src/dom/webgpu.dart:68:57: Error: Type 'JSObject' not found.
extension type $GPUShaderStage._(JSObject _) implements JSObject {
                                                        ^^^^^^^^
/C:/Users/berkgoknil/AppData/Local/Pub/Cache/hosted/pub.dev/web-1.1.1/lib/src/dom/webgpu.dart:78:33: Error: Type 'JSObject' not found.
extension type $GPUColorWrite._(JSObject _) implements JSObject {
                                ^^^^^^^^
/C:/Users/berkgoknil/AppData/Local/Pub/Cache/hosted/pub.dev/web-1.1.1/lib/src/dom/webgpu.dart:78:56: Error: Type 'JSObject' not found.
extension type $GPUColorWrite._(JSObject _) implements JSObject {
                                                       ^^^^^^^^
/C:/Users/berkgoknil/AppData/Local/Pub/Cache/hosted/pub.dev/web-1.1.1/lib/src/dom/webgpu.dart:22:57: Error: The type 'JSObject' can't be implemented by an extension type.
extension type $GPUBufferUsage._(JSObject _) implements JSObject {
                                                        ^
/C:/Users/berkgoknil/AppData/Local/Pub/Cache/hosted/pub.dev/web-1.1.1/lib/src/dom/webgpu.dart:46:53: Error: The type 'JSObject' can't be implemented by an extension type.
extension type $GPUMapMode._(JSObject _) implements JSObject {
                                                    ^
/C:/Users/berkgoknil/AppData/Local/Pub/Cache/hosted/pub.dev/web-1.1.1/lib/src/dom/webgpu.dart:54:58: Error: The type 'JSObject' can't be implemented by an extension type.
extension type $GPUTextureUsage._(JSObject _) implements JSObject {
                                                         ^
/C:/Users/berkgoknil/AppData/Local/Pub/Cache/hosted/pub.dev/web-1.1.1/lib/src/dom/webgpu.dart:68:57: Error: The type 'JSObject' can't be implemented by an extension type.
extension type $GPUShaderStage._(JSObject _) implements JSObject {
                                                        ^
/C:/Users/berkgoknil/AppData/Local/Pub/Cache/hosted/pub.dev/web-1.1.1/lib/src/dom/webgpu.dart:78:56: Error: The type 'JSObject' can't be implemented by an extension type.
extension type $GPUColorWrite._(JSObject _) implements JSObject {
                                                       ^
/C:/Users/berkgoknil/AppData/Local/Pub/Cache/hosted/pub.dev/web-1.1.1/lib/src/dom/webgpu.dart:13:2: Error: Couldn't find constructor 'JS'.
@JS()
 ^^
/C:/Users/berkgoknil/AppData/Local/Pub/Cache/hosted/pub.dev/web-1.1.1/lib/src/dom/webgpu.dart:19:2: Error: Couldn't find constructor 'JS'.
@JS()
 ^^
/C:/Users/berkgoknil/AppData/Local/Pub/Cache/hosted/pub.dev/web-1.1.1/lib/src/dom/webgpu.dart:21:2: Error: Couldn't find constructor 'JS'.
@JS('GPUBufferUsage')
 ^^
/C:/Users/berkgoknil/AppData/Local/Pub/Cache/hosted/pub.dev/web-1.1.1/lib/src/dom/webgpu.dart:43:2: Error: Couldn't find constructor 'JS'.
@JS()
 ^^
/C:/Users/berkgoknil/AppData/Local/Pub/Cache/hosted/pub.dev/web-1.1.1/lib/src/dom/webgpu.dart:45:2: Error: Couldn't find constructor 'JS'.
@JS('GPUMapMode')
 ^^
/C:/Users/berkgoknil/AppData/Local/Pub/Cache/hosted/pub.dev/web-1.1.1/lib/src/dom/webgpu.dart:51:2: Error: Couldn't find constructor 'JS'.
@JS()
 ^^
/C:/Users/berkgoknil/AppData/Local/Pub/Cache/hosted/pub.dev/web-1.1.1/lib/src/dom/webgpu.dart:53:2: Error: Couldn't find constructor 'JS'.
@JS('GPUTextureUsage')
 ^^
/C:/Users/berkgoknil/AppData/Local/Pub/Cache/hosted/pub.dev/web-1.1.1/lib/src/dom/webgpu.dart:65:2: Error: Couldn't find constructor 'JS'.
@JS()
 ^^
/C:/Users/berkgoknil/AppData/Local/Pub/Cache/hosted/pub.dev/web-1.1.1/lib/src/dom/webgpu.dart:67:2: Error: Couldn't find constructor 'JS'.
@JS('GPUShaderStage')
 ^^
/C:/Users/berkgoknil/AppData/Local/Pub/Cache/hosted/pub.dev/web-1.1.1/lib/src/dom/webgpu.dart:75:2: Error: Couldn't find constructor 'JS'.
@JS()
 ^^
/C:/Users/berkgoknil/AppData/Local/Pub/Cache/hosted/pub.dev/web-1.1.1/lib/src/dom/webgpu.dart:77:2: Error: Couldn't find constructor 'JS'.
@JS('GPUColorWrite')
 ^^
/C:/Users/berkgoknil/AppData/Local/Pub/Cache/hosted/pub.dev/web-1.1.1/lib/src/dom/webgpu.dart:22:34: Error: 'JSObject' isn't a type.
extension type $GPUBufferUsage._(JSObject _) implements JSObject {
                                 ^^^^^^^^
/C:/Users/berkgoknil/AppData/Local/Pub/Cache/hosted/pub.dev/web-1.1.1/lib/src/dom/webgpu.dart:46:30: Error: 'JSObject' isn't a type.
extension type $GPUMapMode._(JSObject _) implements JSObject {
                             ^^^^^^^^
/C:/Users/berkgoknil/AppData/Local/Pub/Cache/hosted/pub.dev/web-1.1.1/lib/src/dom/webgpu.dart:54:35: Error: 'JSObject' isn't a type.
extension type $GPUTextureUsage._(JSObject _) implements JSObject {
                                  ^^^^^^^^
/C:/Users/berkgoknil/AppData/Local/Pub/Cache/hosted/pub.dev/web-1.1.1/lib/src/dom/webgpu.dart:68:34: Error: 'JSObject' isn't a type.
extension type $GPUShaderStage._(JSObject _) implements JSObject {
                                 ^^^^^^^^
/C:/Users/berkgoknil/AppData/Local/Pub/Cache/hosted/pub.dev/web-1.1.1/lib/src/dom/webgpu.dart:78:33: Error: 'JSObject' isn't a type.
extension type $GPUColorWrite._(JSObject _) implements JSObject {
                                ^^^^^^^^
/C:/Users/berkgoknil/AppData/Local/Pub/Cache/hosted/pub.dev/web-1.1.1/lib/src/dom/webgl_multi_draw.dart:16:8: Error: Dart library 'dart:js_interop' is not available on this platform.
import 'dart:js_interop';
       ^
/C:/Users/berkgoknil/AppData/Local/Pub/Cache/hosted/pub.dev/web-1.1.1/lib/src/dom/webgl_multi_draw.dart:20:35: Error: Type 'JSObject' not found.
extension type WEBGL_multi_draw._(JSObject _) implements JSObject {
                                  ^^^^^^^^
/C:/Users/berkgoknil/AppData/Local/Pub/Cache/hosted/pub.dev/web-1.1.1/lib/src/dom/webgl_multi_draw.dart:20:58: Error: Type 'JSObject' not found.
extension type WEBGL_multi_draw._(JSObject _) implements JSObject {
                                                         ^^^^^^^^
/C:/Users/berkgoknil/AppData/Local/Pub/Cache/hosted/pub.dev/web-1.1.1/lib/src/dom/webgl_multi_draw.dart:23:5: Error: Type 'JSObject' not found.
    JSObject firstsList,
    ^^^^^^^^
/C:/Users/berkgoknil/AppData/Local/Pub/Cache/hosted/pub.dev/web-1.1.1/lib/src/dom/webgl_multi_draw.dart:25:5: Error: Type 'JSObject' not found.
    JSObject countsList,
    ^^^^^^^^
/C:/Users/berkgoknil/AppData/Local/Pub/Cache/hosted/pub.dev/web-1.1.1/lib/src/dom/webgl_multi_draw.dart:31:5: Error: Type 'JSObject' not found.
    JSObject countsList,
    ^^^^^^^^
/C:/Users/berkgoknil/AppData/Local/Pub/Cache/hosted/pub.dev/web-1.1.1/lib/src/dom/webgl_multi_draw.dart:34:5: Error: Type 'JSObject' not found.
    JSObject offsetsList,
    ^^^^^^^^
/C:/Users/berkgoknil/AppData/Local/Pub/Cache/hosted/pub.dev/web-1.1.1/lib/src/dom/webgl_multi_draw.dart:40:5: Error: Type 'JSObject' not found.
    JSObject firstsList,
    ^^^^^^^^
/C:/Users/berkgoknil/AppData/Local/Pub/Cache/hosted/pub.dev/web-1.1.1/lib/src/dom/webgl_multi_draw.dart:42:5: Error: Type 'JSObject' not found.
    JSObject countsList,
    ^^^^^^^^
/C:/Users/berkgoknil/AppData/Local/Pub/Cache/hosted/pub.dev/web-1.1.1/lib/src/dom/webgl_multi_draw.dart:44:5: Error: Type 'JSObject' not found.
    JSObject instanceCountsList,
    ^^^^^^^^
/C:/Users/berkgoknil/AppData/Local/Pub/Cache/hosted/pub.dev/web-1.1.1/lib/src/dom/webgl_multi_draw.dart:50:5: Error: Type 'JSObject' not found.
    JSObject countsList,
    ^^^^^^^^
/C:/Users/berkgoknil/AppData/Local/Pub/Cache/hosted/pub.dev/web-1.1.1/lib/src/dom/webgl_multi_draw.dart:53:5: Error: Type 'JSObject' not found.
    JSObject offsetsList,
    ^^^^^^^^
/C:/Users/berkgoknil/AppData/Local/Pub/Cache/hosted/pub.dev/web-1.1.1/lib/src/dom/webgl_multi_draw.dart:55:5: Error: Type 'JSObject' not found.
    JSObject instanceCountsList,
    ^^^^^^^^
/C:/Users/berkgoknil/AppData/Local/Pub/Cache/hosted/pub.dev/web-1.1.1/lib/src/dom/webgl_multi_draw.dart:20:58: Error: The type 'JSObject' can't be implemented by an extension type.
extension type WEBGL_multi_draw._(JSObject _) implements JSObject {
                                                         ^
/C:/Users/berkgoknil/AppData/Local/Pub/Cache/hosted/pub.dev/web-1.1.1/lib/src/dom/webgl_multi_draw.dart:13:2: Error: Couldn't find constructor 'JS'.
@JS()
 ^^
/C:/Users/berkgoknil/AppData/Local/Pub/Cache/hosted/pub.dev/web-1.1.1/lib/src/dom/webgl_multi_draw.dart:20:35: Error: 'JSObject' isn't a type.
extension type WEBGL_multi_draw._(JSObject _) implements JSObject {
                                  ^^^^^^^^
/C:/Users/berkgoknil/AppData/Local/Pub/Cache/hosted/pub.dev/web-1.1.1/lib/src/dom/webgl_multi_draw.dart:23:5: Error: 'JSObject' isn't a type.
    JSObject firstsList,
    ^^^^^^^^
/C:/Users/berkgoknil/AppData/Local/Pub/Cache/hosted/pub.dev/web-1.1.1/lib/src/dom/webgl_multi_draw.dart:25:5: Error: 'JSObject' isn't a type.
    JSObject countsList,
    ^^^^^^^^
/C:/Users/berkgoknil/AppData/Local/Pub/Cache/hosted/pub.dev/web-1.1.1/lib/src/dom/webgl_multi_draw.dart:31:5: Error: 'JSObject' isn't a type.
    JSObject countsList,
    ^^^^^^^^
/C:/Users/berkgoknil/AppData/Local/Pub/Cache/hosted/pub.dev/web-1.1.1/lib/src/dom/webgl_multi_draw.dart:34:5: Error: 'JSObject' isn't a type.
    JSObject offsetsList,
    ^^^^^^^^
/C:/Users/berkgoknil/AppData/Local/Pub/Cache/hosted/pub.dev/web-1.1.1/lib/src/dom/webgl_multi_draw.dart:40:5: Error: 'JSObject' isn't a type.
    JSObject firstsList,
    ^^^^^^^^
/C:/Users/berkgoknil/AppData/Local/Pub/Cache/hosted/pub.dev/web-1.1.1/lib/src/dom/webgl_multi_draw.dart:42:5: Error: 'JSObject' isn't a type.
    JSObject countsList,
    ^^^^^^^^
/C:/Users/berkgoknil/AppData/Local/Pub/Cache/hosted/pub.dev/web-1.1.1/lib/src/dom/webgl_multi_draw.dart:44:5: Error: 'JSObject' isn't a type.
    JSObject instanceCountsList,
    ^^^^^^^^
/C:/Users/berkgoknil/AppData/Local/Pub/Cache/hosted/pub.dev/web-1.1.1/lib/src/dom/webgl_multi_draw.dart:50:5: Error: 'JSObject' isn't a type.
    JSObject countsList,
    ^^^^^^^^
/C:/Users/berkgoknil/AppData/Local/Pub/Cache/hosted/pub.dev/web-1.1.1/lib/src/dom/webgl_multi_draw.dart:53:5: Error: 'JSObject' isn't a type.
    JSObject offsetsList,
    ^^^^^^^^
/C:/Users/berkgoknil/AppData/Local/Pub/Cache/hosted/pub.dev/web-1.1.1/lib/src/dom/webgl_multi_draw.dart:55:5: Error: 'JSObject' isn't a type.
    JSObject instanceCountsList,
    ^^^^^^^^
/C:/Users/berkgoknil/AppData/Local/Pub/Cache/hosted/pub.dev/web-1.1.1/lib/src/dom/webgl1.dart:16:8: Error: Dart library 'dart:js_interop' is not available on this platform.
import 'dart:js_interop';
       ^
/C:/Users/berkgoknil/AppData/Local/Pub/Cache/hosted/pub.dev/web-1.1.1/lib/src/dom/webgl1.dart:32:26: Error: Type 'JSObject' not found.
typedef TexImageSource = JSObject;
                         ^^^^^^^^
/C:/Users/berkgoknil/AppData/Local/Pub/Cache/hosted/pub.dev/web-1.1.1/lib/src/dom/webgl1.dart:33:23: Error: Type 'JSObject' not found.
typedef Float32List = JSObject;
                      ^^^^^^^^
/C:/Users/berkgoknil/AppData/Local/Pub/Cache/hosted/pub.dev/web-1.1.1/lib/src/dom/webgl1.dart:34:21: Error: Type 'JSObject' not found.
typedef Int32List = JSObject;
                    ^^^^^^^^
/C:/Users/berkgoknil/AppData/Local/Pub/Cache/hosted/pub.dev/web-1.1.1/lib/src/dom/webgl1.dart:36:41: Error: Type 'JSObject' not found.
extension type WebGLContextAttributes._(JSObject _) implements JSObject {
                                        ^^^^^^^^
/C:/Users/berkgoknil/AppData/Local/Pub/Cache/hosted/pub.dev/web-1.1.1/lib/src/dom/webgl1.dart:36:64: Error: Type 'JSObject' not found.
extension type WebGLContextAttributes._(JSObject _) implements JSObject {
                                                               ^^^^^^^^
/C:/Users/berkgoknil/AppData/Local/Pub/Cache/hosted/pub.dev/web-1.1.1/lib/src/dom/webgl1.dart:80:30: Error: Type 'JSObject' not found.
extension type WebGLBuffer._(JSObject _) implements JSObject {}
                             ^^^^^^^^
/C:/Users/berkgoknil/AppData/Local/Pub/Cache/hosted/pub.dev/web-1.1.1/lib/src/dom/webgl1.dart:80:53: Error: Type 'JSObject' not found.
extension type WebGLBuffer._(JSObject _) implements JSObject {}
                                                    ^^^^^^^^
/C:/Users/berkgoknil/AppData/Local/Pub/Cache/hosted/pub.dev/web-1.1.1/lib/src/dom/webgl1.dart:90:35: Error: Type 'JSObject' not found.
extension type WebGLFramebuffer._(JSObject _) implements JSObject {}
                                  ^^^^^^^^
/C:/Users/berkgoknil/AppData/Local/Pub/Cache/hosted/pub.dev/web-1.1.1/lib/src/dom/webgl1.dart:90:58: Error: Type 'JSObject' not found.
extension type WebGLFramebuffer._(JSObject _) implements JSObject {}
                                                         ^^^^^^^^
/C:/Users/berkgoknil/AppData/Local/Pub/Cache/hosted/pub.dev/web-1.1.1/lib/src/dom/webgl1.dart:124:31: Error: Type 'JSObject' not found.
extension type WebGLProgram._(JSObject _) implements JSObject {}
                              ^^^^^^^^
/C:/Users/berkgoknil/AppData/Local/Pub/Cache/hosted/pub.dev/web-1.1.1/lib/src/dom/webgl1.dart:124:54: Error: Type 'JSObject' not found.
extension type WebGLProgram._(JSObject _) implements JSObject {}
                                                     ^^^^^^^^
/C:/Users/berkgoknil/AppData/Local/Pub/Cache/hosted/pub.dev/web-1.1.1/lib/src/dom/webgl1.dart:135:36: Error: Type 'JSObject' not found.
extension type WebGLRenderbuffer._(JSObject _) implements JSObject {}
                                   ^^^^^^^^
/C:/Users/berkgoknil/AppData/Local/Pub/Cache/hosted/pub.dev/web-1.1.1/lib/src/dom/webgl1.dart:135:59: Error: Type 'JSObject' not found.
extension type WebGLRenderbuffer._(JSObject _) implements JSObject {}
                                                          ^^^^^^^^
/C:/Users/berkgoknil/AppData/Local/Pub/Cache/hosted/pub.dev/web-1.1.1/lib/src/dom/webgl1.dart:146:30: Error: Type 'JSObject' not found.
extension type WebGLShader._(JSObject _) implements JSObject {}
                             ^^^^^^^^
/C:/Users/berkgoknil/AppData/Local/Pub/Cache/hosted/pub.dev/web-1.1.1/lib/src/dom/webgl1.dart:146:53: Error: Type 'JSObject' not found.
extension type WebGLShader._(JSObject _) implements JSObject {}
                                                    ^^^^^^^^
/C:/Users/berkgoknil/AppData/Local/Pub/Cache/hosted/pub.dev/web-1.1.1/lib/src/dom/webgl1.dart:157:31: Error: Type 'JSObject' not found.
extension type WebGLTexture._(JSObject _) implements JSObject {}
                              ^^^^^^^^
/C:/Users/berkgoknil/AppData/Local/Pub/Cache/hosted/pub.dev/web-1.1.1/lib/src/dom/webgl1.dart:157:54: Error: Type 'JSObject' not found.
extension type WebGLTexture._(JSObject _) implements JSObject {}
                                                     ^^^^^^^^
/C:/Users/berkgoknil/AppData/Local/Pub/Cache/hosted/pub.dev/web-1.1.1/lib/src/dom/webgl1.dart:167:39: Error: Type 'JSObject' not found.
extension type WebGLUniformLocation._(JSObject _) implements JSObject {}
                                      ^^^^^^^^
/C:/Users/berkgoknil/AppData/Local/Pub/Cache/hosted/pub.dev/web-1.1.1/lib/src/dom/webgl1.dart:167:62: Error: Type 'JSObject' not found.
extension type WebGLUniformLocation._(JSObject _) implements JSObject {}
                                                             ^^^^^^^^
/C:/Users/berkgoknil/AppData/Local/Pub/Cache/hosted/pub.dev/web-1.1.1/lib/src/dom/webgl1.dart:179:34: Error: Type 'JSObject' not found.
extension type WebGLActiveInfo._(JSObject _) implements JSObject {
                                 ^^^^^^^^
/C:/Users/berkgoknil/AppData/Local/Pub/Cache/hosted/pub.dev/web-1.1.1/lib/src/dom/webgl1.dart:179:57: Error: Type 'JSObject' not found.
extension type WebGLActiveInfo._(JSObject _) implements JSObject {
                                                        ^^^^^^^^
/C:/Users/berkgoknil/AppData/Local/Pub/Cache/hosted/pub.dev/web-1.1.1/lib/src/dom/webgl1.dart:208:45: Error: Type 'JSObject' not found.
extension type WebGLShaderPrecisionFormat._(JSObject _) implements JSObject {
                                            ^^^^^^^^
/C:/Users/berkgoknil/AppData/Local/Pub/Cache/hosted/pub.dev/web-1.1.1/lib/src/dom/webgl1.dart:208:68: Error: Type 'JSObject' not found.
extension type WebGLShaderPrecisionFormat._(JSObject _) implements JSObject {
                                                                   ^^^^^^^^
/C:/Users/berkgoknil/AppData/Local/Pub/Cache/hosted/pub.dev/web-1.1.1/lib/src/dom/webgl1.dart:252:40: Error: Type 'JSObject' not found.
extension type WebGLRenderingContext._(JSObject _) implements JSObject {
                                       ^^^^^^^^
/C:/Users/berkgoknil/AppData/Local/Pub/Cache/hosted/pub.dev/web-1.1.1/lib/src/dom/webgl1.dart:252:63: Error: Type 'JSObject' not found.
extension type WebGLRenderingContext._(JSObject _) implements JSObject {
                                                              ^^^^^^^^
/C:/Users/berkgoknil/AppData/Local/Pub/Cache/hosted/pub.dev/web-1.1.1/lib/src/dom/webgl1.dart:865:20: Error: Type 'JSString' not found.
  external JSArray<JSString>? getSupportedExtensions();
                   ^^^^^^^^
/C:/Users/berkgoknil/AppData/Local/Pub/Cache/hosted/pub.dev/web-1.1.1/lib/src/dom/webgl1.dart:865:12: Error: Type 'JSArray' not found.
  external JSArray<JSString>? getSupportedExtensions();
           ^^^^^^^
/C:/Users/berkgoknil/AppData/Local/Pub/Cache/hosted/pub.dev/web-1.1.1/lib/src/dom/webgl1.dart:870:12: Error: Type 'JSObject' not found.
  external JSObject? getExtension(String name);
           ^^^^^^^^
/C:/Users/berkgoknil/AppData/Local/Pub/Cache/hosted/pub.dev/web-1.1.1/lib/src/dom/webgl1.dart:1378:12: Error: Type 'JSArray' not found.
  external JSArray<WebGLShader>? getAttachedShaders(WebGLProgram program);
           ^^^^^^^
/C:/Users/berkgoknil/AppData/Local/Pub/Cache/hosted/pub.dev/web-1.1.1/lib/src/dom/webgl1.dart:1395:12: Error: Type 'JSAny' not found.
  external JSAny? getBufferParameter(
           ^^^^^
/C:/Users/berkgoknil/AppData/Local/Pub/Cache/hosted/pub.dev/web-1.1.1/lib/src/dom/webgl1.dart:1404:12: Error: Type 'JSAny' not found.
  external JSAny? getParameter(GLenum pname);
           ^^^^^
/C:/Users/berkgoknil/AppData/Local/Pub/Cache/hosted/pub.dev/web-1.1.1/lib/src/dom/webgl1.dart:1417:12: Error: Type 'JSAny' not found.
  external JSAny? getFramebufferAttachmentParameter(
           ^^^^^
/C:/Users/berkgoknil/AppData/Local/Pub/Cache/hosted/pub.dev/web-1.1.1/lib/src/dom/webgl1.dart:1428:12: Error: Type 'JSAny' not found.
  external JSAny? getProgramParameter(
           ^^^^^
/C:/Users/berkgoknil/AppData/Local/Pub/Cache/hosted/pub.dev/web-1.1.1/lib/src/dom/webgl1.dart:1443:12: Error: Type 'JSAny' not found.
  external JSAny? getRenderbufferParameter(
           ^^^^^
/C:/Users/berkgoknil/AppData/Local/Pub/Cache/hosted/pub.dev/web-1.1.1/lib/src/dom/webgl1.dart:1453:12: Error: Type 'JSAny' not found.
  external JSAny? getShaderParameter(
           ^^^^^
/C:/Users/berkgoknil/AppData/Local/Pub/Cache/hosted/pub.dev/web-1.1.1/lib/src/dom/webgl1.dart:1486:12: Error: Type 'JSAny' not found.
  external JSAny? getTexParameter(
           ^^^^^
/C:/Users/berkgoknil/AppData/Local/Pub/Cache/hosted/pub.dev/web-1.1.1/lib/src/dom/webgl1.dart:1495:12: Error: Type 'JSAny' not found.
  external JSAny? getUniform(
           ^^^^^
/C:/Users/berkgoknil/AppData/Local/Pub/Cache/hosted/pub.dev/web-1.1.1/lib/src/dom/webgl1.dart:1541:12: Error: Type 'JSAny' not found.
  external JSAny? getVertexAttrib(
           ^^^^^
/C:/Users/berkgoknil/AppData/Local/Pub/Cache/hosted/pub.dev/web-1.1.1/lib/src/dom/webgl1.dart:1923:22: Error: Type 'JSAny' not found.
  external JSPromise<JSAny?> makeXRCompatible();
                     ^^^^^
/C:/Users/berkgoknil/AppData/Local/Pub/Cache/hosted/pub.dev/web-1.1.1/lib/src/dom/webgl1.dart:1923:12: Error: Type 'JSPromise' not found.
  external JSPromise<JSAny?> makeXRCompatible();
           ^^^^^^^^^
/C:/Users/berkgoknil/AppData/Local/Pub/Cache/hosted/pub.dev/web-1.1.1/lib/src/dom/webgl1.dart:1931:5: Error: Type 'JSAny' not found.
    JSAny? dataOrSize,
    ^^^^^
/C:/Users/berkgoknil/AppData/Local/Pub/Cache/hosted/pub.dev/web-1.1.1/lib/src/dom/webgl1.dart:2010:5: Error: Type 'JSAny' not found.
    JSAny formatOrWidth,
    ^^^^^
/C:/Users/berkgoknil/AppData/Local/Pub/Cache/hosted/pub.dev/web-1.1.1/lib/src/dom/webgl1.dart:2011:5: Error: Type 'JSAny' not found.
    JSAny heightOrType,
    ^^^^^
/C:/Users/berkgoknil/AppData/Local/Pub/Cache/hosted/pub.dev/web-1.1.1/lib/src/dom/webgl1.dart:2012:5: Error: Type 'JSAny' not found.
    JSAny borderOrSource, [
    ^^^^^
/C:/Users/berkgoknil/AppData/Local/Pub/Cache/hosted/pub.dev/web-1.1.1/lib/src/dom/webgl1.dart:2027:5: Error: Type 'JSAny' not found.
    JSAny formatOrWidth,
    ^^^^^
/C:/Users/berkgoknil/AppData/Local/Pub/Cache/hosted/pub.dev/web-1.1.1/lib/src/dom/webgl1.dart:2028:5: Error: Type 'JSAny' not found.
    JSAny heightOrType,
    ^^^^^
/C:/Users/berkgoknil/AppData/Local/Pub/Cache/hosted/pub.dev/web-1.1.1/lib/src/dom/webgl1.dart:2029:5: Error: Type 'JSAny' not found.
    JSAny formatOrSource, [
    ^^^^^
/C:/Users/berkgoknil/AppData/Local/Pub/Cache/hosted/pub.dev/web-1.1.1/lib/src/dom/webgl1.dart:2088:12: Error: Type 'JSObject' not found.
  external JSObject get canvas;
           ^^^^^^^^
/C:/Users/berkgoknil/AppData/Local/Pub/Cache/hosted/pub.dev/web-1.1.1/lib/src/dom/webgl1.dart:2128:36: Error: Type 'JSObject' not found.
extension type WebGLContextEvent._(JSObject _) implements Event, JSObject {
                                   ^^^^^^^^
/C:/Users/berkgoknil/AppData/Local/Pub/Cache/hosted/pub.dev/web-1.1.1/lib/src/dom/webgl1.dart:2128:66: Error: Type 'JSObject' not found.
extension type WebGLContextEvent._(JSObject _) implements Event, JSObject {
                                                                 ^^^^^^^^
/C:/Users/berkgoknil/AppData/Local/Pub/Cache/hosted/pub.dev/web-1.1.1/lib/src/dom/webgl1.dart:2139:40: Error: Type 'JSObject' not found.
extension type WebGLContextEventInit._(JSObject _)
                                       ^^^^^^^^
/C:/Users/berkgoknil/AppData/Local/Pub/Cache/hosted/pub.dev/web-1.1.1/lib/src/dom/webgl1.dart:2140:27: Error: Type 'JSObject' not found.
    implements EventInit, JSObject {
                          ^^^^^^^^
/C:/Users/berkgoknil/AppData/Local/Pub/Cache/hosted/pub.dev/web-1.1.1/lib/src/dom/webgl1.dart:36:64: Error: The type 'JSObject' can't be implemented by an extension type.
extension type WebGLContextAttributes._(JSObject _) implements JSObject {
                                                               ^
/C:/Users/berkgoknil/AppData/Local/Pub/Cache/hosted/pub.dev/web-1.1.1/lib/src/dom/webgl1.dart:80:53: Error: The type 'JSObject' can't be implemented by an extension type.
extension type WebGLBuffer._(JSObject _) implements JSObject {}
                                                    ^
/C:/Users/berkgoknil/AppData/Local/Pub/Cache/hosted/pub.dev/web-1.1.1/lib/src/dom/webgl1.dart:90:58: Error: The type 'JSObject' can't be implemented by an extension type.
extension type WebGLFramebuffer._(JSObject _) implements JSObject {}
                                                         ^
/C:/Users/berkgoknil/AppData/Local/Pub/Cache/hosted/pub.dev/web-1.1.1/lib/src/dom/webgl1.dart:124:54: Error: The type 'JSObject' can't be implemented by an extension type.
extension type WebGLProgram._(JSObject _) implements JSObject {}
                                                     ^
/C:/Users/berkgoknil/AppData/Local/Pub/Cache/hosted/pub.dev/web-1.1.1/lib/src/dom/webgl1.dart:135:59: Error: The type 'JSObject' can't be implemented by an extension type.
extension type WebGLRenderbuffer._(JSObject _) implements JSObject {}
                                                          ^
/C:/Users/berkgoknil/AppData/Local/Pub/Cache/hosted/pub.dev/web-1.1.1/lib/src/dom/webgl1.dart:146:53: Error: The type 'JSObject' can't be implemented by an extension type.
extension type WebGLShader._(JSObject _) implements JSObject {}
                                                    ^
/C:/Users/berkgoknil/AppData/Local/Pub/Cache/hosted/pub.dev/web-1.1.1/lib/src/dom/webgl1.dart:157:54: Error: The type 'JSObject' can't be implemented by an extension type.
extension type WebGLTexture._(JSObject _) implements JSObject {}
                                                     ^
/C:/Users/berkgoknil/AppData/Local/Pub/Cache/hosted/pub.dev/web-1.1.1/lib/src/dom/webgl1.dart:167:62: Error: The type 'JSObject' can't be implemented by an extension type.
extension type WebGLUniformLocation._(JSObject _) implements JSObject {}
                                                             ^
/C:/Users/berkgoknil/AppData/Local/Pub/Cache/hosted/pub.dev/web-1.1.1/lib/src/dom/webgl1.dart:179:57: Error: The type 'JSObject' can't be implemented by an extension type.
extension type WebGLActiveInfo._(JSObject _) implements JSObject {
                                                        ^
/C:/Users/berkgoknil/AppData/Local/Pub/Cache/hosted/pub.dev/web-1.1.1/lib/src/dom/webgl1.dart:208:68: Error: The type 'JSObject' can't be implemented by an extension type.
extension type WebGLShaderPrecisionFormat._(JSObject _) implements JSObject {
                                                                   ^
/C:/Users/berkgoknil/AppData/Local/Pub/Cache/hosted/pub.dev/web-1.1.1/lib/src/dom/webgl1.dart:252:63: Error: The type 'JSObject' can't be implemented by an extension type.
extension type WebGLRenderingContext._(JSObject _) implements JSObject {
                                                              ^
/C:/Users/berkgoknil/AppData/Local/Pub/Cache/hosted/pub.dev/web-1.1.1/lib/src/dom/webgl1.dart:2128:66: Error: The type 'JSObject' can't be implemented by an extension type.
extension type WebGLContextEvent._(JSObject _) implements Event, JSObject {
                                                                 ^
/C:/Users/berkgoknil/AppData/Local/Pub/Cache/hosted/pub.dev/web-1.1.1/lib/src/dom/webgl1.dart:2140:27: Error: The type 'JSObject' can't be implemented by an extension type.
    implements EventInit, JSObject {
                          ^
/C:/Users/berkgoknil/AppData/Local/Pub/Cache/hosted/pub.dev/web-1.1.1/lib/src/dom/webgl1.dart:13:2: Error: Couldn't find constructor 'JS'.
@JS()
 ^^
/C:/Users/berkgoknil/AppData/Local/Pub/Cache/hosted/pub.dev/web-1.1.1/lib/src/dom/webgl1.dart:36:41: Error: 'JSObject' isn't a type.
extension type WebGLContextAttributes._(JSObject _) implements JSObject {
                                        ^^^^^^^^
/C:/Users/berkgoknil/AppData/Local/Pub/Cache/hosted/pub.dev/web-1.1.1/lib/src/dom/webgl1.dart:80:30: Error: 'JSObject' isn't a type.
extension type WebGLBuffer._(JSObject _) implements JSObject {}
                             ^^^^^^^^
/C:/Users/berkgoknil/AppData/Local/Pub/Cache/hosted/pub.dev/web-1.1.1/lib/src/dom/webgl1.dart:90:35: Error: 'JSObject' isn't a type.
extension type WebGLFramebuffer._(JSObject _) implements JSObject {}
                                  ^^^^^^^^
/C:/Users/berkgoknil/AppData/Local/Pub/Cache/hosted/pub.dev/web-1.1.1/lib/src/dom/webgl1.dart:124:31: Error: 'JSObject' isn't a type.
extension type WebGLProgram._(JSObject _) implements JSObject {}
                              ^^^^^^^^
/C:/Users/berkgoknil/AppData/Local/Pub/Cache/hosted/pub.dev/web-1.1.1/lib/src/dom/webgl1.dart:135:36: Error: 'JSObject' isn't a type.
extension type WebGLRenderbuffer._(JSObject _) implements JSObject {}
                                   ^^^^^^^^
/C:/Users/berkgoknil/AppData/Local/Pub/Cache/hosted/pub.dev/web-1.1.1/lib/src/dom/webgl1.dart:146:30: Error: 'JSObject' isn't a type.
extension type WebGLShader._(JSObject _) implements JSObject {}
                             ^^^^^^^^
/C:/Users/berkgoknil/AppData/Local/Pub/Cache/hosted/pub.dev/web-1.1.1/lib/src/dom/webgl1.dart:157:31: Error: 'JSObject' isn't a type.
extension type WebGLTexture._(JSObject _) implements JSObject {}
                              ^^^^^^^^
/C:/Users/berkgoknil/AppData/Local/Pub/Cache/hosted/pub.dev/web-1.1.1/lib/src/dom/webgl1.dart:167:39: Error: 'JSObject' isn't a type.
extension type WebGLUniformLocation._(JSObject _) implements JSObject {}
                                      ^^^^^^^^
/C:/Users/berkgoknil/AppData/Local/Pub/Cache/hosted/pub.dev/web-1.1.1/lib/src/dom/webgl1.dart:179:34: Error: 'JSObject' isn't a type.
extension type WebGLActiveInfo._(JSObject _) implements JSObject {
                                 ^^^^^^^^
/C:/Users/berkgoknil/AppData/Local/Pub/Cache/hosted/pub.dev/web-1.1.1/lib/src/dom/webgl1.dart:208:45: Error: 'JSObject' isn't a type.
extension type WebGLShaderPrecisionFormat._(JSObject _) implements JSObject {
                                            ^^^^^^^^
/C:/Users/berkgoknil/AppData/Local/Pub/Cache/hosted/pub.dev/web-1.1.1/lib/src/dom/webgl1.dart:252:40: Error: 'JSObject' isn't a type.
extension type WebGLRenderingContext._(JSObject _) implements JSObject {
                                       ^^^^^^^^
/C:/Users/berkgoknil/AppData/Local/Pub/Cache/hosted/pub.dev/web-1.1.1/lib/src/dom/webgl1.dart:1931:5: Error: 'JSAny' isn't a type.
    JSAny? dataOrSize,
    ^^^^^
/C:/Users/berkgoknil/AppData/Local/Pub/Cache/hosted/pub.dev/web-1.1.1/lib/src/dom/webgl1.dart:2010:5: Error: 'JSAny' isn't a type.
    JSAny formatOrWidth,
    ^^^^^
/C:/Users/berkgoknil/AppData/Local/Pub/Cache/hosted/pub.dev/web-1.1.1/lib/src/dom/webgl1.dart:2011:5: Error: 'JSAny' isn't a type.
    JSAny heightOrType,
    ^^^^^
/C:/Users/berkgoknil/AppData/Local/Pub/Cache/hosted/pub.dev/web-1.1.1/lib/src/dom/webgl1.dart:2012:5: Error: 'JSAny' isn't a type.
    JSAny borderOrSource, [
    ^^^^^
/C:/Users/berkgoknil/AppData/Local/Pub/Cache/hosted/pub.dev/web-1.1.1/lib/src/dom/webgl1.dart:2027:5: Error: 'JSAny' isn't a type.
    JSAny formatOrWidth,
    ^^^^^
/C:/Users/berkgoknil/AppData/Local/Pub/Cache/hosted/pub.dev/web-1.1.1/lib/src/dom/webgl1.dart:2028:5: Error: 'JSAny' isn't a type.
    JSAny heightOrType,
    ^^^^^
/C:/Users/berkgoknil/AppData/Local/Pub/Cache/hosted/pub.dev/web-1.1.1/lib/src/dom/webgl1.dart:2029:5: Error: 'JSAny' isn't a type.
    JSAny formatOrSource, [
    ^^^^^
/C:/Users/berkgoknil/AppData/Local/Pub/Cache/hosted/pub.dev/web-1.1.1/lib/src/dom/webgl1.dart:2128:36: Error: 'JSObject' isn't a type.
extension type WebGLContextEvent._(JSObject _) implements Event, JSObject {
                                   ^^^^^^^^
/C:/Users/berkgoknil/AppData/Local/Pub/Cache/hosted/pub.dev/web-1.1.1/lib/src/dom/webgl1.dart:2139:40: Error: 'JSObject' isn't a type.
extension type WebGLContextEventInit._(JSObject _)
                                       ^^^^^^^^
/C:/Users/berkgoknil/AppData/Local/Pub/Cache/hosted/pub.dev/web-1.1.1/lib/src/dom/webgl_lose_context.dart:16:8: Error: Dart library 'dart:js_interop' is not available on this platform.
import 'dart:js_interop';
       ^
/C:/Users/berkgoknil/AppData/Local/Pub/Cache/hosted/pub.dev/web-1.1.1/lib/src/dom/webgl_lose_context.dart:18:37: Error: Type 'JSObject' not found.
extension type WEBGL_lose_context._(JSObject _) implements JSObject {
                                    ^^^^^^^^
/C:/Users/berkgoknil/AppData/Local/Pub/Cache/hosted/pub.dev/web-1.1.1/lib/src/dom/webgl_lose_context.dart:18:60: Error: Type 'JSObject' not found.
extension type WEBGL_lose_context._(JSObject _) implements JSObject {
                                                           ^^^^^^^^
/C:/Users/berkgoknil/AppData/Local/Pub/Cache/hosted/pub.dev/web-1.1.1/lib/src/dom/webgl_lose_context.dart:18:60: Error: The type 'JSObject' can't be implemented by an extension type.
extension type WEBGL_lose_context._(JSObject _) implements JSObject {
                                                           ^
/C:/Users/berkgoknil/AppData/Local/Pub/Cache/hosted/pub.dev/web-1.1.1/lib/src/dom/webgl_lose_context.dart:13:2: Error: Couldn't find constructor 'JS'.
@JS()
 ^^
/C:/Users/berkgoknil/AppData/Local/Pub/Cache/hosted/pub.dev/web-1.1.1/lib/src/dom/webgl_lose_context.dart:18:37: Error: 'JSObject' isn't a type.
extension type WEBGL_lose_context._(JSObject _) implements JSObject {
                                    ^^^^^^^^
/C:/Users/berkgoknil/AppData/Local/Pub/Cache/hosted/pub.dev/web-1.1.1/lib/src/dom/webgl_draw_buffers.dart:16:8: Error: Dart library 'dart:js_interop' is not available on this platform.
import 'dart:js_interop';
       ^
/C:/Users/berkgoknil/AppData/Local/Pub/Cache/hosted/pub.dev/web-1.1.1/lib/src/dom/webgl_draw_buffers.dart:20:37: Error: Type 'JSObject' not found.
extension type WEBGL_draw_buffers._(JSObject _) implements JSObject {
                                    ^^^^^^^^
/C:/Users/berkgoknil/AppData/Local/Pub/Cache/hosted/pub.dev/web-1.1.1/lib/src/dom/webgl_draw_buffers.dart:20:60: Error: Type 'JSObject' not found.
extension type WEBGL_draw_buffers._(JSObject _) implements JSObject {
                                                           ^^^^^^^^
/C:/Users/berkgoknil/AppData/Local/Pub/Cache/hosted/pub.dev/web-1.1.1/lib/src/dom/webgl_draw_buffers.dart:89:42: Error: Type 'JSNumber' not found.
  external void drawBuffersWEBGL(JSArray<JSNumber> buffers);
                                         ^^^^^^^^
/C:/Users/berkgoknil/AppData/Local/Pub/Cache/hosted/pub.dev/web-1.1.1/lib/src/dom/webgl_draw_buffers.dart:89:34: Error: Type 'JSArray' not found.
  external void drawBuffersWEBGL(JSArray<JSNumber> buffers);
                                 ^^^^^^^
/C:/Users/berkgoknil/AppData/Local/Pub/Cache/hosted/pub.dev/web-1.1.1/lib/src/dom/webgl_draw_buffers.dart:20:60: Error: The type 'JSObject' can't be implemented by an extension type.
extension type WEBGL_draw_buffers._(JSObject _) implements JSObject {
                                                           ^
/C:/Users/berkgoknil/AppData/Local/Pub/Cache/hosted/pub.dev/web-1.1.1/lib/src/dom/webgl_draw_buffers.dart:13:2: Error: Couldn't find constructor 'JS'.
@JS()
 ^^
/C:/Users/berkgoknil/AppData/Local/Pub/Cache/hosted/pub.dev/web-1.1.1/lib/src/dom/webgl_draw_buffers.dart:20:37: Error: 'JSObject' isn't a type.
extension type WEBGL_draw_buffers._(JSObject _) implements JSObject {
                                    ^^^^^^^^
/C:/Users/berkgoknil/AppData/Local/Pub/Cache/hosted/pub.dev/web-1.1.1/lib/src/dom/webgl_draw_buffers.dart:89:42: Error: 'JSNumber' isn't a type.
  external void drawBuffersWEBGL(JSArray<JSNumber> buffers);
                                         ^^^^^^^^
/C:/Users/berkgoknil/AppData/Local/Pub/Cache/hosted/pub.dev/web-1.1.1/lib/src/dom/webgl_draw_buffers.dart:89:34: Error: 'JSArray' isn't a type.
  external void drawBuffersWEBGL(JSArray<JSNumber> buffers);
                                 ^^^^^^^
/C:/Users/berkgoknil/AppData/Local/Pub/Cache/hosted/pub.dev/web-1.1.1/lib/src/dom/webgl_depth_texture.dart:16:8: Error: Dart library 'dart:js_interop' is not available on this platform.
import 'dart:js_interop';
       ^
/C:/Users/berkgoknil/AppData/Local/Pub/Cache/hosted/pub.dev/web-1.1.1/lib/src/dom/webgl_depth_texture.dart:20:38: Error: Type 'JSObject' not found.
extension type WEBGL_depth_texture._(JSObject _) implements JSObject {
                                     ^^^^^^^^
/C:/Users/berkgoknil/AppData/Local/Pub/Cache/hosted/pub.dev/web-1.1.1/lib/src/dom/webgl_depth_texture.dart:20:61: Error: Type 'JSObject' not found.
extension type WEBGL_depth_texture._(JSObject _) implements JSObject {
                                                            ^^^^^^^^
/C:/Users/berkgoknil/AppData/Local/Pub/Cache/hosted/pub.dev/web-1.1.1/lib/src/dom/webgl_depth_texture.dart:20:61: Error: The type 'JSObject' can't be implemented by an extension type.
extension type WEBGL_depth_texture._(JSObject _) implements JSObject {
                                                            ^
/C:/Users/berkgoknil/AppData/Local/Pub/Cache/hosted/pub.dev/web-1.1.1/lib/src/dom/webgl_depth_texture.dart:13:2: Error: Couldn't find constructor 'JS'.
@JS()
 ^^
/C:/Users/berkgoknil/AppData/Local/Pub/Cache/hosted/pub.dev/web-1.1.1/lib/src/dom/webgl_depth_texture.dart:20:38: Error: 'JSObject' isn't a type.
extension type WEBGL_depth_texture._(JSObject _) implements JSObject {
                                     ^^^^^^^^
/C:/Users/berkgoknil/AppData/Local/Pub/Cache/hosted/pub.dev/web-1.1.1/lib/src/dom/webgl_debug_shaders.dart:16:8: Error: Dart library 'dart:js_interop' is not available on this platform.
import 'dart:js_interop';
       ^
/C:/Users/berkgoknil/AppData/Local/Pub/Cache/hosted/pub.dev/web-1.1.1/lib/src/dom/webgl_debug_shaders.dart:20:38: Error: Type 'JSObject' not found.
extension type WEBGL_debug_shaders._(JSObject _) implements JSObject {
                                     ^^^^^^^^
/C:/Users/berkgoknil/AppData/Local/Pub/Cache/hosted/pub.dev/web-1.1.1/lib/src/dom/webgl_debug_shaders.dart:20:61: Error: Type 'JSObject' not found.
extension type WEBGL_debug_shaders._(JSObject _) implements JSObject {
                                                            ^^^^^^^^
/C:/Users/berkgoknil/AppData/Local/Pub/Cache/hosted/pub.dev/web-1.1.1/lib/src/dom/webgl_debug_shaders.dart:20:61: Error: The type 'JSObject' can't be implemented by an extension type.
extension type WEBGL_debug_shaders._(JSObject _) implements JSObject {
                                                            ^
/C:/Users/berkgoknil/AppData/Local/Pub/Cache/hosted/pub.dev/web-1.1.1/lib/src/dom/webgl_debug_shaders.dart:13:2: Error: Couldn't find constructor 'JS'.
@JS()
 ^^
/C:/Users/berkgoknil/AppData/Local/Pub/Cache/hosted/pub.dev/web-1.1.1/lib/src/dom/webgl_debug_shaders.dart:20:38: Error: 'JSObject' isn't a type.
extension type WEBGL_debug_shaders._(JSObject _) implements JSObject {
                                     ^^^^^^^^
/C:/Users/berkgoknil/AppData/Local/Pub/Cache/hosted/pub.dev/web-1.1.1/lib/src/dom/webgl_debug_renderer_info.dart:16:8: Error: Dart library 'dart:js_interop' is not available on this platform.
import 'dart:js_interop';
       ^
/C:/Users/berkgoknil/AppData/Local/Pub/Cache/hosted/pub.dev/web-1.1.1/lib/src/dom/webgl_debug_renderer_info.dart:20:44: Error: Type 'JSObject' not found.
extension type WEBGL_debug_renderer_info._(JSObject _) implements JSObject {
                                           ^^^^^^^^
/C:/Users/berkgoknil/AppData/Local/Pub/Cache/hosted/pub.dev/web-1.1.1/lib/src/dom/webgl_debug_renderer_info.dart:20:67: Error: Type 'JSObject' not found.
extension type WEBGL_debug_renderer_info._(JSObject _) implements JSObject {
                                                                  ^^^^^^^^
/C:/Users/berkgoknil/AppData/Local/Pub/Cache/hosted/pub.dev/web-1.1.1/lib/src/dom/webgl_debug_renderer_info.dart:20:67: Error: The type 'JSObject' can't be implemented by an extension type.
extension type WEBGL_debug_renderer_info._(JSObject _) implements JSObject {
                                                                  ^
/C:/Users/berkgoknil/AppData/Local/Pub/Cache/hosted/pub.dev/web-1.1.1/lib/src/dom/webgl_debug_renderer_info.dart:13:2: Error: Couldn't find constructor 'JS'.
@JS()
 ^^
/C:/Users/berkgoknil/AppData/Local/Pub/Cache/hosted/pub.dev/web-1.1.1/lib/src/dom/webgl_debug_renderer_info.dart:20:44: Error: 'JSObject' isn't a type.
extension type WEBGL_debug_renderer_info._(JSObject _) implements JSObject {
                                           ^^^^^^^^
/C:/Users/berkgoknil/AppData/Local/Pub/Cache/hosted/pub.dev/web-1.1.1/lib/src/dom/webgl_compressed_texture_s3tc_srgb.dart:16:8: Error: Dart library 'dart:js_interop' is not available on this platform.
import 'dart:js_interop';
       ^
/C:/Users/berkgoknil/AppData/Local/Pub/Cache/hosted/pub.dev/web-1.1.1/lib/src/dom/webgl_compressed_texture_s3tc_srgb.dart:20:53: Error: Type 'JSObject' not found.
extension type WEBGL_compressed_texture_s3tc_srgb._(JSObject _)
                                                    ^^^^^^^^
/C:/Users/berkgoknil/AppData/Local/Pub/Cache/hosted/pub.dev/web-1.1.1/lib/src/dom/webgl_compressed_texture_s3tc_srgb.dart:21:16: Error: Type 'JSObject' not found.
    implements JSObject {
               ^^^^^^^^
/C:/Users/berkgoknil/AppData/Local/Pub/Cache/hosted/pub.dev/web-1.1.1/lib/src/dom/webgl_compressed_texture_s3tc_srgb.dart:21:16: Error: The type 'JSObject' can't be implemented by an extension type.
    implements JSObject {
               ^
/C:/Users/berkgoknil/AppData/Local/Pub/Cache/hosted/pub.dev/web-1.1.1/lib/src/dom/webgl_compressed_texture_s3tc_srgb.dart:13:2: Error: Couldn't find constructor 'JS'.
@JS()
 ^^
/C:/Users/berkgoknil/AppData/Local/Pub/Cache/hosted/pub.dev/web-1.1.1/lib/src/dom/webgl_compressed_texture_s3tc_srgb.dart:20:53: Error: 'JSObject' isn't a type.
extension type WEBGL_compressed_texture_s3tc_srgb._(JSObject _)
                                                    ^^^^^^^^
/C:/Users/berkgoknil/AppData/Local/Pub/Cache/hosted/pub.dev/web-1.1.1/lib/src/dom/webgl_compressed_texture_s3tc.dart:16:8: Error: Dart library 'dart:js_interop' is not available on this platform.
import 'dart:js_interop';
       ^
/C:/Users/berkgoknil/AppData/Local/Pub/Cache/hosted/pub.dev/web-1.1.1/lib/src/dom/webgl_compressed_texture_s3tc.dart:20:48: Error: Type 'JSObject' not found.
extension type WEBGL_compressed_texture_s3tc._(JSObject _) implements JSObject {
                                               ^^^^^^^^
/C:/Users/berkgoknil/AppData/Local/Pub/Cache/hosted/pub.dev/web-1.1.1/lib/src/dom/webgl_compressed_texture_s3tc.dart:20:71: Error: Type 'JSObject' not found.
extension type WEBGL_compressed_texture_s3tc._(JSObject _) implements JSObject {
                                                                      ^^^^^^^^
/C:/Users/berkgoknil/AppData/Local/Pub/Cache/hosted/pub.dev/web-1.1.1/lib/src/dom/webgl_compressed_texture_s3tc.dart:20:71: Error: The type 'JSObject' can't be implemented by an extension type.
extension type WEBGL_compressed_texture_s3tc._(JSObject _) implements JSObject {
                                                                      ^
/C:/Users/berkgoknil/AppData/Local/Pub/Cache/hosted/pub.dev/web-1.1.1/lib/src/dom/webgl_compressed_texture_s3tc.dart:13:2: Error: Couldn't find constructor 'JS'.
@JS()
 ^^
/C:/Users/berkgoknil/AppData/Local/Pub/Cache/hosted/pub.dev/web-1.1.1/lib/src/dom/webgl_compressed_texture_s3tc.dart:20:48: Error: 'JSObject' isn't a type.
extension type WEBGL_compressed_texture_s3tc._(JSObject _) implements JSObject {
                                               ^^^^^^^^
/C:/Users/berkgoknil/AppData/Local/Pub/Cache/hosted/pub.dev/web-1.1.1/lib/src/dom/webgl_compressed_texture_pvrtc.dart:16:8: Error: Dart library 'dart:js_interop' is not available on this platform.
import 'dart:js_interop';
       ^
/C:/Users/berkgoknil/AppData/Local/Pub/Cache/hosted/pub.dev/web-1.1.1/lib/src/dom/webgl_compressed_texture_pvrtc.dart:20:49: Error: Type 'JSObject' not found.
extension type WEBGL_compressed_texture_pvrtc._(JSObject _)
                                                ^^^^^^^^
/C:/Users/berkgoknil/AppData/Local/Pub/Cache/hosted/pub.dev/web-1.1.1/lib/src/dom/webgl_compressed_texture_pvrtc.dart:21:16: Error: Type 'JSObject' not found.
    implements JSObject {
               ^^^^^^^^
/C:/Users/berkgoknil/AppData/Local/Pub/Cache/hosted/pub.dev/web-1.1.1/lib/src/dom/webgl_compressed_texture_pvrtc.dart:21:16: Error: The type 'JSObject' can't be implemented by an extension type.
    implements JSObject {
               ^
/C:/Users/berkgoknil/AppData/Local/Pub/Cache/hosted/pub.dev/web-1.1.1/lib/src/dom/webgl_compressed_texture_pvrtc.dart:13:2: Error: Couldn't find constructor 'JS'.
@JS()
 ^^
/C:/Users/berkgoknil/AppData/Local/Pub/Cache/hosted/pub.dev/web-1.1.1/lib/src/dom/webgl_compressed_texture_pvrtc.dart:20:49: Error: 'JSObject' isn't a type.
extension type WEBGL_compressed_texture_pvrtc._(JSObject _)
                                                ^^^^^^^^
/C:/Users/berkgoknil/AppData/Local/Pub/Cache/hosted/pub.dev/web-1.1.1/lib/src/dom/webgl_compressed_texture_etc1.dart:16:8: Error: Dart library 'dart:js_interop' is not available on this platform.
import 'dart:js_interop';
       ^
/C:/Users/berkgoknil/AppData/Local/Pub/Cache/hosted/pub.dev/web-1.1.1/lib/src/dom/webgl_compressed_texture_etc1.dart:20:48: Error: Type 'JSObject' not found.
extension type WEBGL_compressed_texture_etc1._(JSObject _) implements JSObject {
                                               ^^^^^^^^
/C:/Users/berkgoknil/AppData/Local/Pub/Cache/hosted/pub.dev/web-1.1.1/lib/src/dom/webgl_compressed_texture_etc1.dart:20:71: Error: Type 'JSObject' not found.
extension type WEBGL_compressed_texture_etc1._(JSObject _) implements JSObject {
                                                                      ^^^^^^^^
/C:/Users/berkgoknil/AppData/Local/Pub/Cache/hosted/pub.dev/web-1.1.1/lib/src/dom/webgl_compressed_texture_etc1.dart:20:71: Error: The type 'JSObject' can't be implemented by an extension type.
extension type WEBGL_compressed_texture_etc1._(JSObject _) implements JSObject {
                                                                      ^
/C:/Users/berkgoknil/AppData/Local/Pub/Cache/hosted/pub.dev/web-1.1.1/lib/src/dom/webgl_compressed_texture_etc1.dart:13:2: Error: Couldn't find constructor 'JS'.
@JS()
 ^^
/C:/Users/berkgoknil/AppData/Local/Pub/Cache/hosted/pub.dev/web-1.1.1/lib/src/dom/webgl_compressed_texture_etc1.dart:20:48: Error: 'JSObject' isn't a type.
extension type WEBGL_compressed_texture_etc1._(JSObject _) implements JSObject {
                                               ^^^^^^^^
/C:/Users/berkgoknil/AppData/Local/Pub/Cache/hosted/pub.dev/web-1.1.1/lib/src/dom/webgl_compressed_texture_etc.dart:16:8: Error: Dart library 'dart:js_interop' is not available on this platform.
import 'dart:js_interop';
       ^
/C:/Users/berkgoknil/AppData/Local/Pub/Cache/hosted/pub.dev/web-1.1.1/lib/src/dom/webgl_compressed_texture_etc.dart:20:47: Error: Type 'JSObject' not found.
extension type WEBGL_compressed_texture_etc._(JSObject _) implements JSObject {
                                              ^^^^^^^^
/C:/Users/berkgoknil/AppData/Local/Pub/Cache/hosted/pub.dev/web-1.1.1/lib/src/dom/webgl_compressed_texture_etc.dart:20:70: Error: Type 'JSObject' not found.
extension type WEBGL_compressed_texture_etc._(JSObject _) implements JSObject {
                                                                     ^^^^^^^^
/C:/Users/berkgoknil/AppData/Local/Pub/Cache/hosted/pub.dev/web-1.1.1/lib/src/dom/webgl_compressed_texture_etc.dart:20:70: Error: The type 'JSObject' can't be implemented by an extension type.
extension type WEBGL_compressed_texture_etc._(JSObject _) implements JSObject {
                                                                     ^
/C:/Users/berkgoknil/AppData/Local/Pub/Cache/hosted/pub.dev/web-1.1.1/lib/src/dom/webgl_compressed_texture_etc.dart:13:2: Error: Couldn't find constructor 'JS'.
@JS()
 ^^
/C:/Users/berkgoknil/AppData/Local/Pub/Cache/hosted/pub.dev/web-1.1.1/lib/src/dom/webgl_compressed_texture_etc.dart:20:47: Error: 'JSObject' isn't a type.
extension type WEBGL_compressed_texture_etc._(JSObject _) implements JSObject {
                                              ^^^^^^^^
/C:/Users/berkgoknil/AppData/Local/Pub/Cache/hosted/pub.dev/web-1.1.1/lib/src/dom/webgl_compressed_texture_astc.dart:16:8: Error: Dart library 'dart:js_interop' is not available on this platform.
import 'dart:js_interop';
       ^
/C:/Users/berkgoknil/AppData/Local/Pub/Cache/hosted/pub.dev/web-1.1.1/lib/src/dom/webgl_compressed_texture_astc.dart:20:48: Error: Type 'JSObject' not found.
extension type WEBGL_compressed_texture_astc._(JSObject _) implements JSObject {
                                               ^^^^^^^^
/C:/Users/berkgoknil/AppData/Local/Pub/Cache/hosted/pub.dev/web-1.1.1/lib/src/dom/webgl_compressed_texture_astc.dart:20:71: Error: Type 'JSObject' not found.
extension type WEBGL_compressed_texture_astc._(JSObject _) implements JSObject {
                                                                      ^^^^^^^^
/C:/Users/berkgoknil/AppData/Local/Pub/Cache/hosted/pub.dev/web-1.1.1/lib/src/dom/webgl_compressed_texture_astc.dart:77:20: Error: Type 'JSString' not found.
  external JSArray<JSString> getSupportedProfiles();
                   ^^^^^^^^
/C:/Users/berkgoknil/AppData/Local/Pub/Cache/hosted/pub.dev/web-1.1.1/lib/src/dom/webgl_compressed_texture_astc.dart:77:12: Error: Type 'JSArray' not found.
  external JSArray<JSString> getSupportedProfiles();
           ^^^^^^^
/C:/Users/berkgoknil/AppData/Local/Pub/Cache/hosted/pub.dev/web-1.1.1/lib/src/dom/webgl_compressed_texture_astc.dart:20:71: Error: The type 'JSObject' can't be implemented by an extension type.
extension type WEBGL_compressed_texture_astc._(JSObject _) implements JSObject {
                                                                      ^
/C:/Users/berkgoknil/AppData/Local/Pub/Cache/hosted/pub.dev/web-1.1.1/lib/src/dom/webgl_compressed_texture_astc.dart:13:2: Error: Couldn't find constructor 'JS'.
@JS()
 ^^
/C:/Users/berkgoknil/AppData/Local/Pub/Cache/hosted/pub.dev/web-1.1.1/lib/src/dom/webgl_compressed_texture_astc.dart:20:48: Error: 'JSObject' isn't a type.
extension type WEBGL_compressed_texture_astc._(JSObject _) implements JSObject {
                                               ^^^^^^^^
/C:/Users/berkgoknil/AppData/Local/Pub/Cache/hosted/pub.dev/web-1.1.1/lib/src/dom/webgl_color_buffer_float.dart:16:8: Error: Dart library 'dart:js_interop' is not available on this platform.
import 'dart:js_interop';
       ^
/C:/Users/berkgoknil/AppData/Local/Pub/Cache/hosted/pub.dev/web-1.1.1/lib/src/dom/webgl_color_buffer_float.dart:20:43: Error: Type 'JSObject' not found.
extension type WEBGL_color_buffer_float._(JSObject _) implements JSObject {
                                          ^^^^^^^^
/C:/Users/berkgoknil/AppData/Local/Pub/Cache/hosted/pub.dev/web-1.1.1/lib/src/dom/webgl_color_buffer_float.dart:20:66: Error: Type 'JSObject' not found.
extension type WEBGL_color_buffer_float._(JSObject _) implements JSObject {
                                                                 ^^^^^^^^
/C:/Users/berkgoknil/AppData/Local/Pub/Cache/hosted/pub.dev/web-1.1.1/lib/src/dom/webgl_color_buffer_float.dart:20:66: Error: The type 'JSObject' can't be implemented by an extension type.
extension type WEBGL_color_buffer_float._(JSObject _) implements JSObject {
                                                                 ^
/C:/Users/berkgoknil/AppData/Local/Pub/Cache/hosted/pub.dev/web-1.1.1/lib/src/dom/webgl_color_buffer_float.dart:13:2: Error: Couldn't find constructor 'JS'.
@JS()
 ^^
/C:/Users/berkgoknil/AppData/Local/Pub/Cache/hosted/pub.dev/web-1.1.1/lib/src/dom/webgl_color_buffer_float.dart:20:43: Error: 'JSObject' isn't a type.
extension type WEBGL_color_buffer_float._(JSObject _) implements JSObject {
                                          ^^^^^^^^
/C:/Users/berkgoknil/AppData/Local/Pub/Cache/hosted/pub.dev/web-1.1.1/lib/src/dom/webgl2.dart:16:8: Error: Dart library 'dart:js_interop' is not available on this platform.
import 'dart:js_interop';
       ^
/C:/Users/berkgoknil/AppData/Local/Pub/Cache/hosted/pub.dev/web-1.1.1/lib/src/dom/webgl2.dart:24:22: Error: Type 'JSObject' not found.
typedef Uint32List = JSObject;
                     ^^^^^^^^
/C:/Users/berkgoknil/AppData/Local/Pub/Cache/hosted/pub.dev/web-1.1.1/lib/src/dom/webgl2.dart:50:29: Error: Type 'JSObject' not found.
extension type WebGLQuery._(JSObject _) implements JSObject {}
                            ^^^^^^^^
/C:/Users/berkgoknil/AppData/Local/Pub/Cache/hosted/pub.dev/web-1.1.1/lib/src/dom/webgl2.dart:50:52: Error: Type 'JSObject' not found.
extension type WebGLQuery._(JSObject _) implements JSObject {}
                                                   ^^^^^^^^
/C:/Users/berkgoknil/AppData/Local/Pub/Cache/hosted/pub.dev/web-1.1.1/lib/src/dom/webgl2.dart:69:31: Error: Type 'JSObject' not found.
extension type WebGLSampler._(JSObject _) implements JSObject {}
                              ^^^^^^^^
/C:/Users/berkgoknil/AppData/Local/Pub/Cache/hosted/pub.dev/web-1.1.1/lib/src/dom/webgl2.dart:69:54: Error: Type 'JSObject' not found.
extension type WebGLSampler._(JSObject _) implements JSObject {}
                                                     ^^^^^^^^
/C:/Users/berkgoknil/AppData/Local/Pub/Cache/hosted/pub.dev/web-1.1.1/lib/src/dom/webgl2.dart:89:28: Error: Type 'JSObject' not found.
extension type WebGLSync._(JSObject _) implements JSObject {}
                           ^^^^^^^^
/C:/Users/berkgoknil/AppData/Local/Pub/Cache/hosted/pub.dev/web-1.1.1/lib/src/dom/webgl2.dart:89:51: Error: Type 'JSObject' not found.
extension type WebGLSync._(JSObject _) implements JSObject {}
                                                  ^^^^^^^^
/C:/Users/berkgoknil/AppData/Local/Pub/Cache/hosted/pub.dev/web-1.1.1/lib/src/dom/webgl2.dart:115:41: Error: Type 'JSObject' not found.
extension type WebGLTransformFeedback._(JSObject _) implements JSObject {}
                                        ^^^^^^^^
/C:/Users/berkgoknil/AppData/Local/Pub/Cache/hosted/pub.dev/web-1.1.1/lib/src/dom/webgl2.dart:115:64: Error: Type 'JSObject' not found.
extension type WebGLTransformFeedback._(JSObject _) implements JSObject {}
                                                               ^^^^^^^^
/C:/Users/berkgoknil/AppData/Local/Pub/Cache/hosted/pub.dev/web-1.1.1/lib/src/dom/webgl2.dart:137:41: Error: Type 'JSObject' not found.
extension type WebGLVertexArrayObject._(JSObject _) implements JSObject {}
                                        ^^^^^^^^
/C:/Users/berkgoknil/AppData/Local/Pub/Cache/hosted/pub.dev/web-1.1.1/lib/src/dom/webgl2.dart:137:64: Error: Type 'JSObject' not found.
extension type WebGLVertexArrayObject._(JSObject _) implements JSObject {}
                                                               ^^^^^^^^
/C:/Users/berkgoknil/AppData/Local/Pub/Cache/hosted/pub.dev/web-1.1.1/lib/src/dom/webgl2.dart:165:41: Error: Type 'JSObject' not found.
extension type WebGL2RenderingContext._(JSObject _) implements JSObject {
                                        ^^^^^^^^
/C:/Users/berkgoknil/AppData/Local/Pub/Cache/hosted/pub.dev/web-1.1.1/lib/src/dom/webgl2.dart:165:64: Error: Type 'JSObject' not found.
extension type WebGL2RenderingContext._(JSObject _) implements JSObject {
                                                               ^^^^^^^^
/C:/Users/berkgoknil/AppData/Local/Pub/Cache/hosted/pub.dev/web-1.1.1/lib/src/dom/webgl2.dart:1286:20: Error: Type 'JSString' not found.
  external JSArray<JSString>? getSupportedExtensions();
                   ^^^^^^^^
/C:/Users/berkgoknil/AppData/Local/Pub/Cache/hosted/pub.dev/web-1.1.1/lib/src/dom/webgl2.dart:1286:12: Error: Type 'JSArray' not found.
  external JSArray<JSString>? getSupportedExtensions();
           ^^^^^^^
/C:/Users/berkgoknil/AppData/Local/Pub/Cache/hosted/pub.dev/web-1.1.1/lib/src/dom/webgl2.dart:1287:12: Error: Type 'JSObject' not found.
  external JSObject? getExtension(String name);
           ^^^^^^^^
/C:/Users/berkgoknil/AppData/Local/Pub/Cache/hosted/pub.dev/web-1.1.1/lib/src/dom/webgl2.dart:1435:12: Error: Type 'JSArray' not found.
  external JSArray<WebGLShader>? getAttachedShaders(WebGLProgram program);
           ^^^^^^^
/C:/Users/berkgoknil/AppData/Local/Pub/Cache/hosted/pub.dev/web-1.1.1/lib/src/dom/webgl2.dart:1440:12: Error: Type 'JSAny' not found.
  external JSAny? getBufferParameter(
           ^^^^^
/C:/Users/berkgoknil/AppData/Local/Pub/Cache/hosted/pub.dev/web-1.1.1/lib/src/dom/webgl2.dart:1444:12: Error: Type 'JSAny' not found.
  external JSAny? getParameter(GLenum pname);
           ^^^^^
/C:/Users/berkgoknil/AppData/Local/Pub/Cache/hosted/pub.dev/web-1.1.1/lib/src/dom/webgl2.dart:1446:12: Error: Type 'JSAny' not found.
  external JSAny? getFramebufferAttachmentParameter(
           ^^^^^
/C:/Users/berkgoknil/AppData/Local/Pub/Cache/hosted/pub.dev/web-1.1.1/lib/src/dom/webgl2.dart:1451:12: Error: Type 'JSAny' not found.
  external JSAny? getProgramParameter(
           ^^^^^
/C:/Users/berkgoknil/AppData/Local/Pub/Cache/hosted/pub.dev/web-1.1.1/lib/src/dom/webgl2.dart:1456:12: Error: Type 'JSAny' not found.
  external JSAny? getRenderbufferParameter(
           ^^^^^
/C:/Users/berkgoknil/AppData/Local/Pub/Cache/hosted/pub.dev/web-1.1.1/lib/src/dom/webgl2.dart:1460:12: Error: Type 'JSAny' not found.
  external JSAny? getShaderParameter(
           ^^^^^
/C:/Users/berkgoknil/AppData/Local/Pub/Cache/hosted/pub.dev/web-1.1.1/lib/src/dom/webgl2.dart:1470:12: Error: Type 'JSAny' not found.
  external JSAny? getTexParameter(
           ^^^^^
/C:/Users/berkgoknil/AppData/Local/Pub/Cache/hosted/pub.dev/web-1.1.1/lib/src/dom/webgl2.dart:1474:12: Error: Type 'JSAny' not found.
  external JSAny? getUniform(
           ^^^^^
/C:/Users/berkgoknil/AppData/Local/Pub/Cache/hosted/pub.dev/web-1.1.1/lib/src/dom/webgl2.dart:1482:12: Error: Type 'JSAny' not found.
  external JSAny? getVertexAttrib(
           ^^^^^
/C:/Users/berkgoknil/AppData/Local/Pub/Cache/hosted/pub.dev/web-1.1.1/lib/src/dom/webgl2.dart:1666:22: Error: Type 'JSAny' not found.
  external JSPromise<JSAny?> makeXRCompatible();
                     ^^^^^
/C:/Users/berkgoknil/AppData/Local/Pub/Cache/hosted/pub.dev/web-1.1.1/lib/src/dom/webgl2.dart:1666:12: Error: Type 'JSPromise' not found.
  external JSPromise<JSAny?> makeXRCompatible();
           ^^^^^^^^^
/C:/Users/berkgoknil/AppData/Local/Pub/Cache/hosted/pub.dev/web-1.1.1/lib/src/dom/webgl2.dart:1739:13: Error: Type 'JSNumber' not found.
    JSArray<JSNumber> attachments,
            ^^^^^^^^
/C:/Users/berkgoknil/AppData/Local/Pub/Cache/hosted/pub.dev/web-1.1.1/lib/src/dom/webgl2.dart:1739:5: Error: Type 'JSArray' not found.
    JSArray<JSNumber> attachments,
    ^^^^^^^
/C:/Users/berkgoknil/AppData/Local/Pub/Cache/hosted/pub.dev/web-1.1.1/lib/src/dom/webgl2.dart:1749:13: Error: Type 'JSNumber' not found.
    JSArray<JSNumber> attachments,
            ^^^^^^^^
/C:/Users/berkgoknil/AppData/Local/Pub/Cache/hosted/pub.dev/web-1.1.1/lib/src/dom/webgl2.dart:1749:5: Error: Type 'JSArray' not found.
    JSArray<JSNumber> attachments,
    ^^^^^^^
/C:/Users/berkgoknil/AppData/Local/Pub/Cache/hosted/pub.dev/web-1.1.1/lib/src/dom/webgl2.dart:1771:12: Error: Type 'JSAny' not found.
  external JSAny? getInternalformatParameter(
           ^^^^^
/C:/Users/berkgoknil/AppData/Local/Pub/Cache/hosted/pub.dev/web-1.1.1/lib/src/dom/webgl2.dart:1832:5: Error: Type 'JSAny' not found.
    JSAny? pboOffsetOrSourceOrSrcData, [
    ^^^^^
/C:/Users/berkgoknil/AppData/Local/Pub/Cache/hosted/pub.dev/web-1.1.1/lib/src/dom/webgl2.dart:1851:5: Error: Type 'JSAny' not found.
    JSAny? pboOffsetOrSourceOrSrcData, [
    ^^^^^
/C:/Users/berkgoknil/AppData/Local/Pub/Cache/hosted/pub.dev/web-1.1.1/lib/src/dom/webgl2.dart:1879:5: Error: Type 'JSAny' not found.
    JSAny imageSizeOrSrcData, [
    ^^^^^
/C:/Users/berkgoknil/AppData/Local/Pub/Cache/hosted/pub.dev/web-1.1.1/lib/src/dom/webgl2.dart:1880:5: Error: Type 'JSAny' not found.
    JSAny offsetOrSrcOffset,
    ^^^^^
/C:/Users/berkgoknil/AppData/Local/Pub/Cache/hosted/pub.dev/web-1.1.1/lib/src/dom/webgl2.dart:1900:5: Error: Type 'JSAny' not found.
    JSAny imageSizeOrSrcData, [
    ^^^^^
/C:/Users/berkgoknil/AppData/Local/Pub/Cache/hosted/pub.dev/web-1.1.1/lib/src/dom/webgl2.dart:1901:5: Error: Type 'JSAny' not found.
    JSAny offsetOrSrcOffset,
    ^^^^^
/C:/Users/berkgoknil/AppData/Local/Pub/Cache/hosted/pub.dev/web-1.1.1/lib/src/dom/webgl2.dart:2113:37: Error: Type 'JSNumber' not found.
  external void drawBuffers(JSArray<JSNumber> buffers);
                                    ^^^^^^^^
/C:/Users/berkgoknil/AppData/Local/Pub/Cache/hosted/pub.dev/web-1.1.1/lib/src/dom/webgl2.dart:2113:29: Error: Type 'JSArray' not found.
  external void drawBuffers(JSArray<JSNumber> buffers);
                            ^^^^^^^
/C:/Users/berkgoknil/AppData/Local/Pub/Cache/hosted/pub.dev/web-1.1.1/lib/src/dom/webgl2.dart:2188:12: Error: Type 'JSAny' not found.
  external JSAny? getQueryParameter(
           ^^^^^
/C:/Users/berkgoknil/AppData/Local/Pub/Cache/hosted/pub.dev/web-1.1.1/lib/src/dom/webgl2.dart:2235:12: Error: Type 'JSAny' not found.
  external JSAny? getSamplerParameter(
           ^^^^^
/C:/Users/berkgoknil/AppData/Local/Pub/Cache/hosted/pub.dev/web-1.1.1/lib/src/dom/webgl2.dart:2290:12: Error: Type 'JSAny' not found.
  external JSAny? getSyncParameter(
           ^^^^^
/C:/Users/berkgoknil/AppData/Local/Pub/Cache/hosted/pub.dev/web-1.1.1/lib/src/dom/webgl2.dart:2347:13: Error: Type 'JSString' not found.
    JSArray<JSString> varyings,
            ^^^^^^^^
/C:/Users/berkgoknil/AppData/Local/Pub/Cache/hosted/pub.dev/web-1.1.1/lib/src/dom/webgl2.dart:2347:5: Error: Type 'JSArray' not found.
    JSArray<JSString> varyings,
    ^^^^^^^
/C:/Users/berkgoknil/AppData/Local/Pub/Cache/hosted/pub.dev/web-1.1.1/lib/src/dom/webgl2.dart:2405:12: Error: Type 'JSAny' not found.
  external JSAny? getIndexedParameter(
           ^^^^^
/C:/Users/berkgoknil/AppData/Local/Pub/Cache/hosted/pub.dev/web-1.1.1/lib/src/dom/webgl2.dart:2415:20: Error: Type 'JSNumber' not found.
  external JSArray<JSNumber>? getUniformIndices(
                   ^^^^^^^^
/C:/Users/berkgoknil/AppData/Local/Pub/Cache/hosted/pub.dev/web-1.1.1/lib/src/dom/webgl2.dart:2415:12: Error: Type 'JSArray' not found.
  external JSArray<JSNumber>? getUniformIndices(
           ^^^^^^^
/C:/Users/berkgoknil/AppData/Local/Pub/Cache/hosted/pub.dev/web-1.1.1/lib/src/dom/webgl2.dart:2417:13: Error: Type 'JSString' not found.
    JSArray<JSString> uniformNames,
            ^^^^^^^^
/C:/Users/berkgoknil/AppData/Local/Pub/Cache/hosted/pub.dev/web-1.1.1/lib/src/dom/webgl2.dart:2417:5: Error: Type 'JSArray' not found.
    JSArray<JSString> uniformNames,
    ^^^^^^^
/C:/Users/berkgoknil/AppData/Local/Pub/Cache/hosted/pub.dev/web-1.1.1/lib/src/dom/webgl2.dart:2425:12: Error: Type 'JSAny' not found.
  external JSAny? getActiveUniforms(
           ^^^^^
/C:/Users/berkgoknil/AppData/Local/Pub/Cache/hosted/pub.dev/web-1.1.1/lib/src/dom/webgl2.dart:2427:13: Error: Type 'JSNumber' not found.
    JSArray<JSNumber> uniformIndices,
            ^^^^^^^^
/C:/Users/berkgoknil/AppData/Local/Pub/Cache/hosted/pub.dev/web-1.1.1/lib/src/dom/webgl2.dart:2427:5: Error: Type 'JSArray' not found.
    JSArray<JSNumber> uniformIndices,
    ^^^^^^^
/C:/Users/berkgoknil/AppData/Local/Pub/Cache/hosted/pub.dev/web-1.1.1/lib/src/dom/webgl2.dart:2447:12: Error: Type 'JSAny' not found.
  external JSAny? getActiveUniformBlockParameter(
           ^^^^^
/C:/Users/berkgoknil/AppData/Local/Pub/Cache/hosted/pub.dev/web-1.1.1/lib/src/dom/webgl2.dart:2510:5: Error: Type 'JSAny' not found.
    JSAny? sizeOrSrcData,
    ^^^^^
/C:/Users/berkgoknil/AppData/Local/Pub/Cache/hosted/pub.dev/web-1.1.1/lib/src/dom/webgl2.dart:2523:5: Error: Type 'JSObject' not found.
    JSObject srcData, [
    ^^^^^^^^
/C:/Users/berkgoknil/AppData/Local/Pub/Cache/hosted/pub.dev/web-1.1.1/lib/src/dom/webgl2.dart:2531:5: Error: Type 'JSAny' not found.
    JSAny formatOrWidth,
    ^^^^^
/C:/Users/berkgoknil/AppData/Local/Pub/Cache/hosted/pub.dev/web-1.1.1/lib/src/dom/webgl2.dart:2532:5: Error: Type 'JSAny' not found.
    JSAny heightOrType,
    ^^^^^
/C:/Users/berkgoknil/AppData/Local/Pub/Cache/hosted/pub.dev/web-1.1.1/lib/src/dom/webgl2.dart:2533:5: Error: Type 'JSAny' not found.
    JSAny borderOrSource, [
    ^^^^^
/C:/Users/berkgoknil/AppData/Local/Pub/Cache/hosted/pub.dev/web-1.1.1/lib/src/dom/webgl2.dart:2536:5: Error: Type 'JSAny' not found.
    JSAny? pboOffsetOrPixelsOrSourceOrSrcData,
    ^^^^^
/C:/Users/berkgoknil/AppData/Local/Pub/Cache/hosted/pub.dev/web-1.1.1/lib/src/dom/webgl2.dart:2544:5: Error: Type 'JSAny' not found.
    JSAny formatOrWidth,
    ^^^^^
/C:/Users/berkgoknil/AppData/Local/Pub/Cache/hosted/pub.dev/web-1.1.1/lib/src/dom/webgl2.dart:2545:5: Error: Type 'JSAny' not found.
    JSAny heightOrType,
    ^^^^^
/C:/Users/berkgoknil/AppData/Local/Pub/Cache/hosted/pub.dev/web-1.1.1/lib/src/dom/webgl2.dart:2546:5: Error: Type 'JSAny' not found.
    JSAny formatOrSource, [
    ^^^^^
/C:/Users/berkgoknil/AppData/Local/Pub/Cache/hosted/pub.dev/web-1.1.1/lib/src/dom/webgl2.dart:2548:5: Error: Type 'JSAny' not found.
    JSAny? pboOffsetOrPixelsOrSourceOrSrcData,
    ^^^^^
/C:/Users/berkgoknil/AppData/Local/Pub/Cache/hosted/pub.dev/web-1.1.1/lib/src/dom/webgl2.dart:2558:5: Error: Type 'JSAny' not found.
    JSAny imageSizeOrSrcData, [
    ^^^^^
/C:/Users/berkgoknil/AppData/Local/Pub/Cache/hosted/pub.dev/web-1.1.1/lib/src/dom/webgl2.dart:2559:5: Error: Type 'JSAny' not found.
    JSAny offsetOrSrcOffset,
    ^^^^^
/C:/Users/berkgoknil/AppData/Local/Pub/Cache/hosted/pub.dev/web-1.1.1/lib/src/dom/webgl2.dart:2570:5: Error: Type 'JSAny' not found.
    JSAny imageSizeOrSrcData, [
    ^^^^^
/C:/Users/berkgoknil/AppData/Local/Pub/Cache/hosted/pub.dev/web-1.1.1/lib/src/dom/webgl2.dart:2571:5: Error: Type 'JSAny' not found.
    JSAny offsetOrSrcOffset,
    ^^^^^
/C:/Users/berkgoknil/AppData/Local/Pub/Cache/hosted/pub.dev/web-1.1.1/lib/src/dom/webgl2.dart:2650:5: Error: Type 'JSAny' not found.
    JSAny? dstDataOrOffset, [
    ^^^^^
/C:/Users/berkgoknil/AppData/Local/Pub/Cache/hosted/pub.dev/web-1.1.1/lib/src/dom/webgl2.dart:2653:12: Error: Type 'JSObject' not found.
  external JSObject get canvas;
           ^^^^^^^^
/C:/Users/berkgoknil/AppData/Local/Pub/Cache/hosted/pub.dev/web-1.1.1/lib/src/dom/webgl2.dart:50:52: Error: The type 'JSObject' can't be implemented by an extension type.
extension type WebGLQuery._(JSObject _) implements JSObject {}
                                                   ^
/C:/Users/berkgoknil/AppData/Local/Pub/Cache/hosted/pub.dev/web-1.1.1/lib/src/dom/webgl2.dart:69:54: Error: The type 'JSObject' can't be implemented by an extension type.
extension type WebGLSampler._(JSObject _) implements JSObject {}
                                                     ^
/C:/Users/berkgoknil/AppData/Local/Pub/Cache/hosted/pub.dev/web-1.1.1/lib/src/dom/webgl2.dart:89:51: Error: The type 'JSObject' can't be implemented by an extension type.
extension type WebGLSync._(JSObject _) implements JSObject {}
                                                  ^
/C:/Users/berkgoknil/AppData/Local/Pub/Cache/hosted/pub.dev/web-1.1.1/lib/src/dom/webgl2.dart:115:64: Error: The type 'JSObject' can't be implemented by an extension type.
extension type WebGLTransformFeedback._(JSObject _) implements JSObject {}
                                                               ^
/C:/Users/berkgoknil/AppData/Local/Pub/Cache/hosted/pub.dev/web-1.1.1/lib/src/dom/webgl2.dart:137:64: Error: The type 'JSObject' can't be implemented by an extension type.
extension type WebGLVertexArrayObject._(JSObject _) implements JSObject {}
                                                               ^
/C:/Users/berkgoknil/AppData/Local/Pub/Cache/hosted/pub.dev/web-1.1.1/lib/src/dom/webgl2.dart:165:64: Error: The type 'JSObject' can't be implemented by an extension type.
extension type WebGL2RenderingContext._(JSObject _) implements JSObject {
                                                               ^
/C:/Users/berkgoknil/AppData/Local/Pub/Cache/hosted/pub.dev/web-1.1.1/lib/src/dom/webgl2.dart:13:2: Error: Couldn't find constructor 'JS'.
@JS()
 ^^
/C:/Users/berkgoknil/AppData/Local/Pub/Cache/hosted/pub.dev/web-1.1.1/lib/src/dom/webgl2.dart:50:29: Error: 'JSObject' isn't a type.
extension type WebGLQuery._(JSObject _) implements JSObject {}
                            ^^^^^^^^
/C:/Users/berkgoknil/AppData/Local/Pub/Cache/hosted/pub.dev/web-1.1.1/lib/src/dom/webgl2.dart:69:31: Error: 'JSObject' isn't a type.
extension type WebGLSampler._(JSObject _) implements JSObject {}
                              ^^^^^^^^
/C:/Users/berkgoknil/AppData/Local/Pub/Cache/hosted/pub.dev/web-1.1.1/lib/src/dom/webgl2.dart:89:28: Error: 'JSObject' isn't a type.
extension type WebGLSync._(JSObject _) implements JSObject {}
                           ^^^^^^^^
/C:/Users/berkgoknil/AppData/Local/Pub/Cache/hosted/pub.dev/web-1.1.1/lib/src/dom/webgl2.dart:115:41: Error: 'JSObject' isn't a type.
extension type WebGLTransformFeedback._(JSObject _) implements JSObject {}
                                        ^^^^^^^^
/C:/Users/berkgoknil/AppData/Local/Pub/Cache/hosted/pub.dev/web-1.1.1/lib/src/dom/webgl2.dart:137:41: Error: 'JSObject' isn't a type.
extension type WebGLVertexArrayObject._(JSObject _) implements JSObject {}
                                        ^^^^^^^^
/C:/Users/berkgoknil/AppData/Local/Pub/Cache/hosted/pub.dev/web-1.1.1/lib/src/dom/webgl2.dart:165:41: Error: 'JSObject' isn't a type.
extension type WebGL2RenderingContext._(JSObject _) implements JSObject {
                                        ^^^^^^^^
/C:/Users/berkgoknil/AppData/Local/Pub/Cache/hosted/pub.dev/web-1.1.1/lib/src/dom/webgl2.dart:1739:13: Error: 'JSNumber' isn't a type.
    JSArray<JSNumber> attachments,
            ^^^^^^^^
/C:/Users/berkgoknil/AppData/Local/Pub/Cache/hosted/pub.dev/web-1.1.1/lib/src/dom/webgl2.dart:1739:5: Error: 'JSArray' isn't a type.
    JSArray<JSNumber> attachments,
    ^^^^^^^
/C:/Users/berkgoknil/AppData/Local/Pub/Cache/hosted/pub.dev/web-1.1.1/lib/src/dom/webgl2.dart:1749:13: Error: 'JSNumber' isn't a type.
    JSArray<JSNumber> attachments,
            ^^^^^^^^
/C:/Users/berkgoknil/AppData/Local/Pub/Cache/hosted/pub.dev/web-1.1.1/lib/src/dom/webgl2.dart:1749:5: Error: 'JSArray' isn't a type.
    JSArray<JSNumber> attachments,
    ^^^^^^^
/C:/Users/berkgoknil/AppData/Local/Pub/Cache/hosted/pub.dev/web-1.1.1/lib/src/dom/webgl2.dart:1832:5: Error: 'JSAny' isn't a type.
    JSAny? pboOffsetOrSourceOrSrcData, [
    ^^^^^
/C:/Users/berkgoknil/AppData/Local/Pub/Cache/hosted/pub.dev/web-1.1.1/lib/src/dom/webgl2.dart:1851:5: Error: 'JSAny' isn't a type.
    JSAny? pboOffsetOrSourceOrSrcData, [
    ^^^^^
/C:/Users/berkgoknil/AppData/Local/Pub/Cache/hosted/pub.dev/web-1.1.1/lib/src/dom/webgl2.dart:1879:5: Error: 'JSAny' isn't a type.
    JSAny imageSizeOrSrcData, [
    ^^^^^
/C:/Users/berkgoknil/AppData/Local/Pub/Cache/hosted/pub.dev/web-1.1.1/lib/src/dom/webgl2.dart:1880:5: Error: 'JSAny' isn't a type.
    JSAny offsetOrSrcOffset,
    ^^^^^
/C:/Users/berkgoknil/AppData/Local/Pub/Cache/hosted/pub.dev/web-1.1.1/lib/src/dom/webgl2.dart:1900:5: Error: 'JSAny' isn't a type.
    JSAny imageSizeOrSrcData, [
    ^^^^^
/C:/Users/berkgoknil/AppData/Local/Pub/Cache/hosted/pub.dev/web-1.1.1/lib/src/dom/webgl2.dart:1901:5: Error: 'JSAny' isn't a type.
    JSAny offsetOrSrcOffset,
    ^^^^^
/C:/Users/berkgoknil/AppData/Local/Pub/Cache/hosted/pub.dev/web-1.1.1/lib/src/dom/webgl2.dart:2113:37: Error: 'JSNumber' isn't a type.
  external void drawBuffers(JSArray<JSNumber> buffers);
                                    ^^^^^^^^
/C:/Users/berkgoknil/AppData/Local/Pub/Cache/hosted/pub.dev/web-1.1.1/lib/src/dom/webgl2.dart:2113:29: Error: 'JSArray' isn't a type.
  external void drawBuffers(JSArray<JSNumber> buffers);
                            ^^^^^^^
/C:/Users/berkgoknil/AppData/Local/Pub/Cache/hosted/pub.dev/web-1.1.1/lib/src/dom/webgl2.dart:2347:13: Error: 'JSString' isn't a type.
    JSArray<JSString> varyings,
            ^^^^^^^^
/C:/Users/berkgoknil/AppData/Local/Pub/Cache/hosted/pub.dev/web-1.1.1/lib/src/dom/webgl2.dart:2347:5: Error: 'JSArray' isn't a type.
    JSArray<JSString> varyings,
    ^^^^^^^
/C:/Users/berkgoknil/AppData/Local/Pub/Cache/hosted/pub.dev/web-1.1.1/lib/src/dom/webgl2.dart:2417:13: Error: 'JSString' isn't a type.
    JSArray<JSString> uniformNames,
            ^^^^^^^^
/C:/Users/berkgoknil/AppData/Local/Pub/Cache/hosted/pub.dev/web-1.1.1/lib/src/dom/webgl2.dart:2417:5: Error: 'JSArray' isn't a type.
    JSArray<JSString> uniformNames,
    ^^^^^^^
/C:/Users/berkgoknil/AppData/Local/Pub/Cache/hosted/pub.dev/web-1.1.1/lib/src/dom/webgl2.dart:2427:13: Error: 'JSNumber' isn't a type.
    JSArray<JSNumber> uniformIndices,
            ^^^^^^^^
/C:/Users/berkgoknil/AppData/Local/Pub/Cache/hosted/pub.dev/web-1.1.1/lib/src/dom/webgl2.dart:2427:5: Error: 'JSArray' isn't a type.
    JSArray<JSNumber> uniformIndices,
    ^^^^^^^
/C:/Users/berkgoknil/AppData/Local/Pub/Cache/hosted/pub.dev/web-1.1.1/lib/src/dom/webgl2.dart:2510:5: Error: 'JSAny' isn't a type.
    JSAny? sizeOrSrcData,
    ^^^^^
/C:/Users/berkgoknil/AppData/Local/Pub/Cache/hosted/pub.dev/web-1.1.1/lib/src/dom/webgl2.dart:2523:5: Error: 'JSObject' isn't a type.
    JSObject srcData, [
    ^^^^^^^^
/C:/Users/berkgoknil/AppData/Local/Pub/Cache/hosted/pub.dev/web-1.1.1/lib/src/dom/webgl2.dart:2531:5: Error: 'JSAny' isn't a type.
    JSAny formatOrWidth,
    ^^^^^
/C:/Users/berkgoknil/AppData/Local/Pub/Cache/hosted/pub.dev/web-1.1.1/lib/src/dom/webgl2.dart:2532:5: Error: 'JSAny' isn't a type.
    JSAny heightOrType,
    ^^^^^
/C:/Users/berkgoknil/AppData/Local/Pub/Cache/hosted/pub.dev/web-1.1.1/lib/src/dom/webgl2.dart:2533:5: Error: 'JSAny' isn't a type.
    JSAny borderOrSource, [
    ^^^^^
/C:/Users/berkgoknil/AppData/Local/Pub/Cache/hosted/pub.dev/web-1.1.1/lib/src/dom/webgl2.dart:2536:5: Error: 'JSAny' isn't a type.
    JSAny? pboOffsetOrPixelsOrSourceOrSrcData,
    ^^^^^
/C:/Users/berkgoknil/AppData/Local/Pub/Cache/hosted/pub.dev/web-1.1.1/lib/src/dom/webgl2.dart:2544:5: Error: 'JSAny' isn't a type.
    JSAny formatOrWidth,
    ^^^^^
/C:/Users/berkgoknil/AppData/Local/Pub/Cache/hosted/pub.dev/web-1.1.1/lib/src/dom/webgl2.dart:2545:5: Error: 'JSAny' isn't a type.
    JSAny heightOrType,
    ^^^^^
/C:/Users/berkgoknil/AppData/Local/Pub/Cache/hosted/pub.dev/web-1.1.1/lib/src/dom/webgl2.dart:2546:5: Error: 'JSAny' isn't a type.
    JSAny formatOrSource, [
    ^^^^^
/C:/Users/berkgoknil/AppData/Local/Pub/Cache/hosted/pub.dev/web-1.1.1/lib/src/dom/webgl2.dart:2548:5: Error: 'JSAny' isn't a type.
    JSAny? pboOffsetOrPixelsOrSourceOrSrcData,
    ^^^^^
/C:/Users/berkgoknil/AppData/Local/Pub/Cache/hosted/pub.dev/web-1.1.1/lib/src/dom/webgl2.dart:2558:5: Error: 'JSAny' isn't a type.
    JSAny imageSizeOrSrcData, [
    ^^^^^
/C:/Users/berkgoknil/AppData/Local/Pub/Cache/hosted/pub.dev/web-1.1.1/lib/src/dom/webgl2.dart:2559:5: Error: 'JSAny' isn't a type.
    JSAny offsetOrSrcOffset,
    ^^^^^
/C:/Users/berkgoknil/AppData/Local/Pub/Cache/hosted/pub.dev/web-1.1.1/lib/src/dom/webgl2.dart:2570:5: Error: 'JSAny' isn't a type.
    JSAny imageSizeOrSrcData, [
    ^^^^^
/C:/Users/berkgoknil/AppData/Local/Pub/Cache/hosted/pub.dev/web-1.1.1/lib/src/dom/webgl2.dart:2571:5: Error: 'JSAny' isn't a type.
    JSAny offsetOrSrcOffset,
    ^^^^^
/C:/Users/berkgoknil/AppData/Local/Pub/Cache/hosted/pub.dev/web-1.1.1/lib/src/dom/webgl2.dart:2650:5: Error: 'JSAny' isn't a type.
    JSAny? dstDataOrOffset, [
    ^^^^^
/C:/Users/berkgoknil/AppData/Local/Pub/Cache/hosted/pub.dev/web-1.1.1/lib/src/dom/webcodecs_vp9_codec_registration.dart:16:8: Error: Dart library 'dart:js_interop' is not available on this platform.
import 'dart:js_interop';
       ^
/C:/Users/berkgoknil/AppData/Local/Pub/Cache/hosted/pub.dev/web-1.1.1/lib/src/dom/webcodecs_vp9_codec_registration.dart:18:50: Error: Type 'JSObject' not found.
extension type VideoEncoderEncodeOptionsForVp9._(JSObject _)
                                                 ^^^^^^^^
/C:/Users/berkgoknil/AppData/Local/Pub/Cache/hosted/pub.dev/web-1.1.1/lib/src/dom/webcodecs_vp9_codec_registration.dart:19:16: Error: Type 'JSObject' not found.
    implements JSObject {
               ^^^^^^^^
/C:/Users/berkgoknil/AppData/Local/Pub/Cache/hosted/pub.dev/web-1.1.1/lib/src/dom/webcodecs_vp9_codec_registration.dart:19:16: Error: The type 'JSObject' can't be implemented by an extension type.
    implements JSObject {
               ^
/C:/Users/berkgoknil/AppData/Local/Pub/Cache/hosted/pub.dev/web-1.1.1/lib/src/dom/webcodecs_vp9_codec_registration.dart:13:2: Error: Couldn't find constructor 'JS'.
@JS()
 ^^
/C:/Users/berkgoknil/AppData/Local/Pub/Cache/hosted/pub.dev/web-1.1.1/lib/src/dom/webcodecs_vp9_codec_registration.dart:18:50: Error: 'JSObject' isn't a type.
extension type VideoEncoderEncodeOptionsForVp9._(JSObject _)
                                                 ^^^^^^^^
/C:/Users/berkgoknil/AppData/Local/Pub/Cache/hosted/pub.dev/web-1.1.1/lib/src/dom/webcodecs_hevc_codec_registration.dart:16:8: Error: Dart library 'dart:js_interop' is not available on this platform.
import 'dart:js_interop';
       ^
/C:/Users/berkgoknil/AppData/Local/Pub/Cache/hosted/pub.dev/web-1.1.1/lib/src/dom/webcodecs_hevc_codec_registration.dart:19:36: Error: Type 'JSObject' not found.
extension type HevcEncoderConfig._(JSObject _) implements JSObject {
                                   ^^^^^^^^
/C:/Users/berkgoknil/AppData/Local/Pub/Cache/hosted/pub.dev/web-1.1.1/lib/src/dom/webcodecs_hevc_codec_registration.dart:19:59: Error: Type 'JSObject' not found.
extension type HevcEncoderConfig._(JSObject _) implements JSObject {
                                                          ^^^^^^^^
/C:/Users/berkgoknil/AppData/Local/Pub/Cache/hosted/pub.dev/web-1.1.1/lib/src/dom/webcodecs_hevc_codec_registration.dart:25:51: Error: Type 'JSObject' not found.
extension type VideoEncoderEncodeOptionsForHevc._(JSObject _)
                                                  ^^^^^^^^
/C:/Users/berkgoknil/AppData/Local/Pub/Cache/hosted/pub.dev/web-1.1.1/lib/src/dom/webcodecs_hevc_codec_registration.dart:26:16: Error: Type 'JSObject' not found.
    implements JSObject {
               ^^^^^^^^
/C:/Users/berkgoknil/AppData/Local/Pub/Cache/hosted/pub.dev/web-1.1.1/lib/src/dom/webcodecs_hevc_codec_registration.dart:19:59: Error: The type 'JSObject' can't be implemented by an extension type.
extension type HevcEncoderConfig._(JSObject _) implements JSObject {
                                                          ^
/C:/Users/berkgoknil/AppData/Local/Pub/Cache/hosted/pub.dev/web-1.1.1/lib/src/dom/webcodecs_hevc_codec_registration.dart:26:16: Error: The type 'JSObject' can't be implemented by an extension type.
    implements JSObject {
               ^
/C:/Users/berkgoknil/AppData/Local/Pub/Cache/hosted/pub.dev/web-1.1.1/lib/src/dom/webcodecs_hevc_codec_registration.dart:13:2: Error: Couldn't find constructor 'JS'.
@JS()
 ^^
/C:/Users/berkgoknil/AppData/Local/Pub/Cache/hosted/pub.dev/web-1.1.1/lib/src/dom/webcodecs_hevc_codec_registration.dart:19:36: Error: 'JSObject' isn't a type.
extension type HevcEncoderConfig._(JSObject _) implements JSObject {
                                   ^^^^^^^^
/C:/Users/berkgoknil/AppData/Local/Pub/Cache/hosted/pub.dev/web-1.1.1/lib/src/dom/webcodecs_hevc_codec_registration.dart:25:51: Error: 'JSObject' isn't a type.
extension type VideoEncoderEncodeOptionsForHevc._(JSObject _)
                                                  ^^^^^^^^
/C:/Users/berkgoknil/AppData/Local/Pub/Cache/hosted/pub.dev/web-1.1.1/lib/src/dom/webcodecs_avc_codec_registration.dart:16:8: Error: Dart library 'dart:js_interop' is not available on this platform.
import 'dart:js_interop';
       ^
/C:/Users/berkgoknil/AppData/Local/Pub/Cache/hosted/pub.dev/web-1.1.1/lib/src/dom/webcodecs_avc_codec_registration.dart:19:35: Error: Type 'JSObject' not found.
extension type AvcEncoderConfig._(JSObject _) implements JSObject {
                                  ^^^^^^^^
/C:/Users/berkgoknil/AppData/Local/Pub/Cache/hosted/pub.dev/web-1.1.1/lib/src/dom/webcodecs_avc_codec_registration.dart:19:58: Error: Type 'JSObject' not found.
extension type AvcEncoderConfig._(JSObject _) implements JSObject {
                                                         ^^^^^^^^
/C:/Users/berkgoknil/AppData/Local/Pub/Cache/hosted/pub.dev/web-1.1.1/lib/src/dom/webcodecs_avc_codec_registration.dart:25:50: Error: Type 'JSObject' not found.
extension type VideoEncoderEncodeOptionsForAvc._(JSObject _)
                                                 ^^^^^^^^
/C:/Users/berkgoknil/AppData/Local/Pub/Cache/hosted/pub.dev/web-1.1.1/lib/src/dom/webcodecs_avc_codec_registration.dart:26:16: Error: Type 'JSObject' not found.
    implements JSObject {
               ^^^^^^^^
/C:/Users/berkgoknil/AppData/Local/Pub/Cache/hosted/pub.dev/web-1.1.1/lib/src/dom/webcodecs_avc_codec_registration.dart:19:58: Error: The type 'JSObject' can't be implemented by an extension type.
extension type AvcEncoderConfig._(JSObject _) implements JSObject {
                                                         ^
/C:/Users/berkgoknil/AppData/Local/Pub/Cache/hosted/pub.dev/web-1.1.1/lib/src/dom/webcodecs_avc_codec_registration.dart:26:16: Error: The type 'JSObject' can't be implemented by an extension type.
    implements JSObject {
               ^
/C:/Users/berkgoknil/AppData/Local/Pub/Cache/hosted/pub.dev/web-1.1.1/lib/src/dom/webcodecs_avc_codec_registration.dart:13:2: Error: Couldn't find constructor 'JS'.
@JS()
 ^^
/C:/Users/berkgoknil/AppData/Local/Pub/Cache/hosted/pub.dev/web-1.1.1/lib/src/dom/webcodecs_avc_codec_registration.dart:19:35: Error: 'JSObject' isn't a type.
extension type AvcEncoderConfig._(JSObject _) implements JSObject {
                                  ^^^^^^^^
/C:/Users/berkgoknil/AppData/Local/Pub/Cache/hosted/pub.dev/web-1.1.1/lib/src/dom/webcodecs_avc_codec_registration.dart:25:50: Error: 'JSObject' isn't a type.
extension type VideoEncoderEncodeOptionsForAvc._(JSObject _)
                                                 ^^^^^^^^
/C:/Users/berkgoknil/AppData/Local/Pub/Cache/hosted/pub.dev/web-1.1.1/lib/src/dom/webcodecs_av1_codec_registration.dart:16:8: Error: Dart library 'dart:js_interop' is not available on this platform.
import 'dart:js_interop';
       ^
/C:/Users/berkgoknil/AppData/Local/Pub/Cache/hosted/pub.dev/web-1.1.1/lib/src/dom/webcodecs_av1_codec_registration.dart:18:50: Error: Type 'JSObject' not found.
extension type VideoEncoderEncodeOptionsForAv1._(JSObject _)
                                                 ^^^^^^^^
/C:/Users/berkgoknil/AppData/Local/Pub/Cache/hosted/pub.dev/web-1.1.1/lib/src/dom/webcodecs_av1_codec_registration.dart:19:16: Error: Type 'JSObject' not found.
    implements JSObject {
               ^^^^^^^^
/C:/Users/berkgoknil/AppData/Local/Pub/Cache/hosted/pub.dev/web-1.1.1/lib/src/dom/webcodecs_av1_codec_registration.dart:19:16: Error: The type 'JSObject' can't be implemented by an extension type.
    implements JSObject {
               ^
/C:/Users/berkgoknil/AppData/Local/Pub/Cache/hosted/pub.dev/web-1.1.1/lib/src/dom/webcodecs_av1_codec_registration.dart:13:2: Error: Couldn't find constructor 'JS'.
@JS()
 ^^
/C:/Users/berkgoknil/AppData/Local/Pub/Cache/hosted/pub.dev/web-1.1.1/lib/src/dom/webcodecs_av1_codec_registration.dart:18:50: Error: 'JSObject' isn't a type.
extension type VideoEncoderEncodeOptionsForAv1._(JSObject _)
                                                 ^^^^^^^^
/C:/Users/berkgoknil/AppData/Local/Pub/Cache/hosted/pub.dev/web-1.1.1/lib/src/dom/webcodecs.dart:16:8: Error: Dart library 'dart:js_interop' is not available on this platform.
import 'dart:js_interop';
       ^
/C:/Users/berkgoknil/AppData/Local/Pub/Cache/hosted/pub.dev/web-1.1.1/lib/src/dom/webcodecs.dart:27:36: Error: Type 'JSFunction' not found.
typedef VideoFrameOutputCallback = JSFunction;
                                   ^^^^^^^^^^
/C:/Users/berkgoknil/AppData/Local/Pub/Cache/hosted/pub.dev/web-1.1.1/lib/src/dom/webcodecs.dart:28:43: Error: Type 'JSFunction' not found.
typedef EncodedVideoChunkOutputCallback = JSFunction;
                                          ^^^^^^^^^^
/C:/Users/berkgoknil/AppData/Local/Pub/Cache/hosted/pub.dev/web-1.1.1/lib/src/dom/webcodecs.dart:29:34: Error: Type 'JSFunction' not found.
typedef WebCodecsErrorCallback = JSFunction;
                                 ^^^^^^^^^^
/C:/Users/berkgoknil/AppData/Local/Pub/Cache/hosted/pub.dev/web-1.1.1/lib/src/dom/webcodecs.dart:50:31: Error: Type 'JSObject' not found.
extension type VideoDecoder._(JSObject _) implements EventTarget, JSObject {
                              ^^^^^^^^
/C:/Users/berkgoknil/AppData/Local/Pub/Cache/hosted/pub.dev/web-1.1.1/lib/src/dom/webcodecs.dart:50:67: Error: Type 'JSObject' not found.
extension type VideoDecoder._(JSObject _) implements EventTarget, JSObject {
                                                                  ^^^^^^^^
/C:/Users/berkgoknil/AppData/Local/Pub/Cache/hosted/pub.dev/web-1.1.1/lib/src/dom/webcodecs.dart:59:19: Error: Type 'JSPromise' not found.
  external static JSPromise<VideoDecoderSupport> isConfigSupported(
                  ^^^^^^^^^
/C:/Users/berkgoknil/AppData/Local/Pub/Cache/hosted/pub.dev/web-1.1.1/lib/src/dom/webcodecs.dart:78:22: Error: Type 'JSAny' not found.
  external JSPromise<JSAny?> flush();
                     ^^^^^
/C:/Users/berkgoknil/AppData/Local/Pub/Cache/hosted/pub.dev/web-1.1.1/lib/src/dom/webcodecs.dart:78:12: Error: Type 'JSPromise' not found.
  external JSPromise<JSAny?> flush();
           ^^^^^^^^^
/C:/Users/berkgoknil/AppData/Local/Pub/Cache/hosted/pub.dev/web-1.1.1/lib/src/dom/webcodecs.dart:107:35: Error: Type 'JSObject' not found.
extension type VideoDecoderInit._(JSObject _) implements JSObject {
                                  ^^^^^^^^
/C:/Users/berkgoknil/AppData/Local/Pub/Cache/hosted/pub.dev/web-1.1.1/lib/src/dom/webcodecs.dart:107:58: Error: Type 'JSObject' not found.
extension type VideoDecoderInit._(JSObject _) implements JSObject {
                                                         ^^^^^^^^
/C:/Users/berkgoknil/AppData/Local/Pub/Cache/hosted/pub.dev/web-1.1.1/lib/src/dom/webcodecs.dart:128:31: Error: Type 'JSObject' not found.
extension type VideoEncoder._(JSObject _) implements EventTarget, JSObject {
                              ^^^^^^^^
/C:/Users/berkgoknil/AppData/Local/Pub/Cache/hosted/pub.dev/web-1.1.1/lib/src/dom/webcodecs.dart:128:67: Error: Type 'JSObject' not found.
extension type VideoEncoder._(JSObject _) implements EventTarget, JSObject {
                                                                  ^^^^^^^^
/C:/Users/berkgoknil/AppData/Local/Pub/Cache/hosted/pub.dev/web-1.1.1/lib/src/dom/webcodecs.dart:136:19: Error: Type 'JSPromise' not found.
  external static JSPromise<VideoEncoderSupport> isConfigSupported(
                  ^^^^^^^^^
/C:/Users/berkgoknil/AppData/Local/Pub/Cache/hosted/pub.dev/web-1.1.1/lib/src/dom/webcodecs.dart:168:22: Error: Type 'JSAny' not found.
  external JSPromise<JSAny?> flush();
                     ^^^^^
/C:/Users/berkgoknil/AppData/Local/Pub/Cache/hosted/pub.dev/web-1.1.1/lib/src/dom/webcodecs.dart:168:12: Error: Type 'JSPromise' not found.
  external JSPromise<JSAny?> flush();
           ^^^^^^^^^
/C:/Users/berkgoknil/AppData/Local/Pub/Cache/hosted/pub.dev/web-1.1.1/lib/src/dom/webcodecs.dart:203:35: Error: Type 'JSObject' not found.
extension type VideoEncoderInit._(JSObject _) implements JSObject {
                                  ^^^^^^^^
/C:/Users/berkgoknil/AppData/Local/Pub/Cache/hosted/pub.dev/web-1.1.1/lib/src/dom/webcodecs.dart:203:58: Error: Type 'JSObject' not found.
extension type VideoEncoderInit._(JSObject _) implements JSObject {
                                                         ^^^^^^^^
/C:/Users/berkgoknil/AppData/Local/Pub/Cache/hosted/pub.dev/web-1.1.1/lib/src/dom/webcodecs.dart:214:38: Error: Type 'JSObject' not found.
extension type VideoDecoderSupport._(JSObject _) implements JSObject {
                                     ^^^^^^^^
/C:/Users/berkgoknil/AppData/Local/Pub/Cache/hosted/pub.dev/web-1.1.1/lib/src/dom/webcodecs.dart:214:61: Error: Type 'JSObject' not found.
extension type VideoDecoderSupport._(JSObject _) implements JSObject {
                                                            ^^^^^^^^
/C:/Users/berkgoknil/AppData/Local/Pub/Cache/hosted/pub.dev/web-1.1.1/lib/src/dom/webcodecs.dart:225:38: Error: Type 'JSObject' not found.
extension type VideoEncoderSupport._(JSObject _) implements JSObject {
                                     ^^^^^^^^
/C:/Users/berkgoknil/AppData/Local/Pub/Cache/hosted/pub.dev/web-1.1.1/lib/src/dom/webcodecs.dart:225:61: Error: Type 'JSObject' not found.
extension type VideoEncoderSupport._(JSObject _) implements JSObject {
                                                            ^^^^^^^^
/C:/Users/berkgoknil/AppData/Local/Pub/Cache/hosted/pub.dev/web-1.1.1/lib/src/dom/webcodecs.dart:236:37: Error: Type 'JSObject' not found.
extension type VideoDecoderConfig._(JSObject _) implements JSObject {
                                    ^^^^^^^^
/C:/Users/berkgoknil/AppData/Local/Pub/Cache/hosted/pub.dev/web-1.1.1/lib/src/dom/webcodecs.dart:236:60: Error: Type 'JSObject' not found.
extension type VideoDecoderConfig._(JSObject _) implements JSObject {
                                                           ^^^^^^^^
/C:/Users/berkgoknil/AppData/Local/Pub/Cache/hosted/pub.dev/web-1.1.1/lib/src/dom/webcodecs.dart:268:37: Error: Type 'JSObject' not found.
extension type VideoEncoderConfig._(JSObject _) implements JSObject {
                                    ^^^^^^^^
/C:/Users/berkgoknil/AppData/Local/Pub/Cache/hosted/pub.dev/web-1.1.1/lib/src/dom/webcodecs.dart:268:60: Error: Type 'JSObject' not found.
extension type VideoEncoderConfig._(JSObject _) implements JSObject {
                                                           ^^^^^^^^
/C:/Users/berkgoknil/AppData/Local/Pub/Cache/hosted/pub.dev/web-1.1.1/lib/src/dom/webcodecs.dart:318:44: Error: Type 'JSObject' not found.
extension type VideoEncoderEncodeOptions._(JSObject _) implements JSObject {
                                           ^^^^^^^^
/C:/Users/berkgoknil/AppData/Local/Pub/Cache/hosted/pub.dev/web-1.1.1/lib/src/dom/webcodecs.dart:318:67: Error: Type 'JSObject' not found.
extension type VideoEncoderEncodeOptions._(JSObject _) implements JSObject {
                                                                  ^^^^^^^^
/C:/Users/berkgoknil/AppData/Local/Pub/Cache/hosted/pub.dev/web-1.1.1/lib/src/dom/webcodecs.dart:348:36: Error: Type 'JSObject' not found.
extension type EncodedVideoChunk._(JSObject _) implements JSObject {
                                   ^^^^^^^^
/C:/Users/berkgoknil/AppData/Local/Pub/Cache/hosted/pub.dev/web-1.1.1/lib/src/dom/webcodecs.dart:348:59: Error: Type 'JSObject' not found.
extension type EncodedVideoChunk._(JSObject _) implements JSObject {
                                                          ^^^^^^^^
/C:/Users/berkgoknil/AppData/Local/Pub/Cache/hosted/pub.dev/web-1.1.1/lib/src/dom/webcodecs.dart:383:40: Error: Type 'JSObject' not found.
extension type EncodedVideoChunkInit._(JSObject _) implements JSObject {
                                       ^^^^^^^^
/C:/Users/berkgoknil/AppData/Local/Pub/Cache/hosted/pub.dev/web-1.1.1/lib/src/dom/webcodecs.dart:383:63: Error: Type 'JSObject' not found.
extension type EncodedVideoChunkInit._(JSObject _) implements JSObject {
                                                              ^^^^^^^^
/C:/Users/berkgoknil/AppData/Local/Pub/Cache/hosted/pub.dev/web-1.1.1/lib/src/dom/webcodecs.dart:389:13: Error: Type 'JSArrayBuffer' not found.
    JSArray<JSArrayBuffer> transfer,
            ^^^^^^^^^^^^^
/C:/Users/berkgoknil/AppData/Local/Pub/Cache/hosted/pub.dev/web-1.1.1/lib/src/dom/webcodecs.dart:389:5: Error: Type 'JSArray' not found.
    JSArray<JSArrayBuffer> transfer,
    ^^^^^^^
/C:/Users/berkgoknil/AppData/Local/Pub/Cache/hosted/pub.dev/web-1.1.1/lib/src/dom/webcodecs.dart:400:20: Error: Type 'JSArrayBuffer' not found.
  external JSArray<JSArrayBuffer> get transfer;
                   ^^^^^^^^^^^^^
/C:/Users/berkgoknil/AppData/Local/Pub/Cache/hosted/pub.dev/web-1.1.1/lib/src/dom/webcodecs.dart:400:12: Error: Type 'JSArray' not found.
  external JSArray<JSArrayBuffer> get transfer;
           ^^^^^^^
/C:/Users/berkgoknil/AppData/Local/Pub/Cache/hosted/pub.dev/web-1.1.1/lib/src/dom/webcodecs.dart:401:33: Error: Type 'JSArrayBuffer' not found.
  external set transfer(JSArray<JSArrayBuffer> value);
                                ^^^^^^^^^^^^^
/C:/Users/berkgoknil/AppData/Local/Pub/Cache/hosted/pub.dev/web-1.1.1/lib/src/dom/webcodecs.dart:401:25: Error: Type 'JSArray' not found.
  external set transfer(JSArray<JSArrayBuffer> value);
                        ^^^^^^^
/C:/Users/berkgoknil/AppData/Local/Pub/Cache/hosted/pub.dev/web-1.1.1/lib/src/dom/webcodecs.dart:417:29: Error: Type 'JSObject' not found.
extension type VideoFrame._(JSObject _) implements JSObject {
                            ^^^^^^^^
/C:/Users/berkgoknil/AppData/Local/Pub/Cache/hosted/pub.dev/web-1.1.1/lib/src/dom/webcodecs.dart:417:52: Error: Type 'JSObject' not found.
extension type VideoFrame._(JSObject _) implements JSObject {
                                                   ^^^^^^^^
/C:/Users/berkgoknil/AppData/Local/Pub/Cache/hosted/pub.dev/web-1.1.1/lib/src/dom/webcodecs.dart:419:5: Error: Type 'JSObject' not found.
    JSObject dataOrImage, [
    ^^^^^^^^
/C:/Users/berkgoknil/AppData/Local/Pub/Cache/hosted/pub.dev/web-1.1.1/lib/src/dom/webcodecs.dart:420:5: Error: Type 'JSObject' not found.
    JSObject init,
    ^^^^^^^^
/C:/Users/berkgoknil/AppData/Local/Pub/Cache/hosted/pub.dev/web-1.1.1/lib/src/dom/webcodecs.dart:434:22: Error: Type 'JSArray' not found.
  external JSPromise<JSArray<PlaneLayout>> copyTo(
                     ^^^^^^^
/C:/Users/berkgoknil/AppData/Local/Pub/Cache/hosted/pub.dev/web-1.1.1/lib/src/dom/webcodecs.dart:434:12: Error: Type 'JSPromise' not found.
  external JSPromise<JSArray<PlaneLayout>> copyTo(
           ^^^^^^^^^
/C:/Users/berkgoknil/AppData/Local/Pub/Cache/hosted/pub.dev/web-1.1.1/lib/src/dom/webcodecs.dart:515:33: Error: Type 'JSObject' not found.
extension type VideoFrameInit._(JSObject _) implements JSObject {
                                ^^^^^^^^
/C:/Users/berkgoknil/AppData/Local/Pub/Cache/hosted/pub.dev/web-1.1.1/lib/src/dom/webcodecs.dart:515:56: Error: Type 'JSObject' not found.
extension type VideoFrameInit._(JSObject _) implements JSObject {
                                                       ^^^^^^^^
/C:/Users/berkgoknil/AppData/Local/Pub/Cache/hosted/pub.dev/web-1.1.1/lib/src/dom/webcodecs.dart:541:39: Error: Type 'JSObject' not found.
extension type VideoFrameBufferInit._(JSObject _) implements JSObject {
                                      ^^^^^^^^
/C:/Users/berkgoknil/AppData/Local/Pub/Cache/hosted/pub.dev/web-1.1.1/lib/src/dom/webcodecs.dart:541:62: Error: Type 'JSObject' not found.
extension type VideoFrameBufferInit._(JSObject _) implements JSObject {
                                                             ^^^^^^^^
/C:/Users/berkgoknil/AppData/Local/Pub/Cache/hosted/pub.dev/web-1.1.1/lib/src/dom/webcodecs.dart:548:5: Error: Type 'JSArray' not found.
    JSArray<PlaneLayout> layout,
    ^^^^^^^
/C:/Users/berkgoknil/AppData/Local/Pub/Cache/hosted/pub.dev/web-1.1.1/lib/src/dom/webcodecs.dart:553:13: Error: Type 'JSArrayBuffer' not found.
    JSArray<JSArrayBuffer> transfer,
            ^^^^^^^^^^^^^
/C:/Users/berkgoknil/AppData/Local/Pub/Cache/hosted/pub.dev/web-1.1.1/lib/src/dom/webcodecs.dart:553:5: Error: Type 'JSArray' not found.
    JSArray<JSArrayBuffer> transfer,
    ^^^^^^^
/C:/Users/berkgoknil/AppData/Local/Pub/Cache/hosted/pub.dev/web-1.1.1/lib/src/dom/webcodecs.dart:567:12: Error: Type 'JSArray' not found.
  external JSArray<PlaneLayout> get layout;
           ^^^^^^^
/C:/Users/berkgoknil/AppData/Local/Pub/Cache/hosted/pub.dev/web-1.1.1/lib/src/dom/webcodecs.dart:568:23: Error: Type 'JSArray' not found.
  external set layout(JSArray<PlaneLayout> value);
                      ^^^^^^^
/C:/Users/berkgoknil/AppData/Local/Pub/Cache/hosted/pub.dev/web-1.1.1/lib/src/dom/webcodecs.dart:577:20: Error: Type 'JSArrayBuffer' not found.
  external JSArray<JSArrayBuffer> get transfer;
                   ^^^^^^^^^^^^^
/C:/Users/berkgoknil/AppData/Local/Pub/Cache/hosted/pub.dev/web-1.1.1/lib/src/dom/webcodecs.dart:577:12: Error: Type 'JSArray' not found.
  external JSArray<JSArrayBuffer> get transfer;
           ^^^^^^^
/C:/Users/berkgoknil/AppData/Local/Pub/Cache/hosted/pub.dev/web-1.1.1/lib/src/dom/webcodecs.dart:578:33: Error: Type 'JSArrayBuffer' not found.
  external set transfer(JSArray<JSArrayBuffer> value);
                                ^^^^^^^^^^^^^
/C:/Users/berkgoknil/AppData/Local/Pub/Cache/hosted/pub.dev/web-1.1.1/lib/src/dom/webcodecs.dart:578:25: Error: Type 'JSArray' not found.
  external set transfer(JSArray<JSArrayBuffer> value);
                        ^^^^^^^
/C:/Users/berkgoknil/AppData/Local/Pub/Cache/hosted/pub.dev/web-1.1.1/lib/src/dom/webcodecs.dart:582:37: Error: Type 'JSObject' not found.
extension type VideoFrameMetadata._(JSObject _) implements JSObject {
                                    ^^^^^^^^
/C:/Users/berkgoknil/AppData/Local/Pub/Cache/hosted/pub.dev/web-1.1.1/lib/src/dom/webcodecs.dart:582:60: Error: Type 'JSObject' not found.
extension type VideoFrameMetadata._(JSObject _) implements JSObject {
                                                           ^^^^^^^^
/C:/Users/berkgoknil/AppData/Local/Pub/Cache/hosted/pub.dev/web-1.1.1/lib/src/dom/webcodecs.dart:585:42: Error: Type 'JSObject' not found.
extension type VideoFrameCopyToOptions._(JSObject _) implements JSObject {
                                         ^^^^^^^^
/C:/Users/berkgoknil/AppData/Local/Pub/Cache/hosted/pub.dev/web-1.1.1/lib/src/dom/webcodecs.dart:585:65: Error: Type 'JSObject' not found.
extension type VideoFrameCopyToOptions._(JSObject _) implements JSObject {
                                                                ^^^^^^^^
/C:/Users/berkgoknil/AppData/Local/Pub/Cache/hosted/pub.dev/web-1.1.1/lib/src/dom/webcodecs.dart:588:5: Error: Type 'JSArray' not found.
    JSArray<PlaneLayout> layout,
    ^^^^^^^
/C:/Users/berkgoknil/AppData/Local/Pub/Cache/hosted/pub.dev/web-1.1.1/lib/src/dom/webcodecs.dart:595:12: Error: Type 'JSArray' not found.
  external JSArray<PlaneLayout> get layout;
           ^^^^^^^
/C:/Users/berkgoknil/AppData/Local/Pub/Cache/hosted/pub.dev/web-1.1.1/lib/src/dom/webcodecs.dart:596:23: Error: Type 'JSArray' not found.
  external set layout(JSArray<PlaneLayout> value);
                      ^^^^^^^
/C:/Users/berkgoknil/AppData/Local/Pub/Cache/hosted/pub.dev/web-1.1.1/lib/src/dom/webcodecs.dart:602:30: Error: Type 'JSObject' not found.
extension type PlaneLayout._(JSObject _) implements JSObject {
                             ^^^^^^^^
/C:/Users/berkgoknil/AppData/Local/Pub/Cache/hosted/pub.dev/web-1.1.1/lib/src/dom/webcodecs.dart:602:53: Error: Type 'JSObject' not found.
extension type PlaneLayout._(JSObject _) implements JSObject {
                                                    ^^^^^^^^
/C:/Users/berkgoknil/AppData/Local/Pub/Cache/hosted/pub.dev/web-1.1.1/lib/src/dom/webcodecs.dart:623:34: Error: Type 'JSObject' not found.
extension type VideoColorSpace._(JSObject _) implements JSObject {
                                 ^^^^^^^^
/C:/Users/berkgoknil/AppData/Local/Pub/Cache/hosted/pub.dev/web-1.1.1/lib/src/dom/webcodecs.dart:623:57: Error: Type 'JSObject' not found.
extension type VideoColorSpace._(JSObject _) implements JSObject {
                                                        ^^^^^^^^
/C:/Users/berkgoknil/AppData/Local/Pub/Cache/hosted/pub.dev/web-1.1.1/lib/src/dom/webcodecs.dart:658:38: Error: Type 'JSObject' not found.
extension type VideoColorSpaceInit._(JSObject _) implements JSObject {
                                     ^^^^^^^^
/C:/Users/berkgoknil/AppData/Local/Pub/Cache/hosted/pub.dev/web-1.1.1/lib/src/dom/webcodecs.dart:658:61: Error: Type 'JSObject' not found.
extension type VideoColorSpaceInit._(JSObject _) implements JSObject {
                                                            ^^^^^^^^
/C:/Users/berkgoknil/AppData/Local/Pub/Cache/hosted/pub.dev/web-1.1.1/lib/src/dom/webcodecs.dart:50:67: Error: The type 'JSObject' can't be implemented by an extension type.
extension type VideoDecoder._(JSObject _) implements EventTarget, JSObject {
                                                                  ^
/C:/Users/berkgoknil/AppData/Local/Pub/Cache/hosted/pub.dev/web-1.1.1/lib/src/dom/webcodecs.dart:107:58: Error: The type 'JSObject' can't be implemented by an extension type.
extension type VideoDecoderInit._(JSObject _) implements JSObject {
                                                         ^
/C:/Users/berkgoknil/AppData/Local/Pub/Cache/hosted/pub.dev/web-1.1.1/lib/src/dom/webcodecs.dart:128:67: Error: The type 'JSObject' can't be implemented by an extension type.
extension type VideoEncoder._(JSObject _) implements EventTarget, JSObject {
                                                                  ^
/C:/Users/berkgoknil/AppData/Local/Pub/Cache/hosted/pub.dev/web-1.1.1/lib/src/dom/webcodecs.dart:203:58: Error: The type 'JSObject' can't be implemented by an extension type.
extension type VideoEncoderInit._(JSObject _) implements JSObject {
                                                         ^
/C:/Users/berkgoknil/AppData/Local/Pub/Cache/hosted/pub.dev/web-1.1.1/lib/src/dom/webcodecs.dart:214:61: Error: The type 'JSObject' can't be implemented by an extension type.
extension type VideoDecoderSupport._(JSObject _) implements JSObject {
                                                            ^
/C:/Users/berkgoknil/AppData/Local/Pub/Cache/hosted/pub.dev/web-1.1.1/lib/src/dom/webcodecs.dart:225:61: Error: The type 'JSObject' can't be implemented by an extension type.
extension type VideoEncoderSupport._(JSObject _) implements JSObject {
                                                            ^
/C:/Users/berkgoknil/AppData/Local/Pub/Cache/hosted/pub.dev/web-1.1.1/lib/src/dom/webcodecs.dart:236:60: Error: The type 'JSObject' can't be implemented by an extension type.
extension type VideoDecoderConfig._(JSObject _) implements JSObject {
                                                           ^
/C:/Users/berkgoknil/AppData/Local/Pub/Cache/hosted/pub.dev/web-1.1.1/lib/src/dom/webcodecs.dart:268:60: Error: The type 'JSObject' can't be implemented by an extension type.
extension type VideoEncoderConfig._(JSObject _) implements JSObject {
                                                           ^
/C:/Users/berkgoknil/AppData/Local/Pub/Cache/hosted/pub.dev/web-1.1.1/lib/src/dom/webcodecs.dart:318:67: Error: The type 'JSObject' can't be implemented by an extension type.
extension type VideoEncoderEncodeOptions._(JSObject _) implements JSObject {
                                                                  ^
/C:/Users/berkgoknil/AppData/Local/Pub/Cache/hosted/pub.dev/web-1.1.1/lib/src/dom/webcodecs.dart:348:59: Error: The type 'JSObject' can't be implemented by an extension type.
extension type EncodedVideoChunk._(JSObject _) implements JSObject {
                                                          ^
/C:/Users/berkgoknil/AppData/Local/Pub/Cache/hosted/pub.dev/web-1.1.1/lib/src/dom/webcodecs.dart:383:63: Error: The type 'JSObject' can't be implemented by an extension type.
extension type EncodedVideoChunkInit._(JSObject _) implements JSObject {
                                                              ^
/C:/Users/berkgoknil/AppData/Local/Pub/Cache/hosted/pub.dev/web-1.1.1/lib/src/dom/webcodecs.dart:417:52: Error: The type 'JSObject' can't be implemented by an extension type.
extension type VideoFrame._(JSObject _) implements JSObject {
                                                   ^
/C:/Users/berkgoknil/AppData/Local/Pub/Cache/hosted/pub.dev/web-1.1.1/lib/src/dom/webcodecs.dart:515:56: Error: The type 'JSObject' can't be implemented by an extension type.
extension type VideoFrameInit._(JSObject _) implements JSObject {
                                                       ^
/C:/Users/berkgoknil/AppData/Local/Pub/Cache/hosted/pub.dev/web-1.1.1/lib/src/dom/webcodecs.dart:541:62: Error: The type 'JSObject' can't be implemented by an extension type.
extension type VideoFrameBufferInit._(JSObject _) implements JSObject {
                                                             ^
/C:/Users/berkgoknil/AppData/Local/Pub/Cache/hosted/pub.dev/web-1.1.1/lib/src/dom/webcodecs.dart:582:60: Error: The type 'JSObject' can't be implemented by an extension type.
extension type VideoFrameMetadata._(JSObject _) implements JSObject {
                                                           ^
/C:/Users/berkgoknil/AppData/Local/Pub/Cache/hosted/pub.dev/web-1.1.1/lib/src/dom/webcodecs.dart:585:65: Error: The type 'JSObject' can't be implemented by an extension type.
extension type VideoFrameCopyToOptions._(JSObject _) implements JSObject {
                                                                ^
/C:/Users/berkgoknil/AppData/Local/Pub/Cache/hosted/pub.dev/web-1.1.1/lib/src/dom/webcodecs.dart:602:53: Error: The type 'JSObject' can't be implemented by an extension type.
extension type PlaneLayout._(JSObject _) implements JSObject {
                                                    ^
/C:/Users/berkgoknil/AppData/Local/Pub/Cache/hosted/pub.dev/web-1.1.1/lib/src/dom/webcodecs.dart:623:57: Error: The type 'JSObject' can't be implemented by an extension type.
extension type VideoColorSpace._(JSObject _) implements JSObject {
                                                        ^
/C:/Users/berkgoknil/AppData/Local/Pub/Cache/hosted/pub.dev/web-1.1.1/lib/src/dom/webcodecs.dart:658:61: Error: The type 'JSObject' can't be implemented by an extension type.
extension type VideoColorSpaceInit._(JSObject _) implements JSObject {
                                                            ^
/C:/Users/berkgoknil/AppData/Local/Pub/Cache/hosted/pub.dev/web-1.1.1/lib/src/dom/webcodecs.dart:13:2: Error: Couldn't find constructor 'JS'.
@JS()
 ^^
/C:/Users/berkgoknil/AppData/Local/Pub/Cache/hosted/pub.dev/web-1.1.1/lib/src/dom/webcodecs.dart:50:31: Error: 'JSObject' isn't a type.
extension type VideoDecoder._(JSObject _) implements EventTarget, JSObject {
                              ^^^^^^^^
/C:/Users/berkgoknil/AppData/Local/Pub/Cache/hosted/pub.dev/web-1.1.1/lib/src/dom/webcodecs.dart:107:35: Error: 'JSObject' isn't a type.
extension type VideoDecoderInit._(JSObject _) implements JSObject {
                                  ^^^^^^^^
/C:/Users/berkgoknil/AppData/Local/Pub/Cache/hosted/pub.dev/web-1.1.1/lib/src/dom/webcodecs.dart:128:31: Error: 'JSObject' isn't a type.
extension type VideoEncoder._(JSObject _) implements EventTarget, JSObject {
                              ^^^^^^^^
/C:/Users/berkgoknil/AppData/Local/Pub/Cache/hosted/pub.dev/web-1.1.1/lib/src/dom/webcodecs.dart:203:35: Error: 'JSObject' isn't a type.
extension type VideoEncoderInit._(JSObject _) implements JSObject {
                                  ^^^^^^^^
/C:/Users/berkgoknil/AppData/Local/Pub/Cache/hosted/pub.dev/web-1.1.1/lib/src/dom/webcodecs.dart:214:38: Error: 'JSObject' isn't a type.
extension type VideoDecoderSupport._(JSObject _) implements JSObject {
                                     ^^^^^^^^
/C:/Users/berkgoknil/AppData/Local/Pub/Cache/hosted/pub.dev/web-1.1.1/lib/src/dom/webcodecs.dart:225:38: Error: 'JSObject' isn't a type.
extension type VideoEncoderSupport._(JSObject _) implements JSObject {
                                     ^^^^^^^^
/C:/Users/berkgoknil/AppData/Local/Pub/Cache/hosted/pub.dev/web-1.1.1/lib/src/dom/webcodecs.dart:236:37: Error: 'JSObject' isn't a type.
extension type VideoDecoderConfig._(JSObject _) implements JSObject {
                                    ^^^^^^^^
/C:/Users/berkgoknil/AppData/Local/Pub/Cache/hosted/pub.dev/web-1.1.1/lib/src/dom/webcodecs.dart:268:37: Error: 'JSObject' isn't a type.
extension type VideoEncoderConfig._(JSObject _) implements JSObject {
                                    ^^^^^^^^
/C:/Users/berkgoknil/AppData/Local/Pub/Cache/hosted/pub.dev/web-1.1.1/lib/src/dom/webcodecs.dart:318:44: Error: 'JSObject' isn't a type.
extension type VideoEncoderEncodeOptions._(JSObject _) implements JSObject {
                                           ^^^^^^^^
/C:/Users/berkgoknil/AppData/Local/Pub/Cache/hosted/pub.dev/web-1.1.1/lib/src/dom/webcodecs.dart:348:36: Error: 'JSObject' isn't a type.
extension type EncodedVideoChunk._(JSObject _) implements JSObject {
                                   ^^^^^^^^
/C:/Users/berkgoknil/AppData/Local/Pub/Cache/hosted/pub.dev/web-1.1.1/lib/src/dom/webcodecs.dart:383:40: Error: 'JSObject' isn't a type.
extension type EncodedVideoChunkInit._(JSObject _) implements JSObject {
                                       ^^^^^^^^
/C:/Users/berkgoknil/AppData/Local/Pub/Cache/hosted/pub.dev/web-1.1.1/lib/src/dom/webcodecs.dart:389:13: Error: 'JSArrayBuffer' isn't a type.
    JSArray<JSArrayBuffer> transfer,
            ^^^^^^^^^^^^^
/C:/Users/berkgoknil/AppData/Local/Pub/Cache/hosted/pub.dev/web-1.1.1/lib/src/dom/webcodecs.dart:389:5: Error: 'JSArray' isn't a type.
    JSArray<JSArrayBuffer> transfer,
    ^^^^^^^
/C:/Users/berkgoknil/AppData/Local/Pub/Cache/hosted/pub.dev/web-1.1.1/lib/src/dom/webcodecs.dart:401:33: Error: 'JSArrayBuffer' isn't a type.
  external set transfer(JSArray<JSArrayBuffer> value);
                                ^^^^^^^^^^^^^
/C:/Users/berkgoknil/AppData/Local/Pub/Cache/hosted/pub.dev/web-1.1.1/lib/src/dom/webcodecs.dart:401:25: Error: 'JSArray' isn't a type.
  external set transfer(JSArray<JSArrayBuffer> value);
                        ^^^^^^^
/C:/Users/berkgoknil/AppData/Local/Pub/Cache/hosted/pub.dev/web-1.1.1/lib/src/dom/webcodecs.dart:417:29: Error: 'JSObject' isn't a type.
extension type VideoFrame._(JSObject _) implements JSObject {
                            ^^^^^^^^
/C:/Users/berkgoknil/AppData/Local/Pub/Cache/hosted/pub.dev/web-1.1.1/lib/src/dom/webcodecs.dart:419:5: Error: 'JSObject' isn't a type.
    JSObject dataOrImage, [
    ^^^^^^^^
/C:/Users/berkgoknil/AppData/Local/Pub/Cache/hosted/pub.dev/web-1.1.1/lib/src/dom/webcodecs.dart:420:5: Error: 'JSObject' isn't a type.
    JSObject init,
    ^^^^^^^^
/C:/Users/berkgoknil/AppData/Local/Pub/Cache/hosted/pub.dev/web-1.1.1/lib/src/dom/webcodecs.dart:515:33: Error: 'JSObject' isn't a type.
extension type VideoFrameInit._(JSObject _) implements JSObject {
                                ^^^^^^^^
/C:/Users/berkgoknil/AppData/Local/Pub/Cache/hosted/pub.dev/web-1.1.1/lib/src/dom/webcodecs.dart:541:39: Error: 'JSObject' isn't a type.
extension type VideoFrameBufferInit._(JSObject _) implements JSObject {
                                      ^^^^^^^^
/C:/Users/berkgoknil/AppData/Local/Pub/Cache/hosted/pub.dev/web-1.1.1/lib/src/dom/webcodecs.dart:548:5: Error: 'JSArray' isn't a type.
    JSArray<PlaneLayout> layout,
    ^^^^^^^
/C:/Users/berkgoknil/AppData/Local/Pub/Cache/hosted/pub.dev/web-1.1.1/lib/src/dom/webcodecs.dart:553:13: Error: 'JSArrayBuffer' isn't a type.
    JSArray<JSArrayBuffer> transfer,
            ^^^^^^^^^^^^^
/C:/Users/berkgoknil/AppData/Local/Pub/Cache/hosted/pub.dev/web-1.1.1/lib/src/dom/webcodecs.dart:553:5: Error: 'JSArray' isn't a type.
    JSArray<JSArrayBuffer> transfer,
    ^^^^^^^
/C:/Users/berkgoknil/AppData/Local/Pub/Cache/hosted/pub.dev/web-1.1.1/lib/src/dom/webcodecs.dart:568:23: Error: 'JSArray' isn't a type.
  external set layout(JSArray<PlaneLayout> value);
                      ^^^^^^^
/C:/Users/berkgoknil/AppData/Local/Pub/Cache/hosted/pub.dev/web-1.1.1/lib/src/dom/webcodecs.dart:578:33: Error: 'JSArrayBuffer' isn't a type.
  external set transfer(JSArray<JSArrayBuffer> value);
                                ^^^^^^^^^^^^^
/C:/Users/berkgoknil/AppData/Local/Pub/Cache/hosted/pub.dev/web-1.1.1/lib/src/dom/webcodecs.dart:578:25: Error: 'JSArray' isn't a type.
  external set transfer(JSArray<JSArrayBuffer> value);
                        ^^^^^^^
/C:/Users/berkgoknil/AppData/Local/Pub/Cache/hosted/pub.dev/web-1.1.1/lib/src/dom/webcodecs.dart:582:37: Error: 'JSObject' isn't a type.
extension type VideoFrameMetadata._(JSObject _) implements JSObject {
                                    ^^^^^^^^
/C:/Users/berkgoknil/AppData/Local/Pub/Cache/hosted/pub.dev/web-1.1.1/lib/src/dom/webcodecs.dart:583:30: Error: Method not found: 'JSObject'.
  VideoFrameMetadata() : _ = JSObject();
                             ^^^^^^^^
/C:/Users/berkgoknil/AppData/Local/Pub/Cache/hosted/pub.dev/web-1.1.1/lib/src/dom/webcodecs.dart:585:42: Error: 'JSObject' isn't a type.
extension type VideoFrameCopyToOptions._(JSObject _) implements JSObject {
                                         ^^^^^^^^
/C:/Users/berkgoknil/AppData/Local/Pub/Cache/hosted/pub.dev/web-1.1.1/lib/src/dom/webcodecs.dart:588:5: Error: 'JSArray' isn't a type.
    JSArray<PlaneLayout> layout,
    ^^^^^^^
/C:/Users/berkgoknil/AppData/Local/Pub/Cache/hosted/pub.dev/web-1.1.1/lib/src/dom/webcodecs.dart:596:23: Error: 'JSArray' isn't a type.
  external set layout(JSArray<PlaneLayout> value);
                      ^^^^^^^
/C:/Users/berkgoknil/AppData/Local/Pub/Cache/hosted/pub.dev/web-1.1.1/lib/src/dom/webcodecs.dart:602:30: Error: 'JSObject' isn't a type.
extension type PlaneLayout._(JSObject _) implements JSObject {
                             ^^^^^^^^
/C:/Users/berkgoknil/AppData/Local/Pub/Cache/hosted/pub.dev/web-1.1.1/lib/src/dom/webcodecs.dart:623:34: Error: 'JSObject' isn't a type.
extension type VideoColorSpace._(JSObject _) implements JSObject {
                                 ^^^^^^^^
/C:/Users/berkgoknil/AppData/Local/Pub/Cache/hosted/pub.dev/web-1.1.1/lib/src/dom/webcodecs.dart:658:38: Error: 'JSObject' isn't a type.
extension type VideoColorSpaceInit._(JSObject _) implements JSObject {
                                     ^^^^^^^^
/C:/Users/berkgoknil/AppData/Local/Pub/Cache/hosted/pub.dev/web-1.1.1/lib/src/dom/webaudio.dart:16:8: Error: Dart library 'dart:js_interop' is not available on this platform.
import 'dart:js_interop';
       ^
/C:/Users/berkgoknil/AppData/Local/Pub/Cache/hosted/pub.dev/web-1.1.1/lib/src/dom/webaudio.dart:23:31: Error: Type 'JSFunction' not found.
typedef DecodeErrorCallback = JSFunction;
                              ^^^^^^^^^^
/C:/Users/berkgoknil/AppData/Local/Pub/Cache/hosted/pub.dev/web-1.1.1/lib/src/dom/webaudio.dart:24:33: Error: Type 'JSFunction' not found.
typedef DecodeSuccessCallback = JSFunction;
                                ^^^^^^^^^^
/C:/Users/berkgoknil/AppData/Local/Pub/Cache/hosted/pub.dev/web-1.1.1/lib/src/dom/webaudio.dart:25:44: Error: Type 'JSFunction' not found.
typedef AudioWorkletProcessorConstructor = JSFunction;
                                           ^^^^^^^^^^
/C:/Users/berkgoknil/AppData/Local/Pub/Cache/hosted/pub.dev/web-1.1.1/lib/src/dom/webaudio.dart:53:35: Error: Type 'JSObject' not found.
extension type BaseAudioContext._(JSObject _) implements EventTarget, JSObject {
                                  ^^^^^^^^
/C:/Users/berkgoknil/AppData/Local/Pub/Cache/hosted/pub.dev/web-1.1.1/lib/src/dom/webaudio.dart:53:71: Error: Type 'JSObject' not found.
extension type BaseAudioContext._(JSObject _) implements EventTarget, JSObject {
                                                                      ^^^^^^^^
/C:/Users/berkgoknil/AppData/Local/Pub/Cache/hosted/pub.dev/web-1.1.1/lib/src/dom/webaudio.dart:205:13: Error: Type 'JSNumber' not found.
    JSArray<JSNumber> feedforward,
            ^^^^^^^^
/C:/Users/berkgoknil/AppData/Local/Pub/Cache/hosted/pub.dev/web-1.1.1/lib/src/dom/webaudio.dart:205:5: Error: Type 'JSArray' not found.
    JSArray<JSNumber> feedforward,
    ^^^^^^^
/C:/Users/berkgoknil/AppData/Local/Pub/Cache/hosted/pub.dev/web-1.1.1/lib/src/dom/webaudio.dart:206:13: Error: Type 'JSNumber' not found.
    JSArray<JSNumber> feedback,
            ^^^^^^^^
/C:/Users/berkgoknil/AppData/Local/Pub/Cache/hosted/pub.dev/web-1.1.1/lib/src/dom/webaudio.dart:206:5: Error: Type 'JSArray' not found.
    JSArray<JSNumber> feedback,
    ^^^^^^^
/C:/Users/berkgoknil/AppData/Local/Pub/Cache/hosted/pub.dev/web-1.1.1/lib/src/dom/webaudio.dart:238:13: Error: Type 'JSNumber' not found.
    JSArray<JSNumber> real,
            ^^^^^^^^
/C:/Users/berkgoknil/AppData/Local/Pub/Cache/hosted/pub.dev/web-1.1.1/lib/src/dom/webaudio.dart:238:5: Error: Type 'JSArray' not found.
    JSArray<JSNumber> real,
    ^^^^^^^
/C:/Users/berkgoknil/AppData/Local/Pub/Cache/hosted/pub.dev/web-1.1.1/lib/src/dom/webaudio.dart:239:13: Error: Type 'JSNumber' not found.
    JSArray<JSNumber> imag, [
            ^^^^^^^^
/C:/Users/berkgoknil/AppData/Local/Pub/Cache/hosted/pub.dev/web-1.1.1/lib/src/dom/webaudio.dart:239:5: Error: Type 'JSArray' not found.
    JSArray<JSNumber> imag, [
    ^^^^^^^
/C:/Users/berkgoknil/AppData/Local/Pub/Cache/hosted/pub.dev/web-1.1.1/lib/src/dom/webaudio.dart:294:12: Error: Type 'JSPromise' not found.
  external JSPromise<AudioBuffer> decodeAudioData(
           ^^^^^^^^^
/C:/Users/berkgoknil/AppData/Local/Pub/Cache/hosted/pub.dev/web-1.1.1/lib/src/dom/webaudio.dart:295:5: Error: Type 'JSArrayBuffer' not found.
    JSArrayBuffer audioData, [
    ^^^^^^^^^^^^^
/C:/Users/berkgoknil/AppData/Local/Pub/Cache/hosted/pub.dev/web-1.1.1/lib/src/dom/webaudio.dart:353:31: Error: Type 'JSObject' not found.
extension type AudioContext._(JSObject _)
                              ^^^^^^^^
/C:/Users/berkgoknil/AppData/Local/Pub/Cache/hosted/pub.dev/web-1.1.1/lib/src/dom/webaudio.dart:354:34: Error: Type 'JSObject' not found.
    implements BaseAudioContext, JSObject {
                                 ^^^^^^^^
/C:/Users/berkgoknil/AppData/Local/Pub/Cache/hosted/pub.dev/web-1.1.1/lib/src/dom/webaudio.dart:384:22: Error: Type 'JSAny' not found.
  external JSPromise<JSAny?> resume();
                     ^^^^^
/C:/Users/berkgoknil/AppData/Local/Pub/Cache/hosted/pub.dev/web-1.1.1/lib/src/dom/webaudio.dart:384:12: Error: Type 'JSPromise' not found.
  external JSPromise<JSAny?> resume();
           ^^^^^^^^^
/C:/Users/berkgoknil/AppData/Local/Pub/Cache/hosted/pub.dev/web-1.1.1/lib/src/dom/webaudio.dart:394:22: Error: Type 'JSAny' not found.
  external JSPromise<JSAny?> suspend();
                     ^^^^^
/C:/Users/berkgoknil/AppData/Local/Pub/Cache/hosted/pub.dev/web-1.1.1/lib/src/dom/webaudio.dart:394:12: Error: Type 'JSPromise' not found.
  external JSPromise<JSAny?> suspend();
           ^^^^^^^^^
/C:/Users/berkgoknil/AppData/Local/Pub/Cache/hosted/pub.dev/web-1.1.1/lib/src/dom/webaudio.dart:408:22: Error: Type 'JSAny' not found.
  external JSPromise<JSAny?> close();
                     ^^^^^
/C:/Users/berkgoknil/AppData/Local/Pub/Cache/hosted/pub.dev/web-1.1.1/lib/src/dom/webaudio.dart:408:12: Error: Type 'JSPromise' not found.
  external JSPromise<JSAny?> close();
           ^^^^^^^^^
/C:/Users/berkgoknil/AppData/Local/Pub/Cache/hosted/pub.dev/web-1.1.1/lib/src/dom/webaudio.dart:485:38: Error: Type 'JSObject' not found.
extension type AudioContextOptions._(JSObject _) implements JSObject {
                                     ^^^^^^^^
/C:/Users/berkgoknil/AppData/Local/Pub/Cache/hosted/pub.dev/web-1.1.1/lib/src/dom/webaudio.dart:485:61: Error: Type 'JSObject' not found.
extension type AudioContextOptions._(JSObject _) implements JSObject {
                                                            ^^^^^^^^
/C:/Users/berkgoknil/AppData/Local/Pub/Cache/hosted/pub.dev/web-1.1.1/lib/src/dom/webaudio.dart:487:5: Error: Type 'JSAny' not found.
    JSAny latencyHint,
    ^^^^^
/C:/Users/berkgoknil/AppData/Local/Pub/Cache/hosted/pub.dev/web-1.1.1/lib/src/dom/webaudio.dart:489:5: Error: Type 'JSAny' not found.
    JSAny sinkId,
    ^^^^^
/C:/Users/berkgoknil/AppData/Local/Pub/Cache/hosted/pub.dev/web-1.1.1/lib/src/dom/webaudio.dart:490:5: Error: Type 'JSAny' not found.
    JSAny renderSizeHint,
    ^^^^^
/C:/Users/berkgoknil/AppData/Local/Pub/Cache/hosted/pub.dev/web-1.1.1/lib/src/dom/webaudio.dart:493:12: Error: Type 'JSAny' not found.
  external JSAny get latencyHint;
           ^^^^^
/C:/Users/berkgoknil/AppData/Local/Pub/Cache/hosted/pub.dev/web-1.1.1/lib/src/dom/webaudio.dart:494:28: Error: Type 'JSAny' not found.
  external set latencyHint(JSAny value);
                           ^^^^^
/C:/Users/berkgoknil/AppData/Local/Pub/Cache/hosted/pub.dev/web-1.1.1/lib/src/dom/webaudio.dart:497:12: Error: Type 'JSAny' not found.
  external JSAny get sinkId;
           ^^^^^
/C:/Users/berkgoknil/AppData/Local/Pub/Cache/hosted/pub.dev/web-1.1.1/lib/src/dom/webaudio.dart:498:23: Error: Type 'JSAny' not found.
  external set sinkId(JSAny value);
                      ^^^^^
/C:/Users/berkgoknil/AppData/Local/Pub/Cache/hosted/pub.dev/web-1.1.1/lib/src/dom/webaudio.dart:499:12: Error: Type 'JSAny' not found.
  external JSAny get renderSizeHint;
           ^^^^^
/C:/Users/berkgoknil/AppData/Local/Pub/Cache/hosted/pub.dev/web-1.1.1/lib/src/dom/webaudio.dart:500:31: Error: Type 'JSAny' not found.
  external set renderSizeHint(JSAny value);
                              ^^^^^
/C:/Users/berkgoknil/AppData/Local/Pub/Cache/hosted/pub.dev/web-1.1.1/lib/src/dom/webaudio.dart:502:35: Error: Type 'JSObject' not found.
extension type AudioSinkOptions._(JSObject _) implements JSObject {
                                  ^^^^^^^^
/C:/Users/berkgoknil/AppData/Local/Pub/Cache/hosted/pub.dev/web-1.1.1/lib/src/dom/webaudio.dart:502:58: Error: Type 'JSObject' not found.
extension type AudioSinkOptions._(JSObject _) implements JSObject {
                                                         ^^^^^^^^
/C:/Users/berkgoknil/AppData/Local/Pub/Cache/hosted/pub.dev/web-1.1.1/lib/src/dom/webaudio.dart:508:33: Error: Type 'JSObject' not found.
extension type AudioTimestamp._(JSObject _) implements JSObject {
                                ^^^^^^^^
/C:/Users/berkgoknil/AppData/Local/Pub/Cache/hosted/pub.dev/web-1.1.1/lib/src/dom/webaudio.dart:508:56: Error: Type 'JSObject' not found.
extension type AudioTimestamp._(JSObject _) implements JSObject {
                                                       ^^^^^^^^
/C:/Users/berkgoknil/AppData/Local/Pub/Cache/hosted/pub.dev/web-1.1.1/lib/src/dom/webaudio.dart:531:38: Error: Type 'JSObject' not found.
extension type OfflineAudioContext._(JSObject _)
                                     ^^^^^^^^
/C:/Users/berkgoknil/AppData/Local/Pub/Cache/hosted/pub.dev/web-1.1.1/lib/src/dom/webaudio.dart:532:34: Error: Type 'JSObject' not found.
    implements BaseAudioContext, JSObject {
                                 ^^^^^^^^
/C:/Users/berkgoknil/AppData/Local/Pub/Cache/hosted/pub.dev/web-1.1.1/lib/src/dom/webaudio.dart:534:5: Error: Type 'JSAny' not found.
    JSAny contextOptionsOrNumberOfChannels, [
    ^^^^^
/C:/Users/berkgoknil/AppData/Local/Pub/Cache/hosted/pub.dev/web-1.1.1/lib/src/dom/webaudio.dart:551:12: Error: Type 'JSPromise' not found.
  external JSPromise<AudioBuffer> startRendering();
           ^^^^^^^^^
/C:/Users/berkgoknil/AppData/Local/Pub/Cache/hosted/pub.dev/web-1.1.1/lib/src/dom/webaudio.dart:559:22: Error: Type 'JSAny' not found.
  external JSPromise<JSAny?> resume();
                     ^^^^^
/C:/Users/berkgoknil/AppData/Local/Pub/Cache/hosted/pub.dev/web-1.1.1/lib/src/dom/webaudio.dart:559:12: Error: Type 'JSPromise' not found.
  external JSPromise<JSAny?> resume();
           ^^^^^^^^^
/C:/Users/berkgoknil/AppData/Local/Pub/Cache/hosted/pub.dev/web-1.1.1/lib/src/dom/webaudio.dart:578:22: Error: Type 'JSAny' not found.
  external JSPromise<JSAny?> suspend(num suspendTime);
                     ^^^^^
/C:/Users/berkgoknil/AppData/Local/Pub/Cache/hosted/pub.dev/web-1.1.1/lib/src/dom/webaudio.dart:578:12: Error: Type 'JSPromise' not found.
  external JSPromise<JSAny?> suspend(num suspendTime);
           ^^^^^^^^^
/C:/Users/berkgoknil/AppData/Local/Pub/Cache/hosted/pub.dev/web-1.1.1/lib/src/dom/webaudio.dart:588:45: Error: Type 'JSObject' not found.
extension type OfflineAudioContextOptions._(JSObject _) implements JSObject {
                                            ^^^^^^^^
/C:/Users/berkgoknil/AppData/Local/Pub/Cache/hosted/pub.dev/web-1.1.1/lib/src/dom/webaudio.dart:588:68: Error: Type 'JSObject' not found.
extension type OfflineAudioContextOptions._(JSObject _) implements JSObject {
                                                                   ^^^^^^^^
/C:/Users/berkgoknil/AppData/Local/Pub/Cache/hosted/pub.dev/web-1.1.1/lib/src/dom/webaudio.dart:593:5: Error: Type 'JSAny' not found.
    JSAny renderSizeHint,
    ^^^^^
/C:/Users/berkgoknil/AppData/Local/Pub/Cache/hosted/pub.dev/web-1.1.1/lib/src/dom/webaudio.dart:602:12: Error: Type 'JSAny' not found.
  external JSAny get renderSizeHint;
           ^^^^^
/C:/Users/berkgoknil/AppData/Local/Pub/Cache/hosted/pub.dev/web-1.1.1/lib/src/dom/webaudio.dart:603:31: Error: Type 'JSAny' not found.
  external set renderSizeHint(JSAny value);
                              ^^^^^
/C:/Users/berkgoknil/AppData/Local/Pub/Cache/hosted/pub.dev/web-1.1.1/lib/src/dom/webaudio.dart:621:46: Error: Type 'JSObject' not found.
extension type OfflineAudioCompletionEvent._(JSObject _)
                                             ^^^^^^^^
/C:/Users/berkgoknil/AppData/Local/Pub/Cache/hosted/pub.dev/web-1.1.1/lib/src/dom/webaudio.dart:622:23: Error: Type 'JSObject' not found.
    implements Event, JSObject {
                      ^^^^^^^^
/C:/Users/berkgoknil/AppData/Local/Pub/Cache/hosted/pub.dev/web-1.1.1/lib/src/dom/webaudio.dart:633:50: Error: Type 'JSObject' not found.
extension type OfflineAudioCompletionEventInit._(JSObject _)
                                                 ^^^^^^^^
/C:/Users/berkgoknil/AppData/Local/Pub/Cache/hosted/pub.dev/web-1.1.1/lib/src/dom/webaudio.dart:634:27: Error: Type 'JSObject' not found.
    implements EventInit, JSObject {
                          ^^^^^^^^
/C:/Users/berkgoknil/AppData/Local/Pub/Cache/hosted/pub.dev/web-1.1.1/lib/src/dom/webaudio.dart:665:30: Error: Type 'JSObject' not found.
extension type AudioBuffer._(JSObject _) implements JSObject {
                             ^^^^^^^^
/C:/Users/berkgoknil/AppData/Local/Pub/Cache/hosted/pub.dev/web-1.1.1/lib/src/dom/webaudio.dart:665:53: Error: Type 'JSObject' not found.
extension type AudioBuffer._(JSObject _) implements JSObject {
                                                    ^^^^^^^^
/C:/Users/berkgoknil/AppData/Local/Pub/Cache/hosted/pub.dev/web-1.1.1/lib/src/dom/webaudio.dart:671:12: Error: Type 'JSFloat32Array' not found.
  external JSFloat32Array getChannelData(int channel);
           ^^^^^^^^^^^^^^
/C:/Users/berkgoknil/AppData/Local/Pub/Cache/hosted/pub.dev/web-1.1.1/lib/src/dom/webaudio.dart:679:5: Error: Type 'JSFloat32Array' not found.
    JSFloat32Array destination,
    ^^^^^^^^^^^^^^
/C:/Users/berkgoknil/AppData/Local/Pub/Cache/hosted/pub.dev/web-1.1.1/lib/src/dom/webaudio.dart:688:5: Error: Type 'JSFloat32Array' not found.
    JSFloat32Array source,
    ^^^^^^^^^^^^^^
/C:/Users/berkgoknil/AppData/Local/Pub/Cache/hosted/pub.dev/web-1.1.1/lib/src/dom/webaudio.dart:715:37: Error: Type 'JSObject' not found.
extension type AudioBufferOptions._(JSObject _) implements JSObject {
                                    ^^^^^^^^
/C:/Users/berkgoknil/AppData/Local/Pub/Cache/hosted/pub.dev/web-1.1.1/lib/src/dom/webaudio.dart:715:60: Error: Type 'JSObject' not found.
extension type AudioBufferOptions._(JSObject _) implements JSObject {
                                                           ^^^^^^^^
/C:/Users/berkgoknil/AppData/Local/Pub/Cache/hosted/pub.dev/web-1.1.1/lib/src/dom/webaudio.dart:749:28: Error: Type 'JSObject' not found.
extension type AudioNode._(JSObject _) implements EventTarget, JSObject {
                           ^^^^^^^^
/C:/Users/berkgoknil/AppData/Local/Pub/Cache/hosted/pub.dev/web-1.1.1/lib/src/dom/webaudio.dart:749:64: Error: Type 'JSObject' not found.
extension type AudioNode._(JSObject _) implements EventTarget, JSObject {
                                                               ^^^^^^^^
/C:/Users/berkgoknil/AppData/Local/Pub/Cache/hosted/pub.dev/web-1.1.1/lib/src/dom/webaudio.dart:757:5: Error: Type 'JSObject' not found.
    JSObject destinationNodeOrDestinationParam, [
    ^^^^^^^^
/C:/Users/berkgoknil/AppData/Local/Pub/Cache/hosted/pub.dev/web-1.1.1/lib/src/dom/webaudio.dart:765:5: Error: Type 'JSAny' not found.
    JSAny destinationNodeOrDestinationParamOrOutput,
    ^^^^^
/C:/Users/berkgoknil/AppData/Local/Pub/Cache/hosted/pub.dev/web-1.1.1/lib/src/dom/webaudio.dart:823:35: Error: Type 'JSObject' not found.
extension type AudioNodeOptions._(JSObject _) implements JSObject {
                                  ^^^^^^^^
/C:/Users/berkgoknil/AppData/Local/Pub/Cache/hosted/pub.dev/web-1.1.1/lib/src/dom/webaudio.dart:823:58: Error: Type 'JSObject' not found.
extension type AudioNodeOptions._(JSObject _) implements JSObject {
                                                         ^^^^^^^^
/C:/Users/berkgoknil/AppData/Local/Pub/Cache/hosted/pub.dev/web-1.1.1/lib/src/dom/webaudio.dart:855:29: Error: Type 'JSObject' not found.
extension type AudioParam._(JSObject _) implements JSObject {
                            ^^^^^^^^
/C:/Users/berkgoknil/AppData/Local/Pub/Cache/hosted/pub.dev/web-1.1.1/lib/src/dom/webaudio.dart:855:52: Error: Type 'JSObject' not found.
extension type AudioParam._(JSObject _) implements JSObject {
                                                   ^^^^^^^^
/C:/Users/berkgoknil/AppData/Local/Pub/Cache/hosted/pub.dev/web-1.1.1/lib/src/dom/webaudio.dart:915:13: Error: Type 'JSNumber' not found.
    JSArray<JSNumber> values,
            ^^^^^^^^
/C:/Users/berkgoknil/AppData/Local/Pub/Cache/hosted/pub.dev/web-1.1.1/lib/src/dom/webaudio.dart:915:5: Error: Type 'JSArray' not found.
    JSArray<JSNumber> values,
    ^^^^^^^
/C:/Users/berkgoknil/AppData/Local/Pub/Cache/hosted/pub.dev/web-1.1.1/lib/src/dom/webaudio.dart:982:43: Error: Type 'JSObject' not found.
extension type AudioScheduledSourceNode._(JSObject _)
                                          ^^^^^^^^
/C:/Users/berkgoknil/AppData/Local/Pub/Cache/hosted/pub.dev/web-1.1.1/lib/src/dom/webaudio.dart:983:27: Error: Type 'JSObject' not found.
    implements AudioNode, JSObject {
                          ^^^^^^^^
/C:/Users/berkgoknil/AppData/Local/Pub/Cache/hosted/pub.dev/web-1.1.1/lib/src/dom/webaudio.dart:1046:31: Error: Type 'JSObject' not found.
extension type AnalyserNode._(JSObject _) implements AudioNode, JSObject {
                              ^^^^^^^^
/C:/Users/berkgoknil/AppData/Local/Pub/Cache/hosted/pub.dev/web-1.1.1/lib/src/dom/webaudio.dart:1046:65: Error: Type 'JSObject' not found.
extension type AnalyserNode._(JSObject _) implements AudioNode, JSObject {
                                                                ^^^^^^^^
/C:/Users/berkgoknil/AppData/Local/Pub/Cache/hosted/pub.dev/web-1.1.1/lib/src/dom/webaudio.dart:1065:39: Error: Type 'JSFloat32Array' not found.
  external void getFloatFrequencyData(JSFloat32Array array);
                                      ^^^^^^^^^^^^^^
/C:/Users/berkgoknil/AppData/Local/Pub/Cache/hosted/pub.dev/web-1.1.1/lib/src/dom/webaudio.dart:1081:38: Error: Type 'JSUint8Array' not found.
  external void getByteFrequencyData(JSUint8Array array);
                                     ^^^^^^^^^^^^
/C:/Users/berkgoknil/AppData/Local/Pub/Cache/hosted/pub.dev/web-1.1.1/lib/src/dom/webaudio.dart:1087:40: Error: Type 'JSFloat32Array' not found.
  external void getFloatTimeDomainData(JSFloat32Array array);
                                       ^^^^^^^^^^^^^^
/C:/Users/berkgoknil/AppData/Local/Pub/Cache/hosted/pub.dev/web-1.1.1/lib/src/dom/webaudio.dart:1096:39: Error: Type 'JSUint8Array' not found.
  external void getByteTimeDomainData(JSUint8Array array);
                                      ^^^^^^^^^^^^
/C:/Users/berkgoknil/AppData/Local/Pub/Cache/hosted/pub.dev/web-1.1.1/lib/src/dom/webaudio.dart:1138:34: Error: Type 'JSObject' not found.
extension type AnalyserOptions._(JSObject _)
                                 ^^^^^^^^
/C:/Users/berkgoknil/AppData/Local/Pub/Cache/hosted/pub.dev/web-1.1.1/lib/src/dom/webaudio.dart:1139:34: Error: Type 'JSObject' not found.
    implements AudioNodeOptions, JSObject {
                                 ^^^^^^^^
/C:/Users/berkgoknil/AppData/Local/Pub/Cache/hosted/pub.dev/web-1.1.1/lib/src/dom/webaudio.dart:1214:40: Error: Type 'JSObject' not found.
extension type AudioBufferSourceNode._(JSObject _)
                                       ^^^^^^^^
/C:/Users/berkgoknil/AppData/Local/Pub/Cache/hosted/pub.dev/web-1.1.1/lib/src/dom/webaudio.dart:1215:42: Error: Type 'JSObject' not found.
    implements AudioScheduledSourceNode, JSObject {
                                         ^^^^^^^^
/C:/Users/berkgoknil/AppData/Local/Pub/Cache/hosted/pub.dev/web-1.1.1/lib/src/dom/webaudio.dart:1296:43: Error: Type 'JSObject' not found.
extension type AudioBufferSourceOptions._(JSObject _) implements JSObject {
                                          ^^^^^^^^
/C:/Users/berkgoknil/AppData/Local/Pub/Cache/hosted/pub.dev/web-1.1.1/lib/src/dom/webaudio.dart:1296:66: Error: Type 'JSObject' not found.
extension type AudioBufferSourceOptions._(JSObject _) implements JSObject {
                                                                 ^^^^^^^^
/C:/Users/berkgoknil/AppData/Local/Pub/Cache/hosted/pub.dev/web-1.1.1/lib/src/dom/webaudio.dart:1362:39: Error: Type 'JSObject' not found.
extension type AudioDestinationNode._(JSObject _)
                                      ^^^^^^^^
/C:/Users/berkgoknil/AppData/Local/Pub/Cache/hosted/pub.dev/web-1.1.1/lib/src/dom/webaudio.dart:1363:27: Error: Type 'JSObject' not found.
    implements AudioNode, JSObject {
                          ^^^^^^^^
/C:/Users/berkgoknil/AppData/Local/Pub/Cache/hosted/pub.dev/web-1.1.1/lib/src/dom/webaudio.dart:1390:32: Error: Type 'JSObject' not found.
extension type AudioListener._(JSObject _) implements JSObject {
                               ^^^^^^^^
/C:/Users/berkgoknil/AppData/Local/Pub/Cache/hosted/pub.dev/web-1.1.1/lib/src/dom/webaudio.dart:1390:55: Error: Type 'JSObject' not found.
extension type AudioListener._(JSObject _) implements JSObject {
                                                      ^^^^^^^^
/C:/Users/berkgoknil/AppData/Local/Pub/Cache/hosted/pub.dev/web-1.1.1/lib/src/dom/webaudio.dart:1536:39: Error: Type 'JSObject' not found.
extension type AudioProcessingEvent._(JSObject _) implements Event, JSObject {
                                      ^^^^^^^^
/C:/Users/berkgoknil/AppData/Local/Pub/Cache/hosted/pub.dev/web-1.1.1/lib/src/dom/webaudio.dart:1536:69: Error: Type 'JSObject' not found.
extension type AudioProcessingEvent._(JSObject _) implements Event, JSObject {
                                                                    ^^^^^^^^
/C:/Users/berkgoknil/AppData/Local/Pub/Cache/hosted/pub.dev/web-1.1.1/lib/src/dom/webaudio.dart:1569:43: Error: Type 'JSObject' not found.
extension type AudioProcessingEventInit._(JSObject _)
                                          ^^^^^^^^
/C:/Users/berkgoknil/AppData/Local/Pub/Cache/hosted/pub.dev/web-1.1.1/lib/src/dom/webaudio.dart:1570:27: Error: Type 'JSObject' not found.
    implements EventInit, JSObject {
                          ^^^^^^^^
/C:/Users/berkgoknil/AppData/Local/Pub/Cache/hosted/pub.dev/web-1.1.1/lib/src/dom/webaudio.dart:1623:35: Error: Type 'JSObject' not found.
extension type BiquadFilterNode._(JSObject _) implements AudioNode, JSObject {
                                  ^^^^^^^^
/C:/Users/berkgoknil/AppData/Local/Pub/Cache/hosted/pub.dev/web-1.1.1/lib/src/dom/webaudio.dart:1623:69: Error: Type 'JSObject' not found.
extension type BiquadFilterNode._(JSObject _) implements AudioNode, JSObject {
                                                                    ^^^^^^^^
/C:/Users/berkgoknil/AppData/Local/Pub/Cache/hosted/pub.dev/web-1.1.1/lib/src/dom/webaudio.dart:1639:5: Error: Type 'JSFloat32Array' not found.
    JSFloat32Array frequencyHz,
    ^^^^^^^^^^^^^^
/C:/Users/berkgoknil/AppData/Local/Pub/Cache/hosted/pub.dev/web-1.1.1/lib/src/dom/webaudio.dart:1640:5: Error: Type 'JSFloat32Array' not found.
    JSFloat32Array magResponse,
    ^^^^^^^^^^^^^^
/C:/Users/berkgoknil/AppData/Local/Pub/Cache/hosted/pub.dev/web-1.1.1/lib/src/dom/webaudio.dart:1641:5: Error: Type 'JSFloat32Array' not found.
    JSFloat32Array phaseResponse,
    ^^^^^^^^^^^^^^
/C:/Users/berkgoknil/AppData/Local/Pub/Cache/hosted/pub.dev/web-1.1.1/lib/src/dom/webaudio.dart:1687:38: Error: Type 'JSObject' not found.
extension type BiquadFilterOptions._(JSObject _)
                                     ^^^^^^^^
/C:/Users/berkgoknil/AppData/Local/Pub/Cache/hosted/pub.dev/web-1.1.1/lib/src/dom/webaudio.dart:1688:34: Error: Type 'JSObject' not found.
    implements AudioNodeOptions, JSObject {
                                 ^^^^^^^^
/C:/Users/berkgoknil/AppData/Local/Pub/Cache/hosted/pub.dev/web-1.1.1/lib/src/dom/webaudio.dart:1760:36: Error: Type 'JSObject' not found.
extension type ChannelMergerNode._(JSObject _) implements AudioNode, JSObject {
                                   ^^^^^^^^
/C:/Users/berkgoknil/AppData/Local/Pub/Cache/hosted/pub.dev/web-1.1.1/lib/src/dom/webaudio.dart:1760:70: Error: Type 'JSObject' not found.
extension type ChannelMergerNode._(JSObject _) implements AudioNode, JSObject {
                                                                     ^^^^^^^^
/C:/Users/berkgoknil/AppData/Local/Pub/Cache/hosted/pub.dev/web-1.1.1/lib/src/dom/webaudio.dart:1766:39: Error: Type 'JSObject' not found.
extension type ChannelMergerOptions._(JSObject _)
                                      ^^^^^^^^
/C:/Users/berkgoknil/AppData/Local/Pub/Cache/hosted/pub.dev/web-1.1.1/lib/src/dom/webaudio.dart:1767:34: Error: Type 'JSObject' not found.
    implements AudioNodeOptions, JSObject {
                                 ^^^^^^^^
/C:/Users/berkgoknil/AppData/Local/Pub/Cache/hosted/pub.dev/web-1.1.1/lib/src/dom/webaudio.dart:1830:38: Error: Type 'JSObject' not found.
extension type ChannelSplitterNode._(JSObject _)
                                     ^^^^^^^^
/C:/Users/berkgoknil/AppData/Local/Pub/Cache/hosted/pub.dev/web-1.1.1/lib/src/dom/webaudio.dart:1831:27: Error: Type 'JSObject' not found.
    implements AudioNode, JSObject {
                          ^^^^^^^^
/C:/Users/berkgoknil/AppData/Local/Pub/Cache/hosted/pub.dev/web-1.1.1/lib/src/dom/webaudio.dart:1837:41: Error: Type 'JSObject' not found.
extension type ChannelSplitterOptions._(JSObject _)
                                        ^^^^^^^^
/C:/Users/berkgoknil/AppData/Local/Pub/Cache/hosted/pub.dev/web-1.1.1/lib/src/dom/webaudio.dart:1838:34: Error: Type 'JSObject' not found.
    implements AudioNodeOptions, JSObject {
                                 ^^^^^^^^
/C:/Users/berkgoknil/AppData/Local/Pub/Cache/hosted/pub.dev/web-1.1.1/lib/src/dom/webaudio.dart:1879:37: Error: Type 'JSObject' not found.
extension type ConstantSourceNode._(JSObject _)
                                    ^^^^^^^^
/C:/Users/berkgoknil/AppData/Local/Pub/Cache/hosted/pub.dev/web-1.1.1/lib/src/dom/webaudio.dart:1880:42: Error: Type 'JSObject' not found.
    implements AudioScheduledSourceNode, JSObject {
                                         ^^^^^^^^
/C:/Users/berkgoknil/AppData/Local/Pub/Cache/hosted/pub.dev/web-1.1.1/lib/src/dom/webaudio.dart:1902:40: Error: Type 'JSObject' not found.
extension type ConstantSourceOptions._(JSObject _) implements JSObject {
                                       ^^^^^^^^
/C:/Users/berkgoknil/AppData/Local/Pub/Cache/hosted/pub.dev/web-1.1.1/lib/src/dom/webaudio.dart:1902:63: Error: Type 'JSObject' not found.
extension type ConstantSourceOptions._(JSObject _) implements JSObject {
                                                              ^^^^^^^^
/C:/Users/berkgoknil/AppData/Local/Pub/Cache/hosted/pub.dev/web-1.1.1/lib/src/dom/webaudio.dart:1946:32: Error: Type 'JSObject' not found.
extension type ConvolverNode._(JSObject _) implements AudioNode, JSObject {
                               ^^^^^^^^
/C:/Users/berkgoknil/AppData/Local/Pub/Cache/hosted/pub.dev/web-1.1.1/lib/src/dom/webaudio.dart:1946:66: Error: Type 'JSObject' not found.
extension type ConvolverNode._(JSObject _) implements AudioNode, JSObject {
                                                                 ^^^^^^^^
/C:/Users/berkgoknil/AppData/Local/Pub/Cache/hosted/pub.dev/web-1.1.1/lib/src/dom/webaudio.dart:1987:35: Error: Type 'JSObject' not found.
extension type ConvolverOptions._(JSObject _)
                                  ^^^^^^^^
/C:/Users/berkgoknil/AppData/Local/Pub/Cache/hosted/pub.dev/web-1.1.1/lib/src/dom/webaudio.dart:1988:34: Error: Type 'JSObject' not found.
    implements AudioNodeOptions, JSObject {
                                 ^^^^^^^^
/C:/Users/berkgoknil/AppData/Local/Pub/Cache/hosted/pub.dev/web-1.1.1/lib/src/dom/webaudio.dart:2047:28: Error: Type 'JSObject' not found.
extension type DelayNode._(JSObject _) implements AudioNode, JSObject {
                           ^^^^^^^^
/C:/Users/berkgoknil/AppData/Local/Pub/Cache/hosted/pub.dev/web-1.1.1/lib/src/dom/webaudio.dart:2047:62: Error: Type 'JSObject' not found.
extension type DelayNode._(JSObject _) implements AudioNode, JSObject {
                                                             ^^^^^^^^
/C:/Users/berkgoknil/AppData/Local/Pub/Cache/hosted/pub.dev/web-1.1.1/lib/src/dom/webaudio.dart:2065:31: Error: Type 'JSObject' not found.
extension type DelayOptions._(JSObject _)
                              ^^^^^^^^
/C:/Users/berkgoknil/AppData/Local/Pub/Cache/hosted/pub.dev/web-1.1.1/lib/src/dom/webaudio.dart:2066:34: Error: Type 'JSObject' not found.
    implements AudioNodeOptions, JSObject {
                                 ^^^^^^^^
/C:/Users/berkgoknil/AppData/Local/Pub/Cache/hosted/pub.dev/web-1.1.1/lib/src/dom/webaudio.dart:2117:41: Error: Type 'JSObject' not found.
extension type DynamicsCompressorNode._(JSObject _)
                                        ^^^^^^^^
/C:/Users/berkgoknil/AppData/Local/Pub/Cache/hosted/pub.dev/web-1.1.1/lib/src/dom/webaudio.dart:2118:27: Error: Type 'JSObject' not found.
    implements AudioNode, JSObject {
                          ^^^^^^^^
/C:/Users/berkgoknil/AppData/Local/Pub/Cache/hosted/pub.dev/web-1.1.1/lib/src/dom/webaudio.dart:2189:44: Error: Type 'JSObject' not found.
extension type DynamicsCompressorOptions._(JSObject _)
                                           ^^^^^^^^
/C:/Users/berkgoknil/AppData/Local/Pub/Cache/hosted/pub.dev/web-1.1.1/lib/src/dom/webaudio.dart:2190:34: Error: Type 'JSObject' not found.
    implements AudioNodeOptions, JSObject {
                                 ^^^^^^^^
/C:/Users/berkgoknil/AppData/Local/Pub/Cache/hosted/pub.dev/web-1.1.1/lib/src/dom/webaudio.dart:2256:27: Error: Type 'JSObject' not found.
extension type GainNode._(JSObject _) implements AudioNode, JSObject {
                          ^^^^^^^^
/C:/Users/berkgoknil/AppData/Local/Pub/Cache/hosted/pub.dev/web-1.1.1/lib/src/dom/webaudio.dart:2256:61: Error: Type 'JSObject' not found.
extension type GainNode._(JSObject _) implements AudioNode, JSObject {
                                                            ^^^^^^^^
/C:/Users/berkgoknil/AppData/Local/Pub/Cache/hosted/pub.dev/web-1.1.1/lib/src/dom/webaudio.dart:2267:30: Error: Type 'JSObject' not found.
extension type GainOptions._(JSObject _) implements AudioNodeOptions, JSObject {
                             ^^^^^^^^
/C:/Users/berkgoknil/AppData/Local/Pub/Cache/hosted/pub.dev/web-1.1.1/lib/src/dom/webaudio.dart:2267:71: Error: Type 'JSObject' not found.
extension type GainOptions._(JSObject _) implements AudioNodeOptions, JSObject {
                                                                      ^^^^^^^^
/C:/Users/berkgoknil/AppData/Local/Pub/Cache/hosted/pub.dev/web-1.1.1/lib/src/dom/webaudio.dart:2336:32: Error: Type 'JSObject' not found.
extension type IIRFilterNode._(JSObject _) implements AudioNode, JSObject {
                               ^^^^^^^^
/C:/Users/berkgoknil/AppData/Local/Pub/Cache/hosted/pub.dev/web-1.1.1/lib/src/dom/webaudio.dart:2336:66: Error: Type 'JSObject' not found.
extension type IIRFilterNode._(JSObject _) implements AudioNode, JSObject {
                                                                 ^^^^^^^^
/C:/Users/berkgoknil/AppData/Local/Pub/Cache/hosted/pub.dev/web-1.1.1/lib/src/dom/webaudio.dart:2353:5: Error: Type 'JSFloat32Array' not found.
    JSFloat32Array frequencyHz,
    ^^^^^^^^^^^^^^
/C:/Users/berkgoknil/AppData/Local/Pub/Cache/hosted/pub.dev/web-1.1.1/lib/src/dom/webaudio.dart:2354:5: Error: Type 'JSFloat32Array' not found.
    JSFloat32Array magResponse,
    ^^^^^^^^^^^^^^
/C:/Users/berkgoknil/AppData/Local/Pub/Cache/hosted/pub.dev/web-1.1.1/lib/src/dom/webaudio.dart:2355:5: Error: Type 'JSFloat32Array' not found.
    JSFloat32Array phaseResponse,
    ^^^^^^^^^^^^^^
/C:/Users/berkgoknil/AppData/Local/Pub/Cache/hosted/pub.dev/web-1.1.1/lib/src/dom/webaudio.dart:2358:35: Error: Type 'JSObject' not found.
extension type IIRFilterOptions._(JSObject _)
                                  ^^^^^^^^
/C:/Users/berkgoknil/AppData/Local/Pub/Cache/hosted/pub.dev/web-1.1.1/lib/src/dom/webaudio.dart:2359:34: Error: Type 'JSObject' not found.
    implements AudioNodeOptions, JSObject {
                                 ^^^^^^^^
/C:/Users/berkgoknil/AppData/Local/Pub/Cache/hosted/pub.dev/web-1.1.1/lib/src/dom/webaudio.dart:2364:22: Error: Type 'JSNumber' not found.
    required JSArray<JSNumber> feedforward,
                     ^^^^^^^^
/C:/Users/berkgoknil/AppData/Local/Pub/Cache/hosted/pub.dev/web-1.1.1/lib/src/dom/webaudio.dart:2364:14: Error: Type 'JSArray' not found.
    required JSArray<JSNumber> feedforward,
             ^^^^^^^
/C:/Users/berkgoknil/AppData/Local/Pub/Cache/hosted/pub.dev/web-1.1.1/lib/src/dom/webaudio.dart:2365:22: Error: Type 'JSNumber' not found.
    required JSArray<JSNumber> feedback,
                     ^^^^^^^^
/C:/Users/berkgoknil/AppData/Local/Pub/Cache/hosted/pub.dev/web-1.1.1/lib/src/dom/webaudio.dart:2365:14: Error: Type 'JSArray' not found.
    required JSArray<JSNumber> feedback,
             ^^^^^^^
/C:/Users/berkgoknil/AppData/Local/Pub/Cache/hosted/pub.dev/web-1.1.1/lib/src/dom/webaudio.dart:2368:20: Error: Type 'JSNumber' not found.
  external JSArray<JSNumber> get feedforward;
                   ^^^^^^^^
/C:/Users/berkgoknil/AppData/Local/Pub/Cache/hosted/pub.dev/web-1.1.1/lib/src/dom/webaudio.dart:2368:12: Error: Type 'JSArray' not found.
  external JSArray<JSNumber> get feedforward;
           ^^^^^^^
/C:/Users/berkgoknil/AppData/Local/Pub/Cache/hosted/pub.dev/web-1.1.1/lib/src/dom/webaudio.dart:2369:36: Error: Type 'JSNumber' not found.
  external set feedforward(JSArray<JSNumber> value);
                                   ^^^^^^^^
/C:/Users/berkgoknil/AppData/Local/Pub/Cache/hosted/pub.dev/web-1.1.1/lib/src/dom/webaudio.dart:2369:28: Error: Type 'JSArray' not found.
  external set feedforward(JSArray<JSNumber> value);
                           ^^^^^^^
/C:/Users/berkgoknil/AppData/Local/Pub/Cache/hosted/pub.dev/web-1.1.1/lib/src/dom/webaudio.dart:2370:20: Error: Type 'JSNumber' not found.
  external JSArray<JSNumber> get feedback;
                   ^^^^^^^^
/C:/Users/berkgoknil/AppData/Local/Pub/Cache/hosted/pub.dev/web-1.1.1/lib/src/dom/webaudio.dart:2370:12: Error: Type 'JSArray' not found.
  external JSArray<JSNumber> get feedback;
           ^^^^^^^
/C:/Users/berkgoknil/AppData/Local/Pub/Cache/hosted/pub.dev/web-1.1.1/lib/src/dom/webaudio.dart:2371:33: Error: Type 'JSNumber' not found.
  external set feedback(JSArray<JSNumber> value);
                                ^^^^^^^^
/C:/Users/berkgoknil/AppData/Local/Pub/Cache/hosted/pub.dev/web-1.1.1/lib/src/dom/webaudio.dart:2371:25: Error: Type 'JSArray' not found.
  external set feedback(JSArray<JSNumber> value);
                        ^^^^^^^
/C:/Users/berkgoknil/AppData/Local/Pub/Cache/hosted/pub.dev/web-1.1.1/lib/src/dom/webaudio.dart:2409:46: Error: Type 'JSObject' not found.
extension type MediaElementAudioSourceNode._(JSObject _)
                                             ^^^^^^^^
/C:/Users/berkgoknil/AppData/Local/Pub/Cache/hosted/pub.dev/web-1.1.1/lib/src/dom/webaudio.dart:2410:27: Error: Type 'JSObject' not found.
    implements AudioNode, JSObject {
                          ^^^^^^^^
/C:/Users/berkgoknil/AppData/Local/Pub/Cache/hosted/pub.dev/web-1.1.1/lib/src/dom/webaudio.dart:2426:49: Error: Type 'JSObject' not found.
extension type MediaElementAudioSourceOptions._(JSObject _)
                                                ^^^^^^^^
/C:/Users/berkgoknil/AppData/Local/Pub/Cache/hosted/pub.dev/web-1.1.1/lib/src/dom/webaudio.dart:2427:16: Error: Type 'JSObject' not found.
    implements JSObject {
               ^^^^^^^^
/C:/Users/berkgoknil/AppData/Local/Pub/Cache/hosted/pub.dev/web-1.1.1/lib/src/dom/webaudio.dart:2473:50: Error: Type 'JSObject' not found.
extension type MediaStreamAudioDestinationNode._(JSObject _)
                                                 ^^^^^^^^
/C:/Users/berkgoknil/AppData/Local/Pub/Cache/hosted/pub.dev/web-1.1.1/lib/src/dom/webaudio.dart:2474:27: Error: Type 'JSObject' not found.
    implements AudioNode, JSObject {
                          ^^^^^^^^
/C:/Users/berkgoknil/AppData/Local/Pub/Cache/hosted/pub.dev/web-1.1.1/lib/src/dom/webaudio.dart:2534:45: Error: Type 'JSObject' not found.
extension type MediaStreamAudioSourceNode._(JSObject _)
                                            ^^^^^^^^
/C:/Users/berkgoknil/AppData/Local/Pub/Cache/hosted/pub.dev/web-1.1.1/lib/src/dom/webaudio.dart:2535:27: Error: Type 'JSObject' not found.
    implements AudioNode, JSObject {
                          ^^^^^^^^
/C:/Users/berkgoknil/AppData/Local/Pub/Cache/hosted/pub.dev/web-1.1.1/lib/src/dom/webaudio.dart:2551:48: Error: Type 'JSObject' not found.
extension type MediaStreamAudioSourceOptions._(JSObject _) implements JSObject {
                                               ^^^^^^^^
/C:/Users/berkgoknil/AppData/Local/Pub/Cache/hosted/pub.dev/web-1.1.1/lib/src/dom/webaudio.dart:2551:71: Error: Type 'JSObject' not found.
extension type MediaStreamAudioSourceOptions._(JSObject _) implements JSObject {
                                                                      ^^^^^^^^
/C:/Users/berkgoknil/AppData/Local/Pub/Cache/hosted/pub.dev/web-1.1.1/lib/src/dom/webaudio.dart:2602:50: Error: Type 'JSObject' not found.
extension type MediaStreamTrackAudioSourceNode._(JSObject _)
                                                 ^^^^^^^^
/C:/Users/berkgoknil/AppData/Local/Pub/Cache/hosted/pub.dev/web-1.1.1/lib/src/dom/webaudio.dart:2603:27: Error: Type 'JSObject' not found.
    implements AudioNode, JSObject {
                          ^^^^^^^^
/C:/Users/berkgoknil/AppData/Local/Pub/Cache/hosted/pub.dev/web-1.1.1/lib/src/dom/webaudio.dart:2609:53: Error: Type 'JSObject' not found.
extension type MediaStreamTrackAudioSourceOptions._(JSObject _)
                                                    ^^^^^^^^
/C:/Users/berkgoknil/AppData/Local/Pub/Cache/hosted/pub.dev/web-1.1.1/lib/src/dom/webaudio.dart:2610:16: Error: Type 'JSObject' not found.
    implements JSObject {
               ^^^^^^^^
/C:/Users/berkgoknil/AppData/Local/Pub/Cache/hosted/pub.dev/web-1.1.1/lib/src/dom/webaudio.dart:2652:33: Error: Type 'JSObject' not found.
extension type OscillatorNode._(JSObject _)
                                ^^^^^^^^
/C:/Users/berkgoknil/AppData/Local/Pub/Cache/hosted/pub.dev/web-1.1.1/lib/src/dom/webaudio.dart:2653:42: Error: Type 'JSObject' not found.
    implements AudioScheduledSourceNode, JSObject {
                                         ^^^^^^^^
/C:/Users/berkgoknil/AppData/Local/Pub/Cache/hosted/pub.dev/web-1.1.1/lib/src/dom/webaudio.dart:2693:36: Error: Type 'JSObject' not found.
extension type OscillatorOptions._(JSObject _)
                                   ^^^^^^^^
/C:/Users/berkgoknil/AppData/Local/Pub/Cache/hosted/pub.dev/web-1.1.1/lib/src/dom/webaudio.dart:2694:34: Error: Type 'JSObject' not found.
    implements AudioNodeOptions, JSObject {
                                 ^^^^^^^^
/C:/Users/berkgoknil/AppData/Local/Pub/Cache/hosted/pub.dev/web-1.1.1/lib/src/dom/webaudio.dart:2757:29: Error: Type 'JSObject' not found.
extension type PannerNode._(JSObject _) implements AudioNode, JSObject {
                            ^^^^^^^^
/C:/Users/berkgoknil/AppData/Local/Pub/Cache/hosted/pub.dev/web-1.1.1/lib/src/dom/webaudio.dart:2757:63: Error: Type 'JSObject' not found.
extension type PannerNode._(JSObject _) implements AudioNode, JSObject {
                                                              ^^^^^^^^
/C:/Users/berkgoknil/AppData/Local/Pub/Cache/hosted/pub.dev/web-1.1.1/lib/src/dom/webaudio.dart:3084:32: Error: Type 'JSObject' not found.
extension type PannerOptions._(JSObject _)
                               ^^^^^^^^
/C:/Users/berkgoknil/AppData/Local/Pub/Cache/hosted/pub.dev/web-1.1.1/lib/src/dom/webaudio.dart:3085:34: Error: Type 'JSObject' not found.
    implements AudioNodeOptions, JSObject {
                                 ^^^^^^^^
/C:/Users/berkgoknil/AppData/Local/Pub/Cache/hosted/pub.dev/web-1.1.1/lib/src/dom/webaudio.dart:3148:31: Error: Type 'JSObject' not found.
extension type PeriodicWave._(JSObject _) implements JSObject {
                              ^^^^^^^^
/C:/Users/berkgoknil/AppData/Local/Pub/Cache/hosted/pub.dev/web-1.1.1/lib/src/dom/webaudio.dart:3148:54: Error: Type 'JSObject' not found.
extension type PeriodicWave._(JSObject _) implements JSObject {
                                                     ^^^^^^^^
/C:/Users/berkgoknil/AppData/Local/Pub/Cache/hosted/pub.dev/web-1.1.1/lib/src/dom/webaudio.dart:3154:42: Error: Type 'JSObject' not found.
extension type PeriodicWaveConstraints._(JSObject _) implements JSObject {
                                         ^^^^^^^^
/C:/Users/berkgoknil/AppData/Local/Pub/Cache/hosted/pub.dev/web-1.1.1/lib/src/dom/webaudio.dart:3154:65: Error: Type 'JSObject' not found.
extension type PeriodicWaveConstraints._(JSObject _) implements JSObject {
                                                                ^^^^^^^^
/C:/Users/berkgoknil/AppData/Local/Pub/Cache/hosted/pub.dev/web-1.1.1/lib/src/dom/webaudio.dart:3160:38: Error: Type 'JSObject' not found.
extension type PeriodicWaveOptions._(JSObject _)
                                     ^^^^^^^^
/C:/Users/berkgoknil/AppData/Local/Pub/Cache/hosted/pub.dev/web-1.1.1/lib/src/dom/webaudio.dart:3161:41: Error: Type 'JSObject' not found.
    implements PeriodicWaveConstraints, JSObject {
                                        ^^^^^^^^
/C:/Users/berkgoknil/AppData/Local/Pub/Cache/hosted/pub.dev/web-1.1.1/lib/src/dom/webaudio.dart:3164:13: Error: Type 'JSNumber' not found.
    JSArray<JSNumber> real,
            ^^^^^^^^
/C:/Users/berkgoknil/AppData/Local/Pub/Cache/hosted/pub.dev/web-1.1.1/lib/src/dom/webaudio.dart:3164:5: Error: Type 'JSArray' not found.
    JSArray<JSNumber> real,
    ^^^^^^^
/C:/Users/berkgoknil/AppData/Local/Pub/Cache/hosted/pub.dev/web-1.1.1/lib/src/dom/webaudio.dart:3165:13: Error: Type 'JSNumber' not found.
    JSArray<JSNumber> imag,
            ^^^^^^^^
/C:/Users/berkgoknil/AppData/Local/Pub/Cache/hosted/pub.dev/web-1.1.1/lib/src/dom/webaudio.dart:3165:5: Error: Type 'JSArray' not found.
    JSArray<JSNumber> imag,
    ^^^^^^^
/C:/Users/berkgoknil/AppData/Local/Pub/Cache/hosted/pub.dev/web-1.1.1/lib/src/dom/webaudio.dart:3168:20: Error: Type 'JSNumber' not found.
  external JSArray<JSNumber> get real;
                   ^^^^^^^^
/C:/Users/berkgoknil/AppData/Local/Pub/Cache/hosted/pub.dev/web-1.1.1/lib/src/dom/webaudio.dart:3168:12: Error: Type 'JSArray' not found.
  external JSArray<JSNumber> get real;
           ^^^^^^^
/C:/Users/berkgoknil/AppData/Local/Pub/Cache/hosted/pub.dev/web-1.1.1/lib/src/dom/webaudio.dart:3169:29: Error: Type 'JSNumber' not found.
  external set real(JSArray<JSNumber> value);
                            ^^^^^^^^
/C:/Users/berkgoknil/AppData/Local/Pub/Cache/hosted/pub.dev/web-1.1.1/lib/src/dom/webaudio.dart:3169:21: Error: Type 'JSArray' not found.
  external set real(JSArray<JSNumber> value);
                    ^^^^^^^
/C:/Users/berkgoknil/AppData/Local/Pub/Cache/hosted/pub.dev/web-1.1.1/lib/src/dom/webaudio.dart:3170:20: Error: Type 'JSNumber' not found.
  external JSArray<JSNumber> get imag;
                   ^^^^^^^^
/C:/Users/berkgoknil/AppData/Local/Pub/Cache/hosted/pub.dev/web-1.1.1/lib/src/dom/webaudio.dart:3170:12: Error: Type 'JSArray' not found.
  external JSArray<JSNumber> get imag;
           ^^^^^^^
/C:/Users/berkgoknil/AppData/Local/Pub/Cache/hosted/pub.dev/web-1.1.1/lib/src/dom/webaudio.dart:3171:29: Error: Type 'JSNumber' not found.
  external set imag(JSArray<JSNumber> value);
                            ^^^^^^^^
/C:/Users/berkgoknil/AppData/Local/Pub/Cache/hosted/pub.dev/web-1.1.1/lib/src/dom/webaudio.dart:3171:21: Error: Type 'JSArray' not found.
  external set imag(JSArray<JSNumber> value);
                    ^^^^^^^
/C:/Users/berkgoknil/AppData/Local/Pub/Cache/hosted/pub.dev/web-1.1.1/lib/src/dom/webaudio.dart:3233:38: Error: Type 'JSObject' not found.
extension type ScriptProcessorNode._(JSObject _)
                                     ^^^^^^^^
/C:/Users/berkgoknil/AppData/Local/Pub/Cache/hosted/pub.dev/web-1.1.1/lib/src/dom/webaudio.dart:3234:27: Error: Type 'JSObject' not found.
    implements AudioNode, JSObject {
                          ^^^^^^^^
/C:/Users/berkgoknil/AppData/Local/Pub/Cache/hosted/pub.dev/web-1.1.1/lib/src/dom/webaudio.dart:3294:35: Error: Type 'JSObject' not found.
extension type StereoPannerNode._(JSObject _) implements AudioNode, JSObject {
                                  ^^^^^^^^
/C:/Users/berkgoknil/AppData/Local/Pub/Cache/hosted/pub.dev/web-1.1.1/lib/src/dom/webaudio.dart:3294:69: Error: Type 'JSObject' not found.
extension type StereoPannerNode._(JSObject _) implements AudioNode, JSObject {
                                                                    ^^^^^^^^
/C:/Users/berkgoknil/AppData/Local/Pub/Cache/hosted/pub.dev/web-1.1.1/lib/src/dom/webaudio.dart:3306:38: Error: Type 'JSObject' not found.
extension type StereoPannerOptions._(JSObject _)
                                     ^^^^^^^^
/C:/Users/berkgoknil/AppData/Local/Pub/Cache/hosted/pub.dev/web-1.1.1/lib/src/dom/webaudio.dart:3307:34: Error: Type 'JSObject' not found.
    implements AudioNodeOptions, JSObject {
                                 ^^^^^^^^
/C:/Users/berkgoknil/AppData/Local/Pub/Cache/hosted/pub.dev/web-1.1.1/lib/src/dom/webaudio.dart:3356:33: Error: Type 'JSObject' not found.
extension type WaveShaperNode._(JSObject _) implements AudioNode, JSObject {
                                ^^^^^^^^
/C:/Users/berkgoknil/AppData/Local/Pub/Cache/hosted/pub.dev/web-1.1.1/lib/src/dom/webaudio.dart:3356:67: Error: Type 'JSObject' not found.
extension type WaveShaperNode._(JSObject _) implements AudioNode, JSObject {
                                                                  ^^^^^^^^
/C:/Users/berkgoknil/AppData/Local/Pub/Cache/hosted/pub.dev/web-1.1.1/lib/src/dom/webaudio.dart:3375:12: Error: Type 'JSFloat32Array' not found.
  external JSFloat32Array? get curve;
           ^^^^^^^^^^^^^^
/C:/Users/berkgoknil/AppData/Local/Pub/Cache/hosted/pub.dev/web-1.1.1/lib/src/dom/webaudio.dart:3376:22: Error: Type 'JSFloat32Array' not found.
  external set curve(JSFloat32Array? value);
                     ^^^^^^^^^^^^^^
/C:/Users/berkgoknil/AppData/Local/Pub/Cache/hosted/pub.dev/web-1.1.1/lib/src/dom/webaudio.dart:3397:36: Error: Type 'JSObject' not found.
extension type WaveShaperOptions._(JSObject _)
                                   ^^^^^^^^
/C:/Users/berkgoknil/AppData/Local/Pub/Cache/hosted/pub.dev/web-1.1.1/lib/src/dom/webaudio.dart:3398:34: Error: Type 'JSObject' not found.
    implements AudioNodeOptions, JSObject {
                                 ^^^^^^^^
/C:/Users/berkgoknil/AppData/Local/Pub/Cache/hosted/pub.dev/web-1.1.1/lib/src/dom/webaudio.dart:3403:13: Error: Type 'JSNumber' not found.
    JSArray<JSNumber> curve,
            ^^^^^^^^
/C:/Users/berkgoknil/AppData/Local/Pub/Cache/hosted/pub.dev/web-1.1.1/lib/src/dom/webaudio.dart:3403:5: Error: Type 'JSArray' not found.
    JSArray<JSNumber> curve,
    ^^^^^^^
/C:/Users/berkgoknil/AppData/Local/Pub/Cache/hosted/pub.dev/web-1.1.1/lib/src/dom/webaudio.dart:3407:20: Error: Type 'JSNumber' not found.
  external JSArray<JSNumber> get curve;
                   ^^^^^^^^
/C:/Users/berkgoknil/AppData/Local/Pub/Cache/hosted/pub.dev/web-1.1.1/lib/src/dom/webaudio.dart:3407:12: Error: Type 'JSArray' not found.
  external JSArray<JSNumber> get curve;
           ^^^^^^^
/C:/Users/berkgoknil/AppData/Local/Pub/Cache/hosted/pub.dev/web-1.1.1/lib/src/dom/webaudio.dart:3408:30: Error: Type 'JSNumber' not found.
  external set curve(JSArray<JSNumber> value);
                             ^^^^^^^^
/C:/Users/berkgoknil/AppData/Local/Pub/Cache/hosted/pub.dev/web-1.1.1/lib/src/dom/webaudio.dart:3408:22: Error: Type 'JSArray' not found.
  external set curve(JSArray<JSNumber> value);
                     ^^^^^^^
/C:/Users/berkgoknil/AppData/Local/Pub/Cache/hosted/pub.dev/web-1.1.1/lib/src/dom/webaudio.dart:3429:31: Error: Type 'JSObject' not found.
extension type AudioWorklet._(JSObject _) implements Worklet, JSObject {}
                              ^^^^^^^^
/C:/Users/berkgoknil/AppData/Local/Pub/Cache/hosted/pub.dev/web-1.1.1/lib/src/dom/webaudio.dart:3429:63: Error: Type 'JSObject' not found.
extension type AudioWorklet._(JSObject _) implements Worklet, JSObject {}
                                                              ^^^^^^^^
/C:/Users/berkgoknil/AppData/Local/Pub/Cache/hosted/pub.dev/web-1.1.1/lib/src/dom/webaudio.dart:3449:42: Error: Type 'JSObject' not found.
extension type AudioWorkletGlobalScope._(JSObject _)
                                         ^^^^^^^^
/C:/Users/berkgoknil/AppData/Local/Pub/Cache/hosted/pub.dev/web-1.1.1/lib/src/dom/webaudio.dart:3450:36: Error: Type 'JSObject' not found.
    implements WorkletGlobalScope, JSObject {
                                   ^^^^^^^^
/C:/Users/berkgoknil/AppData/Local/Pub/Cache/hosted/pub.dev/web-1.1.1/lib/src/dom/webaudio.dart:3491:32: Error: Type 'JSObject' not found.
extension type AudioParamMap._(JSObject _) implements JSObject {}
                               ^^^^^^^^
/C:/Users/berkgoknil/AppData/Local/Pub/Cache/hosted/pub.dev/web-1.1.1/lib/src/dom/webaudio.dart:3491:55: Error: Type 'JSObject' not found.
extension type AudioParamMap._(JSObject _) implements JSObject {}
                                                      ^^^^^^^^
/C:/Users/berkgoknil/AppData/Local/Pub/Cache/hosted/pub.dev/web-1.1.1/lib/src/dom/webaudio.dart:3509:35: Error: Type 'JSObject' not found.
extension type AudioWorkletNode._(JSObject _) implements AudioNode, JSObject {
                                  ^^^^^^^^
/C:/Users/berkgoknil/AppData/Local/Pub/Cache/hosted/pub.dev/web-1.1.1/lib/src/dom/webaudio.dart:3509:69: Error: Type 'JSObject' not found.
extension type AudioWorkletNode._(JSObject _) implements AudioNode, JSObject {
                                                                    ^^^^^^^^
/C:/Users/berkgoknil/AppData/Local/Pub/Cache/hosted/pub.dev/web-1.1.1/lib/src/dom/webaudio.dart:3537:42: Error: Type 'JSObject' not found.
extension type AudioWorkletNodeOptions._(JSObject _)
                                         ^^^^^^^^
/C:/Users/berkgoknil/AppData/Local/Pub/Cache/hosted/pub.dev/web-1.1.1/lib/src/dom/webaudio.dart:3538:34: Error: Type 'JSObject' not found.
    implements AudioNodeOptions, JSObject {
                                 ^^^^^^^^
/C:/Users/berkgoknil/AppData/Local/Pub/Cache/hosted/pub.dev/web-1.1.1/lib/src/dom/webaudio.dart:3545:13: Error: Type 'JSNumber' not found.
    JSArray<JSNumber> outputChannelCount,
            ^^^^^^^^
/C:/Users/berkgoknil/AppData/Local/Pub/Cache/hosted/pub.dev/web-1.1.1/lib/src/dom/webaudio.dart:3545:5: Error: Type 'JSArray' not found.
    JSArray<JSNumber> outputChannelCount,
    ^^^^^^^
/C:/Users/berkgoknil/AppData/Local/Pub/Cache/hosted/pub.dev/web-1.1.1/lib/src/dom/webaudio.dart:3546:5: Error: Type 'JSObject' not found.
    JSObject parameterData,
    ^^^^^^^^
/C:/Users/berkgoknil/AppData/Local/Pub/Cache/hosted/pub.dev/web-1.1.1/lib/src/dom/webaudio.dart:3547:5: Error: Type 'JSObject' not found.
    JSObject processorOptions,
    ^^^^^^^^
/C:/Users/berkgoknil/AppData/Local/Pub/Cache/hosted/pub.dev/web-1.1.1/lib/src/dom/webaudio.dart:3554:20: Error: Type 'JSNumber' not found.
  external JSArray<JSNumber> get outputChannelCount;
                   ^^^^^^^^
/C:/Users/berkgoknil/AppData/Local/Pub/Cache/hosted/pub.dev/web-1.1.1/lib/src/dom/webaudio.dart:3554:12: Error: Type 'JSArray' not found.
  external JSArray<JSNumber> get outputChannelCount;
           ^^^^^^^
/C:/Users/berkgoknil/AppData/Local/Pub/Cache/hosted/pub.dev/web-1.1.1/lib/src/dom/webaudio.dart:3555:43: Error: Type 'JSNumber' not found.
  external set outputChannelCount(JSArray<JSNumber> value);
                                          ^^^^^^^^
/C:/Users/berkgoknil/AppData/Local/Pub/Cache/hosted/pub.dev/web-1.1.1/lib/src/dom/webaudio.dart:3555:35: Error: Type 'JSArray' not found.
  external set outputChannelCount(JSArray<JSNumber> value);
                                  ^^^^^^^
/C:/Users/berkgoknil/AppData/Local/Pub/Cache/hosted/pub.dev/web-1.1.1/lib/src/dom/webaudio.dart:3556:12: Error: Type 'JSObject' not found.
  external JSObject get parameterData;
           ^^^^^^^^
/C:/Users/berkgoknil/AppData/Local/Pub/Cache/hosted/pub.dev/web-1.1.1/lib/src/dom/webaudio.dart:3557:30: Error: Type 'JSObject' not found.
  external set parameterData(JSObject value);
                             ^^^^^^^^
/C:/Users/berkgoknil/AppData/Local/Pub/Cache/hosted/pub.dev/web-1.1.1/lib/src/dom/webaudio.dart:3558:12: Error: Type 'JSObject' not found.
  external JSObject get processorOptions;
           ^^^^^^^^
/C:/Users/berkgoknil/AppData/Local/Pub/Cache/hosted/pub.dev/web-1.1.1/lib/src/dom/webaudio.dart:3559:33: Error: Type 'JSObject' not found.
  external set processorOptions(JSObject value);
                                ^^^^^^^^
/C:/Users/berkgoknil/AppData/Local/Pub/Cache/hosted/pub.dev/web-1.1.1/lib/src/dom/webaudio.dart:3572:40: Error: Type 'JSObject' not found.
extension type AudioWorkletProcessor._(JSObject _) implements JSObject {
                                       ^^^^^^^^
/C:/Users/berkgoknil/AppData/Local/Pub/Cache/hosted/pub.dev/web-1.1.1/lib/src/dom/webaudio.dart:3572:63: Error: Type 'JSObject' not found.
extension type AudioWorkletProcessor._(JSObject _) implements JSObject {
                                                              ^^^^^^^^
/C:/Users/berkgoknil/AppData/Local/Pub/Cache/hosted/pub.dev/web-1.1.1/lib/src/dom/webaudio.dart:53:71: Error: The type 'JSObject' can't be implemented by an extension type.
extension type BaseAudioContext._(JSObject _) implements EventTarget, JSObject {
                                                                      ^
/C:/Users/berkgoknil/AppData/Local/Pub/Cache/hosted/pub.dev/web-1.1.1/lib/src/dom/webaudio.dart:354:34: Error: The type 'JSObject' can't be implemented by an extension type.
    implements BaseAudioContext, JSObject {
                                 ^
/C:/Users/berkgoknil/AppData/Local/Pub/Cache/hosted/pub.dev/web-1.1.1/lib/src/dom/webaudio.dart:485:61: Error: The type 'JSObject' can't be implemented by an extension type.
extension type AudioContextOptions._(JSObject _) implements JSObject {
                                                            ^
/C:/Users/berkgoknil/AppData/Local/Pub/Cache/hosted/pub.dev/web-1.1.1/lib/src/dom/webaudio.dart:502:58: Error: The type 'JSObject' can't be implemented by an extension type.
extension type AudioSinkOptions._(JSObject _) implements JSObject {
                                                         ^
/C:/Users/berkgoknil/AppData/Local/Pub/Cache/hosted/pub.dev/web-1.1.1/lib/src/dom/webaudio.dart:508:56: Error: The type 'JSObject' can't be implemented by an extension type.
extension type AudioTimestamp._(JSObject _) implements JSObject {
                                                       ^
/C:/Users/berkgoknil/AppData/Local/Pub/Cache/hosted/pub.dev/web-1.1.1/lib/src/dom/webaudio.dart:532:34: Error: The type 'JSObject' can't be implemented by an extension type.
    implements BaseAudioContext, JSObject {
                                 ^
/C:/Users/berkgoknil/AppData/Local/Pub/Cache/hosted/pub.dev/web-1.1.1/lib/src/dom/webaudio.dart:588:68: Error: The type 'JSObject' can't be implemented by an extension type.
extension type OfflineAudioContextOptions._(JSObject _) implements JSObject {
                                                                   ^
/C:/Users/berkgoknil/AppData/Local/Pub/Cache/hosted/pub.dev/web-1.1.1/lib/src/dom/webaudio.dart:622:23: Error: The type 'JSObject' can't be implemented by an extension type.
    implements Event, JSObject {
                      ^
/C:/Users/berkgoknil/AppData/Local/Pub/Cache/hosted/pub.dev/web-1.1.1/lib/src/dom/webaudio.dart:634:27: Error: The type 'JSObject' can't be implemented by an extension type.
    implements EventInit, JSObject {
                          ^
/C:/Users/berkgoknil/AppData/Local/Pub/Cache/hosted/pub.dev/web-1.1.1/lib/src/dom/webaudio.dart:665:53: Error: The type 'JSObject' can't be implemented by an extension type.
extension type AudioBuffer._(JSObject _) implements JSObject {
                                                    ^
/C:/Users/berkgoknil/AppData/Local/Pub/Cache/hosted/pub.dev/web-1.1.1/lib/src/dom/webaudio.dart:715:60: Error: The type 'JSObject' can't be implemented by an extension type.
extension type AudioBufferOptions._(JSObject _) implements JSObject {
                                                           ^
/C:/Users/berkgoknil/AppData/Local/Pub/Cache/hosted/pub.dev/web-1.1.1/lib/src/dom/webaudio.dart:749:64: Error: The type 'JSObject' can't be implemented by an extension type.
extension type AudioNode._(JSObject _) implements EventTarget, JSObject {
                                                               ^
/C:/Users/berkgoknil/AppData/Local/Pub/Cache/hosted/pub.dev/web-1.1.1/lib/src/dom/webaudio.dart:823:58: Error: The type 'JSObject' can't be implemented by an extension type.
extension type AudioNodeOptions._(JSObject _) implements JSObject {
                                                         ^
/C:/Users/berkgoknil/AppData/Local/Pub/Cache/hosted/pub.dev/web-1.1.1/lib/src/dom/webaudio.dart:855:52: Error: The type 'JSObject' can't be implemented by an extension type.
extension type AudioParam._(JSObject _) implements JSObject {
                                                   ^
/C:/Users/berkgoknil/AppData/Local/Pub/Cache/hosted/pub.dev/web-1.1.1/lib/src/dom/webaudio.dart:983:27: Error: The type 'JSObject' can't be implemented by an extension type.
    implements AudioNode, JSObject {
                          ^
/C:/Users/berkgoknil/AppData/Local/Pub/Cache/hosted/pub.dev/web-1.1.1/lib/src/dom/webaudio.dart:1046:65: Error: The type 'JSObject' can't be implemented by an extension type.
extension type AnalyserNode._(JSObject _) implements AudioNode, JSObject {
                                                                ^
/C:/Users/berkgoknil/AppData/Local/Pub/Cache/hosted/pub.dev/web-1.1.1/lib/src/dom/webaudio.dart:1139:34: Error: The type 'JSObject' can't be implemented by an extension type.
    implements AudioNodeOptions, JSObject {
                                 ^
/C:/Users/berkgoknil/AppData/Local/Pub/Cache/hosted/pub.dev/web-1.1.1/lib/src/dom/webaudio.dart:1215:42: Error: The type 'JSObject' can't be implemented by an extension type.
    implements AudioScheduledSourceNode, JSObject {
                                         ^
/C:/Users/berkgoknil/AppData/Local/Pub/Cache/hosted/pub.dev/web-1.1.1/lib/src/dom/webaudio.dart:1296:66: Error: The type 'JSObject' can't be implemented by an extension type.
extension type AudioBufferSourceOptions._(JSObject _) implements JSObject {
                                                                 ^
/C:/Users/berkgoknil/AppData/Local/Pub/Cache/hosted/pub.dev/web-1.1.1/lib/src/dom/webaudio.dart:1363:27: Error: The type 'JSObject' can't be implemented by an extension type.
    implements AudioNode, JSObject {
                          ^
/C:/Users/berkgoknil/AppData/Local/Pub/Cache/hosted/pub.dev/web-1.1.1/lib/src/dom/webaudio.dart:1390:55: Error: The type 'JSObject' can't be implemented by an extension type.
extension type AudioListener._(JSObject _) implements JSObject {
                                                      ^
/C:/Users/berkgoknil/AppData/Local/Pub/Cache/hosted/pub.dev/web-1.1.1/lib/src/dom/webaudio.dart:1536:69: Error: The type 'JSObject' can't be implemented by an extension type.
extension type AudioProcessingEvent._(JSObject _) implements Event, JSObject {
                                                                    ^
/C:/Users/berkgoknil/AppData/Local/Pub/Cache/hosted/pub.dev/web-1.1.1/lib/src/dom/webaudio.dart:1570:27: Error: The type 'JSObject' can't be implemented by an extension type.
    implements EventInit, JSObject {
                          ^
/C:/Users/berkgoknil/AppData/Local/Pub/Cache/hosted/pub.dev/web-1.1.1/lib/src/dom/webaudio.dart:1623:69: Error: The type 'JSObject' can't be implemented by an extension type.
extension type BiquadFilterNode._(JSObject _) implements AudioNode, JSObject {
                                                                    ^
/C:/Users/berkgoknil/AppData/Local/Pub/Cache/hosted/pub.dev/web-1.1.1/lib/src/dom/webaudio.dart:1688:34: Error: The type 'JSObject' can't be implemented by an extension type.
    implements AudioNodeOptions, JSObject {
                                 ^
/C:/Users/berkgoknil/AppData/Local/Pub/Cache/hosted/pub.dev/web-1.1.1/lib/src/dom/webaudio.dart:1760:70: Error: The type 'JSObject' can't be implemented by an extension type.
extension type ChannelMergerNode._(JSObject _) implements AudioNode, JSObject {
                                                                     ^
/C:/Users/berkgoknil/AppData/Local/Pub/Cache/hosted/pub.dev/web-1.1.1/lib/src/dom/webaudio.dart:1767:34: Error: The type 'JSObject' can't be implemented by an extension type.
    implements AudioNodeOptions, JSObject {
                                 ^
/C:/Users/berkgoknil/AppData/Local/Pub/Cache/hosted/pub.dev/web-1.1.1/lib/src/dom/webaudio.dart:1831:27: Error: The type 'JSObject' can't be implemented by an extension type.
    implements AudioNode, JSObject {
                          ^
/C:/Users/berkgoknil/AppData/Local/Pub/Cache/hosted/pub.dev/web-1.1.1/lib/src/dom/webaudio.dart:1838:34: Error: The type 'JSObject' can't be implemented by an extension type.
    implements AudioNodeOptions, JSObject {
                                 ^
/C:/Users/berkgoknil/AppData/Local/Pub/Cache/hosted/pub.dev/web-1.1.1/lib/src/dom/webaudio.dart:1880:42: Error: The type 'JSObject' can't be implemented by an extension type.
    implements AudioScheduledSourceNode, JSObject {
                                         ^
/C:/Users/berkgoknil/AppData/Local/Pub/Cache/hosted/pub.dev/web-1.1.1/lib/src/dom/webaudio.dart:1902:63: Error: The type 'JSObject' can't be implemented by an extension type.
extension type ConstantSourceOptions._(JSObject _) implements JSObject {
                                                              ^
/C:/Users/berkgoknil/AppData/Local/Pub/Cache/hosted/pub.dev/web-1.1.1/lib/src/dom/webaudio.dart:1946:66: Error: The type 'JSObject' can't be implemented by an extension type.
extension type ConvolverNode._(JSObject _) implements AudioNode, JSObject {
                                                                 ^
/C:/Users/berkgoknil/AppData/Local/Pub/Cache/hosted/pub.dev/web-1.1.1/lib/src/dom/webaudio.dart:1988:34: Error: The type 'JSObject' can't be implemented by an extension type.
    implements AudioNodeOptions, JSObject {
                                 ^
/C:/Users/berkgoknil/AppData/Local/Pub/Cache/hosted/pub.dev/web-1.1.1/lib/src/dom/webaudio.dart:2047:62: Error: The type 'JSObject' can't be implemented by an extension type.
extension type DelayNode._(JSObject _) implements AudioNode, JSObject {
                                                             ^
/C:/Users/berkgoknil/AppData/Local/Pub/Cache/hosted/pub.dev/web-1.1.1/lib/src/dom/webaudio.dart:2066:34: Error: The type 'JSObject' can't be implemented by an extension type.
    implements AudioNodeOptions, JSObject {
                                 ^
/C:/Users/berkgoknil/AppData/Local/Pub/Cache/hosted/pub.dev/web-1.1.1/lib/src/dom/webaudio.dart:2118:27: Error: The type 'JSObject' can't be implemented by an extension type.
    implements AudioNode, JSObject {
                          ^
/C:/Users/berkgoknil/AppData/Local/Pub/Cache/hosted/pub.dev/web-1.1.1/lib/src/dom/webaudio.dart:2190:34: Error: The type 'JSObject' can't be implemented by an extension type.
    implements AudioNodeOptions, JSObject {
                                 ^
/C:/Users/berkgoknil/AppData/Local/Pub/Cache/hosted/pub.dev/web-1.1.1/lib/src/dom/webaudio.dart:2256:61: Error: The type 'JSObject' can't be implemented by an extension type.
extension type GainNode._(JSObject _) implements AudioNode, JSObject {
                                                            ^
/C:/Users/berkgoknil/AppData/Local/Pub/Cache/hosted/pub.dev/web-1.1.1/lib/src/dom/webaudio.dart:2267:71: Error: The type 'JSObject' can't be implemented by an extension type.
extension type GainOptions._(JSObject _) implements AudioNodeOptions, JSObject {
                                                                      ^
/C:/Users/berkgoknil/AppData/Local/Pub/Cache/hosted/pub.dev/web-1.1.1/lib/src/dom/webaudio.dart:2336:66: Error: The type 'JSObject' can't be implemented by an extension type.
extension type IIRFilterNode._(JSObject _) implements AudioNode, JSObject {
                                                                 ^
/C:/Users/berkgoknil/AppData/Local/Pub/Cache/hosted/pub.dev/web-1.1.1/lib/src/dom/webaudio.dart:2359:34: Error: The type 'JSObject' can't be implemented by an extension type.
    implements AudioNodeOptions, JSObject {
                                 ^
/C:/Users/berkgoknil/AppData/Local/Pub/Cache/hosted/pub.dev/web-1.1.1/lib/src/dom/webaudio.dart:2410:27: Error: The type 'JSObject' can't be implemented by an extension type.
    implements AudioNode, JSObject {
                          ^
/C:/Users/berkgoknil/AppData/Local/Pub/Cache/hosted/pub.dev/web-1.1.1/lib/src/dom/webaudio.dart:2427:16: Error: The type 'JSObject' can't be implemented by an extension type.
    implements JSObject {
               ^
/C:/Users/berkgoknil/AppData/Local/Pub/Cache/hosted/pub.dev/web-1.1.1/lib/src/dom/webaudio.dart:2474:27: Error: The type 'JSObject' can't be implemented by an extension type.
    implements AudioNode, JSObject {
                          ^
/C:/Users/berkgoknil/AppData/Local/Pub/Cache/hosted/pub.dev/web-1.1.1/lib/src/dom/webaudio.dart:2535:27: Error: The type 'JSObject' can't be implemented by an extension type.
    implements AudioNode, JSObject {
                          ^
/C:/Users/berkgoknil/AppData/Local/Pub/Cache/hosted/pub.dev/web-1.1.1/lib/src/dom/webaudio.dart:2551:71: Error: The type 'JSObject' can't be implemented by an extension type.
extension type MediaStreamAudioSourceOptions._(JSObject _) implements JSObject {
                                                                      ^
/C:/Users/berkgoknil/AppData/Local/Pub/Cache/hosted/pub.dev/web-1.1.1/lib/src/dom/webaudio.dart:2603:27: Error: The type 'JSObject' can't be implemented by an extension type.
    implements AudioNode, JSObject {
                          ^
/C:/Users/berkgoknil/AppData/Local/Pub/Cache/hosted/pub.dev/web-1.1.1/lib/src/dom/webaudio.dart:2610:16: Error: The type 'JSObject' can't be implemented by an extension type.
    implements JSObject {
               ^
/C:/Users/berkgoknil/AppData/Local/Pub/Cache/hosted/pub.dev/web-1.1.1/lib/src/dom/webaudio.dart:2653:42: Error: The type 'JSObject' can't be implemented by an extension type.
    implements AudioScheduledSourceNode, JSObject {
                                         ^
/C:/Users/berkgoknil/AppData/Local/Pub/Cache/hosted/pub.dev/web-1.1.1/lib/src/dom/webaudio.dart:2694:34: Error: The type 'JSObject' can't be implemented by an extension type.
    implements AudioNodeOptions, JSObject {
                                 ^
/C:/Users/berkgoknil/AppData/Local/Pub/Cache/hosted/pub.dev/web-1.1.1/lib/src/dom/webaudio.dart:2757:63: Error: The type 'JSObject' can't be implemented by an extension type.
extension type PannerNode._(JSObject _) implements AudioNode, JSObject {
                                                              ^
/C:/Users/berkgoknil/AppData/Local/Pub/Cache/hosted/pub.dev/web-1.1.1/lib/src/dom/webaudio.dart:3085:34: Error: The type 'JSObject' can't be implemented by an extension type.
    implements AudioNodeOptions, JSObject {
                                 ^
/C:/Users/berkgoknil/AppData/Local/Pub/Cache/hosted/pub.dev/web-1.1.1/lib/src/dom/webaudio.dart:3148:54: Error: The type 'JSObject' can't be implemented by an extension type.
extension type PeriodicWave._(JSObject _) implements JSObject {
                                                     ^
/C:/Users/berkgoknil/AppData/Local/Pub/Cache/hosted/pub.dev/web-1.1.1/lib/src/dom/webaudio.dart:3154:65: Error: The type 'JSObject' can't be implemented by an extension type.
extension type PeriodicWaveConstraints._(JSObject _) implements JSObject {
                                                                ^
/C:/Users/berkgoknil/AppData/Local/Pub/Cache/hosted/pub.dev/web-1.1.1/lib/src/dom/webaudio.dart:3161:41: Error: The type 'JSObject' can't be implemented by an extension type.
    implements PeriodicWaveConstraints, JSObject {
                                        ^
/C:/Users/berkgoknil/AppData/Local/Pub/Cache/hosted/pub.dev/web-1.1.1/lib/src/dom/webaudio.dart:3234:27: Error: The type 'JSObject' can't be implemented by an extension type.
    implements AudioNode, JSObject {
                          ^
/C:/Users/berkgoknil/AppData/Local/Pub/Cache/hosted/pub.dev/web-1.1.1/lib/src/dom/webaudio.dart:3294:69: Error: The type 'JSObject' can't be implemented by an extension type.
extension type StereoPannerNode._(JSObject _) implements AudioNode, JSObject {
                                                                    ^
/C:/Users/berkgoknil/AppData/Local/Pub/Cache/hosted/pub.dev/web-1.1.1/lib/src/dom/webaudio.dart:3307:34: Error: The type 'JSObject' can't be implemented by an extension type.
    implements AudioNodeOptions, JSObject {
                                 ^
/C:/Users/berkgoknil/AppData/Local/Pub/Cache/hosted/pub.dev/web-1.1.1/lib/src/dom/webaudio.dart:3356:67: Error: The type 'JSObject' can't be implemented by an extension type.
extension type WaveShaperNode._(JSObject _) implements AudioNode, JSObject {
                                                                  ^
/C:/Users/berkgoknil/AppData/Local/Pub/Cache/hosted/pub.dev/web-1.1.1/lib/src/dom/webaudio.dart:3398:34: Error: The type 'JSObject' can't be implemented by an extension type.
    implements AudioNodeOptions, JSObject {
                                 ^
/C:/Users/berkgoknil/AppData/Local/Pub/Cache/hosted/pub.dev/web-1.1.1/lib/src/dom/webaudio.dart:3429:63: Error: The type 'JSObject' can't be implemented by an extension type.
extension type AudioWorklet._(JSObject _) implements Worklet, JSObject {}
                                                              ^
/C:/Users/berkgoknil/AppData/Local/Pub/Cache/hosted/pub.dev/web-1.1.1/lib/src/dom/webaudio.dart:3450:36: Error: The type 'JSObject' can't be implemented by an extension type.
    implements WorkletGlobalScope, JSObject {
                                   ^
/C:/Users/berkgoknil/AppData/Local/Pub/Cache/hosted/pub.dev/web-1.1.1/lib/src/dom/webaudio.dart:3491:55: Error: The type 'JSObject' can't be implemented by an extension type.
extension type AudioParamMap._(JSObject _) implements JSObject {}
                                                      ^
/C:/Users/berkgoknil/AppData/Local/Pub/Cache/hosted/pub.dev/web-1.1.1/lib/src/dom/webaudio.dart:3509:69: Error: The type 'JSObject' can't be implemented by an extension type.
extension type AudioWorkletNode._(JSObject _) implements AudioNode, JSObject {
                                                                    ^
/C:/Users/berkgoknil/AppData/Local/Pub/Cache/hosted/pub.dev/web-1.1.1/lib/src/dom/webaudio.dart:3538:34: Error: The type 'JSObject' can't be implemented by an extension type.
    implements AudioNodeOptions, JSObject {
                                 ^
/C:/Users/berkgoknil/AppData/Local/Pub/Cache/hosted/pub.dev/web-1.1.1/lib/src/dom/webaudio.dart:3572:63: Error: The type 'JSObject' can't be implemented by an extension type.
extension type AudioWorkletProcessor._(JSObject _) implements JSObject {
                                                              ^
/C:/Users/berkgoknil/AppData/Local/Pub/Cache/hosted/pub.dev/web-1.1.1/lib/src/dom/webaudio.dart:13:2: Error: Couldn't find constructor 'JS'.
@JS()
 ^^
/C:/Users/berkgoknil/AppData/Local/Pub/Cache/hosted/pub.dev/web-1.1.1/lib/src/dom/webaudio.dart:53:35: Error: 'JSObject' isn't a type.
extension type BaseAudioContext._(JSObject _) implements EventTarget, JSObject {
                                  ^^^^^^^^
/C:/Users/berkgoknil/AppData/Local/Pub/Cache/hosted/pub.dev/web-1.1.1/lib/src/dom/webaudio.dart:205:13: Error: 'JSNumber' isn't a type.
    JSArray<JSNumber> feedforward,
            ^^^^^^^^
/C:/Users/berkgoknil/AppData/Local/Pub/Cache/hosted/pub.dev/web-1.1.1/lib/src/dom/webaudio.dart:205:5: Error: 'JSArray' isn't a type.
    JSArray<JSNumber> feedforward,
    ^^^^^^^
/C:/Users/berkgoknil/AppData/Local/Pub/Cache/hosted/pub.dev/web-1.1.1/lib/src/dom/webaudio.dart:206:13: Error: 'JSNumber' isn't a type.
    JSArray<JSNumber> feedback,
            ^^^^^^^^
/C:/Users/berkgoknil/AppData/Local/Pub/Cache/hosted/pub.dev/web-1.1.1/lib/src/dom/webaudio.dart:206:5: Error: 'JSArray' isn't a type.
    JSArray<JSNumber> feedback,
    ^^^^^^^
/C:/Users/berkgoknil/AppData/Local/Pub/Cache/hosted/pub.dev/web-1.1.1/lib/src/dom/webaudio.dart:238:13: Error: 'JSNumber' isn't a type.
    JSArray<JSNumber> real,
            ^^^^^^^^
/C:/Users/berkgoknil/AppData/Local/Pub/Cache/hosted/pub.dev/web-1.1.1/lib/src/dom/webaudio.dart:238:5: Error: 'JSArray' isn't a type.
    JSArray<JSNumber> real,
    ^^^^^^^
/C:/Users/berkgoknil/AppData/Local/Pub/Cache/hosted/pub.dev/web-1.1.1/lib/src/dom/webaudio.dart:239:13: Error: 'JSNumber' isn't a type.
    JSArray<JSNumber> imag, [
            ^^^^^^^^
/C:/Users/berkgoknil/AppData/Local/Pub/Cache/hosted/pub.dev/web-1.1.1/lib/src/dom/webaudio.dart:239:5: Error: 'JSArray' isn't a type.
    JSArray<JSNumber> imag, [
    ^^^^^^^
/C:/Users/berkgoknil/AppData/Local/Pub/Cache/hosted/pub.dev/web-1.1.1/lib/src/dom/webaudio.dart:295:5: Error: 'JSArrayBuffer' isn't a type.
    JSArrayBuffer audioData, [
    ^^^^^^^^^^^^^
/C:/Users/berkgoknil/AppData/Local/Pub/Cache/hosted/pub.dev/web-1.1.1/lib/src/dom/webaudio.dart:353:31: Error: 'JSObject' isn't a type.
extension type AudioContext._(JSObject _)
                              ^^^^^^^^
/C:/Users/berkgoknil/AppData/Local/Pub/Cache/hosted/pub.dev/web-1.1.1/lib/src/dom/webaudio.dart:485:38: Error: 'JSObject' isn't a type.
extension type AudioContextOptions._(JSObject _) implements JSObject {
                                     ^^^^^^^^
/C:/Users/berkgoknil/AppData/Local/Pub/Cache/hosted/pub.dev/web-1.1.1/lib/src/dom/webaudio.dart:487:5: Error: 'JSAny' isn't a type.
    JSAny latencyHint,
    ^^^^^
/C:/Users/berkgoknil/AppData/Local/Pub/Cache/hosted/pub.dev/web-1.1.1/lib/src/dom/webaudio.dart:489:5: Error: 'JSAny' isn't a type.
    JSAny sinkId,
    ^^^^^
/C:/Users/berkgoknil/AppData/Local/Pub/Cache/hosted/pub.dev/web-1.1.1/lib/src/dom/webaudio.dart:490:5: Error: 'JSAny' isn't a type.
    JSAny renderSizeHint,
    ^^^^^
/C:/Users/berkgoknil/AppData/Local/Pub/Cache/hosted/pub.dev/web-1.1.1/lib/src/dom/webaudio.dart:494:28: Error: 'JSAny' isn't a type.
  external set latencyHint(JSAny value);
                           ^^^^^
/C:/Users/berkgoknil/AppData/Local/Pub/Cache/hosted/pub.dev/web-1.1.1/lib/src/dom/webaudio.dart:498:23: Error: 'JSAny' isn't a type.
  external set sinkId(JSAny value);
                      ^^^^^
/C:/Users/berkgoknil/AppData/Local/Pub/Cache/hosted/pub.dev/web-1.1.1/lib/src/dom/webaudio.dart:500:31: Error: 'JSAny' isn't a type.
  external set renderSizeHint(JSAny value);
                              ^^^^^
/C:/Users/berkgoknil/AppData/Local/Pub/Cache/hosted/pub.dev/web-1.1.1/lib/src/dom/webaudio.dart:502:35: Error: 'JSObject' isn't a type.
extension type AudioSinkOptions._(JSObject _) implements JSObject {
                                  ^^^^^^^^
/C:/Users/berkgoknil/AppData/Local/Pub/Cache/hosted/pub.dev/web-1.1.1/lib/src/dom/webaudio.dart:508:33: Error: 'JSObject' isn't a type.
extension type AudioTimestamp._(JSObject _) implements JSObject {
                                ^^^^^^^^
/C:/Users/berkgoknil/AppData/Local/Pub/Cache/hosted/pub.dev/web-1.1.1/lib/src/dom/webaudio.dart:531:38: Error: 'JSObject' isn't a type.
extension type OfflineAudioContext._(JSObject _)
                                     ^^^^^^^^
/C:/Users/berkgoknil/AppData/Local/Pub/Cache/hosted/pub.dev/web-1.1.1/lib/src/dom/webaudio.dart:534:5: Error: 'JSAny' isn't a type.
    JSAny contextOptionsOrNumberOfChannels, [
    ^^^^^
/C:/Users/berkgoknil/AppData/Local/Pub/Cache/hosted/pub.dev/web-1.1.1/lib/src/dom/webaudio.dart:588:45: Error: 'JSObject' isn't a type.
extension type OfflineAudioContextOptions._(JSObject _) implements JSObject {
                                            ^^^^^^^^
/C:/Users/berkgoknil/AppData/Local/Pub/Cache/hosted/pub.dev/web-1.1.1/lib/src/dom/webaudio.dart:593:5: Error: 'JSAny' isn't a type.
    JSAny renderSizeHint,
    ^^^^^
/C:/Users/berkgoknil/AppData/Local/Pub/Cache/hosted/pub.dev/web-1.1.1/lib/src/dom/webaudio.dart:603:31: Error: 'JSAny' isn't a type.
  external set renderSizeHint(JSAny value);
                              ^^^^^
/C:/Users/berkgoknil/AppData/Local/Pub/Cache/hosted/pub.dev/web-1.1.1/lib/src/dom/webaudio.dart:621:46: Error: 'JSObject' isn't a type.
extension type OfflineAudioCompletionEvent._(JSObject _)
                                             ^^^^^^^^
/C:/Users/berkgoknil/AppData/Local/Pub/Cache/hosted/pub.dev/web-1.1.1/lib/src/dom/webaudio.dart:633:50: Error: 'JSObject' isn't a type.
extension type OfflineAudioCompletionEventInit._(JSObject _)
                                                 ^^^^^^^^
/C:/Users/berkgoknil/AppData/Local/Pub/Cache/hosted/pub.dev/web-1.1.1/lib/src/dom/webaudio.dart:665:30: Error: 'JSObject' isn't a type.
extension type AudioBuffer._(JSObject _) implements JSObject {
                             ^^^^^^^^
/C:/Users/berkgoknil/AppData/Local/Pub/Cache/hosted/pub.dev/web-1.1.1/lib/src/dom/webaudio.dart:679:5: Error: 'JSFloat32Array' isn't a type.
    JSFloat32Array destination,
    ^^^^^^^^^^^^^^
/C:/Users/berkgoknil/AppData/Local/Pub/Cache/hosted/pub.dev/web-1.1.1/lib/src/dom/webaudio.dart:688:5: Error: 'JSFloat32Array' isn't a type.
    JSFloat32Array source,
    ^^^^^^^^^^^^^^
/C:/Users/berkgoknil/AppData/Local/Pub/Cache/hosted/pub.dev/web-1.1.1/lib/src/dom/webaudio.dart:715:37: Error: 'JSObject' isn't a type.
extension type AudioBufferOptions._(JSObject _) implements JSObject {
                                    ^^^^^^^^
/C:/Users/berkgoknil/AppData/Local/Pub/Cache/hosted/pub.dev/web-1.1.1/lib/src/dom/webaudio.dart:749:28: Error: 'JSObject' isn't a type.
extension type AudioNode._(JSObject _) implements EventTarget, JSObject {
                           ^^^^^^^^
/C:/Users/berkgoknil/AppData/Local/Pub/Cache/hosted/pub.dev/web-1.1.1/lib/src/dom/webaudio.dart:757:5: Error: 'JSObject' isn't a type.
    JSObject destinationNodeOrDestinationParam, [
    ^^^^^^^^
/C:/Users/berkgoknil/AppData/Local/Pub/Cache/hosted/pub.dev/web-1.1.1/lib/src/dom/webaudio.dart:765:5: Error: 'JSAny' isn't a type.
    JSAny destinationNodeOrDestinationParamOrOutput,
    ^^^^^
/C:/Users/berkgoknil/AppData/Local/Pub/Cache/hosted/pub.dev/web-1.1.1/lib/src/dom/webaudio.dart:823:35: Error: 'JSObject' isn't a type.
extension type AudioNodeOptions._(JSObject _) implements JSObject {
                                  ^^^^^^^^
/C:/Users/berkgoknil/AppData/Local/Pub/Cache/hosted/pub.dev/web-1.1.1/lib/src/dom/webaudio.dart:855:29: Error: 'JSObject' isn't a type.
extension type AudioParam._(JSObject _) implements JSObject {
                            ^^^^^^^^
/C:/Users/berkgoknil/AppData/Local/Pub/Cache/hosted/pub.dev/web-1.1.1/lib/src/dom/webaudio.dart:915:13: Error: 'JSNumber' isn't a type.
    JSArray<JSNumber> values,
            ^^^^^^^^
/C:/Users/berkgoknil/AppData/Local/Pub/Cache/hosted/pub.dev/web-1.1.1/lib/src/dom/webaudio.dart:915:5: Error: 'JSArray' isn't a type.
    JSArray<JSNumber> values,
    ^^^^^^^
/C:/Users/berkgoknil/AppData/Local/Pub/Cache/hosted/pub.dev/web-1.1.1/lib/src/dom/webaudio.dart:982:43: Error: 'JSObject' isn't a type.
extension type AudioScheduledSourceNode._(JSObject _)
                                          ^^^^^^^^
/C:/Users/berkgoknil/AppData/Local/Pub/Cache/hosted/pub.dev/web-1.1.1/lib/src/dom/webaudio.dart:1046:31: Error: 'JSObject' isn't a type.
extension type AnalyserNode._(JSObject _) implements AudioNode, JSObject {
                              ^^^^^^^^
/C:/Users/berkgoknil/AppData/Local/Pub/Cache/hosted/pub.dev/web-1.1.1/lib/src/dom/webaudio.dart:1065:39: Error: 'JSFloat32Array' isn't a type.
  external void getFloatFrequencyData(JSFloat32Array array);
                                      ^^^^^^^^^^^^^^
/C:/Users/berkgoknil/AppData/Local/Pub/Cache/hosted/pub.dev/web-1.1.1/lib/src/dom/webaudio.dart:1081:38: Error: 'JSUint8Array' isn't a type.
  external void getByteFrequencyData(JSUint8Array array);
                                     ^^^^^^^^^^^^
/C:/Users/berkgoknil/AppData/Local/Pub/Cache/hosted/pub.dev/web-1.1.1/lib/src/dom/webaudio.dart:1087:40: Error: 'JSFloat32Array' isn't a type.
  external void getFloatTimeDomainData(JSFloat32Array array);
                                       ^^^^^^^^^^^^^^
/C:/Users/berkgoknil/AppData/Local/Pub/Cache/hosted/pub.dev/web-1.1.1/lib/src/dom/webaudio.dart:1096:39: Error: 'JSUint8Array' isn't a type.
  external void getByteTimeDomainData(JSUint8Array array);
                                      ^^^^^^^^^^^^
/C:/Users/berkgoknil/AppData/Local/Pub/Cache/hosted/pub.dev/web-1.1.1/lib/src/dom/webaudio.dart:1138:34: Error: 'JSObject' isn't a type.
extension type AnalyserOptions._(JSObject _)
                                 ^^^^^^^^
/C:/Users/berkgoknil/AppData/Local/Pub/Cache/hosted/pub.dev/web-1.1.1/lib/src/dom/webaudio.dart:1214:40: Error: 'JSObject' isn't a type.
extension type AudioBufferSourceNode._(JSObject _)
                                       ^^^^^^^^
/C:/Users/berkgoknil/AppData/Local/Pub/Cache/hosted/pub.dev/web-1.1.1/lib/src/dom/webaudio.dart:1296:43: Error: 'JSObject' isn't a type.
extension type AudioBufferSourceOptions._(JSObject _) implements JSObject {
                                          ^^^^^^^^
/C:/Users/berkgoknil/AppData/Local/Pub/Cache/hosted/pub.dev/web-1.1.1/lib/src/dom/webaudio.dart:1362:39: Error: 'JSObject' isn't a type.
extension type AudioDestinationNode._(JSObject _)
                                      ^^^^^^^^
/C:/Users/berkgoknil/AppData/Local/Pub/Cache/hosted/pub.dev/web-1.1.1/lib/src/dom/webaudio.dart:1390:32: Error: 'JSObject' isn't a type.
extension type AudioListener._(JSObject _) implements JSObject {
                               ^^^^^^^^
/C:/Users/berkgoknil/AppData/Local/Pub/Cache/hosted/pub.dev/web-1.1.1/lib/src/dom/webaudio.dart:1536:39: Error: 'JSObject' isn't a type.
extension type AudioProcessingEvent._(JSObject _) implements Event, JSObject {
                                      ^^^^^^^^
/C:/Users/berkgoknil/AppData/Local/Pub/Cache/hosted/pub.dev/web-1.1.1/lib/src/dom/webaudio.dart:1569:43: Error: 'JSObject' isn't a type.
extension type AudioProcessingEventInit._(JSObject _)
                                          ^^^^^^^^
/C:/Users/berkgoknil/AppData/Local/Pub/Cache/hosted/pub.dev/web-1.1.1/lib/src/dom/webaudio.dart:1623:35: Error: 'JSObject' isn't a type.
extension type BiquadFilterNode._(JSObject _) implements AudioNode, JSObject {
                                  ^^^^^^^^
/C:/Users/berkgoknil/AppData/Local/Pub/Cache/hosted/pub.dev/web-1.1.1/lib/src/dom/webaudio.dart:1639:5: Error: 'JSFloat32Array' isn't a type.
    JSFloat32Array frequencyHz,
    ^^^^^^^^^^^^^^
/C:/Users/berkgoknil/AppData/Local/Pub/Cache/hosted/pub.dev/web-1.1.1/lib/src/dom/webaudio.dart:1640:5: Error: 'JSFloat32Array' isn't a type.
    JSFloat32Array magResponse,
    ^^^^^^^^^^^^^^
/C:/Users/berkgoknil/AppData/Local/Pub/Cache/hosted/pub.dev/web-1.1.1/lib/src/dom/webaudio.dart:1641:5: Error: 'JSFloat32Array' isn't a type.
    JSFloat32Array phaseResponse,
    ^^^^^^^^^^^^^^
/C:/Users/berkgoknil/AppData/Local/Pub/Cache/hosted/pub.dev/web-1.1.1/lib/src/dom/webaudio.dart:1687:38: Error: 'JSObject' isn't a type.
extension type BiquadFilterOptions._(JSObject _)
                                     ^^^^^^^^
/C:/Users/berkgoknil/AppData/Local/Pub/Cache/hosted/pub.dev/web-1.1.1/lib/src/dom/webaudio.dart:1760:36: Error: 'JSObject' isn't a type.
extension type ChannelMergerNode._(JSObject _) implements AudioNode, JSObject {
                                   ^^^^^^^^
/C:/Users/berkgoknil/AppData/Local/Pub/Cache/hosted/pub.dev/web-1.1.1/lib/src/dom/webaudio.dart:1766:39: Error: 'JSObject' isn't a type.
extension type ChannelMergerOptions._(JSObject _)
                                      ^^^^^^^^
/C:/Users/berkgoknil/AppData/Local/Pub/Cache/hosted/pub.dev/web-1.1.1/lib/src/dom/webaudio.dart:1830:38: Error: 'JSObject' isn't a type.
extension type ChannelSplitterNode._(JSObject _)
                                     ^^^^^^^^
/C:/Users/berkgoknil/AppData/Local/Pub/Cache/hosted/pub.dev/web-1.1.1/lib/src/dom/webaudio.dart:1837:41: Error: 'JSObject' isn't a type.
extension type ChannelSplitterOptions._(JSObject _)
                                        ^^^^^^^^
/C:/Users/berkgoknil/AppData/Local/Pub/Cache/hosted/pub.dev/web-1.1.1/lib/src/dom/webaudio.dart:1879:37: Error: 'JSObject' isn't a type.
extension type ConstantSourceNode._(JSObject _)
                                    ^^^^^^^^
/C:/Users/berkgoknil/AppData/Local/Pub/Cache/hosted/pub.dev/web-1.1.1/lib/src/dom/webaudio.dart:1902:40: Error: 'JSObject' isn't a type.
extension type ConstantSourceOptions._(JSObject _) implements JSObject {
                                       ^^^^^^^^
/C:/Users/berkgoknil/AppData/Local/Pub/Cache/hosted/pub.dev/web-1.1.1/lib/src/dom/webaudio.dart:1946:32: Error: 'JSObject' isn't a type.
extension type ConvolverNode._(JSObject _) implements AudioNode, JSObject {
                               ^^^^^^^^
/C:/Users/berkgoknil/AppData/Local/Pub/Cache/hosted/pub.dev/web-1.1.1/lib/src/dom/webaudio.dart:1987:35: Error: 'JSObject' isn't a type.
extension type ConvolverOptions._(JSObject _)
                                  ^^^^^^^^
/C:/Users/berkgoknil/AppData/Local/Pub/Cache/hosted/pub.dev/web-1.1.1/lib/src/dom/webaudio.dart:2047:28: Error: 'JSObject' isn't a type.
extension type DelayNode._(JSObject _) implements AudioNode, JSObject {
                           ^^^^^^^^
/C:/Users/berkgoknil/AppData/Local/Pub/Cache/hosted/pub.dev/web-1.1.1/lib/src/dom/webaudio.dart:2065:31: Error: 'JSObject' isn't a type.
extension type DelayOptions._(JSObject _)
                              ^^^^^^^^
/C:/Users/berkgoknil/AppData/Local/Pub/Cache/hosted/pub.dev/web-1.1.1/lib/src/dom/webaudio.dart:2117:41: Error: 'JSObject' isn't a type.
extension type DynamicsCompressorNode._(JSObject _)
                                        ^^^^^^^^
/C:/Users/berkgoknil/AppData/Local/Pub/Cache/hosted/pub.dev/web-1.1.1/lib/src/dom/webaudio.dart:2189:44: Error: 'JSObject' isn't a type.
extension type DynamicsCompressorOptions._(JSObject _)
                                           ^^^^^^^^
/C:/Users/berkgoknil/AppData/Local/Pub/Cache/hosted/pub.dev/web-1.1.1/lib/src/dom/webaudio.dart:2256:27: Error: 'JSObject' isn't a type.
extension type GainNode._(JSObject _) implements AudioNode, JSObject {
                          ^^^^^^^^
/C:/Users/berkgoknil/AppData/Local/Pub/Cache/hosted/pub.dev/web-1.1.1/lib/src/dom/webaudio.dart:2267:30: Error: 'JSObject' isn't a type.
extension type GainOptions._(JSObject _) implements AudioNodeOptions, JSObject {
                             ^^^^^^^^
/C:/Users/berkgoknil/AppData/Local/Pub/Cache/hosted/pub.dev/web-1.1.1/lib/src/dom/webaudio.dart:2336:32: Error: 'JSObject' isn't a type.
extension type IIRFilterNode._(JSObject _) implements AudioNode, JSObject {
                               ^^^^^^^^
/C:/Users/berkgoknil/AppData/Local/Pub/Cache/hosted/pub.dev/web-1.1.1/lib/src/dom/webaudio.dart:2353:5: Error: 'JSFloat32Array' isn't a type.
    JSFloat32Array frequencyHz,
    ^^^^^^^^^^^^^^
/C:/Users/berkgoknil/AppData/Local/Pub/Cache/hosted/pub.dev/web-1.1.1/lib/src/dom/webaudio.dart:2354:5: Error: 'JSFloat32Array' isn't a type.
    JSFloat32Array magResponse,
    ^^^^^^^^^^^^^^
/C:/Users/berkgoknil/AppData/Local/Pub/Cache/hosted/pub.dev/web-1.1.1/lib/src/dom/webaudio.dart:2355:5: Error: 'JSFloat32Array' isn't a type.
    JSFloat32Array phaseResponse,
    ^^^^^^^^^^^^^^
/C:/Users/berkgoknil/AppData/Local/Pub/Cache/hosted/pub.dev/web-1.1.1/lib/src/dom/webaudio.dart:2358:35: Error: 'JSObject' isn't a type.
extension type IIRFilterOptions._(JSObject _)
                                  ^^^^^^^^
/C:/Users/berkgoknil/AppData/Local/Pub/Cache/hosted/pub.dev/web-1.1.1/lib/src/dom/webaudio.dart:2364:22: Error: 'JSNumber' isn't a type.
    required JSArray<JSNumber> feedforward,
                     ^^^^^^^^
/C:/Users/berkgoknil/AppData/Local/Pub/Cache/hosted/pub.dev/web-1.1.1/lib/src/dom/webaudio.dart:2364:14: Error: 'JSArray' isn't a type.
    required JSArray<JSNumber> feedforward,
             ^^^^^^^
/C:/Users/berkgoknil/AppData/Local/Pub/Cache/hosted/pub.dev/web-1.1.1/lib/src/dom/webaudio.dart:2365:22: Error: 'JSNumber' isn't a type.
    required JSArray<JSNumber> feedback,
                     ^^^^^^^^
/C:/Users/berkgoknil/AppData/Local/Pub/Cache/hosted/pub.dev/web-1.1.1/lib/src/dom/webaudio.dart:2365:14: Error: 'JSArray' isn't a type.
    required JSArray<JSNumber> feedback,
             ^^^^^^^
/C:/Users/berkgoknil/AppData/Local/Pub/Cache/hosted/pub.dev/web-1.1.1/lib/src/dom/webaudio.dart:2369:36: Error: 'JSNumber' isn't a type.
  external set feedforward(JSArray<JSNumber> value);
                                   ^^^^^^^^
/C:/Users/berkgoknil/AppData/Local/Pub/Cache/hosted/pub.dev/web-1.1.1/lib/src/dom/webaudio.dart:2369:28: Error: 'JSArray' isn't a type.
  external set feedforward(JSArray<JSNumber> value);
                           ^^^^^^^
/C:/Users/berkgoknil/AppData/Local/Pub/Cache/hosted/pub.dev/web-1.1.1/lib/src/dom/webaudio.dart:2371:33: Error: 'JSNumber' isn't a type.
  external set feedback(JSArray<JSNumber> value);
                                ^^^^^^^^
/C:/Users/berkgoknil/AppData/Local/Pub/Cache/hosted/pub.dev/web-1.1.1/lib/src/dom/webaudio.dart:2371:25: Error: 'JSArray' isn't a type.
  external set feedback(JSArray<JSNumber> value);
                        ^^^^^^^
/C:/Users/berkgoknil/AppData/Local/Pub/Cache/hosted/pub.dev/web-1.1.1/lib/src/dom/webaudio.dart:2409:46: Error: 'JSObject' isn't a type.
extension type MediaElementAudioSourceNode._(JSObject _)
                                             ^^^^^^^^
/C:/Users/berkgoknil/AppData/Local/Pub/Cache/hosted/pub.dev/web-1.1.1/lib/src/dom/webaudio.dart:2426:49: Error: 'JSObject' isn't a type.
extension type MediaElementAudioSourceOptions._(JSObject _)
                                                ^^^^^^^^
/C:/Users/berkgoknil/AppData/Local/Pub/Cache/hosted/pub.dev/web-1.1.1/lib/src/dom/webaudio.dart:2473:50: Error: 'JSObject' isn't a type.
extension type MediaStreamAudioDestinationNode._(JSObject _)
                                                 ^^^^^^^^
/C:/Users/berkgoknil/AppData/Local/Pub/Cache/hosted/pub.dev/web-1.1.1/lib/src/dom/webaudio.dart:2534:45: Error: 'JSObject' isn't a type.
extension type MediaStreamAudioSourceNode._(JSObject _)
                                            ^^^^^^^^
/C:/Users/berkgoknil/AppData/Local/Pub/Cache/hosted/pub.dev/web-1.1.1/lib/src/dom/webaudio.dart:2551:48: Error: 'JSObject' isn't a type.
extension type MediaStreamAudioSourceOptions._(JSObject _) implements JSObject {
                                               ^^^^^^^^
/C:/Users/berkgoknil/AppData/Local/Pub/Cache/hosted/pub.dev/web-1.1.1/lib/src/dom/webaudio.dart:2602:50: Error: 'JSObject' isn't a type.
extension type MediaStreamTrackAudioSourceNode._(JSObject _)
                                                 ^^^^^^^^
/C:/Users/berkgoknil/AppData/Local/Pub/Cache/hosted/pub.dev/web-1.1.1/lib/src/dom/webaudio.dart:2609:53: Error: 'JSObject' isn't a type.
extension type MediaStreamTrackAudioSourceOptions._(JSObject _)
                                                    ^^^^^^^^
/C:/Users/berkgoknil/AppData/Local/Pub/Cache/hosted/pub.dev/web-1.1.1/lib/src/dom/webaudio.dart:2652:33: Error: 'JSObject' isn't a type.
extension type OscillatorNode._(JSObject _)
                                ^^^^^^^^
/C:/Users/berkgoknil/AppData/Local/Pub/Cache/hosted/pub.dev/web-1.1.1/lib/src/dom/webaudio.dart:2693:36: Error: 'JSObject' isn't a type.
extension type OscillatorOptions._(JSObject _)
                                   ^^^^^^^^
/C:/Users/berkgoknil/AppData/Local/Pub/Cache/hosted/pub.dev/web-1.1.1/lib/src/dom/webaudio.dart:2757:29: Error: 'JSObject' isn't a type.
extension type PannerNode._(JSObject _) implements AudioNode, JSObject {
                            ^^^^^^^^
/C:/Users/berkgoknil/AppData/Local/Pub/Cache/hosted/pub.dev/web-1.1.1/lib/src/dom/webaudio.dart:3084:32: Error: 'JSObject' isn't a type.
extension type PannerOptions._(JSObject _)
                               ^^^^^^^^
/C:/Users/berkgoknil/AppData/Local/Pub/Cache/hosted/pub.dev/web-1.1.1/lib/src/dom/webaudio.dart:3148:31: Error: 'JSObject' isn't a type.
extension type PeriodicWave._(JSObject _) implements JSObject {
                              ^^^^^^^^
/C:/Users/berkgoknil/AppData/Local/Pub/Cache/hosted/pub.dev/web-1.1.1/lib/src/dom/webaudio.dart:3154:42: Error: 'JSObject' isn't a type.
extension type PeriodicWaveConstraints._(JSObject _) implements JSObject {
                                         ^^^^^^^^
/C:/Users/berkgoknil/AppData/Local/Pub/Cache/hosted/pub.dev/web-1.1.1/lib/src/dom/webaudio.dart:3160:38: Error: 'JSObject' isn't a type.
extension type PeriodicWaveOptions._(JSObject _)
                                     ^^^^^^^^
/C:/Users/berkgoknil/AppData/Local/Pub/Cache/hosted/pub.dev/web-1.1.1/lib/src/dom/webaudio.dart:3164:13: Error: 'JSNumber' isn't a type.
    JSArray<JSNumber> real,
            ^^^^^^^^
/C:/Users/berkgoknil/AppData/Local/Pub/Cache/hosted/pub.dev/web-1.1.1/lib/src/dom/webaudio.dart:3164:5: Error: 'JSArray' isn't a type.
    JSArray<JSNumber> real,
    ^^^^^^^
/C:/Users/berkgoknil/AppData/Local/Pub/Cache/hosted/pub.dev/web-1.1.1/lib/src/dom/webaudio.dart:3165:13: Error: 'JSNumber' isn't a type.
    JSArray<JSNumber> imag,
            ^^^^^^^^
/C:/Users/berkgoknil/AppData/Local/Pub/Cache/hosted/pub.dev/web-1.1.1/lib/src/dom/webaudio.dart:3165:5: Error: 'JSArray' isn't a type.
    JSArray<JSNumber> imag,
    ^^^^^^^
/C:/Users/berkgoknil/AppData/Local/Pub/Cache/hosted/pub.dev/web-1.1.1/lib/src/dom/webaudio.dart:3169:29: Error: 'JSNumber' isn't a type.
  external set real(JSArray<JSNumber> value);
                            ^^^^^^^^
/C:/Users/berkgoknil/AppData/Local/Pub/Cache/hosted/pub.dev/web-1.1.1/lib/src/dom/webaudio.dart:3169:21: Error: 'JSArray' isn't a type.
  external set real(JSArray<JSNumber> value);
                    ^^^^^^^
/C:/Users/berkgoknil/AppData/Local/Pub/Cache/hosted/pub.dev/web-1.1.1/lib/src/dom/webaudio.dart:3171:29: Error: 'JSNumber' isn't a type.
  external set imag(JSArray<JSNumber> value);
                            ^^^^^^^^
/C:/Users/berkgoknil/AppData/Local/Pub/Cache/hosted/pub.dev/web-1.1.1/lib/src/dom/webaudio.dart:3171:21: Error: 'JSArray' isn't a type.
  external set imag(JSArray<JSNumber> value);
                    ^^^^^^^
/C:/Users/berkgoknil/AppData/Local/Pub/Cache/hosted/pub.dev/web-1.1.1/lib/src/dom/webaudio.dart:3233:38: Error: 'JSObject' isn't a type.
extension type ScriptProcessorNode._(JSObject _)
                                     ^^^^^^^^
/C:/Users/berkgoknil/AppData/Local/Pub/Cache/hosted/pub.dev/web-1.1.1/lib/src/dom/webaudio.dart:3294:35: Error: 'JSObject' isn't a type.
extension type StereoPannerNode._(JSObject _) implements AudioNode, JSObject {
                                  ^^^^^^^^
/C:/Users/berkgoknil/AppData/Local/Pub/Cache/hosted/pub.dev/web-1.1.1/lib/src/dom/webaudio.dart:3306:38: Error: 'JSObject' isn't a type.
extension type StereoPannerOptions._(JSObject _)
                                     ^^^^^^^^
/C:/Users/berkgoknil/AppData/Local/Pub/Cache/hosted/pub.dev/web-1.1.1/lib/src/dom/webaudio.dart:3356:33: Error: 'JSObject' isn't a type.
extension type WaveShaperNode._(JSObject _) implements AudioNode, JSObject {
                                ^^^^^^^^
/C:/Users/berkgoknil/AppData/Local/Pub/Cache/hosted/pub.dev/web-1.1.1/lib/src/dom/webaudio.dart:3376:22: Error: 'JSFloat32Array' isn't a type.
  external set curve(JSFloat32Array? value);
                     ^^^^^^^^^^^^^^
/C:/Users/berkgoknil/AppData/Local/Pub/Cache/hosted/pub.dev/web-1.1.1/lib/src/dom/webaudio.dart:3397:36: Error: 'JSObject' isn't a type.
extension type WaveShaperOptions._(JSObject _)
                                   ^^^^^^^^
/C:/Users/berkgoknil/AppData/Local/Pub/Cache/hosted/pub.dev/web-1.1.1/lib/src/dom/webaudio.dart:3403:13: Error: 'JSNumber' isn't a type.
    JSArray<JSNumber> curve,
            ^^^^^^^^
/C:/Users/berkgoknil/AppData/Local/Pub/Cache/hosted/pub.dev/web-1.1.1/lib/src/dom/webaudio.dart:3403:5: Error: 'JSArray' isn't a type.
    JSArray<JSNumber> curve,
    ^^^^^^^
/C:/Users/berkgoknil/AppData/Local/Pub/Cache/hosted/pub.dev/web-1.1.1/lib/src/dom/webaudio.dart:3408:30: Error: 'JSNumber' isn't a type.
  external set curve(JSArray<JSNumber> value);
                             ^^^^^^^^
/C:/Users/berkgoknil/AppData/Local/Pub/Cache/hosted/pub.dev/web-1.1.1/lib/src/dom/webaudio.dart:3408:22: Error: 'JSArray' isn't a type.
  external set curve(JSArray<JSNumber> value);
                     ^^^^^^^
/C:/Users/berkgoknil/AppData/Local/Pub/Cache/hosted/pub.dev/web-1.1.1/lib/src/dom/webaudio.dart:3429:31: Error: 'JSObject' isn't a type.
extension type AudioWorklet._(JSObject _) implements Worklet, JSObject {}
                              ^^^^^^^^
/C:/Users/berkgoknil/AppData/Local/Pub/Cache/hosted/pub.dev/web-1.1.1/lib/src/dom/webaudio.dart:3449:42: Error: 'JSObject' isn't a type.
extension type AudioWorkletGlobalScope._(JSObject _)
                                         ^^^^^^^^
/C:/Users/berkgoknil/AppData/Local/Pub/Cache/hosted/pub.dev/web-1.1.1/lib/src/dom/webaudio.dart:3491:32: Error: 'JSObject' isn't a type.
extension type AudioParamMap._(JSObject _) implements JSObject {}
                               ^^^^^^^^
/C:/Users/berkgoknil/AppData/Local/Pub/Cache/hosted/pub.dev/web-1.1.1/lib/src/dom/webaudio.dart:3509:35: Error: 'JSObject' isn't a type.
extension type AudioWorkletNode._(JSObject _) implements AudioNode, JSObject {
                                  ^^^^^^^^
/C:/Users/berkgoknil/AppData/Local/Pub/Cache/hosted/pub.dev/web-1.1.1/lib/src/dom/webaudio.dart:3537:42: Error: 'JSObject' isn't a type.
extension type AudioWorkletNodeOptions._(JSObject _)
                                         ^^^^^^^^
/C:/Users/berkgoknil/AppData/Local/Pub/Cache/hosted/pub.dev/web-1.1.1/lib/src/dom/webaudio.dart:3545:13: Error: 'JSNumber' isn't a type.
    JSArray<JSNumber> outputChannelCount,
            ^^^^^^^^
/C:/Users/berkgoknil/AppData/Local/Pub/Cache/hosted/pub.dev/web-1.1.1/lib/src/dom/webaudio.dart:3545:5: Error: 'JSArray' isn't a type.
    JSArray<JSNumber> outputChannelCount,
    ^^^^^^^
/C:/Users/berkgoknil/AppData/Local/Pub/Cache/hosted/pub.dev/web-1.1.1/lib/src/dom/webaudio.dart:3546:5: Error: 'JSObject' isn't a type.
    JSObject parameterData,
    ^^^^^^^^
/C:/Users/berkgoknil/AppData/Local/Pub/Cache/hosted/pub.dev/web-1.1.1/lib/src/dom/webaudio.dart:3547:5: Error: 'JSObject' isn't a type.
    JSObject processorOptions,
    ^^^^^^^^
/C:/Users/berkgoknil/AppData/Local/Pub/Cache/hosted/pub.dev/web-1.1.1/lib/src/dom/webaudio.dart:3555:43: Error: 'JSNumber' isn't a type.
  external set outputChannelCount(JSArray<JSNumber> value);
                                          ^^^^^^^^
/C:/Users/berkgoknil/AppData/Local/Pub/Cache/hosted/pub.dev/web-1.1.1/lib/src/dom/webaudio.dart:3555:35: Error: 'JSArray' isn't a type.
  external set outputChannelCount(JSArray<JSNumber> value);
                                  ^^^^^^^
/C:/Users/berkgoknil/AppData/Local/Pub/Cache/hosted/pub.dev/web-1.1.1/lib/src/dom/webaudio.dart:3557:30: Error: 'JSObject' isn't a type.
  external set parameterData(JSObject value);
                             ^^^^^^^^
/C:/Users/berkgoknil/AppData/Local/Pub/Cache/hosted/pub.dev/web-1.1.1/lib/src/dom/webaudio.dart:3559:33: Error: 'JSObject' isn't a type.
  external set processorOptions(JSObject value);
                                ^^^^^^^^
/C:/Users/berkgoknil/AppData/Local/Pub/Cache/hosted/pub.dev/web-1.1.1/lib/src/dom/webaudio.dart:3572:40: Error: 'JSObject' isn't a type.
extension type AudioWorkletProcessor._(JSObject _) implements JSObject {
                                       ^^^^^^^^
/C:/Users/berkgoknil/AppData/Local/Pub/Cache/hosted/pub.dev/web-1.1.1/lib/src/dom/web_bluetooth.dart:16:8: Error: Dart library 'dart:js_interop' is not available on this platform.
import 'dart:js_interop';
       ^
/C:/Users/berkgoknil/AppData/Local/Pub/Cache/hosted/pub.dev/web-1.1.1/lib/src/dom/web_bluetooth.dart:27:32: Error: Type 'JSObject' not found.
extension type BluetoothUUID._(JSObject _) implements JSObject {}
                               ^^^^^^^^
/C:/Users/berkgoknil/AppData/Local/Pub/Cache/hosted/pub.dev/web-1.1.1/lib/src/dom/web_bluetooth.dart:27:55: Error: Type 'JSObject' not found.
extension type BluetoothUUID._(JSObject _) implements JSObject {}
                                                      ^^^^^^^^
/C:/Users/berkgoknil/AppData/Local/Pub/Cache/hosted/pub.dev/web-1.1.1/lib/src/dom/web_bluetooth.dart:27:55: Error: The type 'JSObject' can't be implemented by an extension type.
extension type BluetoothUUID._(JSObject _) implements JSObject {}
                                                      ^
/C:/Users/berkgoknil/AppData/Local/Pub/Cache/hosted/pub.dev/web-1.1.1/lib/src/dom/web_bluetooth.dart:13:2: Error: Couldn't find constructor 'JS'.
@JS()
 ^^
/C:/Users/berkgoknil/AppData/Local/Pub/Cache/hosted/pub.dev/web-1.1.1/lib/src/dom/web_bluetooth.dart:27:32: Error: 'JSObject' isn't a type.
extension type BluetoothUUID._(JSObject _) implements JSObject {}
                               ^^^^^^^^
/C:/Users/berkgoknil/AppData/Local/Pub/Cache/hosted/pub.dev/web-1.1.1/lib/src/dom/wasm_js_api.dart:16:8: Error: Dart library 'dart:js_interop' is not available on this platform.
import 'dart:js_interop';
       ^
/C:/Users/berkgoknil/AppData/Local/Pub/Cache/hosted/pub.dev/web-1.1.1/lib/src/dom/wasm_js_api.dart:24:48: Error: Type 'JSObject' not found.
extension type WebAssemblyInstantiatedSource._(JSObject _) implements JSObject {
                                               ^^^^^^^^
/C:/Users/berkgoknil/AppData/Local/Pub/Cache/hosted/pub.dev/web-1.1.1/lib/src/dom/wasm_js_api.dart:24:71: Error: Type 'JSObject' not found.
extension type WebAssemblyInstantiatedSource._(JSObject _) implements JSObject {
                                                                      ^^^^^^^^
/C:/Users/berkgoknil/AppData/Local/Pub/Cache/hosted/pub.dev/web-1.1.1/lib/src/dom/wasm_js_api.dart:38:31: Error: Type 'JSObject' not found.
extension type $WebAssembly._(JSObject _) implements JSObject {
                              ^^^^^^^^
/C:/Users/berkgoknil/AppData/Local/Pub/Cache/hosted/pub.dev/web-1.1.1/lib/src/dom/wasm_js_api.dart:38:54: Error: Type 'JSObject' not found.
extension type $WebAssembly._(JSObject _) implements JSObject {
                                                     ^^^^^^^^
/C:/Users/berkgoknil/AppData/Local/Pub/Cache/hosted/pub.dev/web-1.1.1/lib/src/dom/wasm_js_api.dart:40:12: Error: Type 'JSPromise' not found.
  external JSPromise<Module> compile(BufferSource bytes);
           ^^^^^^^^^
/C:/Users/berkgoknil/AppData/Local/Pub/Cache/hosted/pub.dev/web-1.1.1/lib/src/dom/wasm_js_api.dart:41:22: Error: Type 'JSObject' not found.
  external JSPromise<JSObject> instantiate(
                     ^^^^^^^^
/C:/Users/berkgoknil/AppData/Local/Pub/Cache/hosted/pub.dev/web-1.1.1/lib/src/dom/wasm_js_api.dart:41:12: Error: Type 'JSPromise' not found.
  external JSPromise<JSObject> instantiate(
           ^^^^^^^^^
/C:/Users/berkgoknil/AppData/Local/Pub/Cache/hosted/pub.dev/web-1.1.1/lib/src/dom/wasm_js_api.dart:42:5: Error: Type 'JSObject' not found.
    JSObject bytesOrModuleObject, [
    ^^^^^^^^
/C:/Users/berkgoknil/AppData/Local/Pub/Cache/hosted/pub.dev/web-1.1.1/lib/src/dom/wasm_js_api.dart:43:5: Error: Type 'JSObject' not found.
    JSObject importObject,
    ^^^^^^^^
/C:/Users/berkgoknil/AppData/Local/Pub/Cache/hosted/pub.dev/web-1.1.1/lib/src/dom/wasm_js_api.dart:45:12: Error: Type 'JSPromise' not found.
  external JSPromise<Module> compileStreaming(JSPromise<Response> source);
           ^^^^^^^^^
/C:/Users/berkgoknil/AppData/Local/Pub/Cache/hosted/pub.dev/web-1.1.1/lib/src/dom/wasm_js_api.dart:45:47: Error: Type 'JSPromise' not found.
  external JSPromise<Module> compileStreaming(JSPromise<Response> source);
                                              ^^^^^^^^^
/C:/Users/berkgoknil/AppData/Local/Pub/Cache/hosted/pub.dev/web-1.1.1/lib/src/dom/wasm_js_api.dart:46:12: Error: Type 'JSPromise' not found.
  external JSPromise<WebAssemblyInstantiatedSource> instantiateStreaming(
           ^^^^^^^^^
/C:/Users/berkgoknil/AppData/Local/Pub/Cache/hosted/pub.dev/web-1.1.1/lib/src/dom/wasm_js_api.dart:47:5: Error: Type 'JSPromise' not found.
    JSPromise<Response> source, [
    ^^^^^^^^^
/C:/Users/berkgoknil/AppData/Local/Pub/Cache/hosted/pub.dev/web-1.1.1/lib/src/dom/wasm_js_api.dart:48:5: Error: Type 'JSObject' not found.
    JSObject importObject,
    ^^^^^^^^
/C:/Users/berkgoknil/AppData/Local/Pub/Cache/hosted/pub.dev/web-1.1.1/lib/src/dom/wasm_js_api.dart:51:41: Error: Type 'JSObject' not found.
extension type ModuleExportDescriptor._(JSObject _) implements JSObject {
                                        ^^^^^^^^
/C:/Users/berkgoknil/AppData/Local/Pub/Cache/hosted/pub.dev/web-1.1.1/lib/src/dom/wasm_js_api.dart:51:64: Error: Type 'JSObject' not found.
extension type ModuleExportDescriptor._(JSObject _) implements JSObject {
                                                               ^^^^^^^^
/C:/Users/berkgoknil/AppData/Local/Pub/Cache/hosted/pub.dev/web-1.1.1/lib/src/dom/wasm_js_api.dart:62:41: Error: Type 'JSObject' not found.
extension type ModuleImportDescriptor._(JSObject _) implements JSObject {
                                        ^^^^^^^^
/C:/Users/berkgoknil/AppData/Local/Pub/Cache/hosted/pub.dev/web-1.1.1/lib/src/dom/wasm_js_api.dart:62:64: Error: Type 'JSObject' not found.
extension type ModuleImportDescriptor._(JSObject _) implements JSObject {
                                                               ^^^^^^^^
/C:/Users/berkgoknil/AppData/Local/Pub/Cache/hosted/pub.dev/web-1.1.1/lib/src/dom/wasm_js_api.dart:77:25: Error: Type 'JSObject' not found.
extension type Module._(JSObject _) implements JSObject {
                        ^^^^^^^^
/C:/Users/berkgoknil/AppData/Local/Pub/Cache/hosted/pub.dev/web-1.1.1/lib/src/dom/wasm_js_api.dart:77:48: Error: Type 'JSObject' not found.
extension type Module._(JSObject _) implements JSObject {
                                               ^^^^^^^^
/C:/Users/berkgoknil/AppData/Local/Pub/Cache/hosted/pub.dev/web-1.1.1/lib/src/dom/wasm_js_api.dart:80:19: Error: Type 'JSArray' not found.
  external static JSArray<ModuleExportDescriptor> exports(Module moduleObject);
                  ^^^^^^^
/C:/Users/berkgoknil/AppData/Local/Pub/Cache/hosted/pub.dev/web-1.1.1/lib/src/dom/wasm_js_api.dart:81:19: Error: Type 'JSArray' not found.
  external static JSArray<ModuleImportDescriptor> imports(Module moduleObject);
                  ^^^^^^^
/C:/Users/berkgoknil/AppData/Local/Pub/Cache/hosted/pub.dev/web-1.1.1/lib/src/dom/wasm_js_api.dart:82:27: Error: Type 'JSArrayBuffer' not found.
  external static JSArray<JSArrayBuffer> customSections(
                          ^^^^^^^^^^^^^
/C:/Users/berkgoknil/AppData/Local/Pub/Cache/hosted/pub.dev/web-1.1.1/lib/src/dom/wasm_js_api.dart:82:19: Error: Type 'JSArray' not found.
  external static JSArray<JSArrayBuffer> customSections(
                  ^^^^^^^
/C:/Users/berkgoknil/AppData/Local/Pub/Cache/hosted/pub.dev/web-1.1.1/lib/src/dom/wasm_js_api.dart:88:27: Error: Type 'JSObject' not found.
extension type Instance._(JSObject _) implements JSObject {
                          ^^^^^^^^
/C:/Users/berkgoknil/AppData/Local/Pub/Cache/hosted/pub.dev/web-1.1.1/lib/src/dom/wasm_js_api.dart:88:50: Error: Type 'JSObject' not found.
extension type Instance._(JSObject _) implements JSObject {
                                                 ^^^^^^^^
/C:/Users/berkgoknil/AppData/Local/Pub/Cache/hosted/pub.dev/web-1.1.1/lib/src/dom/wasm_js_api.dart:91:5: Error: Type 'JSObject' not found.
    JSObject importObject,
    ^^^^^^^^
/C:/Users/berkgoknil/AppData/Local/Pub/Cache/hosted/pub.dev/web-1.1.1/lib/src/dom/wasm_js_api.dart:94:12: Error: Type 'JSObject' not found.
  external JSObject get exports;
           ^^^^^^^^
/C:/Users/berkgoknil/AppData/Local/Pub/Cache/hosted/pub.dev/web-1.1.1/lib/src/dom/wasm_js_api.dart:96:35: Error: Type 'JSObject' not found.
extension type MemoryDescriptor._(JSObject _) implements JSObject {
                                  ^^^^^^^^
/C:/Users/berkgoknil/AppData/Local/Pub/Cache/hosted/pub.dev/web-1.1.1/lib/src/dom/wasm_js_api.dart:96:58: Error: Type 'JSObject' not found.
extension type MemoryDescriptor._(JSObject _) implements JSObject {
                                                         ^^^^^^^^
/C:/Users/berkgoknil/AppData/Local/Pub/Cache/hosted/pub.dev/web-1.1.1/lib/src/dom/wasm_js_api.dart:108:25: Error: Type 'JSObject' not found.
extension type Memory._(JSObject _) implements JSObject {
                        ^^^^^^^^
/C:/Users/berkgoknil/AppData/Local/Pub/Cache/hosted/pub.dev/web-1.1.1/lib/src/dom/wasm_js_api.dart:108:48: Error: Type 'JSObject' not found.
extension type Memory._(JSObject _) implements JSObject {
                                               ^^^^^^^^
/C:/Users/berkgoknil/AppData/Local/Pub/Cache/hosted/pub.dev/web-1.1.1/lib/src/dom/wasm_js_api.dart:112:12: Error: Type 'JSArrayBuffer' not found.
  external JSArrayBuffer get buffer;
           ^^^^^^^^^^^^^
/C:/Users/berkgoknil/AppData/Local/Pub/Cache/hosted/pub.dev/web-1.1.1/lib/src/dom/wasm_js_api.dart:114:34: Error: Type 'JSObject' not found.
extension type TableDescriptor._(JSObject _) implements JSObject {
                                 ^^^^^^^^
/C:/Users/berkgoknil/AppData/Local/Pub/Cache/hosted/pub.dev/web-1.1.1/lib/src/dom/wasm_js_api.dart:114:57: Error: Type 'JSObject' not found.
extension type TableDescriptor._(JSObject _) implements JSObject {
                                                        ^^^^^^^^
/C:/Users/berkgoknil/AppData/Local/Pub/Cache/hosted/pub.dev/web-1.1.1/lib/src/dom/wasm_js_api.dart:129:24: Error: Type 'JSObject' not found.
extension type Table._(JSObject _) implements JSObject {
                       ^^^^^^^^
/C:/Users/berkgoknil/AppData/Local/Pub/Cache/hosted/pub.dev/web-1.1.1/lib/src/dom/wasm_js_api.dart:129:47: Error: Type 'JSObject' not found.
extension type Table._(JSObject _) implements JSObject {
                                              ^^^^^^^^
/C:/Users/berkgoknil/AppData/Local/Pub/Cache/hosted/pub.dev/web-1.1.1/lib/src/dom/wasm_js_api.dart:132:5: Error: Type 'JSAny' not found.
    JSAny? value,
    ^^^^^
/C:/Users/berkgoknil/AppData/Local/Pub/Cache/hosted/pub.dev/web-1.1.1/lib/src/dom/wasm_js_api.dart:137:5: Error: Type 'JSAny' not found.
    JSAny? value,
    ^^^^^
/C:/Users/berkgoknil/AppData/Local/Pub/Cache/hosted/pub.dev/web-1.1.1/lib/src/dom/wasm_js_api.dart:139:12: Error: Type 'JSAny' not found.
  external JSAny? get(int index);
           ^^^^^
/C:/Users/berkgoknil/AppData/Local/Pub/Cache/hosted/pub.dev/web-1.1.1/lib/src/dom/wasm_js_api.dart:142:5: Error: Type 'JSAny' not found.
    JSAny? value,
    ^^^^^
/C:/Users/berkgoknil/AppData/Local/Pub/Cache/hosted/pub.dev/web-1.1.1/lib/src/dom/wasm_js_api.dart:146:35: Error: Type 'JSObject' not found.
extension type GlobalDescriptor._(JSObject _) implements JSObject {
                                  ^^^^^^^^
/C:/Users/berkgoknil/AppData/Local/Pub/Cache/hosted/pub.dev/web-1.1.1/lib/src/dom/wasm_js_api.dart:146:58: Error: Type 'JSObject' not found.
extension type GlobalDescriptor._(JSObject _) implements JSObject {
                                                         ^^^^^^^^
/C:/Users/berkgoknil/AppData/Local/Pub/Cache/hosted/pub.dev/web-1.1.1/lib/src/dom/wasm_js_api.dart:158:25: Error: Type 'JSObject' not found.
extension type Global._(JSObject _) implements JSObject {
                        ^^^^^^^^
/C:/Users/berkgoknil/AppData/Local/Pub/Cache/hosted/pub.dev/web-1.1.1/lib/src/dom/wasm_js_api.dart:158:48: Error: Type 'JSObject' not found.
extension type Global._(JSObject _) implements JSObject {
                                               ^^^^^^^^
/C:/Users/berkgoknil/AppData/Local/Pub/Cache/hosted/pub.dev/web-1.1.1/lib/src/dom/wasm_js_api.dart:161:5: Error: Type 'JSAny' not found.
    JSAny? v,
    ^^^^^
/C:/Users/berkgoknil/AppData/Local/Pub/Cache/hosted/pub.dev/web-1.1.1/lib/src/dom/wasm_js_api.dart:164:12: Error: Type 'JSAny' not found.
  external JSAny? valueOf();
           ^^^^^
/C:/Users/berkgoknil/AppData/Local/Pub/Cache/hosted/pub.dev/web-1.1.1/lib/src/dom/wasm_js_api.dart:165:12: Error: Type 'JSAny' not found.
  external JSAny? get value;
           ^^^^^
/C:/Users/berkgoknil/AppData/Local/Pub/Cache/hosted/pub.dev/web-1.1.1/lib/src/dom/wasm_js_api.dart:166:22: Error: Type 'JSAny' not found.
  external set value(JSAny? value);
                     ^^^^^
/C:/Users/berkgoknil/AppData/Local/Pub/Cache/hosted/pub.dev/web-1.1.1/lib/src/dom/wasm_js_api.dart:24:71: Error: The type 'JSObject' can't be implemented by an extension type.
extension type WebAssemblyInstantiatedSource._(JSObject _) implements JSObject {
                                                                      ^
/C:/Users/berkgoknil/AppData/Local/Pub/Cache/hosted/pub.dev/web-1.1.1/lib/src/dom/wasm_js_api.dart:38:54: Error: The type 'JSObject' can't be implemented by an extension type.
extension type $WebAssembly._(JSObject _) implements JSObject {
                                                     ^
/C:/Users/berkgoknil/AppData/Local/Pub/Cache/hosted/pub.dev/web-1.1.1/lib/src/dom/wasm_js_api.dart:51:64: Error: The type 'JSObject' can't be implemented by an extension type.
extension type ModuleExportDescriptor._(JSObject _) implements JSObject {
                                                               ^
/C:/Users/berkgoknil/AppData/Local/Pub/Cache/hosted/pub.dev/web-1.1.1/lib/src/dom/wasm_js_api.dart:62:64: Error: The type 'JSObject' can't be implemented by an extension type.
extension type ModuleImportDescriptor._(JSObject _) implements JSObject {
                                                               ^
/C:/Users/berkgoknil/AppData/Local/Pub/Cache/hosted/pub.dev/web-1.1.1/lib/src/dom/wasm_js_api.dart:77:48: Error: The type 'JSObject' can't be implemented by an extension type.
extension type Module._(JSObject _) implements JSObject {
                                               ^
/C:/Users/berkgoknil/AppData/Local/Pub/Cache/hosted/pub.dev/web-1.1.1/lib/src/dom/wasm_js_api.dart:88:50: Error: The type 'JSObject' can't be implemented by an extension type.
extension type Instance._(JSObject _) implements JSObject {
                                                 ^
/C:/Users/berkgoknil/AppData/Local/Pub/Cache/hosted/pub.dev/web-1.1.1/lib/src/dom/wasm_js_api.dart:96:58: Error: The type 'JSObject' can't be implemented by an extension type.
extension type MemoryDescriptor._(JSObject _) implements JSObject {
                                                         ^
/C:/Users/berkgoknil/AppData/Local/Pub/Cache/hosted/pub.dev/web-1.1.1/lib/src/dom/wasm_js_api.dart:108:48: Error: The type 'JSObject' can't be implemented by an extension type.
extension type Memory._(JSObject _) implements JSObject {
                                               ^
/C:/Users/berkgoknil/AppData/Local/Pub/Cache/hosted/pub.dev/web-1.1.1/lib/src/dom/wasm_js_api.dart:114:57: Error: The type 'JSObject' can't be implemented by an extension type.
extension type TableDescriptor._(JSObject _) implements JSObject {
                                                        ^
/C:/Users/berkgoknil/AppData/Local/Pub/Cache/hosted/pub.dev/web-1.1.1/lib/src/dom/wasm_js_api.dart:129:47: Error: The type 'JSObject' can't be implemented by an extension type.
extension type Table._(JSObject _) implements JSObject {
                                              ^
/C:/Users/berkgoknil/AppData/Local/Pub/Cache/hosted/pub.dev/web-1.1.1/lib/src/dom/wasm_js_api.dart:146:58: Error: The type 'JSObject' can't be implemented by an extension type.
extension type GlobalDescriptor._(JSObject _) implements JSObject {
                                                         ^
/C:/Users/berkgoknil/AppData/Local/Pub/Cache/hosted/pub.dev/web-1.1.1/lib/src/dom/wasm_js_api.dart:158:48: Error: The type 'JSObject' can't be implemented by an extension type.
extension type Global._(JSObject _) implements JSObject {
                                               ^
/C:/Users/berkgoknil/AppData/Local/Pub/Cache/hosted/pub.dev/web-1.1.1/lib/src/dom/wasm_js_api.dart:13:2: Error: Couldn't find constructor 'JS'.
@JS()
 ^^
/C:/Users/berkgoknil/AppData/Local/Pub/Cache/hosted/pub.dev/web-1.1.1/lib/src/dom/wasm_js_api.dart:35:2: Error: Couldn't find constructor 'JS'.
@JS()
 ^^
/C:/Users/berkgoknil/AppData/Local/Pub/Cache/hosted/pub.dev/web-1.1.1/lib/src/dom/wasm_js_api.dart:37:2: Error: Couldn't find constructor 'JS'.
@JS('WebAssembly')
 ^^
/C:/Users/berkgoknil/AppData/Local/Pub/Cache/hosted/pub.dev/web-1.1.1/lib/src/dom/wasm_js_api.dart:76:2: Error: Couldn't find constructor 'JS'.
@JS('WebAssembly.Module')
 ^^
/C:/Users/berkgoknil/AppData/Local/Pub/Cache/hosted/pub.dev/web-1.1.1/lib/src/dom/wasm_js_api.dart:87:2: Error: Couldn't find constructor 'JS'.
@JS('WebAssembly.Instance')
 ^^
/C:/Users/berkgoknil/AppData/Local/Pub/Cache/hosted/pub.dev/web-1.1.1/lib/src/dom/wasm_js_api.dart:107:2: Error: Couldn't find constructor 'JS'.
@JS('WebAssembly.Memory')
 ^^
/C:/Users/berkgoknil/AppData/Local/Pub/Cache/hosted/pub.dev/web-1.1.1/lib/src/dom/wasm_js_api.dart:128:2: Error: Couldn't find constructor 'JS'.
@JS('WebAssembly.Table')
 ^^
/C:/Users/berkgoknil/AppData/Local/Pub/Cache/hosted/pub.dev/web-1.1.1/lib/src/dom/wasm_js_api.dart:157:2: Error: Couldn't find constructor 'JS'.
@JS('WebAssembly.Global')
 ^^
/C:/Users/berkgoknil/AppData/Local/Pub/Cache/hosted/pub.dev/web-1.1.1/lib/src/dom/wasm_js_api.dart:24:48: Error: 'JSObject' isn't a type.
extension type WebAssemblyInstantiatedSource._(JSObject _) implements JSObject {
                                               ^^^^^^^^
/C:/Users/berkgoknil/AppData/Local/Pub/Cache/hosted/pub.dev/web-1.1.1/lib/src/dom/wasm_js_api.dart:38:31: Error: 'JSObject' isn't a type.
extension type $WebAssembly._(JSObject _) implements JSObject {
                              ^^^^^^^^
/C:/Users/berkgoknil/AppData/Local/Pub/Cache/hosted/pub.dev/web-1.1.1/lib/src/dom/wasm_js_api.dart:42:5: Error: 'JSObject' isn't a type.
    JSObject bytesOrModuleObject, [
    ^^^^^^^^
/C:/Users/berkgoknil/AppData/Local/Pub/Cache/hosted/pub.dev/web-1.1.1/lib/src/dom/wasm_js_api.dart:43:5: Error: 'JSObject' isn't a type.
    JSObject importObject,
    ^^^^^^^^
/C:/Users/berkgoknil/AppData/Local/Pub/Cache/hosted/pub.dev/web-1.1.1/lib/src/dom/wasm_js_api.dart:45:47: Error: 'JSPromise' isn't a type.
  external JSPromise<Module> compileStreaming(JSPromise<Response> source);
                                              ^^^^^^^^^
/C:/Users/berkgoknil/AppData/Local/Pub/Cache/hosted/pub.dev/web-1.1.1/lib/src/dom/wasm_js_api.dart:47:5: Error: 'JSPromise' isn't a type.
    JSPromise<Response> source, [
    ^^^^^^^^^
/C:/Users/berkgoknil/AppData/Local/Pub/Cache/hosted/pub.dev/web-1.1.1/lib/src/dom/wasm_js_api.dart:48:5: Error: 'JSObject' isn't a type.
    JSObject importObject,
    ^^^^^^^^
/C:/Users/berkgoknil/AppData/Local/Pub/Cache/hosted/pub.dev/web-1.1.1/lib/src/dom/wasm_js_api.dart:51:41: Error: 'JSObject' isn't a type.
extension type ModuleExportDescriptor._(JSObject _) implements JSObject {
                                        ^^^^^^^^
/C:/Users/berkgoknil/AppData/Local/Pub/Cache/hosted/pub.dev/web-1.1.1/lib/src/dom/wasm_js_api.dart:62:41: Error: 'JSObject' isn't a type.
extension type ModuleImportDescriptor._(JSObject _) implements JSObject {
                                        ^^^^^^^^
/C:/Users/berkgoknil/AppData/Local/Pub/Cache/hosted/pub.dev/web-1.1.1/lib/src/dom/wasm_js_api.dart:77:25: Error: 'JSObject' isn't a type.
extension type Module._(JSObject _) implements JSObject {
                        ^^^^^^^^
/C:/Users/berkgoknil/AppData/Local/Pub/Cache/hosted/pub.dev/web-1.1.1/lib/src/dom/wasm_js_api.dart:88:27: Error: 'JSObject' isn't a type.
extension type Instance._(JSObject _) implements JSObject {
                          ^^^^^^^^
/C:/Users/berkgoknil/AppData/Local/Pub/Cache/hosted/pub.dev/web-1.1.1/lib/src/dom/wasm_js_api.dart:91:5: Error: 'JSObject' isn't a type.
    JSObject importObject,
    ^^^^^^^^
/C:/Users/berkgoknil/AppData/Local/Pub/Cache/hosted/pub.dev/web-1.1.1/lib/src/dom/wasm_js_api.dart:96:35: Error: 'JSObject' isn't a type.
extension type MemoryDescriptor._(JSObject _) implements JSObject {
                                  ^^^^^^^^
/C:/Users/berkgoknil/AppData/Local/Pub/Cache/hosted/pub.dev/web-1.1.1/lib/src/dom/wasm_js_api.dart:108:25: Error: 'JSObject' isn't a type.
extension type Memory._(JSObject _) implements JSObject {
                        ^^^^^^^^
/C:/Users/berkgoknil/AppData/Local/Pub/Cache/hosted/pub.dev/web-1.1.1/lib/src/dom/wasm_js_api.dart:114:34: Error: 'JSObject' isn't a type.
extension type TableDescriptor._(JSObject _) implements JSObject {
                                 ^^^^^^^^
/C:/Users/berkgoknil/AppData/Local/Pub/Cache/hosted/pub.dev/web-1.1.1/lib/src/dom/wasm_js_api.dart:129:24: Error: 'JSObject' isn't a type.
extension type Table._(JSObject _) implements JSObject {
                       ^^^^^^^^
/C:/Users/berkgoknil/AppData/Local/Pub/Cache/hosted/pub.dev/web-1.1.1/lib/src/dom/wasm_js_api.dart:132:5: Error: 'JSAny' isn't a type.
    JSAny? value,
    ^^^^^
/C:/Users/berkgoknil/AppData/Local/Pub/Cache/hosted/pub.dev/web-1.1.1/lib/src/dom/wasm_js_api.dart:137:5: Error: 'JSAny' isn't a type.
    JSAny? value,
    ^^^^^
/C:/Users/berkgoknil/AppData/Local/Pub/Cache/hosted/pub.dev/web-1.1.1/lib/src/dom/wasm_js_api.dart:142:5: Error: 'JSAny' isn't a type.
    JSAny? value,
    ^^^^^
/C:/Users/berkgoknil/AppData/Local/Pub/Cache/hosted/pub.dev/web-1.1.1/lib/src/dom/wasm_js_api.dart:146:35: Error: 'JSObject' isn't a type.
extension type GlobalDescriptor._(JSObject _) implements JSObject {
                                  ^^^^^^^^
/C:/Users/berkgoknil/AppData/Local/Pub/Cache/hosted/pub.dev/web-1.1.1/lib/src/dom/wasm_js_api.dart:158:25: Error: 'JSObject' isn't a type.
extension type Global._(JSObject _) implements JSObject {
                        ^^^^^^^^
/C:/Users/berkgoknil/AppData/Local/Pub/Cache/hosted/pub.dev/web-1.1.1/lib/src/dom/wasm_js_api.dart:161:5: Error: 'JSAny' isn't a type.
    JSAny? v,
    ^^^^^
/C:/Users/berkgoknil/AppData/Local/Pub/Cache/hosted/pub.dev/web-1.1.1/lib/src/dom/wasm_js_api.dart:166:22: Error: 'JSAny' isn't a type.
  external set value(JSAny? value);
                     ^^^^^
/C:/Users/berkgoknil/AppData/Local/Pub/Cache/hosted/pub.dev/web-1.1.1/lib/src/dom/url.dart:16:8: Error: Dart library 'dart:js_interop' is not available on this platform.
import 'dart:js_interop';
       ^
/C:/Users/berkgoknil/AppData/Local/Pub/Cache/hosted/pub.dev/web-1.1.1/lib/src/dom/url.dart:35:22: Error: Type 'JSObject' not found.
extension type URL._(JSObject _) implements JSObject {
                     ^^^^^^^^
/C:/Users/berkgoknil/AppData/Local/Pub/Cache/hosted/pub.dev/web-1.1.1/lib/src/dom/url.dart:35:45: Error: Type 'JSObject' not found.
extension type URL._(JSObject _) implements JSObject {
                                            ^^^^^^^^
/C:/Users/berkgoknil/AppData/Local/Pub/Cache/hosted/pub.dev/web-1.1.1/lib/src/dom/url.dart:89:42: Error: Type 'JSObject' not found.
  external static String createObjectURL(JSObject obj);
                                         ^^^^^^^^
/C:/Users/berkgoknil/AppData/Local/Pub/Cache/hosted/pub.dev/web-1.1.1/lib/src/dom/url.dart:259:34: Error: Type 'JSObject' not found.
extension type URLSearchParams._(JSObject _) implements JSObject {
                                 ^^^^^^^^
/C:/Users/berkgoknil/AppData/Local/Pub/Cache/hosted/pub.dev/web-1.1.1/lib/src/dom/url.dart:259:57: Error: Type 'JSObject' not found.
extension type URLSearchParams._(JSObject _) implements JSObject {
                                                        ^^^^^^^^
/C:/Users/berkgoknil/AppData/Local/Pub/Cache/hosted/pub.dev/web-1.1.1/lib/src/dom/url.dart:260:37: Error: Type 'JSAny' not found.
  external factory URLSearchParams([JSAny init]);
                                    ^^^^^
/C:/Users/berkgoknil/AppData/Local/Pub/Cache/hosted/pub.dev/web-1.1.1/lib/src/dom/url.dart:295:20: Error: Type 'JSString' not found.
  external JSArray<JSString> getAll(String name);
                   ^^^^^^^^
/C:/Users/berkgoknil/AppData/Local/Pub/Cache/hosted/pub.dev/web-1.1.1/lib/src/dom/url.dart:295:12: Error: Type 'JSArray' not found.
  external JSArray<JSString> getAll(String name);
           ^^^^^^^
/C:/Users/berkgoknil/AppData/Local/Pub/Cache/hosted/pub.dev/web-1.1.1/lib/src/dom/url.dart:35:45: Error: The type 'JSObject' can't be implemented by an extension type.
extension type URL._(JSObject _) implements JSObject {
                                            ^
/C:/Users/berkgoknil/AppData/Local/Pub/Cache/hosted/pub.dev/web-1.1.1/lib/src/dom/url.dart:259:57: Error: The type 'JSObject' can't be implemented by an extension type.
extension type URLSearchParams._(JSObject _) implements JSObject {
                                                        ^
/C:/Users/berkgoknil/AppData/Local/Pub/Cache/hosted/pub.dev/web-1.1.1/lib/src/dom/url.dart:13:2: Error: Couldn't find constructor 'JS'.
@JS()
 ^^
/C:/Users/berkgoknil/AppData/Local/Pub/Cache/hosted/pub.dev/web-1.1.1/lib/src/dom/url.dart:35:22: Error: 'JSObject' isn't a type.
extension type URL._(JSObject _) implements JSObject {
                     ^^^^^^^^
/C:/Users/berkgoknil/AppData/Local/Pub/Cache/hosted/pub.dev/web-1.1.1/lib/src/dom/url.dart:89:42: Error: 'JSObject' isn't a type.
  external static String createObjectURL(JSObject obj);
                                         ^^^^^^^^
/C:/Users/berkgoknil/AppData/Local/Pub/Cache/hosted/pub.dev/web-1.1.1/lib/src/dom/url.dart:259:34: Error: 'JSObject' isn't a type.
extension type URLSearchParams._(JSObject _) implements JSObject {
                                 ^^^^^^^^
/C:/Users/berkgoknil/AppData/Local/Pub/Cache/hosted/pub.dev/web-1.1.1/lib/src/dom/url.dart:260:37: Error: 'JSAny' isn't a type.
  external factory URLSearchParams([JSAny init]);
                                    ^^^^^
/C:/Users/berkgoknil/AppData/Local/Pub/Cache/hosted/pub.dev/web-1.1.1/lib/src/dom/touch_events.dart:16:8: Error: Dart library 'dart:js_interop' is not available on this platform.
import 'dart:js_interop';
       ^
/C:/Users/berkgoknil/AppData/Local/Pub/Cache/hosted/pub.dev/web-1.1.1/lib/src/dom/touch_events.dart:23:28: Error: Type 'JSObject' not found.
extension type TouchInit._(JSObject _) implements JSObject {
                           ^^^^^^^^
/C:/Users/berkgoknil/AppData/Local/Pub/Cache/hosted/pub.dev/web-1.1.1/lib/src/dom/touch_events.dart:23:51: Error: Type 'JSObject' not found.
extension type TouchInit._(JSObject _) implements JSObject {
                                                  ^^^^^^^^
/C:/Users/berkgoknil/AppData/Local/Pub/Cache/hosted/pub.dev/web-1.1.1/lib/src/dom/touch_events.dart:94:24: Error: Type 'JSObject' not found.
extension type Touch._(JSObject _) implements JSObject {
                       ^^^^^^^^
/C:/Users/berkgoknil/AppData/Local/Pub/Cache/hosted/pub.dev/web-1.1.1/lib/src/dom/touch_events.dart:94:47: Error: Type 'JSObject' not found.
extension type Touch._(JSObject _) implements JSObject {
                                              ^^^^^^^^
/C:/Users/berkgoknil/AppData/Local/Pub/Cache/hosted/pub.dev/web-1.1.1/lib/src/dom/touch_events.dart:210:28: Error: Type 'JSObject' not found.
extension type TouchList._(JSObject _) implements JSObject {
                           ^^^^^^^^
/C:/Users/berkgoknil/AppData/Local/Pub/Cache/hosted/pub.dev/web-1.1.1/lib/src/dom/touch_events.dart:210:51: Error: Type 'JSObject' not found.
extension type TouchList._(JSObject _) implements JSObject {
                                                  ^^^^^^^^
/C:/Users/berkgoknil/AppData/Local/Pub/Cache/hosted/pub.dev/web-1.1.1/lib/src/dom/touch_events.dart:219:33: Error: Type 'JSObject' not found.
extension type TouchEventInit._(JSObject _)
                                ^^^^^^^^
/C:/Users/berkgoknil/AppData/Local/Pub/Cache/hosted/pub.dev/web-1.1.1/lib/src/dom/touch_events.dart:220:35: Error: Type 'JSObject' not found.
    implements EventModifierInit, JSObject {
                                  ^^^^^^^^
/C:/Users/berkgoknil/AppData/Local/Pub/Cache/hosted/pub.dev/web-1.1.1/lib/src/dom/touch_events.dart:227:5: Error: Type 'JSObject' not found.
    JSObject? sourceCapabilities,
    ^^^^^^^^
/C:/Users/berkgoknil/AppData/Local/Pub/Cache/hosted/pub.dev/web-1.1.1/lib/src/dom/touch_events.dart:243:5: Error: Type 'JSArray' not found.
    JSArray<Touch> touches,
    ^^^^^^^
/C:/Users/berkgoknil/AppData/Local/Pub/Cache/hosted/pub.dev/web-1.1.1/lib/src/dom/touch_events.dart:244:5: Error: Type 'JSArray' not found.
    JSArray<Touch> targetTouches,
    ^^^^^^^
/C:/Users/berkgoknil/AppData/Local/Pub/Cache/hosted/pub.dev/web-1.1.1/lib/src/dom/touch_events.dart:245:5: Error: Type 'JSArray' not found.
    JSArray<Touch> changedTouches,
    ^^^^^^^
/C:/Users/berkgoknil/AppData/Local/Pub/Cache/hosted/pub.dev/web-1.1.1/lib/src/dom/touch_events.dart:248:12: Error: Type 'JSArray' not found.
  external JSArray<Touch> get touches;
           ^^^^^^^
/C:/Users/berkgoknil/AppData/Local/Pub/Cache/hosted/pub.dev/web-1.1.1/lib/src/dom/touch_events.dart:249:24: Error: Type 'JSArray' not found.
  external set touches(JSArray<Touch> value);
                       ^^^^^^^
/C:/Users/berkgoknil/AppData/Local/Pub/Cache/hosted/pub.dev/web-1.1.1/lib/src/dom/touch_events.dart:250:12: Error: Type 'JSArray' not found.
  external JSArray<Touch> get targetTouches;
           ^^^^^^^
/C:/Users/berkgoknil/AppData/Local/Pub/Cache/hosted/pub.dev/web-1.1.1/lib/src/dom/touch_events.dart:251:30: Error: Type 'JSArray' not found.
  external set targetTouches(JSArray<Touch> value);
                             ^^^^^^^
/C:/Users/berkgoknil/AppData/Local/Pub/Cache/hosted/pub.dev/web-1.1.1/lib/src/dom/touch_events.dart:252:12: Error: Type 'JSArray' not found.
  external JSArray<Touch> get changedTouches;
           ^^^^^^^
/C:/Users/berkgoknil/AppData/Local/Pub/Cache/hosted/pub.dev/web-1.1.1/lib/src/dom/touch_events.dart:253:31: Error: Type 'JSArray' not found.
  external set changedTouches(JSArray<Touch> value);
                              ^^^^^^^
/C:/Users/berkgoknil/AppData/Local/Pub/Cache/hosted/pub.dev/web-1.1.1/lib/src/dom/touch_events.dart:270:29: Error: Type 'JSObject' not found.
extension type TouchEvent._(JSObject _) implements UIEvent, JSObject {
                            ^^^^^^^^
/C:/Users/berkgoknil/AppData/Local/Pub/Cache/hosted/pub.dev/web-1.1.1/lib/src/dom/touch_events.dart:270:61: Error: Type 'JSObject' not found.
extension type TouchEvent._(JSObject _) implements UIEvent, JSObject {
                                                            ^^^^^^^^
/C:/Users/berkgoknil/AppData/Local/Pub/Cache/hosted/pub.dev/web-1.1.1/lib/src/dom/touch_events.dart:23:51: Error: The type 'JSObject' can't be implemented by an extension type.
extension type TouchInit._(JSObject _) implements JSObject {
                                                  ^
/C:/Users/berkgoknil/AppData/Local/Pub/Cache/hosted/pub.dev/web-1.1.1/lib/src/dom/touch_events.dart:94:47: Error: The type 'JSObject' can't be implemented by an extension type.
extension type Touch._(JSObject _) implements JSObject {
                                              ^
/C:/Users/berkgoknil/AppData/Local/Pub/Cache/hosted/pub.dev/web-1.1.1/lib/src/dom/touch_events.dart:210:51: Error: The type 'JSObject' can't be implemented by an extension type.
extension type TouchList._(JSObject _) implements JSObject {
                                                  ^
/C:/Users/berkgoknil/AppData/Local/Pub/Cache/hosted/pub.dev/web-1.1.1/lib/src/dom/touch_events.dart:220:35: Error: The type 'JSObject' can't be implemented by an extension type.
    implements EventModifierInit, JSObject {
                                  ^
/C:/Users/berkgoknil/AppData/Local/Pub/Cache/hosted/pub.dev/web-1.1.1/lib/src/dom/touch_events.dart:270:61: Error: The type 'JSObject' can't be implemented by an extension type.
extension type TouchEvent._(JSObject _) implements UIEvent, JSObject {
                                                            ^
/C:/Users/berkgoknil/AppData/Local/Pub/Cache/hosted/pub.dev/web-1.1.1/lib/src/dom/touch_events.dart:13:2: Error: Couldn't find constructor 'JS'.
@JS()
 ^^
/C:/Users/berkgoknil/AppData/Local/Pub/Cache/hosted/pub.dev/web-1.1.1/lib/src/dom/touch_events.dart:23:28: Error: 'JSObject' isn't a type.
extension type TouchInit._(JSObject _) implements JSObject {
                           ^^^^^^^^
/C:/Users/berkgoknil/AppData/Local/Pub/Cache/hosted/pub.dev/web-1.1.1/lib/src/dom/touch_events.dart:94:24: Error: 'JSObject' isn't a type.
extension type Touch._(JSObject _) implements JSObject {
                       ^^^^^^^^
/C:/Users/berkgoknil/AppData/Local/Pub/Cache/hosted/pub.dev/web-1.1.1/lib/src/dom/touch_events.dart:210:28: Error: 'JSObject' isn't a type.
extension type TouchList._(JSObject _) implements JSObject {
                           ^^^^^^^^
/C:/Users/berkgoknil/AppData/Local/Pub/Cache/hosted/pub.dev/web-1.1.1/lib/src/dom/touch_events.dart:219:33: Error: 'JSObject' isn't a type.
extension type TouchEventInit._(JSObject _)
                                ^^^^^^^^
/C:/Users/berkgoknil/AppData/Local/Pub/Cache/hosted/pub.dev/web-1.1.1/lib/src/dom/touch_events.dart:227:5: Error: 'JSObject' isn't a type.
    JSObject? sourceCapabilities,
    ^^^^^^^^
/C:/Users/berkgoknil/AppData/Local/Pub/Cache/hosted/pub.dev/web-1.1.1/lib/src/dom/touch_events.dart:243:5: Error: 'JSArray' isn't a type.
    JSArray<Touch> touches,
    ^^^^^^^
/C:/Users/berkgoknil/AppData/Local/Pub/Cache/hosted/pub.dev/web-1.1.1/lib/src/dom/touch_events.dart:244:5: Error: 'JSArray' isn't a type.
    JSArray<Touch> targetTouches,
    ^^^^^^^
/C:/Users/berkgoknil/AppData/Local/Pub/Cache/hosted/pub.dev/web-1.1.1/lib/src/dom/touch_events.dart:245:5: Error: 'JSArray' isn't a type.
    JSArray<Touch> changedTouches,
    ^^^^^^^
/C:/Users/berkgoknil/AppData/Local/Pub/Cache/hosted/pub.dev/web-1.1.1/lib/src/dom/touch_events.dart:249:24: Error: 'JSArray' isn't a type.
  external set touches(JSArray<Touch> value);
                       ^^^^^^^
/C:/Users/berkgoknil/AppData/Local/Pub/Cache/hosted/pub.dev/web-1.1.1/lib/src/dom/touch_events.dart:251:30: Error: 'JSArray' isn't a type.
  external set targetTouches(JSArray<Touch> value);
                             ^^^^^^^
/C:/Users/berkgoknil/AppData/Local/Pub/Cache/hosted/pub.dev/web-1.1.1/lib/src/dom/touch_events.dart:253:31: Error: 'JSArray' isn't a type.
  external set changedTouches(JSArray<Touch> value);
                              ^^^^^^^
/C:/Users/berkgoknil/AppData/Local/Pub/Cache/hosted/pub.dev/web-1.1.1/lib/src/dom/touch_events.dart:270:29: Error: 'JSObject' isn't a type.
extension type TouchEvent._(JSObject _) implements UIEvent, JSObject {
                            ^^^^^^^^
/C:/Users/berkgoknil/AppData/Local/Pub/Cache/hosted/pub.dev/web-1.1.1/lib/src/dom/svg_animations.dart:16:8: Error: Dart library 'dart:js_interop' is not available on this platform.
import 'dart:js_interop';
       ^
/C:/Users/berkgoknil/AppData/Local/Pub/Cache/hosted/pub.dev/web-1.1.1/lib/src/dom/svg_animations.dart:31:28: Error: Type 'JSObject' not found.
extension type TimeEvent._(JSObject _) implements Event, JSObject {
                           ^^^^^^^^
/C:/Users/berkgoknil/AppData/Local/Pub/Cache/hosted/pub.dev/web-1.1.1/lib/src/dom/svg_animations.dart:31:58: Error: Type 'JSObject' not found.
extension type TimeEvent._(JSObject _) implements Event, JSObject {
                                                         ^^^^^^^^
/C:/Users/berkgoknil/AppData/Local/Pub/Cache/hosted/pub.dev/web-1.1.1/lib/src/dom/svg_animations.dart:50:38: Error: Type 'JSObject' not found.
extension type SVGAnimationElement._(JSObject _)
                                     ^^^^^^^^
/C:/Users/berkgoknil/AppData/Local/Pub/Cache/hosted/pub.dev/web-1.1.1/lib/src/dom/svg_animations.dart:51:28: Error: Type 'JSObject' not found.
    implements SVGElement, JSObject {
                           ^^^^^^^^
/C:/Users/berkgoknil/AppData/Local/Pub/Cache/hosted/pub.dev/web-1.1.1/lib/src/dom/svg_animations.dart:78:36: Error: Type 'JSObject' not found.
extension type SVGAnimateElement._(JSObject _)
                                   ^^^^^^^^
/C:/Users/berkgoknil/AppData/Local/Pub/Cache/hosted/pub.dev/web-1.1.1/lib/src/dom/svg_animations.dart:79:37: Error: Type 'JSObject' not found.
    implements SVGAnimationElement, JSObject {
                                    ^^^^^^^^
/C:/Users/berkgoknil/AppData/Local/Pub/Cache/hosted/pub.dev/web-1.1.1/lib/src/dom/svg_animations.dart:94:32: Error: Type 'JSObject' not found.
extension type SVGSetElement._(JSObject _)
                               ^^^^^^^^
/C:/Users/berkgoknil/AppData/Local/Pub/Cache/hosted/pub.dev/web-1.1.1/lib/src/dom/svg_animations.dart:95:37: Error: Type 'JSObject' not found.
    implements SVGAnimationElement, JSObject {
                                    ^^^^^^^^
/C:/Users/berkgoknil/AppData/Local/Pub/Cache/hosted/pub.dev/web-1.1.1/lib/src/dom/svg_animations.dart:110:42: Error: Type 'JSObject' not found.
extension type SVGAnimateMotionElement._(JSObject _)
                                         ^^^^^^^^
/C:/Users/berkgoknil/AppData/Local/Pub/Cache/hosted/pub.dev/web-1.1.1/lib/src/dom/svg_animations.dart:111:37: Error: Type 'JSObject' not found.
    implements SVGAnimationElement, JSObject {
                                    ^^^^^^^^
/C:/Users/berkgoknil/AppData/Local/Pub/Cache/hosted/pub.dev/web-1.1.1/lib/src/dom/svg_animations.dart:126:34: Error: Type 'JSObject' not found.
extension type SVGMPathElement._(JSObject _) implements SVGElement, JSObject {
                                 ^^^^^^^^
/C:/Users/berkgoknil/AppData/Local/Pub/Cache/hosted/pub.dev/web-1.1.1/lib/src/dom/svg_animations.dart:126:69: Error: Type 'JSObject' not found.
extension type SVGMPathElement._(JSObject _) implements SVGElement, JSObject {
                                                                    ^^^^^^^^
/C:/Users/berkgoknil/AppData/Local/Pub/Cache/hosted/pub.dev/web-1.1.1/lib/src/dom/svg_animations.dart:143:45: Error: Type 'JSObject' not found.
extension type SVGAnimateTransformElement._(JSObject _)
                                            ^^^^^^^^
/C:/Users/berkgoknil/AppData/Local/Pub/Cache/hosted/pub.dev/web-1.1.1/lib/src/dom/svg_animations.dart:144:37: Error: Type 'JSObject' not found.
    implements SVGAnimationElement, JSObject {
                                    ^^^^^^^^
/C:/Users/berkgoknil/AppData/Local/Pub/Cache/hosted/pub.dev/web-1.1.1/lib/src/dom/svg_animations.dart:31:58: Error: The type 'JSObject' can't be implemented by an extension type.
extension type TimeEvent._(JSObject _) implements Event, JSObject {
                                                         ^
/C:/Users/berkgoknil/AppData/Local/Pub/Cache/hosted/pub.dev/web-1.1.1/lib/src/dom/svg_animations.dart:51:28: Error: The type 'JSObject' can't be implemented by an extension type.
    implements SVGElement, JSObject {
                           ^
/C:/Users/berkgoknil/AppData/Local/Pub/Cache/hosted/pub.dev/web-1.1.1/lib/src/dom/svg_animations.dart:79:37: Error: The type 'JSObject' can't be implemented by an extension type.
    implements SVGAnimationElement, JSObject {
                                    ^
/C:/Users/berkgoknil/AppData/Local/Pub/Cache/hosted/pub.dev/web-1.1.1/lib/src/dom/svg_animations.dart:95:37: Error: The type 'JSObject' can't be implemented by an extension type.
    implements SVGAnimationElement, JSObject {
                                    ^
/C:/Users/berkgoknil/AppData/Local/Pub/Cache/hosted/pub.dev/web-1.1.1/lib/src/dom/svg_animations.dart:111:37: Error: The type 'JSObject' can't be implemented by an extension type.
    implements SVGAnimationElement, JSObject {
                                    ^
/C:/Users/berkgoknil/AppData/Local/Pub/Cache/hosted/pub.dev/web-1.1.1/lib/src/dom/svg_animations.dart:126:69: Error: The type 'JSObject' can't be implemented by an extension type.
extension type SVGMPathElement._(JSObject _) implements SVGElement, JSObject {
                                                                    ^
/C:/Users/berkgoknil/AppData/Local/Pub/Cache/hosted/pub.dev/web-1.1.1/lib/src/dom/svg_animations.dart:144:37: Error: The type 'JSObject' can't be implemented by an extension type.
    implements SVGAnimationElement, JSObject {
                                    ^
/C:/Users/berkgoknil/AppData/Local/Pub/Cache/hosted/pub.dev/web-1.1.1/lib/src/dom/svg_animations.dart:13:2: Error: Couldn't find constructor 'JS'.
@JS()
 ^^
/C:/Users/berkgoknil/AppData/Local/Pub/Cache/hosted/pub.dev/web-1.1.1/lib/src/dom/svg_animations.dart:31:28: Error: 'JSObject' isn't a type.
extension type TimeEvent._(JSObject _) implements Event, JSObject {
                           ^^^^^^^^
/C:/Users/berkgoknil/AppData/Local/Pub/Cache/hosted/pub.dev/web-1.1.1/lib/src/dom/svg_animations.dart:50:38: Error: 'JSObject' isn't a type.
extension type SVGAnimationElement._(JSObject _)
                                     ^^^^^^^^
/C:/Users/berkgoknil/AppData/Local/Pub/Cache/hosted/pub.dev/web-1.1.1/lib/src/dom/svg_animations.dart:78:36: Error: 'JSObject' isn't a type.
extension type SVGAnimateElement._(JSObject _)
                                   ^^^^^^^^
/C:/Users/berkgoknil/AppData/Local/Pub/Cache/hosted/pub.dev/web-1.1.1/lib/src/dom/svg_animations.dart:94:32: Error: 'JSObject' isn't a type.
extension type SVGSetElement._(JSObject _)
                               ^^^^^^^^
/C:/Users/berkgoknil/AppData/Local/Pub/Cache/hosted/pub.dev/web-1.1.1/lib/src/dom/svg_animations.dart:110:42: Error: 'JSObject' isn't a type.
extension type SVGAnimateMotionElement._(JSObject _)
                                         ^^^^^^^^
/C:/Users/berkgoknil/AppData/Local/Pub/Cache/hosted/pub.dev/web-1.1.1/lib/src/dom/svg_animations.dart:126:34: Error: 'JSObject' isn't a type.
extension type SVGMPathElement._(JSObject _) implements SVGElement, JSObject {
                                 ^^^^^^^^
/C:/Users/berkgoknil/AppData/Local/Pub/Cache/hosted/pub.dev/web-1.1.1/lib/src/dom/svg_animations.dart:143:45: Error: 'JSObject' isn't a type.
extension type SVGAnimateTransformElement._(JSObject _)
                                            ^^^^^^^^
/C:/Users/berkgoknil/AppData/Local/Pub/Cache/hosted/pub.dev/web-1.1.1/lib/src/dom/sanitizer_api.dart:16:8: Error: Dart library 'dart:js_interop' is not available on this platform.
import 'dart:js_interop';
       ^
/C:/Users/berkgoknil/AppData/Local/Pub/Cache/hosted/pub.dev/web-1.1.1/lib/src/dom/sanitizer_api.dart:18:28: Error: Type 'JSAny' not found.
typedef SanitizerElement = JSAny;
                           ^^^^^
/C:/Users/berkgoknil/AppData/Local/Pub/Cache/hosted/pub.dev/web-1.1.1/lib/src/dom/sanitizer_api.dart:19:42: Error: Type 'JSAny' not found.
typedef SanitizerElementWithAttributes = JSAny;
                                         ^^^^^
/C:/Users/berkgoknil/AppData/Local/Pub/Cache/hosted/pub.dev/web-1.1.1/lib/src/dom/sanitizer_api.dart:20:30: Error: Type 'JSAny' not found.
typedef SanitizerAttribute = JSAny;
                             ^^^^^
/C:/Users/berkgoknil/AppData/Local/Pub/Cache/hosted/pub.dev/web-1.1.1/lib/src/dom/sanitizer_api.dart:40:28: Error: Type 'JSObject' not found.
extension type Sanitizer._(JSObject _) implements JSObject {
                           ^^^^^^^^
/C:/Users/berkgoknil/AppData/Local/Pub/Cache/hosted/pub.dev/web-1.1.1/lib/src/dom/sanitizer_api.dart:40:51: Error: Type 'JSObject' not found.
extension type Sanitizer._(JSObject _) implements JSObject {
                                                  ^^^^^^^^
/C:/Users/berkgoknil/AppData/Local/Pub/Cache/hosted/pub.dev/web-1.1.1/lib/src/dom/sanitizer_api.dart:43:44: Error: Type 'JSObject' not found.
extension type SanitizerElementNamespace._(JSObject _) implements JSObject {
                                           ^^^^^^^^
/C:/Users/berkgoknil/AppData/Local/Pub/Cache/hosted/pub.dev/web-1.1.1/lib/src/dom/sanitizer_api.dart:43:67: Error: Type 'JSObject' not found.
extension type SanitizerElementNamespace._(JSObject _) implements JSObject {
                                                                  ^^^^^^^^
/C:/Users/berkgoknil/AppData/Local/Pub/Cache/hosted/pub.dev/web-1.1.1/lib/src/dom/sanitizer_api.dart:54:58: Error: Type 'JSObject' not found.
extension type SanitizerElementNamespaceWithAttributes._(JSObject _)
                                                         ^^^^^^^^
/C:/Users/berkgoknil/AppData/Local/Pub/Cache/hosted/pub.dev/web-1.1.1/lib/src/dom/sanitizer_api.dart:55:43: Error: Type 'JSObject' not found.
    implements SanitizerElementNamespace, JSObject {
                                          ^^^^^^^^
/C:/Users/berkgoknil/AppData/Local/Pub/Cache/hosted/pub.dev/web-1.1.1/lib/src/dom/sanitizer_api.dart:59:5: Error: Type 'JSArray' not found.
    JSArray<SanitizerAttribute> attributes,
    ^^^^^^^
/C:/Users/berkgoknil/AppData/Local/Pub/Cache/hosted/pub.dev/web-1.1.1/lib/src/dom/sanitizer_api.dart:60:5: Error: Type 'JSArray' not found.
    JSArray<SanitizerAttribute> removeAttributes,
    ^^^^^^^
/C:/Users/berkgoknil/AppData/Local/Pub/Cache/hosted/pub.dev/web-1.1.1/lib/src/dom/sanitizer_api.dart:63:12: Error: Type 'JSArray' not found.
  external JSArray<SanitizerAttribute> get attributes;
           ^^^^^^^
/C:/Users/berkgoknil/AppData/Local/Pub/Cache/hosted/pub.dev/web-1.1.1/lib/src/dom/sanitizer_api.dart:64:27: Error: Type 'JSArray' not found.
  external set attributes(JSArray<SanitizerAttribute> value);
                          ^^^^^^^
/C:/Users/berkgoknil/AppData/Local/Pub/Cache/hosted/pub.dev/web-1.1.1/lib/src/dom/sanitizer_api.dart:65:12: Error: Type 'JSArray' not found.
  external JSArray<SanitizerAttribute> get removeAttributes;
           ^^^^^^^
/C:/Users/berkgoknil/AppData/Local/Pub/Cache/hosted/pub.dev/web-1.1.1/lib/src/dom/sanitizer_api.dart:66:33: Error: Type 'JSArray' not found.
  external set removeAttributes(JSArray<SanitizerAttribute> value);
                                ^^^^^^^
/C:/Users/berkgoknil/AppData/Local/Pub/Cache/hosted/pub.dev/web-1.1.1/lib/src/dom/sanitizer_api.dart:68:46: Error: Type 'JSObject' not found.
extension type SanitizerAttributeNamespace._(JSObject _) implements JSObject {
                                             ^^^^^^^^
/C:/Users/berkgoknil/AppData/Local/Pub/Cache/hosted/pub.dev/web-1.1.1/lib/src/dom/sanitizer_api.dart:68:69: Error: Type 'JSObject' not found.
extension type SanitizerAttributeNamespace._(JSObject _) implements JSObject {
                                                                    ^^^^^^^^
/C:/Users/berkgoknil/AppData/Local/Pub/Cache/hosted/pub.dev/web-1.1.1/lib/src/dom/sanitizer_api.dart:79:34: Error: Type 'JSObject' not found.
extension type SanitizerConfig._(JSObject _) implements JSObject {
                                 ^^^^^^^^
/C:/Users/berkgoknil/AppData/Local/Pub/Cache/hosted/pub.dev/web-1.1.1/lib/src/dom/sanitizer_api.dart:79:57: Error: Type 'JSObject' not found.
extension type SanitizerConfig._(JSObject _) implements JSObject {
                                                        ^^^^^^^^
/C:/Users/berkgoknil/AppData/Local/Pub/Cache/hosted/pub.dev/web-1.1.1/lib/src/dom/sanitizer_api.dart:81:5: Error: Type 'JSArray' not found.
    JSArray<SanitizerElementWithAttributes> elements,
    ^^^^^^^
/C:/Users/berkgoknil/AppData/Local/Pub/Cache/hosted/pub.dev/web-1.1.1/lib/src/dom/sanitizer_api.dart:82:5: Error: Type 'JSArray' not found.
    JSArray<SanitizerElement> removeElements,
    ^^^^^^^
/C:/Users/berkgoknil/AppData/Local/Pub/Cache/hosted/pub.dev/web-1.1.1/lib/src/dom/sanitizer_api.dart:83:5: Error: Type 'JSArray' not found.
    JSArray<SanitizerElement> replaceWithChildrenElements,
    ^^^^^^^
/C:/Users/berkgoknil/AppData/Local/Pub/Cache/hosted/pub.dev/web-1.1.1/lib/src/dom/sanitizer_api.dart:84:5: Error: Type 'JSArray' not found.
    JSArray<SanitizerAttribute> attributes,
    ^^^^^^^
/C:/Users/berkgoknil/AppData/Local/Pub/Cache/hosted/pub.dev/web-1.1.1/lib/src/dom/sanitizer_api.dart:85:5: Error: Type 'JSArray' not found.
    JSArray<SanitizerAttribute> removeAttributes,
    ^^^^^^^
/C:/Users/berkgoknil/AppData/Local/Pub/Cache/hosted/pub.dev/web-1.1.1/lib/src/dom/sanitizer_api.dart:90:12: Error: Type 'JSArray' not found.
  external JSArray<SanitizerElementWithAttributes> get elements;
           ^^^^^^^
/C:/Users/berkgoknil/AppData/Local/Pub/Cache/hosted/pub.dev/web-1.1.1/lib/src/dom/sanitizer_api.dart:91:25: Error: Type 'JSArray' not found.
  external set elements(JSArray<SanitizerElementWithAttributes> value);
                        ^^^^^^^
/C:/Users/berkgoknil/AppData/Local/Pub/Cache/hosted/pub.dev/web-1.1.1/lib/src/dom/sanitizer_api.dart:92:12: Error: Type 'JSArray' not found.
  external JSArray<SanitizerElement> get removeElements;
           ^^^^^^^
/C:/Users/berkgoknil/AppData/Local/Pub/Cache/hosted/pub.dev/web-1.1.1/lib/src/dom/sanitizer_api.dart:93:31: Error: Type 'JSArray' not found.
  external set removeElements(JSArray<SanitizerElement> value);
                              ^^^^^^^
/C:/Users/berkgoknil/AppData/Local/Pub/Cache/hosted/pub.dev/web-1.1.1/lib/src/dom/sanitizer_api.dart:94:12: Error: Type 'JSArray' not found.
  external JSArray<SanitizerElement> get replaceWithChildrenElements;
           ^^^^^^^
/C:/Users/berkgoknil/AppData/Local/Pub/Cache/hosted/pub.dev/web-1.1.1/lib/src/dom/sanitizer_api.dart:95:44: Error: Type 'JSArray' not found.
  external set replaceWithChildrenElements(JSArray<SanitizerElement> value);
                                           ^^^^^^^
/C:/Users/berkgoknil/AppData/Local/Pub/Cache/hosted/pub.dev/web-1.1.1/lib/src/dom/sanitizer_api.dart:96:12: Error: Type 'JSArray' not found.
  external JSArray<SanitizerAttribute> get attributes;
           ^^^^^^^
/C:/Users/berkgoknil/AppData/Local/Pub/Cache/hosted/pub.dev/web-1.1.1/lib/src/dom/sanitizer_api.dart:97:27: Error: Type 'JSArray' not found.
  external set attributes(JSArray<SanitizerAttribute> value);
                          ^^^^^^^
/C:/Users/berkgoknil/AppData/Local/Pub/Cache/hosted/pub.dev/web-1.1.1/lib/src/dom/sanitizer_api.dart:98:12: Error: Type 'JSArray' not found.
  external JSArray<SanitizerAttribute> get removeAttributes;
           ^^^^^^^
/C:/Users/berkgoknil/AppData/Local/Pub/Cache/hosted/pub.dev/web-1.1.1/lib/src/dom/sanitizer_api.dart:99:33: Error: Type 'JSArray' not found.
  external set removeAttributes(JSArray<SanitizerAttribute> value);
                                ^^^^^^^
/C:/Users/berkgoknil/AppData/Local/Pub/Cache/hosted/pub.dev/web-1.1.1/lib/src/dom/sanitizer_api.dart:40:51: Error: The type 'JSObject' can't be implemented by an extension type.
extension type Sanitizer._(JSObject _) implements JSObject {
                                                  ^
/C:/Users/berkgoknil/AppData/Local/Pub/Cache/hosted/pub.dev/web-1.1.1/lib/src/dom/sanitizer_api.dart:43:67: Error: The type 'JSObject' can't be implemented by an extension type.
extension type SanitizerElementNamespace._(JSObject _) implements JSObject {
                                                                  ^
/C:/Users/berkgoknil/AppData/Local/Pub/Cache/hosted/pub.dev/web-1.1.1/lib/src/dom/sanitizer_api.dart:55:43: Error: The type 'JSObject' can't be implemented by an extension type.
    implements SanitizerElementNamespace, JSObject {
                                          ^
/C:/Users/berkgoknil/AppData/Local/Pub/Cache/hosted/pub.dev/web-1.1.1/lib/src/dom/sanitizer_api.dart:68:69: Error: The type 'JSObject' can't be implemented by an extension type.
extension type SanitizerAttributeNamespace._(JSObject _) implements JSObject {
                                                                    ^
/C:/Users/berkgoknil/AppData/Local/Pub/Cache/hosted/pub.dev/web-1.1.1/lib/src/dom/sanitizer_api.dart:79:57: Error: The type 'JSObject' can't be implemented by an extension type.
extension type SanitizerConfig._(JSObject _) implements JSObject {
                                                        ^
/C:/Users/berkgoknil/AppData/Local/Pub/Cache/hosted/pub.dev/web-1.1.1/lib/src/dom/sanitizer_api.dart:13:2: Error: Couldn't find constructor 'JS'.
@JS()
 ^^
/C:/Users/berkgoknil/AppData/Local/Pub/Cache/hosted/pub.dev/web-1.1.1/lib/src/dom/sanitizer_api.dart:40:28: Error: 'JSObject' isn't a type.
extension type Sanitizer._(JSObject _) implements JSObject {
                           ^^^^^^^^
/C:/Users/berkgoknil/AppData/Local/Pub/Cache/hosted/pub.dev/web-1.1.1/lib/src/dom/sanitizer_api.dart:43:44: Error: 'JSObject' isn't a type.
extension type SanitizerElementNamespace._(JSObject _) implements JSObject {
                                           ^^^^^^^^
/C:/Users/berkgoknil/AppData/Local/Pub/Cache/hosted/pub.dev/web-1.1.1/lib/src/dom/sanitizer_api.dart:54:58: Error: 'JSObject' isn't a type.
extension type SanitizerElementNamespaceWithAttributes._(JSObject _)
                                                         ^^^^^^^^
/C:/Users/berkgoknil/AppData/Local/Pub/Cache/hosted/pub.dev/web-1.1.1/lib/src/dom/sanitizer_api.dart:59:5: Error: 'JSArray' isn't a type.
    JSArray<SanitizerAttribute> attributes,
    ^^^^^^^
/C:/Users/berkgoknil/AppData/Local/Pub/Cache/hosted/pub.dev/web-1.1.1/lib/src/dom/sanitizer_api.dart:60:5: Error: 'JSArray' isn't a type.
    JSArray<SanitizerAttribute> removeAttributes,
    ^^^^^^^
/C:/Users/berkgoknil/AppData/Local/Pub/Cache/hosted/pub.dev/web-1.1.1/lib/src/dom/sanitizer_api.dart:64:27: Error: 'JSArray' isn't a type.
  external set attributes(JSArray<SanitizerAttribute> value);
                          ^^^^^^^
/C:/Users/berkgoknil/AppData/Local/Pub/Cache/hosted/pub.dev/web-1.1.1/lib/src/dom/sanitizer_api.dart:66:33: Error: 'JSArray' isn't a type.
  external set removeAttributes(JSArray<SanitizerAttribute> value);
                                ^^^^^^^
/C:/Users/berkgoknil/AppData/Local/Pub/Cache/hosted/pub.dev/web-1.1.1/lib/src/dom/sanitizer_api.dart:68:46: Error: 'JSObject' isn't a type.
extension type SanitizerAttributeNamespace._(JSObject _) implements JSObject {
                                             ^^^^^^^^
/C:/Users/berkgoknil/AppData/Local/Pub/Cache/hosted/pub.dev/web-1.1.1/lib/src/dom/sanitizer_api.dart:79:34: Error: 'JSObject' isn't a type.
extension type SanitizerConfig._(JSObject _) implements JSObject {
                                 ^^^^^^^^
/C:/Users/berkgoknil/AppData/Local/Pub/Cache/hosted/pub.dev/web-1.1.1/lib/src/dom/sanitizer_api.dart:81:5: Error: 'JSArray' isn't a type.
    JSArray<SanitizerElementWithAttributes> elements,
    ^^^^^^^
/C:/Users/berkgoknil/AppData/Local/Pub/Cache/hosted/pub.dev/web-1.1.1/lib/src/dom/sanitizer_api.dart:82:5: Error: 'JSArray' isn't a type.
    JSArray<SanitizerElement> removeElements,
    ^^^^^^^
/C:/Users/berkgoknil/AppData/Local/Pub/Cache/hosted/pub.dev/web-1.1.1/lib/src/dom/sanitizer_api.dart:83:5: Error: 'JSArray' isn't a type.
    JSArray<SanitizerElement> replaceWithChildrenElements,
    ^^^^^^^
/C:/Users/berkgoknil/AppData/Local/Pub/Cache/hosted/pub.dev/web-1.1.1/lib/src/dom/sanitizer_api.dart:84:5: Error: 'JSArray' isn't a type.
    JSArray<SanitizerAttribute> attributes,
    ^^^^^^^
/C:/Users/berkgoknil/AppData/Local/Pub/Cache/hosted/pub.dev/web-1.1.1/lib/src/dom/sanitizer_api.dart:85:5: Error: 'JSArray' isn't a type.
    JSArray<SanitizerAttribute> removeAttributes,
    ^^^^^^^
/C:/Users/berkgoknil/AppData/Local/Pub/Cache/hosted/pub.dev/web-1.1.1/lib/src/dom/sanitizer_api.dart:91:25: Error: 'JSArray' isn't a type.
  external set elements(JSArray<SanitizerElementWithAttributes> value);
                        ^^^^^^^
/C:/Users/berkgoknil/AppData/Local/Pub/Cache/hosted/pub.dev/web-1.1.1/lib/src/dom/sanitizer_api.dart:93:31: Error: 'JSArray' isn't a type.
  external set removeElements(JSArray<SanitizerElement> value);
                              ^^^^^^^
/C:/Users/berkgoknil/AppData/Local/Pub/Cache/hosted/pub.dev/web-1.1.1/lib/src/dom/sanitizer_api.dart:95:44: Error: 'JSArray' isn't a type.
  external set replaceWithChildrenElements(JSArray<SanitizerElement> value);
                                           ^^^^^^^
/C:/Users/berkgoknil/AppData/Local/Pub/Cache/hosted/pub.dev/web-1.1.1/lib/src/dom/sanitizer_api.dart:97:27: Error: 'JSArray' isn't a type.
  external set attributes(JSArray<SanitizerAttribute> value);
                          ^^^^^^^
/C:/Users/berkgoknil/AppData/Local/Pub/Cache/hosted/pub.dev/web-1.1.1/lib/src/dom/sanitizer_api.dart:99:33: Error: 'JSArray' isn't a type.
  external set removeAttributes(JSArray<SanitizerAttribute> value);
                                ^^^^^^^
/C:/Users/berkgoknil/AppData/Local/Pub/Cache/hosted/pub.dev/web-1.1.1/lib/src/dom/saa_non_cookie_storage.dart:16:8: Error: Dart library 'dart:js_interop' is not available on this platform.
import 'dart:js_interop';
       ^
/C:/Users/berkgoknil/AppData/Local/Pub/Cache/hosted/pub.dev/web-1.1.1/lib/src/dom/saa_non_cookie_storage.dart:36:38: Error: Type 'JSObject' not found.
extension type StorageAccessHandle._(JSObject _) implements JSObject {
                                     ^^^^^^^^
/C:/Users/berkgoknil/AppData/Local/Pub/Cache/hosted/pub.dev/web-1.1.1/lib/src/dom/saa_non_cookie_storage.dart:36:61: Error: Type 'JSObject' not found.
extension type StorageAccessHandle._(JSObject _) implements JSObject {
                                                            ^^^^^^^^
/C:/Users/berkgoknil/AppData/Local/Pub/Cache/hosted/pub.dev/web-1.1.1/lib/src/dom/saa_non_cookie_storage.dart:38:12: Error: Type 'JSPromise' not found.
  external JSPromise<FileSystemDirectoryHandle> getDirectory();
           ^^^^^^^^^
/C:/Users/berkgoknil/AppData/Local/Pub/Cache/hosted/pub.dev/web-1.1.1/lib/src/dom/saa_non_cookie_storage.dart:41:12: Error: Type 'JSPromise' not found.
  external JSPromise<StorageEstimate> estimate();
           ^^^^^^^^^
/C:/Users/berkgoknil/AppData/Local/Pub/Cache/hosted/pub.dev/web-1.1.1/lib/src/dom/saa_non_cookie_storage.dart:44:35: Error: Type 'JSObject' not found.
  external String createObjectURL(JSObject obj);
                                  ^^^^^^^^
/C:/Users/berkgoknil/AppData/Local/Pub/Cache/hosted/pub.dev/web-1.1.1/lib/src/dom/saa_non_cookie_storage.dart:57:5: Error: Type 'JSAny' not found.
    JSAny options,
    ^^^^^
/C:/Users/berkgoknil/AppData/Local/Pub/Cache/hosted/pub.dev/web-1.1.1/lib/src/dom/saa_non_cookie_storage.dart:85:38: Error: Type 'JSObject' not found.
extension type SharedWorkerOptions._(JSObject _)
                                     ^^^^^^^^
/C:/Users/berkgoknil/AppData/Local/Pub/Cache/hosted/pub.dev/web-1.1.1/lib/src/dom/saa_non_cookie_storage.dart:86:31: Error: Type 'JSObject' not found.
    implements WorkerOptions, JSObject {
                              ^^^^^^^^
/C:/Users/berkgoknil/AppData/Local/Pub/Cache/hosted/pub.dev/web-1.1.1/lib/src/dom/saa_non_cookie_storage.dart:36:61: Error: The type 'JSObject' can't be implemented by an extension type.
extension type StorageAccessHandle._(JSObject _) implements JSObject {
                                                            ^
/C:/Users/berkgoknil/AppData/Local/Pub/Cache/hosted/pub.dev/web-1.1.1/lib/src/dom/saa_non_cookie_storage.dart:86:31: Error: The type 'JSObject' can't be implemented by an extension type.
    implements WorkerOptions, JSObject {
                              ^
/C:/Users/berkgoknil/AppData/Local/Pub/Cache/hosted/pub.dev/web-1.1.1/lib/src/dom/saa_non_cookie_storage.dart:13:2: Error: Couldn't find constructor 'JS'.
@JS()
 ^^
/C:/Users/berkgoknil/AppData/Local/Pub/Cache/hosted/pub.dev/web-1.1.1/lib/src/dom/saa_non_cookie_storage.dart:50:4: Error: Couldn't find constructor 'JS'.
  @JS('BroadcastChannel')
   ^^
/C:/Users/berkgoknil/AppData/Local/Pub/Cache/hosted/pub.dev/web-1.1.1/lib/src/dom/saa_non_cookie_storage.dart:54:4: Error: Couldn't find constructor 'JS'.
  @JS('SharedWorker')
   ^^
/C:/Users/berkgoknil/AppData/Local/Pub/Cache/hosted/pub.dev/web-1.1.1/lib/src/dom/saa_non_cookie_storage.dart:36:38: Error: 'JSObject' isn't a type.
extension type StorageAccessHandle._(JSObject _) implements JSObject {
                                     ^^^^^^^^
/C:/Users/berkgoknil/AppData/Local/Pub/Cache/hosted/pub.dev/web-1.1.1/lib/src/dom/saa_non_cookie_storage.dart:44:35: Error: 'JSObject' isn't a type.
  external String createObjectURL(JSObject obj);
                                  ^^^^^^^^
/C:/Users/berkgoknil/AppData/Local/Pub/Cache/hosted/pub.dev/web-1.1.1/lib/src/dom/saa_non_cookie_storage.dart:57:5: Error: 'JSAny' isn't a type.
    JSAny options,
    ^^^^^
/C:/Users/berkgoknil/AppData/Local/Pub/Cache/hosted/pub.dev/web-1.1.1/lib/src/dom/saa_non_cookie_storage.dart:85:38: Error: 'JSObject' isn't a type.
extension type SharedWorkerOptions._(JSObject _)
                                     ^^^^^^^^
/C:/Users/berkgoknil/AppData/Local/Pub/Cache/hosted/pub.dev/web-1.1.1/lib/src/dom/resize_observer.dart:16:8: Error: Dart library 'dart:js_interop' is not available on this platform.
import 'dart:js_interop';
       ^
/C:/Users/berkgoknil/AppData/Local/Pub/Cache/hosted/pub.dev/web-1.1.1/lib/src/dom/resize_observer.dart:21:34: Error: Type 'JSFunction' not found.
typedef ResizeObserverCallback = JSFunction;
                                 ^^^^^^^^^^
/C:/Users/berkgoknil/AppData/Local/Pub/Cache/hosted/pub.dev/web-1.1.1/lib/src/dom/resize_observer.dart:23:40: Error: Type 'JSObject' not found.
extension type ResizeObserverOptions._(JSObject _) implements JSObject {
                                       ^^^^^^^^
/C:/Users/berkgoknil/AppData/Local/Pub/Cache/hosted/pub.dev/web-1.1.1/lib/src/dom/resize_observer.dart:23:63: Error: Type 'JSObject' not found.
extension type ResizeObserverOptions._(JSObject _) implements JSObject {
                                                              ^^^^^^^^
/C:/Users/berkgoknil/AppData/Local/Pub/Cache/hosted/pub.dev/web-1.1.1/lib/src/dom/resize_observer.dart:43:33: Error: Type 'JSObject' not found.
extension type ResizeObserver._(JSObject _) implements JSObject {
                                ^^^^^^^^
/C:/Users/berkgoknil/AppData/Local/Pub/Cache/hosted/pub.dev/web-1.1.1/lib/src/dom/resize_observer.dart:43:56: Error: Type 'JSObject' not found.
extension type ResizeObserver._(JSObject _) implements JSObject {
                                                       ^^^^^^^^
/C:/Users/berkgoknil/AppData/Local/Pub/Cache/hosted/pub.dev/web-1.1.1/lib/src/dom/resize_observer.dart:74:38: Error: Type 'JSObject' not found.
extension type ResizeObserverEntry._(JSObject _) implements JSObject {
                                     ^^^^^^^^
/C:/Users/berkgoknil/AppData/Local/Pub/Cache/hosted/pub.dev/web-1.1.1/lib/src/dom/resize_observer.dart:74:61: Error: Type 'JSObject' not found.
extension type ResizeObserverEntry._(JSObject _) implements JSObject {
                                                            ^^^^^^^^
/C:/Users/berkgoknil/AppData/Local/Pub/Cache/hosted/pub.dev/web-1.1.1/lib/src/dom/resize_observer.dart:94:12: Error: Type 'JSArray' not found.
  external JSArray<ResizeObserverSize> get borderBoxSize;
           ^^^^^^^
/C:/Users/berkgoknil/AppData/Local/Pub/Cache/hosted/pub.dev/web-1.1.1/lib/src/dom/resize_observer.dart:99:12: Error: Type 'JSArray' not found.
  external JSArray<ResizeObserverSize> get contentBoxSize;
           ^^^^^^^
/C:/Users/berkgoknil/AppData/Local/Pub/Cache/hosted/pub.dev/web-1.1.1/lib/src/dom/resize_observer.dart:104:12: Error: Type 'JSArray' not found.
  external JSArray<ResizeObserverSize> get devicePixelContentBoxSize;
           ^^^^^^^
/C:/Users/berkgoknil/AppData/Local/Pub/Cache/hosted/pub.dev/web-1.1.1/lib/src/dom/resize_observer.dart:120:37: Error: Type 'JSObject' not found.
extension type ResizeObserverSize._(JSObject _) implements JSObject {
                                    ^^^^^^^^
/C:/Users/berkgoknil/AppData/Local/Pub/Cache/hosted/pub.dev/web-1.1.1/lib/src/dom/resize_observer.dart:120:60: Error: Type 'JSObject' not found.
extension type ResizeObserverSize._(JSObject _) implements JSObject {
                                                           ^^^^^^^^
/C:/Users/berkgoknil/AppData/Local/Pub/Cache/hosted/pub.dev/web-1.1.1/lib/src/dom/resize_observer.dart:23:63: Error: The type 'JSObject' can't be implemented by an extension type.
extension type ResizeObserverOptions._(JSObject _) implements JSObject {
                                                              ^
/C:/Users/berkgoknil/AppData/Local/Pub/Cache/hosted/pub.dev/web-1.1.1/lib/src/dom/resize_observer.dart:43:56: Error: The type 'JSObject' can't be implemented by an extension type.
extension type ResizeObserver._(JSObject _) implements JSObject {
                                                       ^
/C:/Users/berkgoknil/AppData/Local/Pub/Cache/hosted/pub.dev/web-1.1.1/lib/src/dom/resize_observer.dart:74:61: Error: The type 'JSObject' can't be implemented by an extension type.
extension type ResizeObserverEntry._(JSObject _) implements JSObject {
                                                            ^
/C:/Users/berkgoknil/AppData/Local/Pub/Cache/hosted/pub.dev/web-1.1.1/lib/src/dom/resize_observer.dart:120:60: Error: The type 'JSObject' can't be implemented by an extension type.
extension type ResizeObserverSize._(JSObject _) implements JSObject {
                                                           ^
/C:/Users/berkgoknil/AppData/Local/Pub/Cache/hosted/pub.dev/web-1.1.1/lib/src/dom/resize_observer.dart:13:2: Error: Couldn't find constructor 'JS'.
@JS()
 ^^
/C:/Users/berkgoknil/AppData/Local/Pub/Cache/hosted/pub.dev/web-1.1.1/lib/src/dom/resize_observer.dart:23:40: Error: 'JSObject' isn't a type.
extension type ResizeObserverOptions._(JSObject _) implements JSObject {
                                       ^^^^^^^^
/C:/Users/berkgoknil/AppData/Local/Pub/Cache/hosted/pub.dev/web-1.1.1/lib/src/dom/resize_observer.dart:43:33: Error: 'JSObject' isn't a type.
extension type ResizeObserver._(JSObject _) implements JSObject {
                                ^^^^^^^^
/C:/Users/berkgoknil/AppData/Local/Pub/Cache/hosted/pub.dev/web-1.1.1/lib/src/dom/resize_observer.dart:74:38: Error: 'JSObject' isn't a type.
extension type ResizeObserverEntry._(JSObject _) implements JSObject {
                                     ^^^^^^^^
/C:/Users/berkgoknil/AppData/Local/Pub/Cache/hosted/pub.dev/web-1.1.1/lib/src/dom/resize_observer.dart:120:37: Error: 'JSObject' isn't a type.
extension type ResizeObserverSize._(JSObject _) implements JSObject {
                                    ^^^^^^^^
/C:/Users/berkgoknil/AppData/Local/Pub/Cache/hosted/pub.dev/web-1.1.1/lib/src/dom/reporting.dart:16:8: Error: Dart library 'dart:js_interop' is not available on this platform.
import 'dart:js_interop';
       ^
/C:/Users/berkgoknil/AppData/Local/Pub/Cache/hosted/pub.dev/web-1.1.1/lib/src/dom/reporting.dart:18:22: Error: Type 'JSArray' not found.
typedef ReportList = JSArray<Report>;
                     ^^^^^^^
/C:/Users/berkgoknil/AppData/Local/Pub/Cache/hosted/pub.dev/web-1.1.1/lib/src/dom/reporting.dart:19:37: Error: Type 'JSFunction' not found.
typedef ReportingObserverCallback = JSFunction;
                                    ^^^^^^^^^^
/C:/Users/berkgoknil/AppData/Local/Pub/Cache/hosted/pub.dev/web-1.1.1/lib/src/dom/reporting.dart:38:29: Error: Type 'JSObject' not found.
extension type ReportBody._(JSObject _) implements JSObject {
                            ^^^^^^^^
/C:/Users/berkgoknil/AppData/Local/Pub/Cache/hosted/pub.dev/web-1.1.1/lib/src/dom/reporting.dart:38:52: Error: Type 'JSObject' not found.
extension type ReportBody._(JSObject _) implements JSObject {
                                                   ^^^^^^^^
/C:/Users/berkgoknil/AppData/Local/Pub/Cache/hosted/pub.dev/web-1.1.1/lib/src/dom/reporting.dart:41:12: Error: Type 'JSObject' not found.
  external JSObject toJSON();
           ^^^^^^^^
/C:/Users/berkgoknil/AppData/Local/Pub/Cache/hosted/pub.dev/web-1.1.1/lib/src/dom/reporting.dart:62:25: Error: Type 'JSObject' not found.
extension type Report._(JSObject _) implements JSObject {
                        ^^^^^^^^
/C:/Users/berkgoknil/AppData/Local/Pub/Cache/hosted/pub.dev/web-1.1.1/lib/src/dom/reporting.dart:62:48: Error: Type 'JSObject' not found.
extension type Report._(JSObject _) implements JSObject {
                                               ^^^^^^^^
/C:/Users/berkgoknil/AppData/Local/Pub/Cache/hosted/pub.dev/web-1.1.1/lib/src/dom/reporting.dart:63:12: Error: Type 'JSObject' not found.
  external JSObject toJSON();
           ^^^^^^^^
/C:/Users/berkgoknil/AppData/Local/Pub/Cache/hosted/pub.dev/web-1.1.1/lib/src/dom/reporting.dart:88:36: Error: Type 'JSObject' not found.
extension type ReportingObserver._(JSObject _) implements JSObject {
                                   ^^^^^^^^
/C:/Users/berkgoknil/AppData/Local/Pub/Cache/hosted/pub.dev/web-1.1.1/lib/src/dom/reporting.dart:88:59: Error: Type 'JSObject' not found.
extension type ReportingObserver._(JSObject _) implements JSObject {
                                                          ^^^^^^^^
/C:/Users/berkgoknil/AppData/Local/Pub/Cache/hosted/pub.dev/web-1.1.1/lib/src/dom/reporting.dart:117:43: Error: Type 'JSObject' not found.
extension type ReportingObserverOptions._(JSObject _) implements JSObject {
                                          ^^^^^^^^
/C:/Users/berkgoknil/AppData/Local/Pub/Cache/hosted/pub.dev/web-1.1.1/lib/src/dom/reporting.dart:117:66: Error: Type 'JSObject' not found.
extension type ReportingObserverOptions._(JSObject _) implements JSObject {
                                                                 ^^^^^^^^
/C:/Users/berkgoknil/AppData/Local/Pub/Cache/hosted/pub.dev/web-1.1.1/lib/src/dom/reporting.dart:119:13: Error: Type 'JSString' not found.
    JSArray<JSString> types,
            ^^^^^^^^
/C:/Users/berkgoknil/AppData/Local/Pub/Cache/hosted/pub.dev/web-1.1.1/lib/src/dom/reporting.dart:119:5: Error: Type 'JSArray' not found.
    JSArray<JSString> types,
    ^^^^^^^
/C:/Users/berkgoknil/AppData/Local/Pub/Cache/hosted/pub.dev/web-1.1.1/lib/src/dom/reporting.dart:123:20: Error: Type 'JSString' not found.
  external JSArray<JSString> get types;
                   ^^^^^^^^
/C:/Users/berkgoknil/AppData/Local/Pub/Cache/hosted/pub.dev/web-1.1.1/lib/src/dom/reporting.dart:123:12: Error: Type 'JSArray' not found.
  external JSArray<JSString> get types;
           ^^^^^^^
/C:/Users/berkgoknil/AppData/Local/Pub/Cache/hosted/pub.dev/web-1.1.1/lib/src/dom/reporting.dart:124:30: Error: Type 'JSString' not found.
  external set types(JSArray<JSString> value);
                             ^^^^^^^^
/C:/Users/berkgoknil/AppData/Local/Pub/Cache/hosted/pub.dev/web-1.1.1/lib/src/dom/reporting.dart:124:22: Error: Type 'JSArray' not found.
  external set types(JSArray<JSString> value);
                     ^^^^^^^
/C:/Users/berkgoknil/AppData/Local/Pub/Cache/hosted/pub.dev/web-1.1.1/lib/src/dom/reporting.dart:38:52: Error: The type 'JSObject' can't be implemented by an extension type.
extension type ReportBody._(JSObject _) implements JSObject {
                                                   ^
/C:/Users/berkgoknil/AppData/Local/Pub/Cache/hosted/pub.dev/web-1.1.1/lib/src/dom/reporting.dart:62:48: Error: The type 'JSObject' can't be implemented by an extension type.
extension type Report._(JSObject _) implements JSObject {
                                               ^
/C:/Users/berkgoknil/AppData/Local/Pub/Cache/hosted/pub.dev/web-1.1.1/lib/src/dom/reporting.dart:88:59: Error: The type 'JSObject' can't be implemented by an extension type.
extension type ReportingObserver._(JSObject _) implements JSObject {
                                                          ^
/C:/Users/berkgoknil/AppData/Local/Pub/Cache/hosted/pub.dev/web-1.1.1/lib/src/dom/reporting.dart:117:66: Error: The type 'JSObject' can't be implemented by an extension type.
extension type ReportingObserverOptions._(JSObject _) implements JSObject {
                                                                 ^
/C:/Users/berkgoknil/AppData/Local/Pub/Cache/hosted/pub.dev/web-1.1.1/lib/src/dom/reporting.dart:13:2: Error: Couldn't find constructor 'JS'.
@JS()
 ^^
/C:/Users/berkgoknil/AppData/Local/Pub/Cache/hosted/pub.dev/web-1.1.1/lib/src/dom/reporting.dart:38:29: Error: 'JSObject' isn't a type.
extension type ReportBody._(JSObject _) implements JSObject {
                            ^^^^^^^^
/C:/Users/berkgoknil/AppData/Local/Pub/Cache/hosted/pub.dev/web-1.1.1/lib/src/dom/reporting.dart:62:25: Error: 'JSObject' isn't a type.
extension type Report._(JSObject _) implements JSObject {
                        ^^^^^^^^
/C:/Users/berkgoknil/AppData/Local/Pub/Cache/hosted/pub.dev/web-1.1.1/lib/src/dom/reporting.dart:88:36: Error: 'JSObject' isn't a type.
extension type ReportingObserver._(JSObject _) implements JSObject {
                                   ^^^^^^^^
/C:/Users/berkgoknil/AppData/Local/Pub/Cache/hosted/pub.dev/web-1.1.1/lib/src/dom/reporting.dart:117:43: Error: 'JSObject' isn't a type.
extension type ReportingObserverOptions._(JSObject _) implements JSObject {
                                          ^^^^^^^^
/C:/Users/berkgoknil/AppData/Local/Pub/Cache/hosted/pub.dev/web-1.1.1/lib/src/dom/reporting.dart:119:13: Error: 'JSString' isn't a type.
    JSArray<JSString> types,
            ^^^^^^^^
/C:/Users/berkgoknil/AppData/Local/Pub/Cache/hosted/pub.dev/web-1.1.1/lib/src/dom/reporting.dart:119:5: Error: 'JSArray' isn't a type.
    JSArray<JSString> types,
    ^^^^^^^
/C:/Users/berkgoknil/AppData/Local/Pub/Cache/hosted/pub.dev/web-1.1.1/lib/src/dom/reporting.dart:124:30: Error: 'JSString' isn't a type.
  external set types(JSArray<JSString> value);
                             ^^^^^^^^
/C:/Users/berkgoknil/AppData/Local/Pub/Cache/hosted/pub.dev/web-1.1.1/lib/src/dom/reporting.dart:124:22: Error: 'JSArray' isn't a type.
  external set types(JSArray<JSString> value);
                     ^^^^^^^
/C:/Users/berkgoknil/AppData/Local/Pub/Cache/hosted/pub.dev/web-1.1.1/lib/src/dom/pointerevents.dart:16:8: Error: Dart library 'dart:js_interop' is not available on this platform.
import 'dart:js_interop';
       ^
/C:/Users/berkgoknil/AppData/Local/Pub/Cache/hosted/pub.dev/web-1.1.1/lib/src/dom/pointerevents.dart:22:35: Error: Type 'JSObject' not found.
extension type PointerEventInit._(JSObject _)
                                  ^^^^^^^^
/C:/Users/berkgoknil/AppData/Local/Pub/Cache/hosted/pub.dev/web-1.1.1/lib/src/dom/pointerevents.dart:23:32: Error: Type 'JSObject' not found.
    implements MouseEventInit, JSObject {
                               ^^^^^^^^
/C:/Users/berkgoknil/AppData/Local/Pub/Cache/hosted/pub.dev/web-1.1.1/lib/src/dom/pointerevents.dart:30:5: Error: Type 'JSObject' not found.
    JSObject? sourceCapabilities,
    ^^^^^^^^
/C:/Users/berkgoknil/AppData/Local/Pub/Cache/hosted/pub.dev/web-1.1.1/lib/src/dom/pointerevents.dart:67:5: Error: Type 'JSArray' not found.
    JSArray<PointerEvent> coalescedEvents,
    ^^^^^^^
/C:/Users/berkgoknil/AppData/Local/Pub/Cache/hosted/pub.dev/web-1.1.1/lib/src/dom/pointerevents.dart:68:5: Error: Type 'JSArray' not found.
    JSArray<PointerEvent> predictedEvents,
    ^^^^^^^
/C:/Users/berkgoknil/AppData/Local/Pub/Cache/hosted/pub.dev/web-1.1.1/lib/src/dom/pointerevents.dart:95:12: Error: Type 'JSArray' not found.
  external JSArray<PointerEvent> get coalescedEvents;
           ^^^^^^^
/C:/Users/berkgoknil/AppData/Local/Pub/Cache/hosted/pub.dev/web-1.1.1/lib/src/dom/pointerevents.dart:96:32: Error: Type 'JSArray' not found.
  external set coalescedEvents(JSArray<PointerEvent> value);
                               ^^^^^^^
/C:/Users/berkgoknil/AppData/Local/Pub/Cache/hosted/pub.dev/web-1.1.1/lib/src/dom/pointerevents.dart:97:12: Error: Type 'JSArray' not found.
  external JSArray<PointerEvent> get predictedEvents;
           ^^^^^^^
/C:/Users/berkgoknil/AppData/Local/Pub/Cache/hosted/pub.dev/web-1.1.1/lib/src/dom/pointerevents.dart:98:32: Error: Type 'JSArray' not found.
  external set predictedEvents(JSArray<PointerEvent> value);
                               ^^^^^^^
/C:/Users/berkgoknil/AppData/Local/Pub/Cache/hosted/pub.dev/web-1.1.1/lib/src/dom/pointerevents.dart:120:31: Error: Type 'JSObject' not found.
extension type PointerEvent._(JSObject _) implements MouseEvent, JSObject {
                              ^^^^^^^^
/C:/Users/berkgoknil/AppData/Local/Pub/Cache/hosted/pub.dev/web-1.1.1/lib/src/dom/pointerevents.dart:120:66: Error: Type 'JSObject' not found.
extension type PointerEvent._(JSObject _) implements MouseEvent, JSObject {
                                                                 ^^^^^^^^
/C:/Users/berkgoknil/AppData/Local/Pub/Cache/hosted/pub.dev/web-1.1.1/lib/src/dom/pointerevents.dart:145:12: Error: Type 'JSArray' not found.
  external JSArray<PointerEvent> getCoalescedEvents();
           ^^^^^^^
/C:/Users/berkgoknil/AppData/Local/Pub/Cache/hosted/pub.dev/web-1.1.1/lib/src/dom/pointerevents.dart:159:12: Error: Type 'JSArray' not found.
  external JSArray<PointerEvent> getPredictedEvents();
           ^^^^^^^
/C:/Users/berkgoknil/AppData/Local/Pub/Cache/hosted/pub.dev/web-1.1.1/lib/src/dom/pointerevents.dart:23:32: Error: The type 'JSObject' can't be implemented by an extension type.
    implements MouseEventInit, JSObject {
                               ^
/C:/Users/berkgoknil/AppData/Local/Pub/Cache/hosted/pub.dev/web-1.1.1/lib/src/dom/pointerevents.dart:120:66: Error: The type 'JSObject' can't be implemented by an extension type.
extension type PointerEvent._(JSObject _) implements MouseEvent, JSObject {
                                                                 ^
/C:/Users/berkgoknil/AppData/Local/Pub/Cache/hosted/pub.dev/web-1.1.1/lib/src/dom/pointerevents.dart:13:2: Error: Couldn't find constructor 'JS'.
@JS()
 ^^
/C:/Users/berkgoknil/AppData/Local/Pub/Cache/hosted/pub.dev/web-1.1.1/lib/src/dom/pointerevents.dart:22:35: Error: 'JSObject' isn't a type.
extension type PointerEventInit._(JSObject _)
                                  ^^^^^^^^
/C:/Users/berkgoknil/AppData/Local/Pub/Cache/hosted/pub.dev/web-1.1.1/lib/src/dom/pointerevents.dart:30:5: Error: 'JSObject' isn't a type.
    JSObject? sourceCapabilities,
    ^^^^^^^^
/C:/Users/berkgoknil/AppData/Local/Pub/Cache/hosted/pub.dev/web-1.1.1/lib/src/dom/pointerevents.dart:67:5: Error: 'JSArray' isn't a type.
    JSArray<PointerEvent> coalescedEvents,
    ^^^^^^^
/C:/Users/berkgoknil/AppData/Local/Pub/Cache/hosted/pub.dev/web-1.1.1/lib/src/dom/pointerevents.dart:68:5: Error: 'JSArray' isn't a type.
    JSArray<PointerEvent> predictedEvents,
    ^^^^^^^
/C:/Users/berkgoknil/AppData/Local/Pub/Cache/hosted/pub.dev/web-1.1.1/lib/src/dom/pointerevents.dart:96:32: Error: 'JSArray' isn't a type.
  external set coalescedEvents(JSArray<PointerEvent> value);
                               ^^^^^^^
/C:/Users/berkgoknil/AppData/Local/Pub/Cache/hosted/pub.dev/web-1.1.1/lib/src/dom/pointerevents.dart:98:32: Error: 'JSArray' isn't a type.
  external set predictedEvents(JSArray<PointerEvent> value);
                               ^^^^^^^
/C:/Users/berkgoknil/AppData/Local/Pub/Cache/hosted/pub.dev/web-1.1.1/lib/src/dom/pointerevents.dart:120:31: Error: 'JSObject' isn't a type.
extension type PointerEvent._(JSObject _) implements MouseEvent, JSObject {
                              ^^^^^^^^
/C:/Users/berkgoknil/AppData/Local/Pub/Cache/hosted/pub.dev/web-1.1.1/lib/src/dom/paint_timing.dart:16:8: Error: Dart library 'dart:js_interop' is not available on this platform.
import 'dart:js_interop';
       ^
/C:/Users/berkgoknil/AppData/Local/Pub/Cache/hosted/pub.dev/web-1.1.1/lib/src/dom/paint_timing.dart:46:41: Error: Type 'JSObject' not found.
extension type PerformancePaintTiming._(JSObject _)
                                        ^^^^^^^^
/C:/Users/berkgoknil/AppData/Local/Pub/Cache/hosted/pub.dev/web-1.1.1/lib/src/dom/paint_timing.dart:47:34: Error: Type 'JSObject' not found.
    implements PerformanceEntry, JSObject {}
                                 ^^^^^^^^
/C:/Users/berkgoknil/AppData/Local/Pub/Cache/hosted/pub.dev/web-1.1.1/lib/src/dom/paint_timing.dart:47:34: Error: The type 'JSObject' can't be implemented by an extension type.
    implements PerformanceEntry, JSObject {}
                                 ^
/C:/Users/berkgoknil/AppData/Local/Pub/Cache/hosted/pub.dev/web-1.1.1/lib/src/dom/paint_timing.dart:13:2: Error: Couldn't find constructor 'JS'.
@JS()
 ^^
/C:/Users/berkgoknil/AppData/Local/Pub/Cache/hosted/pub.dev/web-1.1.1/lib/src/dom/paint_timing.dart:46:41: Error: 'JSObject' isn't a type.
extension type PerformancePaintTiming._(JSObject _)
                                        ^^^^^^^^
/C:/Users/berkgoknil/AppData/Local/Pub/Cache/hosted/pub.dev/web-1.1.1/lib/src/dom/ovr_multiview2.dart:16:8: Error: Dart library 'dart:js_interop' is not available on this platform.
import 'dart:js_interop';
       ^
/C:/Users/berkgoknil/AppData/Local/Pub/Cache/hosted/pub.dev/web-1.1.1/lib/src/dom/ovr_multiview2.dart:20:33: Error: Type 'JSObject' not found.
extension type OVR_multiview2._(JSObject _) implements JSObject {
                                ^^^^^^^^
/C:/Users/berkgoknil/AppData/Local/Pub/Cache/hosted/pub.dev/web-1.1.1/lib/src/dom/ovr_multiview2.dart:20:56: Error: Type 'JSObject' not found.
extension type OVR_multiview2._(JSObject _) implements JSObject {
                                                       ^^^^^^^^
/C:/Users/berkgoknil/AppData/Local/Pub/Cache/hosted/pub.dev/web-1.1.1/lib/src/dom/ovr_multiview2.dart:20:56: Error: The type 'JSObject' can't be implemented by an extension type.
extension type OVR_multiview2._(JSObject _) implements JSObject {
                                                       ^
/C:/Users/berkgoknil/AppData/Local/Pub/Cache/hosted/pub.dev/web-1.1.1/lib/src/dom/ovr_multiview2.dart:13:2: Error: Couldn't find constructor 'JS'.
@JS()
 ^^
/C:/Users/berkgoknil/AppData/Local/Pub/Cache/hosted/pub.dev/web-1.1.1/lib/src/dom/ovr_multiview2.dart:20:33: Error: 'JSObject' isn't a type.
extension type OVR_multiview2._(JSObject _) implements JSObject {
                                ^^^^^^^^
/C:/Users/berkgoknil/AppData/Local/Pub/Cache/hosted/pub.dev/web-1.1.1/lib/src/dom/orientation_sensor.dart:16:8: Error: Dart library 'dart:js_interop' is not available on this platform.
import 'dart:js_interop';
       ^
/C:/Users/berkgoknil/AppData/Local/Pub/Cache/hosted/pub.dev/web-1.1.1/lib/src/dom/orientation_sensor.dart:20:30: Error: Type 'JSObject' not found.
typedef RotationMatrixType = JSObject;
                             ^^^^^^^^
/C:/Users/berkgoknil/AppData/Local/Pub/Cache/hosted/pub.dev/web-1.1.1/lib/src/dom/orientation_sensor.dart:37:36: Error: Type 'JSObject' not found.
extension type OrientationSensor._(JSObject _) implements Sensor, JSObject {
                                   ^^^^^^^^
/C:/Users/berkgoknil/AppData/Local/Pub/Cache/hosted/pub.dev/web-1.1.1/lib/src/dom/orientation_sensor.dart:37:67: Error: Type 'JSObject' not found.
extension type OrientationSensor._(JSObject _) implements Sensor, JSObject {
                                                                  ^^^^^^^^
/C:/Users/berkgoknil/AppData/Local/Pub/Cache/hosted/pub.dev/web-1.1.1/lib/src/dom/orientation_sensor.dart:62:20: Error: Type 'JSNumber' not found.
  external JSArray<JSNumber>? get quaternion;
                   ^^^^^^^^
/C:/Users/berkgoknil/AppData/Local/Pub/Cache/hosted/pub.dev/web-1.1.1/lib/src/dom/orientation_sensor.dart:62:12: Error: Type 'JSArray' not found.
  external JSArray<JSNumber>? get quaternion;
           ^^^^^^^
/C:/Users/berkgoknil/AppData/Local/Pub/Cache/hosted/pub.dev/web-1.1.1/lib/src/dom/orientation_sensor.dart:64:43: Error: Type 'JSObject' not found.
extension type OrientationSensorOptions._(JSObject _)
                                          ^^^^^^^^
/C:/Users/berkgoknil/AppData/Local/Pub/Cache/hosted/pub.dev/web-1.1.1/lib/src/dom/orientation_sensor.dart:65:31: Error: Type 'JSObject' not found.
    implements SensorOptions, JSObject {
                              ^^^^^^^^
/C:/Users/berkgoknil/AppData/Local/Pub/Cache/hosted/pub.dev/web-1.1.1/lib/src/dom/orientation_sensor.dart:92:44: Error: Type 'JSObject' not found.
extension type AbsoluteOrientationSensor._(JSObject _)
                                           ^^^^^^^^
/C:/Users/berkgoknil/AppData/Local/Pub/Cache/hosted/pub.dev/web-1.1.1/lib/src/dom/orientation_sensor.dart:93:35: Error: Type 'JSObject' not found.
    implements OrientationSensor, JSObject {
                                  ^^^^^^^^
/C:/Users/berkgoknil/AppData/Local/Pub/Cache/hosted/pub.dev/web-1.1.1/lib/src/dom/orientation_sensor.dart:114:44: Error: Type 'JSObject' not found.
extension type RelativeOrientationSensor._(JSObject _)
                                           ^^^^^^^^
/C:/Users/berkgoknil/AppData/Local/Pub/Cache/hosted/pub.dev/web-1.1.1/lib/src/dom/orientation_sensor.dart:115:35: Error: Type 'JSObject' not found.
    implements OrientationSensor, JSObject {
                                  ^^^^^^^^
/C:/Users/berkgoknil/AppData/Local/Pub/Cache/hosted/pub.dev/web-1.1.1/lib/src/dom/orientation_sensor.dart:37:67: Error: The type 'JSObject' can't be implemented by an extension type.
extension type OrientationSensor._(JSObject _) implements Sensor, JSObject {
                                                                  ^
/C:/Users/berkgoknil/AppData/Local/Pub/Cache/hosted/pub.dev/web-1.1.1/lib/src/dom/orientation_sensor.dart:65:31: Error: The type 'JSObject' can't be implemented by an extension type.
    implements SensorOptions, JSObject {
                              ^
/C:/Users/berkgoknil/AppData/Local/Pub/Cache/hosted/pub.dev/web-1.1.1/lib/src/dom/orientation_sensor.dart:93:35: Error: The type 'JSObject' can't be implemented by an extension type.
    implements OrientationSensor, JSObject {
                                  ^
/C:/Users/berkgoknil/AppData/Local/Pub/Cache/hosted/pub.dev/web-1.1.1/lib/src/dom/orientation_sensor.dart:115:35: Error: The type 'JSObject' can't be implemented by an extension type.
    implements OrientationSensor, JSObject {
                                  ^
/C:/Users/berkgoknil/AppData/Local/Pub/Cache/hosted/pub.dev/web-1.1.1/lib/src/dom/orientation_sensor.dart:13:2: Error: Couldn't find constructor 'JS'.
@JS()
 ^^
/C:/Users/berkgoknil/AppData/Local/Pub/Cache/hosted/pub.dev/web-1.1.1/lib/src/dom/orientation_sensor.dart:37:36: Error: 'JSObject' isn't a type.
extension type OrientationSensor._(JSObject _) implements Sensor, JSObject {
                                   ^^^^^^^^
/C:/Users/berkgoknil/AppData/Local/Pub/Cache/hosted/pub.dev/web-1.1.1/lib/src/dom/orientation_sensor.dart:64:43: Error: 'JSObject' isn't a type.
extension type OrientationSensorOptions._(JSObject _)
                                          ^^^^^^^^
/C:/Users/berkgoknil/AppData/Local/Pub/Cache/hosted/pub.dev/web-1.1.1/lib/src/dom/orientation_sensor.dart:92:44: Error: 'JSObject' isn't a type.
extension type AbsoluteOrientationSensor._(JSObject _)
                                           ^^^^^^^^
/C:/Users/berkgoknil/AppData/Local/Pub/Cache/hosted/pub.dev/web-1.1.1/lib/src/dom/orientation_sensor.dart:114:44: Error: 'JSObject' isn't a type.
extension type RelativeOrientationSensor._(JSObject _)
                                           ^^^^^^^^
/C:/Users/berkgoknil/AppData/Local/Pub/Cache/hosted/pub.dev/web-1.1.1/lib/src/dom/generic_sensor.dart:16:8: Error: Dart library 'dart:js_interop' is not available on this platform.
import 'dart:js_interop';
       ^
/C:/Users/berkgoknil/AppData/Local/Pub/Cache/hosted/pub.dev/web-1.1.1/lib/src/dom/generic_sensor.dart:46:25: Error: Type 'JSObject' not found.
extension type Sensor._(JSObject _) implements EventTarget, JSObject {
                        ^^^^^^^^
/C:/Users/berkgoknil/AppData/Local/Pub/Cache/hosted/pub.dev/web-1.1.1/lib/src/dom/generic_sensor.dart:46:61: Error: Type 'JSObject' not found.
extension type Sensor._(JSObject _) implements EventTarget, JSObject {
                                                            ^^^^^^^^
/C:/Users/berkgoknil/AppData/Local/Pub/Cache/hosted/pub.dev/web-1.1.1/lib/src/dom/generic_sensor.dart:85:32: Error: Type 'JSObject' not found.
extension type SensorOptions._(JSObject _) implements JSObject {
                               ^^^^^^^^
/C:/Users/berkgoknil/AppData/Local/Pub/Cache/hosted/pub.dev/web-1.1.1/lib/src/dom/generic_sensor.dart:85:55: Error: Type 'JSObject' not found.
extension type SensorOptions._(JSObject _) implements JSObject {
                                                      ^^^^^^^^
/C:/Users/berkgoknil/AppData/Local/Pub/Cache/hosted/pub.dev/web-1.1.1/lib/src/dom/generic_sensor.dart:100:35: Error: Type 'JSObject' not found.
extension type SensorErrorEvent._(JSObject _) implements Event, JSObject {
                                  ^^^^^^^^
/C:/Users/berkgoknil/AppData/Local/Pub/Cache/hosted/pub.dev/web-1.1.1/lib/src/dom/generic_sensor.dart:100:65: Error: Type 'JSObject' not found.
extension type SensorErrorEvent._(JSObject _) implements Event, JSObject {
                                                                ^^^^^^^^
/C:/Users/berkgoknil/AppData/Local/Pub/Cache/hosted/pub.dev/web-1.1.1/lib/src/dom/generic_sensor.dart:111:39: Error: Type 'JSObject' not found.
extension type SensorErrorEventInit._(JSObject _)
                                      ^^^^^^^^
/C:/Users/berkgoknil/AppData/Local/Pub/Cache/hosted/pub.dev/web-1.1.1/lib/src/dom/generic_sensor.dart:112:27: Error: Type 'JSObject' not found.
    implements EventInit, JSObject {
                          ^^^^^^^^
/C:/Users/berkgoknil/AppData/Local/Pub/Cache/hosted/pub.dev/web-1.1.1/lib/src/dom/generic_sensor.dart:46:61: Error: The type 'JSObject' can't be implemented by an extension type.
extension type Sensor._(JSObject _) implements EventTarget, JSObject {
                                                            ^
/C:/Users/berkgoknil/AppData/Local/Pub/Cache/hosted/pub.dev/web-1.1.1/lib/src/dom/generic_sensor.dart:85:55: Error: The type 'JSObject' can't be implemented by an extension type.
extension type SensorOptions._(JSObject _) implements JSObject {
                                                      ^
/C:/Users/berkgoknil/AppData/Local/Pub/Cache/hosted/pub.dev/web-1.1.1/lib/src/dom/generic_sensor.dart:100:65: Error: The type 'JSObject' can't be implemented by an extension type.
extension type SensorErrorEvent._(JSObject _) implements Event, JSObject {
                                                                ^
/C:/Users/berkgoknil/AppData/Local/Pub/Cache/hosted/pub.dev/web-1.1.1/lib/src/dom/generic_sensor.dart:112:27: Error: The type 'JSObject' can't be implemented by an extension type.
    implements EventInit, JSObject {
                          ^
/C:/Users/berkgoknil/AppData/Local/Pub/Cache/hosted/pub.dev/web-1.1.1/lib/src/dom/generic_sensor.dart:13:2: Error: Couldn't find constructor 'JS'.
@JS()
 ^^
/C:/Users/berkgoknil/AppData/Local/Pub/Cache/hosted/pub.dev/web-1.1.1/lib/src/dom/generic_sensor.dart:46:25: Error: 'JSObject' isn't a type.
extension type Sensor._(JSObject _) implements EventTarget, JSObject {
                        ^^^^^^^^
/C:/Users/berkgoknil/AppData/Local/Pub/Cache/hosted/pub.dev/web-1.1.1/lib/src/dom/generic_sensor.dart:85:32: Error: 'JSObject' isn't a type.
extension type SensorOptions._(JSObject _) implements JSObject {
                               ^^^^^^^^
/C:/Users/berkgoknil/AppData/Local/Pub/Cache/hosted/pub.dev/web-1.1.1/lib/src/dom/generic_sensor.dart:100:35: Error: 'JSObject' isn't a type.
extension type SensorErrorEvent._(JSObject _) implements Event, JSObject {
                                  ^^^^^^^^
/C:/Users/berkgoknil/AppData/Local/Pub/Cache/hosted/pub.dev/web-1.1.1/lib/src/dom/generic_sensor.dart:111:39: Error: 'JSObject' isn't a type.
extension type SensorErrorEventInit._(JSObject _)
                                      ^^^^^^^^
/C:/Users/berkgoknil/AppData/Local/Pub/Cache/hosted/pub.dev/web-1.1.1/lib/src/dom/orientation_event.dart:16:8: Error: Dart library 'dart:js_interop' is not available on this platform.
import 'dart:js_interop';
       ^
/C:/Users/berkgoknil/AppData/Local/Pub/Cache/hosted/pub.dev/web-1.1.1/lib/src/dom/orientation_event.dart:28:41: Error: Type 'JSObject' not found.
extension type DeviceOrientationEvent._(JSObject _) implements Event, JSObject {
                                        ^^^^^^^^
/C:/Users/berkgoknil/AppData/Local/Pub/Cache/hosted/pub.dev/web-1.1.1/lib/src/dom/orientation_event.dart:28:71: Error: Type 'JSObject' not found.
extension type DeviceOrientationEvent._(JSObject _) implements Event, JSObject {
                                                                      ^^^^^^^^
/C:/Users/berkgoknil/AppData/Local/Pub/Cache/hosted/pub.dev/web-1.1.1/lib/src/dom/orientation_event.dart:74:45: Error: Type 'JSObject' not found.
extension type DeviceOrientationEventInit._(JSObject _)
                                            ^^^^^^^^
/C:/Users/berkgoknil/AppData/Local/Pub/Cache/hosted/pub.dev/web-1.1.1/lib/src/dom/orientation_event.dart:75:27: Error: Type 'JSObject' not found.
    implements EventInit, JSObject {
                          ^^^^^^^^
/C:/Users/berkgoknil/AppData/Local/Pub/Cache/hosted/pub.dev/web-1.1.1/lib/src/dom/orientation_event.dart:104:48: Error: Type 'JSObject' not found.
extension type DeviceMotionEventAcceleration._(JSObject _) implements JSObject {
                                               ^^^^^^^^
/C:/Users/berkgoknil/AppData/Local/Pub/Cache/hosted/pub.dev/web-1.1.1/lib/src/dom/orientation_event.dart:104:71: Error: Type 'JSObject' not found.
extension type DeviceMotionEventAcceleration._(JSObject _) implements JSObject {
                                                                      ^^^^^^^^
/C:/Users/berkgoknil/AppData/Local/Pub/Cache/hosted/pub.dev/web-1.1.1/lib/src/dom/orientation_event.dart:135:48: Error: Type 'JSObject' not found.
extension type DeviceMotionEventRotationRate._(JSObject _) implements JSObject {
                                               ^^^^^^^^
/C:/Users/berkgoknil/AppData/Local/Pub/Cache/hosted/pub.dev/web-1.1.1/lib/src/dom/orientation_event.dart:135:71: Error: Type 'JSObject' not found.
extension type DeviceMotionEventRotationRate._(JSObject _) implements JSObject {
                                                                      ^^^^^^^^
/C:/Users/berkgoknil/AppData/Local/Pub/Cache/hosted/pub.dev/web-1.1.1/lib/src/dom/orientation_event.dart:163:36: Error: Type 'JSObject' not found.
extension type DeviceMotionEvent._(JSObject _) implements Event, JSObject {
                                   ^^^^^^^^
/C:/Users/berkgoknil/AppData/Local/Pub/Cache/hosted/pub.dev/web-1.1.1/lib/src/dom/orientation_event.dart:163:66: Error: Type 'JSObject' not found.
extension type DeviceMotionEvent._(JSObject _) implements Event, JSObject {
                                                                 ^^^^^^^^
/C:/Users/berkgoknil/AppData/Local/Pub/Cache/hosted/pub.dev/web-1.1.1/lib/src/dom/orientation_event.dart:229:52: Error: Type 'JSObject' not found.
extension type DeviceMotionEventAccelerationInit._(JSObject _)
                                                   ^^^^^^^^
/C:/Users/berkgoknil/AppData/Local/Pub/Cache/hosted/pub.dev/web-1.1.1/lib/src/dom/orientation_event.dart:230:16: Error: Type 'JSObject' not found.
    implements JSObject {
               ^^^^^^^^
/C:/Users/berkgoknil/AppData/Local/Pub/Cache/hosted/pub.dev/web-1.1.1/lib/src/dom/orientation_event.dart:244:52: Error: Type 'JSObject' not found.
extension type DeviceMotionEventRotationRateInit._(JSObject _)
                                                   ^^^^^^^^
/C:/Users/berkgoknil/AppData/Local/Pub/Cache/hosted/pub.dev/web-1.1.1/lib/src/dom/orientation_event.dart:245:16: Error: Type 'JSObject' not found.
    implements JSObject {
               ^^^^^^^^
/C:/Users/berkgoknil/AppData/Local/Pub/Cache/hosted/pub.dev/web-1.1.1/lib/src/dom/orientation_event.dart:259:40: Error: Type 'JSObject' not found.
extension type DeviceMotionEventInit._(JSObject _)
                                       ^^^^^^^^
/C:/Users/berkgoknil/AppData/Local/Pub/Cache/hosted/pub.dev/web-1.1.1/lib/src/dom/orientation_event.dart:260:27: Error: Type 'JSObject' not found.
    implements EventInit, JSObject {
                          ^^^^^^^^
/C:/Users/berkgoknil/AppData/Local/Pub/Cache/hosted/pub.dev/web-1.1.1/lib/src/dom/orientation_event.dart:28:71: Error: The type 'JSObject' can't be implemented by an extension type.
extension type DeviceOrientationEvent._(JSObject _) implements Event, JSObject {
                                                                      ^
/C:/Users/berkgoknil/AppData/Local/Pub/Cache/hosted/pub.dev/web-1.1.1/lib/src/dom/orientation_event.dart:75:27: Error: The type 'JSObject' can't be implemented by an extension type.
    implements EventInit, JSObject {
                          ^
/C:/Users/berkgoknil/AppData/Local/Pub/Cache/hosted/pub.dev/web-1.1.1/lib/src/dom/orientation_event.dart:104:71: Error: The type 'JSObject' can't be implemented by an extension type.
extension type DeviceMotionEventAcceleration._(JSObject _) implements JSObject {
                                                                      ^
/C:/Users/berkgoknil/AppData/Local/Pub/Cache/hosted/pub.dev/web-1.1.1/lib/src/dom/orientation_event.dart:135:71: Error: The type 'JSObject' can't be implemented by an extension type.
extension type DeviceMotionEventRotationRate._(JSObject _) implements JSObject {
                                                                      ^
/C:/Users/berkgoknil/AppData/Local/Pub/Cache/hosted/pub.dev/web-1.1.1/lib/src/dom/orientation_event.dart:163:66: Error: The type 'JSObject' can't be implemented by an extension type.
extension type DeviceMotionEvent._(JSObject _) implements Event, JSObject {
                                                                 ^
/C:/Users/berkgoknil/AppData/Local/Pub/Cache/hosted/pub.dev/web-1.1.1/lib/src/dom/orientation_event.dart:230:16: Error: The type 'JSObject' can't be implemented by an extension type.
    implements JSObject {
               ^
/C:/Users/berkgoknil/AppData/Local/Pub/Cache/hosted/pub.dev/web-1.1.1/lib/src/dom/orientation_event.dart:245:16: Error: The type 'JSObject' can't be implemented by an extension type.
    implements JSObject {
               ^
/C:/Users/berkgoknil/AppData/Local/Pub/Cache/hosted/pub.dev/web-1.1.1/lib/src/dom/orientation_event.dart:260:27: Error: The type 'JSObject' can't be implemented by an extension type.
    implements EventInit, JSObject {
                          ^
/C:/Users/berkgoknil/AppData/Local/Pub/Cache/hosted/pub.dev/web-1.1.1/lib/src/dom/orientation_event.dart:13:2: Error: Couldn't find constructor 'JS'.
@JS()
 ^^
/C:/Users/berkgoknil/AppData/Local/Pub/Cache/hosted/pub.dev/web-1.1.1/lib/src/dom/orientation_event.dart:28:41: Error: 'JSObject' isn't a type.
extension type DeviceOrientationEvent._(JSObject _) implements Event, JSObject {
                                        ^^^^^^^^
/C:/Users/berkgoknil/AppData/Local/Pub/Cache/hosted/pub.dev/web-1.1.1/lib/src/dom/orientation_event.dart:74:45: Error: 'JSObject' isn't a type.
extension type DeviceOrientationEventInit._(JSObject _)
                                            ^^^^^^^^
/C:/Users/berkgoknil/AppData/Local/Pub/Cache/hosted/pub.dev/web-1.1.1/lib/src/dom/orientation_event.dart:104:48: Error: 'JSObject' isn't a type.
extension type DeviceMotionEventAcceleration._(JSObject _) implements JSObject {
                                               ^^^^^^^^
/C:/Users/berkgoknil/AppData/Local/Pub/Cache/hosted/pub.dev/web-1.1.1/lib/src/dom/orientation_event.dart:135:48: Error: 'JSObject' isn't a type.
extension type DeviceMotionEventRotationRate._(JSObject _) implements JSObject {
                                               ^^^^^^^^
/C:/Users/berkgoknil/AppData/Local/Pub/Cache/hosted/pub.dev/web-1.1.1/lib/src/dom/orientation_event.dart:163:36: Error: 'JSObject' isn't a type.
extension type DeviceMotionEvent._(JSObject _) implements Event, JSObject {
                                   ^^^^^^^^
/C:/Users/berkgoknil/AppData/Local/Pub/Cache/hosted/pub.dev/web-1.1.1/lib/src/dom/orientation_event.dart:229:52: Error: 'JSObject' isn't a type.
extension type DeviceMotionEventAccelerationInit._(JSObject _)
                                                   ^^^^^^^^
/C:/Users/berkgoknil/AppData/Local/Pub/Cache/hosted/pub.dev/web-1.1.1/lib/src/dom/orientation_event.dart:244:52: Error: 'JSObject' isn't a type.
extension type DeviceMotionEventRotationRateInit._(JSObject _)
                                                   ^^^^^^^^
/C:/Users/berkgoknil/AppData/Local/Pub/Cache/hosted/pub.dev/web-1.1.1/lib/src/dom/orientation_event.dart:259:40: Error: 'JSObject' isn't a type.
extension type DeviceMotionEventInit._(JSObject _)
                                       ^^^^^^^^
/C:/Users/berkgoknil/AppData/Local/Pub/Cache/hosted/pub.dev/web-1.1.1/lib/src/dom/oes_vertex_array_object.dart:16:8: Error: Dart library 'dart:js_interop' is not available on this platform.
import 'dart:js_interop';
       ^
/C:/Users/berkgoknil/AppData/Local/Pub/Cache/hosted/pub.dev/web-1.1.1/lib/src/dom/oes_vertex_array_object.dart:20:44: Error: Type 'JSObject' not found.
extension type WebGLVertexArrayObjectOES._(JSObject _) implements JSObject {}
                                           ^^^^^^^^
/C:/Users/berkgoknil/AppData/Local/Pub/Cache/hosted/pub.dev/web-1.1.1/lib/src/dom/oes_vertex_array_object.dart:20:67: Error: Type 'JSObject' not found.
extension type WebGLVertexArrayObjectOES._(JSObject _) implements JSObject {}
                                                                  ^^^^^^^^
/C:/Users/berkgoknil/AppData/Local/Pub/Cache/hosted/pub.dev/web-1.1.1/lib/src/dom/oes_vertex_array_object.dart:21:42: Error: Type 'JSObject' not found.
extension type OES_vertex_array_object._(JSObject _) implements JSObject {
                                         ^^^^^^^^
/C:/Users/berkgoknil/AppData/Local/Pub/Cache/hosted/pub.dev/web-1.1.1/lib/src/dom/oes_vertex_array_object.dart:21:65: Error: Type 'JSObject' not found.
extension type OES_vertex_array_object._(JSObject _) implements JSObject {
                                                                ^^^^^^^^
/C:/Users/berkgoknil/AppData/Local/Pub/Cache/hosted/pub.dev/web-1.1.1/lib/src/dom/oes_vertex_array_object.dart:20:67: Error: The type 'JSObject' can't be implemented by an extension type.
extension type WebGLVertexArrayObjectOES._(JSObject _) implements JSObject {}
                                                                  ^
/C:/Users/berkgoknil/AppData/Local/Pub/Cache/hosted/pub.dev/web-1.1.1/lib/src/dom/oes_vertex_array_object.dart:21:65: Error: The type 'JSObject' can't be implemented by an extension type.
extension type OES_vertex_array_object._(JSObject _) implements JSObject {
                                                                ^
/C:/Users/berkgoknil/AppData/Local/Pub/Cache/hosted/pub.dev/web-1.1.1/lib/src/dom/oes_vertex_array_object.dart:13:2: Error: Couldn't find constructor 'JS'.
@JS()
 ^^
/C:/Users/berkgoknil/AppData/Local/Pub/Cache/hosted/pub.dev/web-1.1.1/lib/src/dom/oes_vertex_array_object.dart:20:44: Error: 'JSObject' isn't a type.
extension type WebGLVertexArrayObjectOES._(JSObject _) implements JSObject {}
                                           ^^^^^^^^
/C:/Users/berkgoknil/AppData/Local/Pub/Cache/hosted/pub.dev/web-1.1.1/lib/src/dom/oes_vertex_array_object.dart:21:42: Error: 'JSObject' isn't a type.
extension type OES_vertex_array_object._(JSObject _) implements JSObject {
                                         ^^^^^^^^
/C:/Users/berkgoknil/AppData/Local/Pub/Cache/hosted/pub.dev/web-1.1.1/lib/src/dom/oes_texture_half_float_linear.dart:16:8: Error: Dart library 'dart:js_interop' is not available on this platform.
import 'dart:js_interop';
       ^
/C:/Users/berkgoknil/AppData/Local/Pub/Cache/hosted/pub.dev/web-1.1.1/lib/src/dom/oes_texture_half_float_linear.dart:18:48: Error: Type 'JSObject' not found.
extension type OES_texture_half_float_linear._(JSObject _)
                                               ^^^^^^^^
/C:/Users/berkgoknil/AppData/Local/Pub/Cache/hosted/pub.dev/web-1.1.1/lib/src/dom/oes_texture_half_float_linear.dart:19:16: Error: Type 'JSObject' not found.
    implements JSObject {}
               ^^^^^^^^
/C:/Users/berkgoknil/AppData/Local/Pub/Cache/hosted/pub.dev/web-1.1.1/lib/src/dom/oes_texture_half_float_linear.dart:19:16: Error: The type 'JSObject' can't be implemented by an extension type.
    implements JSObject {}
               ^
/C:/Users/berkgoknil/AppData/Local/Pub/Cache/hosted/pub.dev/web-1.1.1/lib/src/dom/oes_texture_half_float_linear.dart:13:2: Error: Couldn't find constructor 'JS'.
@JS()
 ^^
/C:/Users/berkgoknil/AppData/Local/Pub/Cache/hosted/pub.dev/web-1.1.1/lib/src/dom/oes_texture_half_float_linear.dart:18:48: Error: 'JSObject' isn't a type.
extension type OES_texture_half_float_linear._(JSObject _)
                                               ^^^^^^^^
/C:/Users/berkgoknil/AppData/Local/Pub/Cache/hosted/pub.dev/web-1.1.1/lib/src/dom/oes_texture_half_float.dart:16:8: Error: Dart library 'dart:js_interop' is not available on this platform.
import 'dart:js_interop';
       ^
/C:/Users/berkgoknil/AppData/Local/Pub/Cache/hosted/pub.dev/web-1.1.1/lib/src/dom/oes_texture_half_float.dart:20:41: Error: Type 'JSObject' not found.
extension type OES_texture_half_float._(JSObject _) implements JSObject {
                                        ^^^^^^^^
/C:/Users/berkgoknil/AppData/Local/Pub/Cache/hosted/pub.dev/web-1.1.1/lib/src/dom/oes_texture_half_float.dart:20:64: Error: Type 'JSObject' not found.
extension type OES_texture_half_float._(JSObject _) implements JSObject {
                                                               ^^^^^^^^
/C:/Users/berkgoknil/AppData/Local/Pub/Cache/hosted/pub.dev/web-1.1.1/lib/src/dom/oes_texture_half_float.dart:20:64: Error: The type 'JSObject' can't be implemented by an extension type.
extension type OES_texture_half_float._(JSObject _) implements JSObject {
                                                               ^
/C:/Users/berkgoknil/AppData/Local/Pub/Cache/hosted/pub.dev/web-1.1.1/lib/src/dom/oes_texture_half_float.dart:13:2: Error: Couldn't find constructor 'JS'.
@JS()
 ^^
/C:/Users/berkgoknil/AppData/Local/Pub/Cache/hosted/pub.dev/web-1.1.1/lib/src/dom/oes_texture_half_float.dart:20:41: Error: 'JSObject' isn't a type.
extension type OES_texture_half_float._(JSObject _) implements JSObject {
                                        ^^^^^^^^
/C:/Users/berkgoknil/AppData/Local/Pub/Cache/hosted/pub.dev/web-1.1.1/lib/src/dom/oes_texture_float_linear.dart:16:8: Error: Dart library 'dart:js_interop' is not available on this platform.
import 'dart:js_interop';
       ^
/C:/Users/berkgoknil/AppData/Local/Pub/Cache/hosted/pub.dev/web-1.1.1/lib/src/dom/oes_texture_float_linear.dart:18:43: Error: Type 'JSObject' not found.
extension type OES_texture_float_linear._(JSObject _) implements JSObject {}
                                          ^^^^^^^^
/C:/Users/berkgoknil/AppData/Local/Pub/Cache/hosted/pub.dev/web-1.1.1/lib/src/dom/oes_texture_float_linear.dart:18:66: Error: Type 'JSObject' not found.
extension type OES_texture_float_linear._(JSObject _) implements JSObject {}
                                                                 ^^^^^^^^
/C:/Users/berkgoknil/AppData/Local/Pub/Cache/hosted/pub.dev/web-1.1.1/lib/src/dom/oes_texture_float_linear.dart:18:66: Error: The type 'JSObject' can't be implemented by an extension type.
extension type OES_texture_float_linear._(JSObject _) implements JSObject {}
                                                                 ^
/C:/Users/berkgoknil/AppData/Local/Pub/Cache/hosted/pub.dev/web-1.1.1/lib/src/dom/oes_texture_float_linear.dart:13:2: Error: Couldn't find constructor 'JS'.
@JS()
 ^^
/C:/Users/berkgoknil/AppData/Local/Pub/Cache/hosted/pub.dev/web-1.1.1/lib/src/dom/oes_texture_float_linear.dart:18:43: Error: 'JSObject' isn't a type.
extension type OES_texture_float_linear._(JSObject _) implements JSObject {}
                                          ^^^^^^^^
/C:/Users/berkgoknil/AppData/Local/Pub/Cache/hosted/pub.dev/web-1.1.1/lib/src/dom/oes_texture_float.dart:16:8: Error: Dart library 'dart:js_interop' is not available on this platform.
import 'dart:js_interop';
       ^
/C:/Users/berkgoknil/AppData/Local/Pub/Cache/hosted/pub.dev/web-1.1.1/lib/src/dom/oes_texture_float.dart:18:36: Error: Type 'JSObject' not found.
extension type OES_texture_float._(JSObject _) implements JSObject {}
                                   ^^^^^^^^
/C:/Users/berkgoknil/AppData/Local/Pub/Cache/hosted/pub.dev/web-1.1.1/lib/src/dom/oes_texture_float.dart:18:59: Error: Type 'JSObject' not found.
extension type OES_texture_float._(JSObject _) implements JSObject {}
                                                          ^^^^^^^^
/C:/Users/berkgoknil/AppData/Local/Pub/Cache/hosted/pub.dev/web-1.1.1/lib/src/dom/oes_texture_float.dart:18:59: Error: The type 'JSObject' can't be implemented by an extension type.
extension type OES_texture_float._(JSObject _) implements JSObject {}
                                                          ^
/C:/Users/berkgoknil/AppData/Local/Pub/Cache/hosted/pub.dev/web-1.1.1/lib/src/dom/oes_texture_float.dart:13:2: Error: Couldn't find constructor 'JS'.
@JS()
 ^^
/C:/Users/berkgoknil/AppData/Local/Pub/Cache/hosted/pub.dev/web-1.1.1/lib/src/dom/oes_texture_float.dart:18:36: Error: 'JSObject' isn't a type.
extension type OES_texture_float._(JSObject _) implements JSObject {}
                                   ^^^^^^^^
/C:/Users/berkgoknil/AppData/Local/Pub/Cache/hosted/pub.dev/web-1.1.1/lib/src/dom/oes_standard_derivatives.dart:16:8: Error: Dart library 'dart:js_interop' is not available on this platform.
import 'dart:js_interop';
       ^
/C:/Users/berkgoknil/AppData/Local/Pub/Cache/hosted/pub.dev/web-1.1.1/lib/src/dom/oes_standard_derivatives.dart:20:43: Error: Type 'JSObject' not found.
extension type OES_standard_derivatives._(JSObject _) implements JSObject {
                                          ^^^^^^^^
/C:/Users/berkgoknil/AppData/Local/Pub/Cache/hosted/pub.dev/web-1.1.1/lib/src/dom/oes_standard_derivatives.dart:20:66: Error: Type 'JSObject' not found.
extension type OES_standard_derivatives._(JSObject _) implements JSObject {
                                                                 ^^^^^^^^
/C:/Users/berkgoknil/AppData/Local/Pub/Cache/hosted/pub.dev/web-1.1.1/lib/src/dom/oes_standard_derivatives.dart:20:66: Error: The type 'JSObject' can't be implemented by an extension type.
extension type OES_standard_derivatives._(JSObject _) implements JSObject {
                                                                 ^
/C:/Users/berkgoknil/AppData/Local/Pub/Cache/hosted/pub.dev/web-1.1.1/lib/src/dom/oes_standard_derivatives.dart:13:2: Error: Couldn't find constructor 'JS'.
@JS()
 ^^
/C:/Users/berkgoknil/AppData/Local/Pub/Cache/hosted/pub.dev/web-1.1.1/lib/src/dom/oes_standard_derivatives.dart:20:43: Error: 'JSObject' isn't a type.
extension type OES_standard_derivatives._(JSObject _) implements JSObject {
                                          ^^^^^^^^
/C:/Users/berkgoknil/AppData/Local/Pub/Cache/hosted/pub.dev/web-1.1.1/lib/src/dom/oes_fbo_render_mipmap.dart:16:8: Error: Dart library 'dart:js_interop' is not available on this platform.
import 'dart:js_interop';
       ^
/C:/Users/berkgoknil/AppData/Local/Pub/Cache/hosted/pub.dev/web-1.1.1/lib/src/dom/oes_fbo_render_mipmap.dart:18:40: Error: Type 'JSObject' not found.
extension type OES_fbo_render_mipmap._(JSObject _) implements JSObject {}
                                       ^^^^^^^^
/C:/Users/berkgoknil/AppData/Local/Pub/Cache/hosted/pub.dev/web-1.1.1/lib/src/dom/oes_fbo_render_mipmap.dart:18:63: Error: Type 'JSObject' not found.
extension type OES_fbo_render_mipmap._(JSObject _) implements JSObject {}
                                                              ^^^^^^^^
/C:/Users/berkgoknil/AppData/Local/Pub/Cache/hosted/pub.dev/web-1.1.1/lib/src/dom/oes_fbo_render_mipmap.dart:18:63: Error: The type 'JSObject' can't be implemented by an extension type.
extension type OES_fbo_render_mipmap._(JSObject _) implements JSObject {}
                                                              ^
/C:/Users/berkgoknil/AppData/Local/Pub/Cache/hosted/pub.dev/web-1.1.1/lib/src/dom/oes_fbo_render_mipmap.dart:13:2: Error: Couldn't find constructor 'JS'.
@JS()
 ^^
/C:/Users/berkgoknil/AppData/Local/Pub/Cache/hosted/pub.dev/web-1.1.1/lib/src/dom/oes_fbo_render_mipmap.dart:18:40: Error: 'JSObject' isn't a type.
extension type OES_fbo_render_mipmap._(JSObject _) implements JSObject {}
                                       ^^^^^^^^
/C:/Users/berkgoknil/AppData/Local/Pub/Cache/hosted/pub.dev/web-1.1.1/lib/src/dom/oes_element_index_uint.dart:16:8: Error: Dart library 'dart:js_interop' is not available on this platform.
import 'dart:js_interop';
       ^
/C:/Users/berkgoknil/AppData/Local/Pub/Cache/hosted/pub.dev/web-1.1.1/lib/src/dom/oes_element_index_uint.dart:18:41: Error: Type 'JSObject' not found.
extension type OES_element_index_uint._(JSObject _) implements JSObject {}
                                        ^^^^^^^^
/C:/Users/berkgoknil/AppData/Local/Pub/Cache/hosted/pub.dev/web-1.1.1/lib/src/dom/oes_element_index_uint.dart:18:64: Error: Type 'JSObject' not found.
extension type OES_element_index_uint._(JSObject _) implements JSObject {}
                                                               ^^^^^^^^
/C:/Users/berkgoknil/AppData/Local/Pub/Cache/hosted/pub.dev/web-1.1.1/lib/src/dom/oes_element_index_uint.dart:18:64: Error: The type 'JSObject' can't be implemented by an extension type.
extension type OES_element_index_uint._(JSObject _) implements JSObject {}
                                                               ^
/C:/Users/berkgoknil/AppData/Local/Pub/Cache/hosted/pub.dev/web-1.1.1/lib/src/dom/oes_element_index_uint.dart:13:2: Error: Couldn't find constructor 'JS'.
@JS()
 ^^
/C:/Users/berkgoknil/AppData/Local/Pub/Cache/hosted/pub.dev/web-1.1.1/lib/src/dom/oes_element_index_uint.dart:18:41: Error: 'JSObject' isn't a type.
extension type OES_element_index_uint._(JSObject _) implements JSObject {}
                                        ^^^^^^^^
/C:/Users/berkgoknil/AppData/Local/Pub/Cache/hosted/pub.dev/web-1.1.1/lib/src/dom/oes_draw_buffers_indexed.dart:16:8: Error: Dart library 'dart:js_interop' is not available on this platform.
import 'dart:js_interop';
       ^
/C:/Users/berkgoknil/AppData/Local/Pub/Cache/hosted/pub.dev/web-1.1.1/lib/src/dom/oes_draw_buffers_indexed.dart:38:43: Error: Type 'JSObject' not found.
extension type OES_draw_buffers_indexed._(JSObject _) implements JSObject {
                                          ^^^^^^^^
/C:/Users/berkgoknil/AppData/Local/Pub/Cache/hosted/pub.dev/web-1.1.1/lib/src/dom/oes_draw_buffers_indexed.dart:38:66: Error: Type 'JSObject' not found.
extension type OES_draw_buffers_indexed._(JSObject _) implements JSObject {
                                                                 ^^^^^^^^
/C:/Users/berkgoknil/AppData/Local/Pub/Cache/hosted/pub.dev/web-1.1.1/lib/src/dom/oes_draw_buffers_indexed.dart:38:66: Error: The type 'JSObject' can't be implemented by an extension type.
extension type OES_draw_buffers_indexed._(JSObject _) implements JSObject {
                                                                 ^
/C:/Users/berkgoknil/AppData/Local/Pub/Cache/hosted/pub.dev/web-1.1.1/lib/src/dom/oes_draw_buffers_indexed.dart:13:2: Error: Couldn't find constructor 'JS'.
@JS()
 ^^
/C:/Users/berkgoknil/AppData/Local/Pub/Cache/hosted/pub.dev/web-1.1.1/lib/src/dom/oes_draw_buffers_indexed.dart:38:43: Error: 'JSObject' isn't a type.
extension type OES_draw_buffers_indexed._(JSObject _) implements JSObject {
                                          ^^^^^^^^
/C:/Users/berkgoknil/AppData/Local/Pub/Cache/hosted/pub.dev/web-1.1.1/lib/src/dom/mediastream_recording.dart:16:8: Error: Dart library 'dart:js_interop' is not available on this platform.
import 'dart:js_interop';
       ^
/C:/Users/berkgoknil/AppData/Local/Pub/Cache/hosted/pub.dev/web-1.1.1/lib/src/dom/mediastream_recording.dart:36:32: Error: Type 'JSObject' not found.
extension type MediaRecorder._(JSObject _) implements EventTarget, JSObject {
                               ^^^^^^^^
/C:/Users/berkgoknil/AppData/Local/Pub/Cache/hosted/pub.dev/web-1.1.1/lib/src/dom/mediastream_recording.dart:36:68: Error: Type 'JSObject' not found.
extension type MediaRecorder._(JSObject _) implements EventTarget, JSObject {
                                                                   ^^^^^^^^
/C:/Users/berkgoknil/AppData/Local/Pub/Cache/hosted/pub.dev/web-1.1.1/lib/src/dom/mediastream_recording.dart:207:39: Error: Type 'JSObject' not found.
extension type MediaRecorderOptions._(JSObject _) implements JSObject {
                                      ^^^^^^^^
/C:/Users/berkgoknil/AppData/Local/Pub/Cache/hosted/pub.dev/web-1.1.1/lib/src/dom/mediastream_recording.dart:207:62: Error: Type 'JSObject' not found.
extension type MediaRecorderOptions._(JSObject _) implements JSObject {
                                                             ^^^^^^^^
/C:/Users/berkgoknil/AppData/Local/Pub/Cache/hosted/pub.dev/web-1.1.1/lib/src/dom/mediastream_recording.dart:243:28: Error: Type 'JSObject' not found.
extension type BlobEvent._(JSObject _) implements Event, JSObject {
                           ^^^^^^^^
/C:/Users/berkgoknil/AppData/Local/Pub/Cache/hosted/pub.dev/web-1.1.1/lib/src/dom/mediastream_recording.dart:243:58: Error: Type 'JSObject' not found.
extension type BlobEvent._(JSObject _) implements Event, JSObject {
                                                         ^^^^^^^^
/C:/Users/berkgoknil/AppData/Local/Pub/Cache/hosted/pub.dev/web-1.1.1/lib/src/dom/mediastream_recording.dart:262:32: Error: Type 'JSObject' not found.
extension type BlobEventInit._(JSObject _) implements JSObject {
                               ^^^^^^^^
/C:/Users/berkgoknil/AppData/Local/Pub/Cache/hosted/pub.dev/web-1.1.1/lib/src/dom/mediastream_recording.dart:262:55: Error: Type 'JSObject' not found.
extension type BlobEventInit._(JSObject _) implements JSObject {
                                                      ^^^^^^^^
/C:/Users/berkgoknil/AppData/Local/Pub/Cache/hosted/pub.dev/web-1.1.1/lib/src/dom/mediastream_recording.dart:36:68: Error: The type 'JSObject' can't be implemented by an extension type.
extension type MediaRecorder._(JSObject _) implements EventTarget, JSObject {
                                                                   ^
/C:/Users/berkgoknil/AppData/Local/Pub/Cache/hosted/pub.dev/web-1.1.1/lib/src/dom/mediastream_recording.dart:207:62: Error: The type 'JSObject' can't be implemented by an extension type.
extension type MediaRecorderOptions._(JSObject _) implements JSObject {
                                                             ^
/C:/Users/berkgoknil/AppData/Local/Pub/Cache/hosted/pub.dev/web-1.1.1/lib/src/dom/mediastream_recording.dart:243:58: Error: The type 'JSObject' can't be implemented by an extension type.
extension type BlobEvent._(JSObject _) implements Event, JSObject {
                                                         ^
/C:/Users/berkgoknil/AppData/Local/Pub/Cache/hosted/pub.dev/web-1.1.1/lib/src/dom/mediastream_recording.dart:262:55: Error: The type 'JSObject' can't be implemented by an extension type.
extension type BlobEventInit._(JSObject _) implements JSObject {
                                                      ^
/C:/Users/berkgoknil/AppData/Local/Pub/Cache/hosted/pub.dev/web-1.1.1/lib/src/dom/mediastream_recording.dart:13:2: Error: Couldn't find constructor 'JS'.
@JS()
 ^^
/C:/Users/berkgoknil/AppData/Local/Pub/Cache/hosted/pub.dev/web-1.1.1/lib/src/dom/mediastream_recording.dart:36:32: Error: 'JSObject' isn't a type.
extension type MediaRecorder._(JSObject _) implements EventTarget, JSObject {
                               ^^^^^^^^
/C:/Users/berkgoknil/AppData/Local/Pub/Cache/hosted/pub.dev/web-1.1.1/lib/src/dom/mediastream_recording.dart:207:39: Error: 'JSObject' isn't a type.
extension type MediaRecorderOptions._(JSObject _) implements JSObject {
                                      ^^^^^^^^
/C:/Users/berkgoknil/AppData/Local/Pub/Cache/hosted/pub.dev/web-1.1.1/lib/src/dom/mediastream_recording.dart:243:28: Error: 'JSObject' isn't a type.
extension type BlobEvent._(JSObject _) implements Event, JSObject {
                           ^^^^^^^^
/C:/Users/berkgoknil/AppData/Local/Pub/Cache/hosted/pub.dev/web-1.1.1/lib/src/dom/mediastream_recording.dart:262:32: Error: 'JSObject' isn't a type.
extension type BlobEventInit._(JSObject _) implements JSObject {
                               ^^^^^^^^
/C:/Users/berkgoknil/AppData/Local/Pub/Cache/hosted/pub.dev/web-1.1.1/lib/src/dom/mediacapture_transform.dart:16:8: Error: Dart library 'dart:js_interop' is not available on this platform.
import 'dart:js_interop';
       ^
/C:/Users/berkgoknil/AppData/Local/Pub/Cache/hosted/pub.dev/web-1.1.1/lib/src/dom/mediacapture_transform.dart:29:44: Error: Type 'JSObject' not found.
extension type MediaStreamTrackProcessor._(JSObject _) implements JSObject {
                                           ^^^^^^^^
/C:/Users/berkgoknil/AppData/Local/Pub/Cache/hosted/pub.dev/web-1.1.1/lib/src/dom/mediacapture_transform.dart:29:67: Error: Type 'JSObject' not found.
extension type MediaStreamTrackProcessor._(JSObject _) implements JSObject {
                                                                  ^^^^^^^^
/C:/Users/berkgoknil/AppData/Local/Pub/Cache/hosted/pub.dev/web-1.1.1/lib/src/dom/mediacapture_transform.dart:37:48: Error: Type 'JSObject' not found.
extension type MediaStreamTrackProcessorInit._(JSObject _) implements JSObject {
                                               ^^^^^^^^
/C:/Users/berkgoknil/AppData/Local/Pub/Cache/hosted/pub.dev/web-1.1.1/lib/src/dom/mediacapture_transform.dart:37:71: Error: Type 'JSObject' not found.
extension type MediaStreamTrackProcessorInit._(JSObject _) implements JSObject {
                                                                      ^^^^^^^^
/C:/Users/berkgoknil/AppData/Local/Pub/Cache/hosted/pub.dev/web-1.1.1/lib/src/dom/mediacapture_transform.dart:29:67: Error: The type 'JSObject' can't be implemented by an extension type.
extension type MediaStreamTrackProcessor._(JSObject _) implements JSObject {
                                                                  ^
/C:/Users/berkgoknil/AppData/Local/Pub/Cache/hosted/pub.dev/web-1.1.1/lib/src/dom/mediacapture_transform.dart:37:71: Error: The type 'JSObject' can't be implemented by an extension type.
extension type MediaStreamTrackProcessorInit._(JSObject _) implements JSObject {
                                                                      ^
/C:/Users/berkgoknil/AppData/Local/Pub/Cache/hosted/pub.dev/web-1.1.1/lib/src/dom/mediacapture_transform.dart:13:2: Error: Couldn't find constructor 'JS'.
@JS()
 ^^
/C:/Users/berkgoknil/AppData/Local/Pub/Cache/hosted/pub.dev/web-1.1.1/lib/src/dom/mediacapture_transform.dart:29:44: Error: 'JSObject' isn't a type.
extension type MediaStreamTrackProcessor._(JSObject _) implements JSObject {
                                           ^^^^^^^^
/C:/Users/berkgoknil/AppData/Local/Pub/Cache/hosted/pub.dev/web-1.1.1/lib/src/dom/mediacapture_transform.dart:37:48: Error: 'JSObject' isn't a type.
extension type MediaStreamTrackProcessorInit._(JSObject _) implements JSObject {
                                               ^^^^^^^^
/C:/Users/berkgoknil/AppData/Local/Pub/Cache/hosted/pub.dev/web-1.1.1/lib/src/dom/mediacapture_fromelement.dart:16:8: Error: Dart library 'dart:js_interop' is not available on this platform.
import 'dart:js_interop';
       ^
/C:/Users/berkgoknil/AppData/Local/Pub/Cache/hosted/pub.dev/web-1.1.1/lib/src/dom/mediacapture_fromelement.dart:30:48: Error: Type 'JSObject' not found.
extension type CanvasCaptureMediaStreamTrack._(JSObject _)
                                               ^^^^^^^^
/C:/Users/berkgoknil/AppData/Local/Pub/Cache/hosted/pub.dev/web-1.1.1/lib/src/dom/mediacapture_fromelement.dart:31:34: Error: Type 'JSObject' not found.
    implements MediaStreamTrack, JSObject {
                                 ^^^^^^^^
/C:/Users/berkgoknil/AppData/Local/Pub/Cache/hosted/pub.dev/web-1.1.1/lib/src/dom/mediacapture_fromelement.dart:31:34: Error: The type 'JSObject' can't be implemented by an extension type.
    implements MediaStreamTrack, JSObject {
                                 ^
/C:/Users/berkgoknil/AppData/Local/Pub/Cache/hosted/pub.dev/web-1.1.1/lib/src/dom/mediacapture_fromelement.dart:13:2: Error: Couldn't find constructor 'JS'.
@JS()
 ^^
/C:/Users/berkgoknil/AppData/Local/Pub/Cache/hosted/pub.dev/web-1.1.1/lib/src/dom/mediacapture_fromelement.dart:30:48: Error: 'JSObject' isn't a type.
extension type CanvasCaptureMediaStreamTrack._(JSObject _)
                                               ^^^^^^^^
/C:/Users/berkgoknil/AppData/Local/Pub/Cache/hosted/pub.dev/web-1.1.1/lib/src/dom/mathml_core.dart:16:8: Error: Dart library 'dart:js_interop' is not available on this platform.
import 'dart:js_interop';
       ^
/C:/Users/berkgoknil/AppData/Local/Pub/Cache/hosted/pub.dev/web-1.1.1/lib/src/dom/mathml_core.dart:30:32: Error: Type 'JSObject' not found.
extension type MathMLElement._(JSObject _) implements Element, JSObject {
                               ^^^^^^^^
/C:/Users/berkgoknil/AppData/Local/Pub/Cache/hosted/pub.dev/web-1.1.1/lib/src/dom/mathml_core.dart:30:64: Error: Type 'JSObject' not found.
extension type MathMLElement._(JSObject _) implements Element, JSObject {
                                                               ^^^^^^^^
/C:/Users/berkgoknil/AppData/Local/Pub/Cache/hosted/pub.dev/web-1.1.1/lib/src/dom/mathml_core.dart:30:64: Error: The type 'JSObject' can't be implemented by an extension type.
extension type MathMLElement._(JSObject _) implements Element, JSObject {
                                                               ^
/C:/Users/berkgoknil/AppData/Local/Pub/Cache/hosted/pub.dev/web-1.1.1/lib/src/dom/mathml_core.dart:13:2: Error: Couldn't find constructor 'JS'.
@JS()
 ^^
/C:/Users/berkgoknil/AppData/Local/Pub/Cache/hosted/pub.dev/web-1.1.1/lib/src/dom/mathml_core.dart:30:32: Error: 'JSObject' isn't a type.
extension type MathMLElement._(JSObject _) implements Element, JSObject {
                               ^^^^^^^^
/C:/Users/berkgoknil/AppData/Local/Pub/Cache/hosted/pub.dev/web-1.1.1/lib/src/dom/largest_contentful_paint.dart:16:8: Error: Dart library 'dart:js_interop' is not available on this platform.
import 'dart:js_interop';
       ^
/C:/Users/berkgoknil/AppData/Local/Pub/Cache/hosted/pub.dev/web-1.1.1/lib/src/dom/largest_contentful_paint.dart:28:41: Error: Type 'JSObject' not found.
extension type LargestContentfulPaint._(JSObject _)
                                        ^^^^^^^^
/C:/Users/berkgoknil/AppData/Local/Pub/Cache/hosted/pub.dev/web-1.1.1/lib/src/dom/largest_contentful_paint.dart:29:34: Error: Type 'JSObject' not found.
    implements PerformanceEntry, JSObject {
                                 ^^^^^^^^
/C:/Users/berkgoknil/AppData/Local/Pub/Cache/hosted/pub.dev/web-1.1.1/lib/src/dom/largest_contentful_paint.dart:32:12: Error: Type 'JSObject' not found.
  external JSObject toJSON();
           ^^^^^^^^
/C:/Users/berkgoknil/AppData/Local/Pub/Cache/hosted/pub.dev/web-1.1.1/lib/src/dom/largest_contentful_paint.dart:29:34: Error: The type 'JSObject' can't be implemented by an extension type.
    implements PerformanceEntry, JSObject {
                                 ^
/C:/Users/berkgoknil/AppData/Local/Pub/Cache/hosted/pub.dev/web-1.1.1/lib/src/dom/largest_contentful_paint.dart:13:2: Error: Couldn't find constructor 'JS'.
@JS()
 ^^
/C:/Users/berkgoknil/AppData/Local/Pub/Cache/hosted/pub.dev/web-1.1.1/lib/src/dom/largest_contentful_paint.dart:28:41: Error: 'JSObject' isn't a type.
extension type LargestContentfulPaint._(JSObject _)
                                        ^^^^^^^^
/C:/Users/berkgoknil/AppData/Local/Pub/Cache/hosted/pub.dev/web-1.1.1/lib/src/dom/khr_parallel_shader_compile.dart:16:8: Error: Dart library 'dart:js_interop' is not available on this platform.
import 'dart:js_interop';
       ^
/C:/Users/berkgoknil/AppData/Local/Pub/Cache/hosted/pub.dev/web-1.1.1/lib/src/dom/khr_parallel_shader_compile.dart:20:46: Error: Type 'JSObject' not found.
extension type KHR_parallel_shader_compile._(JSObject _) implements JSObject {
                                             ^^^^^^^^
/C:/Users/berkgoknil/AppData/Local/Pub/Cache/hosted/pub.dev/web-1.1.1/lib/src/dom/khr_parallel_shader_compile.dart:20:69: Error: Type 'JSObject' not found.
extension type KHR_parallel_shader_compile._(JSObject _) implements JSObject {
                                                                    ^^^^^^^^
/C:/Users/berkgoknil/AppData/Local/Pub/Cache/hosted/pub.dev/web-1.1.1/lib/src/dom/khr_parallel_shader_compile.dart:20:69: Error: The type 'JSObject' can't be implemented by an extension type.
extension type KHR_parallel_shader_compile._(JSObject _) implements JSObject {
                                                                    ^
/C:/Users/berkgoknil/AppData/Local/Pub/Cache/hosted/pub.dev/web-1.1.1/lib/src/dom/khr_parallel_shader_compile.dart:13:2: Error: Couldn't find constructor 'JS'.
@JS()
 ^^
/C:/Users/berkgoknil/AppData/Local/Pub/Cache/hosted/pub.dev/web-1.1.1/lib/src/dom/khr_parallel_shader_compile.dart:20:46: Error: 'JSObject' isn't a type.
extension type KHR_parallel_shader_compile._(JSObject _) implements JSObject {
                                             ^^^^^^^^
/C:/Users/berkgoknil/AppData/Local/Pub/Cache/hosted/pub.dev/web-1.1.1/lib/src/dom/intersection_observer.dart:16:8: Error: Dart library 'dart:js_interop' is not available on this platform.
import 'dart:js_interop';
       ^
/C:/Users/berkgoknil/AppData/Local/Pub/Cache/hosted/pub.dev/web-1.1.1/lib/src/dom/intersection_observer.dart:21:40: Error: Type 'JSFunction' not found.
typedef IntersectionObserverCallback = JSFunction;
                                       ^^^^^^^^^^
/C:/Users/berkgoknil/AppData/Local/Pub/Cache/hosted/pub.dev/web-1.1.1/lib/src/dom/intersection_observer.dart:40:39: Error: Type 'JSObject' not found.
extension type IntersectionObserver._(JSObject _) implements JSObject {
                                      ^^^^^^^^
/C:/Users/berkgoknil/AppData/Local/Pub/Cache/hosted/pub.dev/web-1.1.1/lib/src/dom/intersection_observer.dart:40:62: Error: Type 'JSObject' not found.
extension type IntersectionObserver._(JSObject _) implements JSObject {
                                                             ^^^^^^^^
/C:/Users/berkgoknil/AppData/Local/Pub/Cache/hosted/pub.dev/web-1.1.1/lib/src/dom/intersection_observer.dart:107:12: Error: Type 'JSArray' not found.
  external JSArray<IntersectionObserverEntry> takeRecords();
           ^^^^^^^
/C:/Users/berkgoknil/AppData/Local/Pub/Cache/hosted/pub.dev/web-1.1.1/lib/src/dom/intersection_observer.dart:116:12: Error: Type 'JSObject' not found.
  external JSObject? get root;
           ^^^^^^^^
/C:/Users/berkgoknil/AppData/Local/Pub/Cache/hosted/pub.dev/web-1.1.1/lib/src/dom/intersection_observer.dart:149:20: Error: Type 'JSNumber' not found.
  external JSArray<JSNumber> get thresholds;
                   ^^^^^^^^
/C:/Users/berkgoknil/AppData/Local/Pub/Cache/hosted/pub.dev/web-1.1.1/lib/src/dom/intersection_observer.dart:149:12: Error: Type 'JSArray' not found.
  external JSArray<JSNumber> get thresholds;
           ^^^^^^^
/C:/Users/berkgoknil/AppData/Local/Pub/Cache/hosted/pub.dev/web-1.1.1/lib/src/dom/intersection_observer.dart:165:44: Error: Type 'JSObject' not found.
extension type IntersectionObserverEntry._(JSObject _) implements JSObject {
                                           ^^^^^^^^
/C:/Users/berkgoknil/AppData/Local/Pub/Cache/hosted/pub.dev/web-1.1.1/lib/src/dom/intersection_observer.dart:165:67: Error: Type 'JSObject' not found.
extension type IntersectionObserverEntry._(JSObject _) implements JSObject {
                                                                  ^^^^^^^^
/C:/Users/berkgoknil/AppData/Local/Pub/Cache/hosted/pub.dev/web-1.1.1/lib/src/dom/intersection_observer.dart:216:43: Error: Type 'JSObject' not found.
extension type IntersectionObserverInit._(JSObject _) implements JSObject {
                                          ^^^^^^^^
/C:/Users/berkgoknil/AppData/Local/Pub/Cache/hosted/pub.dev/web-1.1.1/lib/src/dom/intersection_observer.dart:216:66: Error: Type 'JSObject' not found.
extension type IntersectionObserverInit._(JSObject _) implements JSObject {
                                                                 ^^^^^^^^
/C:/Users/berkgoknil/AppData/Local/Pub/Cache/hosted/pub.dev/web-1.1.1/lib/src/dom/intersection_observer.dart:218:5: Error: Type 'JSObject' not found.
    JSObject? root,
    ^^^^^^^^
/C:/Users/berkgoknil/AppData/Local/Pub/Cache/hosted/pub.dev/web-1.1.1/lib/src/dom/intersection_observer.dart:221:5: Error: Type 'JSAny' not found.
    JSAny threshold,
    ^^^^^
/C:/Users/berkgoknil/AppData/Local/Pub/Cache/hosted/pub.dev/web-1.1.1/lib/src/dom/intersection_observer.dart:224:12: Error: Type 'JSObject' not found.
  external JSObject? get root;
           ^^^^^^^^
/C:/Users/berkgoknil/AppData/Local/Pub/Cache/hosted/pub.dev/web-1.1.1/lib/src/dom/intersection_observer.dart:225:21: Error: Type 'JSObject' not found.
  external set root(JSObject? value);
                    ^^^^^^^^
/C:/Users/berkgoknil/AppData/Local/Pub/Cache/hosted/pub.dev/web-1.1.1/lib/src/dom/intersection_observer.dart:230:12: Error: Type 'JSAny' not found.
  external JSAny get threshold;
           ^^^^^
/C:/Users/berkgoknil/AppData/Local/Pub/Cache/hosted/pub.dev/web-1.1.1/lib/src/dom/intersection_observer.dart:231:26: Error: Type 'JSAny' not found.
  external set threshold(JSAny value);
                         ^^^^^
/C:/Users/berkgoknil/AppData/Local/Pub/Cache/hosted/pub.dev/web-1.1.1/lib/src/dom/intersection_observer.dart:40:62: Error: The type 'JSObject' can't be implemented by an extension type.
extension type IntersectionObserver._(JSObject _) implements JSObject {
                                                             ^
/C:/Users/berkgoknil/AppData/Local/Pub/Cache/hosted/pub.dev/web-1.1.1/lib/src/dom/intersection_observer.dart:165:67: Error: The type 'JSObject' can't be implemented by an extension type.
extension type IntersectionObserverEntry._(JSObject _) implements JSObject {
                                                                  ^
/C:/Users/berkgoknil/AppData/Local/Pub/Cache/hosted/pub.dev/web-1.1.1/lib/src/dom/intersection_observer.dart:216:66: Error: The type 'JSObject' can't be implemented by an extension type.
extension type IntersectionObserverInit._(JSObject _) implements JSObject {
                                                                 ^
/C:/Users/berkgoknil/AppData/Local/Pub/Cache/hosted/pub.dev/web-1.1.1/lib/src/dom/intersection_observer.dart:13:2: Error: Couldn't find constructor 'JS'.
@JS()
 ^^
/C:/Users/berkgoknil/AppData/Local/Pub/Cache/hosted/pub.dev/web-1.1.1/lib/src/dom/intersection_observer.dart:40:39: Error: 'JSObject' isn't a type.
extension type IntersectionObserver._(JSObject _) implements JSObject {
                                      ^^^^^^^^
/C:/Users/berkgoknil/AppData/Local/Pub/Cache/hosted/pub.dev/web-1.1.1/lib/src/dom/intersection_observer.dart:165:44: Error: 'JSObject' isn't a type.
extension type IntersectionObserverEntry._(JSObject _) implements JSObject {
                                           ^^^^^^^^
/C:/Users/berkgoknil/AppData/Local/Pub/Cache/hosted/pub.dev/web-1.1.1/lib/src/dom/intersection_observer.dart:216:43: Error: 'JSObject' isn't a type.
extension type IntersectionObserverInit._(JSObject _) implements JSObject {
                                          ^^^^^^^^
/C:/Users/berkgoknil/AppData/Local/Pub/Cache/hosted/pub.dev/web-1.1.1/lib/src/dom/intersection_observer.dart:218:5: Error: 'JSObject' isn't a type.
    JSObject? root,
    ^^^^^^^^
/C:/Users/berkgoknil/AppData/Local/Pub/Cache/hosted/pub.dev/web-1.1.1/lib/src/dom/intersection_observer.dart:221:5: Error: 'JSAny' isn't a type.
    JSAny threshold,
    ^^^^^
/C:/Users/berkgoknil/AppData/Local/Pub/Cache/hosted/pub.dev/web-1.1.1/lib/src/dom/intersection_observer.dart:225:21: Error: 'JSObject' isn't a type.
  external set root(JSObject? value);
                    ^^^^^^^^
/C:/Users/berkgoknil/AppData/Local/Pub/Cache/hosted/pub.dev/web-1.1.1/lib/src/dom/intersection_observer.dart:231:26: Error: 'JSAny' isn't a type.
  external set threshold(JSAny value);
                         ^^^^^
/C:/Users/berkgoknil/AppData/Local/Pub/Cache/hosted/pub.dev/web-1.1.1/lib/src/dom/gyroscope.dart:16:8: Error: Dart library 'dart:js_interop' is not available on this platform.
import 'dart:js_interop';
       ^
/C:/Users/berkgoknil/AppData/Local/Pub/Cache/hosted/pub.dev/web-1.1.1/lib/src/dom/gyroscope.dart:38:28: Error: Type 'JSObject' not found.
extension type Gyroscope._(JSObject _) implements Sensor, JSObject {
                           ^^^^^^^^
/C:/Users/berkgoknil/AppData/Local/Pub/Cache/hosted/pub.dev/web-1.1.1/lib/src/dom/gyroscope.dart:38:59: Error: Type 'JSObject' not found.
extension type Gyroscope._(JSObject _) implements Sensor, JSObject {
                                                          ^^^^^^^^
/C:/Users/berkgoknil/AppData/Local/Pub/Cache/hosted/pub.dev/web-1.1.1/lib/src/dom/gyroscope.dart:55:41: Error: Type 'JSObject' not found.
extension type GyroscopeSensorOptions._(JSObject _)
                                        ^^^^^^^^
/C:/Users/berkgoknil/AppData/Local/Pub/Cache/hosted/pub.dev/web-1.1.1/lib/src/dom/gyroscope.dart:56:31: Error: Type 'JSObject' not found.
    implements SensorOptions, JSObject {
                              ^^^^^^^^
/C:/Users/berkgoknil/AppData/Local/Pub/Cache/hosted/pub.dev/web-1.1.1/lib/src/dom/gyroscope.dart:38:59: Error: The type 'JSObject' can't be implemented by an extension type.
extension type Gyroscope._(JSObject _) implements Sensor, JSObject {
                                                          ^
/C:/Users/berkgoknil/AppData/Local/Pub/Cache/hosted/pub.dev/web-1.1.1/lib/src/dom/gyroscope.dart:56:31: Error: The type 'JSObject' can't be implemented by an extension type.
    implements SensorOptions, JSObject {
                              ^
/C:/Users/berkgoknil/AppData/Local/Pub/Cache/hosted/pub.dev/web-1.1.1/lib/src/dom/gyroscope.dart:13:2: Error: Couldn't find constructor 'JS'.
@JS()
 ^^
/C:/Users/berkgoknil/AppData/Local/Pub/Cache/hosted/pub.dev/web-1.1.1/lib/src/dom/gyroscope.dart:38:28: Error: 'JSObject' isn't a type.
extension type Gyroscope._(JSObject _) implements Sensor, JSObject {
                           ^^^^^^^^
/C:/Users/berkgoknil/AppData/Local/Pub/Cache/hosted/pub.dev/web-1.1.1/lib/src/dom/gyroscope.dart:55:41: Error: 'JSObject' isn't a type.
extension type GyroscopeSensorOptions._(JSObject _)
                                        ^^^^^^^^
/C:/Users/berkgoknil/AppData/Local/Pub/Cache/hosted/pub.dev/web-1.1.1/lib/src/dom/filter_effects.dart:16:8: Error: Dart library 'dart:js_interop' is not available on this platform.
import 'dart:js_interop';
       ^
/C:/Users/berkgoknil/AppData/Local/Pub/Cache/hosted/pub.dev/web-1.1.1/lib/src/dom/filter_effects.dart:28:35: Error: Type 'JSObject' not found.
extension type SVGFilterElement._(JSObject _) implements SVGElement, JSObject {
                                  ^^^^^^^^
/C:/Users/berkgoknil/AppData/Local/Pub/Cache/hosted/pub.dev/web-1.1.1/lib/src/dom/filter_effects.dart:28:70: Error: Type 'JSObject' not found.
extension type SVGFilterElement._(JSObject _) implements SVGElement, JSObject {
                                                                     ^^^^^^^^
/C:/Users/berkgoknil/AppData/Local/Pub/Cache/hosted/pub.dev/web-1.1.1/lib/src/dom/filter_effects.dart:51:36: Error: Type 'JSObject' not found.
extension type SVGFEBlendElement._(JSObject _) implements SVGElement, JSObject {
                                   ^^^^^^^^
/C:/Users/berkgoknil/AppData/Local/Pub/Cache/hosted/pub.dev/web-1.1.1/lib/src/dom/filter_effects.dart:51:71: Error: Type 'JSObject' not found.
extension type SVGFEBlendElement._(JSObject _) implements SVGElement, JSObject {
                                                                      ^^^^^^^^
/C:/Users/berkgoknil/AppData/Local/Pub/Cache/hosted/pub.dev/web-1.1.1/lib/src/dom/filter_effects.dart:109:42: Error: Type 'JSObject' not found.
extension type SVGFEColorMatrixElement._(JSObject _)
                                         ^^^^^^^^
/C:/Users/berkgoknil/AppData/Local/Pub/Cache/hosted/pub.dev/web-1.1.1/lib/src/dom/filter_effects.dart:110:28: Error: Type 'JSObject' not found.
    implements SVGElement, JSObject {
                           ^^^^^^^^
/C:/Users/berkgoknil/AppData/Local/Pub/Cache/hosted/pub.dev/web-1.1.1/lib/src/dom/filter_effects.dart:145:48: Error: Type 'JSObject' not found.
extension type SVGFEComponentTransferElement._(JSObject _)
                                               ^^^^^^^^
/C:/Users/berkgoknil/AppData/Local/Pub/Cache/hosted/pub.dev/web-1.1.1/lib/src/dom/filter_effects.dart:146:28: Error: Type 'JSObject' not found.
    implements SVGElement, JSObject {
                           ^^^^^^^^
/C:/Users/berkgoknil/AppData/Local/Pub/Cache/hosted/pub.dev/web-1.1.1/lib/src/dom/filter_effects.dart:170:54: Error: Type 'JSObject' not found.
extension type SVGComponentTransferFunctionElement._(JSObject _)
                                                     ^^^^^^^^
/C:/Users/berkgoknil/AppData/Local/Pub/Cache/hosted/pub.dev/web-1.1.1/lib/src/dom/filter_effects.dart:171:28: Error: Type 'JSObject' not found.
    implements SVGElement, JSObject {
                           ^^^^^^^^
/C:/Users/berkgoknil/AppData/Local/Pub/Cache/hosted/pub.dev/web-1.1.1/lib/src/dom/filter_effects.dart:199:36: Error: Type 'JSObject' not found.
extension type SVGFEFuncRElement._(JSObject _)
                                   ^^^^^^^^
/C:/Users/berkgoknil/AppData/Local/Pub/Cache/hosted/pub.dev/web-1.1.1/lib/src/dom/filter_effects.dart:200:53: Error: Type 'JSObject' not found.
    implements SVGComponentTransferFunctionElement, JSObject {
                                                    ^^^^^^^^
/C:/Users/berkgoknil/AppData/Local/Pub/Cache/hosted/pub.dev/web-1.1.1/lib/src/dom/filter_effects.dart:215:36: Error: Type 'JSObject' not found.
extension type SVGFEFuncGElement._(JSObject _)
                                   ^^^^^^^^
/C:/Users/berkgoknil/AppData/Local/Pub/Cache/hosted/pub.dev/web-1.1.1/lib/src/dom/filter_effects.dart:216:53: Error: Type 'JSObject' not found.
    implements SVGComponentTransferFunctionElement, JSObject {
                                                    ^^^^^^^^
/C:/Users/berkgoknil/AppData/Local/Pub/Cache/hosted/pub.dev/web-1.1.1/lib/src/dom/filter_effects.dart:231:36: Error: Type 'JSObject' not found.
extension type SVGFEFuncBElement._(JSObject _)
                                   ^^^^^^^^
/C:/Users/berkgoknil/AppData/Local/Pub/Cache/hosted/pub.dev/web-1.1.1/lib/src/dom/filter_effects.dart:232:53: Error: Type 'JSObject' not found.
    implements SVGComponentTransferFunctionElement, JSObject {
                                                    ^^^^^^^^
/C:/Users/berkgoknil/AppData/Local/Pub/Cache/hosted/pub.dev/web-1.1.1/lib/src/dom/filter_effects.dart:247:36: Error: Type 'JSObject' not found.
extension type SVGFEFuncAElement._(JSObject _)
                                   ^^^^^^^^
/C:/Users/berkgoknil/AppData/Local/Pub/Cache/hosted/pub.dev/web-1.1.1/lib/src/dom/filter_effects.dart:248:53: Error: Type 'JSObject' not found.
    implements SVGComponentTransferFunctionElement, JSObject {
                                                    ^^^^^^^^
/C:/Users/berkgoknil/AppData/Local/Pub/Cache/hosted/pub.dev/web-1.1.1/lib/src/dom/filter_effects.dart:263:40: Error: Type 'JSObject' not found.
extension type SVGFECompositeElement._(JSObject _)
                                       ^^^^^^^^
/C:/Users/berkgoknil/AppData/Local/Pub/Cache/hosted/pub.dev/web-1.1.1/lib/src/dom/filter_effects.dart:264:28: Error: Type 'JSObject' not found.
    implements SVGElement, JSObject {
                           ^^^^^^^^
/C:/Users/berkgoknil/AppData/Local/Pub/Cache/hosted/pub.dev/web-1.1.1/lib/src/dom/filter_effects.dart:306:45: Error: Type 'JSObject' not found.
extension type SVGFEConvolveMatrixElement._(JSObject _)
                                            ^^^^^^^^
/C:/Users/berkgoknil/AppData/Local/Pub/Cache/hosted/pub.dev/web-1.1.1/lib/src/dom/filter_effects.dart:307:28: Error: Type 'JSObject' not found.
    implements SVGElement, JSObject {
                           ^^^^^^^^
/C:/Users/berkgoknil/AppData/Local/Pub/Cache/hosted/pub.dev/web-1.1.1/lib/src/dom/filter_effects.dart:348:46: Error: Type 'JSObject' not found.
extension type SVGFEDiffuseLightingElement._(JSObject _)
                                             ^^^^^^^^
/C:/Users/berkgoknil/AppData/Local/Pub/Cache/hosted/pub.dev/web-1.1.1/lib/src/dom/filter_effects.dart:349:28: Error: Type 'JSObject' not found.
    implements SVGElement, JSObject {
                           ^^^^^^^^
/C:/Users/berkgoknil/AppData/Local/Pub/Cache/hosted/pub.dev/web-1.1.1/lib/src/dom/filter_effects.dart:376:43: Error: Type 'JSObject' not found.
extension type SVGFEDistantLightElement._(JSObject _)
                                          ^^^^^^^^
/C:/Users/berkgoknil/AppData/Local/Pub/Cache/hosted/pub.dev/web-1.1.1/lib/src/dom/filter_effects.dart:377:28: Error: Type 'JSObject' not found.
    implements SVGElement, JSObject {
                           ^^^^^^^^
/C:/Users/berkgoknil/AppData/Local/Pub/Cache/hosted/pub.dev/web-1.1.1/lib/src/dom/filter_effects.dart:395:41: Error: Type 'JSObject' not found.
extension type SVGFEPointLightElement._(JSObject _)
                                        ^^^^^^^^
/C:/Users/berkgoknil/AppData/Local/Pub/Cache/hosted/pub.dev/web-1.1.1/lib/src/dom/filter_effects.dart:396:28: Error: Type 'JSObject' not found.
    implements SVGElement, JSObject {
                           ^^^^^^^^
/C:/Users/berkgoknil/AppData/Local/Pub/Cache/hosted/pub.dev/web-1.1.1/lib/src/dom/filter_effects.dart:415:40: Error: Type 'JSObject' not found.
extension type SVGFESpotLightElement._(JSObject _)
                                       ^^^^^^^^
/C:/Users/berkgoknil/AppData/Local/Pub/Cache/hosted/pub.dev/web-1.1.1/lib/src/dom/filter_effects.dart:416:28: Error: Type 'JSObject' not found.
    implements SVGElement, JSObject {
                           ^^^^^^^^
/C:/Users/berkgoknil/AppData/Local/Pub/Cache/hosted/pub.dev/web-1.1.1/lib/src/dom/filter_effects.dart:440:46: Error: Type 'JSObject' not found.
extension type SVGFEDisplacementMapElement._(JSObject _)
                                             ^^^^^^^^
/C:/Users/berkgoknil/AppData/Local/Pub/Cache/hosted/pub.dev/web-1.1.1/lib/src/dom/filter_effects.dart:441:28: Error: Type 'JSObject' not found.
    implements SVGElement, JSObject {
                           ^^^^^^^^
/C:/Users/berkgoknil/AppData/Local/Pub/Cache/hosted/pub.dev/web-1.1.1/lib/src/dom/filter_effects.dart:478:41: Error: Type 'JSObject' not found.
extension type SVGFEDropShadowElement._(JSObject _)
                                        ^^^^^^^^
/C:/Users/berkgoknil/AppData/Local/Pub/Cache/hosted/pub.dev/web-1.1.1/lib/src/dom/filter_effects.dart:479:28: Error: Type 'JSObject' not found.
    implements SVGElement, JSObject {
                           ^^^^^^^^
/C:/Users/berkgoknil/AppData/Local/Pub/Cache/hosted/pub.dev/web-1.1.1/lib/src/dom/filter_effects.dart:509:36: Error: Type 'JSObject' not found.
extension type SVGFEFloodElement._(JSObject _) implements SVGElement, JSObject {
                                   ^^^^^^^^
/C:/Users/berkgoknil/AppData/Local/Pub/Cache/hosted/pub.dev/web-1.1.1/lib/src/dom/filter_effects.dart:509:71: Error: Type 'JSObject' not found.
extension type SVGFEFloodElement._(JSObject _) implements SVGElement, JSObject {
                                                                      ^^^^^^^^
/C:/Users/berkgoknil/AppData/Local/Pub/Cache/hosted/pub.dev/web-1.1.1/lib/src/dom/filter_effects.dart:530:43: Error: Type 'JSObject' not found.
extension type SVGFEGaussianBlurElement._(JSObject _)
                                          ^^^^^^^^
/C:/Users/berkgoknil/AppData/Local/Pub/Cache/hosted/pub.dev/web-1.1.1/lib/src/dom/filter_effects.dart:531:28: Error: Type 'JSObject' not found.
    implements SVGElement, JSObject {
                           ^^^^^^^^
/C:/Users/berkgoknil/AppData/Local/Pub/Cache/hosted/pub.dev/web-1.1.1/lib/src/dom/filter_effects.dart:568:36: Error: Type 'JSObject' not found.
extension type SVGFEImageElement._(JSObject _) implements SVGElement, JSObject {
                                   ^^^^^^^^
/C:/Users/berkgoknil/AppData/Local/Pub/Cache/hosted/pub.dev/web-1.1.1/lib/src/dom/filter_effects.dart:568:71: Error: Type 'JSObject' not found.
extension type SVGFEImageElement._(JSObject _) implements SVGElement, JSObject {
                                                                      ^^^^^^^^
/C:/Users/berkgoknil/AppData/Local/Pub/Cache/hosted/pub.dev/web-1.1.1/lib/src/dom/filter_effects.dart:592:36: Error: Type 'JSObject' not found.
extension type SVGFEMergeElement._(JSObject _) implements SVGElement, JSObject {
                                   ^^^^^^^^
/C:/Users/berkgoknil/AppData/Local/Pub/Cache/hosted/pub.dev/web-1.1.1/lib/src/dom/filter_effects.dart:592:71: Error: Type 'JSObject' not found.
extension type SVGFEMergeElement._(JSObject _) implements SVGElement, JSObject {
                                                                      ^^^^^^^^
/C:/Users/berkgoknil/AppData/Local/Pub/Cache/hosted/pub.dev/web-1.1.1/lib/src/dom/filter_effects.dart:613:40: Error: Type 'JSObject' not found.
extension type SVGFEMergeNodeElement._(JSObject _)
                                       ^^^^^^^^
/C:/Users/berkgoknil/AppData/Local/Pub/Cache/hosted/pub.dev/web-1.1.1/lib/src/dom/filter_effects.dart:614:28: Error: Type 'JSObject' not found.
    implements SVGElement, JSObject {
                           ^^^^^^^^
/C:/Users/berkgoknil/AppData/Local/Pub/Cache/hosted/pub.dev/web-1.1.1/lib/src/dom/filter_effects.dart:631:41: Error: Type 'JSObject' not found.
extension type SVGFEMorphologyElement._(JSObject _)
                                        ^^^^^^^^
/C:/Users/berkgoknil/AppData/Local/Pub/Cache/hosted/pub.dev/web-1.1.1/lib/src/dom/filter_effects.dart:632:28: Error: Type 'JSObject' not found.
    implements SVGElement, JSObject {
                           ^^^^^^^^
/C:/Users/berkgoknil/AppData/Local/Pub/Cache/hosted/pub.dev/web-1.1.1/lib/src/dom/filter_effects.dart:663:37: Error: Type 'JSObject' not found.
extension type SVGFEOffsetElement._(JSObject _)
                                    ^^^^^^^^
/C:/Users/berkgoknil/AppData/Local/Pub/Cache/hosted/pub.dev/web-1.1.1/lib/src/dom/filter_effects.dart:664:28: Error: Type 'JSObject' not found.
    implements SVGElement, JSObject {
                           ^^^^^^^^
/C:/Users/berkgoknil/AppData/Local/Pub/Cache/hosted/pub.dev/web-1.1.1/lib/src/dom/filter_effects.dart:689:47: Error: Type 'JSObject' not found.
extension type SVGFESpecularLightingElement._(JSObject _)
                                              ^^^^^^^^
/C:/Users/berkgoknil/AppData/Local/Pub/Cache/hosted/pub.dev/web-1.1.1/lib/src/dom/filter_effects.dart:690:28: Error: Type 'JSObject' not found.
    implements SVGElement, JSObject {
                           ^^^^^^^^
/C:/Users/berkgoknil/AppData/Local/Pub/Cache/hosted/pub.dev/web-1.1.1/lib/src/dom/filter_effects.dart:718:35: Error: Type 'JSObject' not found.
extension type SVGFETileElement._(JSObject _) implements SVGElement, JSObject {
                                  ^^^^^^^^
/C:/Users/berkgoknil/AppData/Local/Pub/Cache/hosted/pub.dev/web-1.1.1/lib/src/dom/filter_effects.dart:718:70: Error: Type 'JSObject' not found.
extension type SVGFETileElement._(JSObject _) implements SVGElement, JSObject {
                                                                     ^^^^^^^^
/C:/Users/berkgoknil/AppData/Local/Pub/Cache/hosted/pub.dev/web-1.1.1/lib/src/dom/filter_effects.dart:740:41: Error: Type 'JSObject' not found.
extension type SVGFETurbulenceElement._(JSObject _)
                                        ^^^^^^^^
/C:/Users/berkgoknil/AppData/Local/Pub/Cache/hosted/pub.dev/web-1.1.1/lib/src/dom/filter_effects.dart:741:28: Error: Type 'JSObject' not found.
    implements SVGElement, JSObject {
                           ^^^^^^^^
/C:/Users/berkgoknil/AppData/Local/Pub/Cache/hosted/pub.dev/web-1.1.1/lib/src/dom/filter_effects.dart:28:70: Error: The type 'JSObject' can't be implemented by an extension type.
extension type SVGFilterElement._(JSObject _) implements SVGElement, JSObject {
                                                                     ^
/C:/Users/berkgoknil/AppData/Local/Pub/Cache/hosted/pub.dev/web-1.1.1/lib/src/dom/filter_effects.dart:51:71: Error: The type 'JSObject' can't be implemented by an extension type.
extension type SVGFEBlendElement._(JSObject _) implements SVGElement, JSObject {
                                                                      ^
/C:/Users/berkgoknil/AppData/Local/Pub/Cache/hosted/pub.dev/web-1.1.1/lib/src/dom/filter_effects.dart:110:28: Error: The type 'JSObject' can't be implemented by an extension type.
    implements SVGElement, JSObject {
                           ^
/C:/Users/berkgoknil/AppData/Local/Pub/Cache/hosted/pub.dev/web-1.1.1/lib/src/dom/filter_effects.dart:146:28: Error: The type 'JSObject' can't be implemented by an extension type.
    implements SVGElement, JSObject {
                           ^
/C:/Users/berkgoknil/AppData/Local/Pub/Cache/hosted/pub.dev/web-1.1.1/lib/src/dom/filter_effects.dart:171:28: Error: The type 'JSObject' can't be implemented by an extension type.
    implements SVGElement, JSObject {
                           ^
/C:/Users/berkgoknil/AppData/Local/Pub/Cache/hosted/pub.dev/web-1.1.1/lib/src/dom/filter_effects.dart:200:53: Error: The type 'JSObject' can't be implemented by an extension type.
    implements SVGComponentTransferFunctionElement, JSObject {
                                                    ^
/C:/Users/berkgoknil/AppData/Local/Pub/Cache/hosted/pub.dev/web-1.1.1/lib/src/dom/filter_effects.dart:216:53: Error: The type 'JSObject' can't be implemented by an extension type.
    implements SVGComponentTransferFunctionElement, JSObject {
                                                    ^
/C:/Users/berkgoknil/AppData/Local/Pub/Cache/hosted/pub.dev/web-1.1.1/lib/src/dom/filter_effects.dart:232:53: Error: The type 'JSObject' can't be implemented by an extension type.
    implements SVGComponentTransferFunctionElement, JSObject {
                                                    ^
/C:/Users/berkgoknil/AppData/Local/Pub/Cache/hosted/pub.dev/web-1.1.1/lib/src/dom/filter_effects.dart:248:53: Error: The type 'JSObject' can't be implemented by an extension type.
    implements SVGComponentTransferFunctionElement, JSObject {
                                                    ^
/C:/Users/berkgoknil/AppData/Local/Pub/Cache/hosted/pub.dev/web-1.1.1/lib/src/dom/filter_effects.dart:264:28: Error: The type 'JSObject' can't be implemented by an extension type.
    implements SVGElement, JSObject {
                           ^
/C:/Users/berkgoknil/AppData/Local/Pub/Cache/hosted/pub.dev/web-1.1.1/lib/src/dom/filter_effects.dart:307:28: Error: The type 'JSObject' can't be implemented by an extension type.
    implements SVGElement, JSObject {
                           ^
/C:/Users/berkgoknil/AppData/Local/Pub/Cache/hosted/pub.dev/web-1.1.1/lib/src/dom/filter_effects.dart:349:28: Error: The type 'JSObject' can't be implemented by an extension type.
    implements SVGElement, JSObject {
                           ^
/C:/Users/berkgoknil/AppData/Local/Pub/Cache/hosted/pub.dev/web-1.1.1/lib/src/dom/filter_effects.dart:377:28: Error: The type 'JSObject' can't be implemented by an extension type.
    implements SVGElement, JSObject {
                           ^
/C:/Users/berkgoknil/AppData/Local/Pub/Cache/hosted/pub.dev/web-1.1.1/lib/src/dom/filter_effects.dart:396:28: Error: The type 'JSObject' can't be implemented by an extension type.
    implements SVGElement, JSObject {
                           ^
/C:/Users/berkgoknil/AppData/Local/Pub/Cache/hosted/pub.dev/web-1.1.1/lib/src/dom/filter_effects.dart:416:28: Error: The type 'JSObject' can't be implemented by an extension type.
    implements SVGElement, JSObject {
                           ^
/C:/Users/berkgoknil/AppData/Local/Pub/Cache/hosted/pub.dev/web-1.1.1/lib/src/dom/filter_effects.dart:441:28: Error: The type 'JSObject' can't be implemented by an extension type.
    implements SVGElement, JSObject {
                           ^
/C:/Users/berkgoknil/AppData/Local/Pub/Cache/hosted/pub.dev/web-1.1.1/lib/src/dom/filter_effects.dart:479:28: Error: The type 'JSObject' can't be implemented by an extension type.
    implements SVGElement, JSObject {
                           ^
/C:/Users/berkgoknil/AppData/Local/Pub/Cache/hosted/pub.dev/web-1.1.1/lib/src/dom/filter_effects.dart:509:71: Error: The type 'JSObject' can't be implemented by an extension type.
extension type SVGFEFloodElement._(JSObject _) implements SVGElement, JSObject {
                                                                      ^
/C:/Users/berkgoknil/AppData/Local/Pub/Cache/hosted/pub.dev/web-1.1.1/lib/src/dom/filter_effects.dart:531:28: Error: The type 'JSObject' can't be implemented by an extension type.
    implements SVGElement, JSObject {
                           ^
/C:/Users/berkgoknil/AppData/Local/Pub/Cache/hosted/pub.dev/web-1.1.1/lib/src/dom/filter_effects.dart:568:71: Error: The type 'JSObject' can't be implemented by an extension type.
extension type SVGFEImageElement._(JSObject _) implements SVGElement, JSObject {
                                                                      ^
/C:/Users/berkgoknil/AppData/Local/Pub/Cache/hosted/pub.dev/web-1.1.1/lib/src/dom/filter_effects.dart:592:71: Error: The type 'JSObject' can't be implemented by an extension type.
extension type SVGFEMergeElement._(JSObject _) implements SVGElement, JSObject {
                                                                      ^
/C:/Users/berkgoknil/AppData/Local/Pub/Cache/hosted/pub.dev/web-1.1.1/lib/src/dom/filter_effects.dart:614:28: Error: The type 'JSObject' can't be implemented by an extension type.
    implements SVGElement, JSObject {
                           ^
/C:/Users/berkgoknil/AppData/Local/Pub/Cache/hosted/pub.dev/web-1.1.1/lib/src/dom/filter_effects.dart:632:28: Error: The type 'JSObject' can't be implemented by an extension type.
    implements SVGElement, JSObject {
                           ^
/C:/Users/berkgoknil/AppData/Local/Pub/Cache/hosted/pub.dev/web-1.1.1/lib/src/dom/filter_effects.dart:664:28: Error: The type 'JSObject' can't be implemented by an extension type.
    implements SVGElement, JSObject {
                           ^
/C:/Users/berkgoknil/AppData/Local/Pub/Cache/hosted/pub.dev/web-1.1.1/lib/src/dom/filter_effects.dart:690:28: Error: The type 'JSObject' can't be implemented by an extension type.
    implements SVGElement, JSObject {
                           ^
/C:/Users/berkgoknil/AppData/Local/Pub/Cache/hosted/pub.dev/web-1.1.1/lib/src/dom/filter_effects.dart:718:70: Error: The type 'JSObject' can't be implemented by an extension type.
extension type SVGFETileElement._(JSObject _) implements SVGElement, JSObject {
                                                                     ^
/C:/Users/berkgoknil/AppData/Local/Pub/Cache/hosted/pub.dev/web-1.1.1/lib/src/dom/filter_effects.dart:741:28: Error: The type 'JSObject' can't be implemented by an extension type.
    implements SVGElement, JSObject {
                           ^
/C:/Users/berkgoknil/AppData/Local/Pub/Cache/hosted/pub.dev/web-1.1.1/lib/src/dom/filter_effects.dart:13:2: Error: Couldn't find constructor 'JS'.
@JS()
 ^^
/C:/Users/berkgoknil/AppData/Local/Pub/Cache/hosted/pub.dev/web-1.1.1/lib/src/dom/filter_effects.dart:28:35: Error: 'JSObject' isn't a type.
extension type SVGFilterElement._(JSObject _) implements SVGElement, JSObject {
                                  ^^^^^^^^
/C:/Users/berkgoknil/AppData/Local/Pub/Cache/hosted/pub.dev/web-1.1.1/lib/src/dom/filter_effects.dart:51:36: Error: 'JSObject' isn't a type.
extension type SVGFEBlendElement._(JSObject _) implements SVGElement, JSObject {
                                   ^^^^^^^^
/C:/Users/berkgoknil/AppData/Local/Pub/Cache/hosted/pub.dev/web-1.1.1/lib/src/dom/filter_effects.dart:109:42: Error: 'JSObject' isn't a type.
extension type SVGFEColorMatrixElement._(JSObject _)
                                         ^^^^^^^^
/C:/Users/berkgoknil/AppData/Local/Pub/Cache/hosted/pub.dev/web-1.1.1/lib/src/dom/filter_effects.dart:145:48: Error: 'JSObject' isn't a type.
extension type SVGFEComponentTransferElement._(JSObject _)
                                               ^^^^^^^^
/C:/Users/berkgoknil/AppData/Local/Pub/Cache/hosted/pub.dev/web-1.1.1/lib/src/dom/filter_effects.dart:170:54: Error: 'JSObject' isn't a type.
extension type SVGComponentTransferFunctionElement._(JSObject _)
                                                     ^^^^^^^^
/C:/Users/berkgoknil/AppData/Local/Pub/Cache/hosted/pub.dev/web-1.1.1/lib/src/dom/filter_effects.dart:199:36: Error: 'JSObject' isn't a type.
extension type SVGFEFuncRElement._(JSObject _)
                                   ^^^^^^^^
/C:/Users/berkgoknil/AppData/Local/Pub/Cache/hosted/pub.dev/web-1.1.1/lib/src/dom/filter_effects.dart:215:36: Error: 'JSObject' isn't a type.
extension type SVGFEFuncGElement._(JSObject _)
                                   ^^^^^^^^
/C:/Users/berkgoknil/AppData/Local/Pub/Cache/hosted/pub.dev/web-1.1.1/lib/src/dom/filter_effects.dart:231:36: Error: 'JSObject' isn't a type.
extension type SVGFEFuncBElement._(JSObject _)
                                   ^^^^^^^^
/C:/Users/berkgoknil/AppData/Local/Pub/Cache/hosted/pub.dev/web-1.1.1/lib/src/dom/filter_effects.dart:247:36: Error: 'JSObject' isn't a type.
extension type SVGFEFuncAElement._(JSObject _)
                                   ^^^^^^^^
/C:/Users/berkgoknil/AppData/Local/Pub/Cache/hosted/pub.dev/web-1.1.1/lib/src/dom/filter_effects.dart:263:40: Error: 'JSObject' isn't a type.
extension type SVGFECompositeElement._(JSObject _)
                                       ^^^^^^^^
/C:/Users/berkgoknil/AppData/Local/Pub/Cache/hosted/pub.dev/web-1.1.1/lib/src/dom/filter_effects.dart:306:45: Error: 'JSObject' isn't a type.
extension type SVGFEConvolveMatrixElement._(JSObject _)
                                            ^^^^^^^^
/C:/Users/berkgoknil/AppData/Local/Pub/Cache/hosted/pub.dev/web-1.1.1/lib/src/dom/filter_effects.dart:348:46: Error: 'JSObject' isn't a type.
extension type SVGFEDiffuseLightingElement._(JSObject _)
                                             ^^^^^^^^
/C:/Users/berkgoknil/AppData/Local/Pub/Cache/hosted/pub.dev/web-1.1.1/lib/src/dom/filter_effects.dart:376:43: Error: 'JSObject' isn't a type.
extension type SVGFEDistantLightElement._(JSObject _)
                                          ^^^^^^^^
/C:/Users/berkgoknil/AppData/Local/Pub/Cache/hosted/pub.dev/web-1.1.1/lib/src/dom/filter_effects.dart:395:41: Error: 'JSObject' isn't a type.
extension type SVGFEPointLightElement._(JSObject _)
                                        ^^^^^^^^
/C:/Users/berkgoknil/AppData/Local/Pub/Cache/hosted/pub.dev/web-1.1.1/lib/src/dom/filter_effects.dart:415:40: Error: 'JSObject' isn't a type.
extension type SVGFESpotLightElement._(JSObject _)
                                       ^^^^^^^^
/C:/Users/berkgoknil/AppData/Local/Pub/Cache/hosted/pub.dev/web-1.1.1/lib/src/dom/filter_effects.dart:440:46: Error: 'JSObject' isn't a type.
extension type SVGFEDisplacementMapElement._(JSObject _)
                                             ^^^^^^^^
/C:/Users/berkgoknil/AppData/Local/Pub/Cache/hosted/pub.dev/web-1.1.1/lib/src/dom/filter_effects.dart:478:41: Error: 'JSObject' isn't a type.
extension type SVGFEDropShadowElement._(JSObject _)
                                        ^^^^^^^^
/C:/Users/berkgoknil/AppData/Local/Pub/Cache/hosted/pub.dev/web-1.1.1/lib/src/dom/filter_effects.dart:509:36: Error: 'JSObject' isn't a type.
extension type SVGFEFloodElement._(JSObject _) implements SVGElement, JSObject {
                                   ^^^^^^^^
/C:/Users/berkgoknil/AppData/Local/Pub/Cache/hosted/pub.dev/web-1.1.1/lib/src/dom/filter_effects.dart:530:43: Error: 'JSObject' isn't a type.
extension type SVGFEGaussianBlurElement._(JSObject _)
                                          ^^^^^^^^
/C:/Users/berkgoknil/AppData/Local/Pub/Cache/hosted/pub.dev/web-1.1.1/lib/src/dom/filter_effects.dart:568:36: Error: 'JSObject' isn't a type.
extension type SVGFEImageElement._(JSObject _) implements SVGElement, JSObject {
                                   ^^^^^^^^
/C:/Users/berkgoknil/AppData/Local/Pub/Cache/hosted/pub.dev/web-1.1.1/lib/src/dom/filter_effects.dart:592:36: Error: 'JSObject' isn't a type.
extension type SVGFEMergeElement._(JSObject _) implements SVGElement, JSObject {
                                   ^^^^^^^^
/C:/Users/berkgoknil/AppData/Local/Pub/Cache/hosted/pub.dev/web-1.1.1/lib/src/dom/filter_effects.dart:613:40: Error: 'JSObject' isn't a type.
extension type SVGFEMergeNodeElement._(JSObject _)
                                       ^^^^^^^^
/C:/Users/berkgoknil/AppData/Local/Pub/Cache/hosted/pub.dev/web-1.1.1/lib/src/dom/filter_effects.dart:631:41: Error: 'JSObject' isn't a type.
extension type SVGFEMorphologyElement._(JSObject _)
                                        ^^^^^^^^
/C:/Users/berkgoknil/AppData/Local/Pub/Cache/hosted/pub.dev/web-1.1.1/lib/src/dom/filter_effects.dart:663:37: Error: 'JSObject' isn't a type.
extension type SVGFEOffsetElement._(JSObject _)
                                    ^^^^^^^^
/C:/Users/berkgoknil/AppData/Local/Pub/Cache/hosted/pub.dev/web-1.1.1/lib/src/dom/filter_effects.dart:689:47: Error: 'JSObject' isn't a type.
extension type SVGFESpecularLightingElement._(JSObject _)
                                              ^^^^^^^^
/C:/Users/berkgoknil/AppData/Local/Pub/Cache/hosted/pub.dev/web-1.1.1/lib/src/dom/filter_effects.dart:718:35: Error: 'JSObject' isn't a type.
extension type SVGFETileElement._(JSObject _) implements SVGElement, JSObject {
                                  ^^^^^^^^
/C:/Users/berkgoknil/AppData/Local/Pub/Cache/hosted/pub.dev/web-1.1.1/lib/src/dom/filter_effects.dart:740:41: Error: 'JSObject' isn't a type.
extension type SVGFETurbulenceElement._(JSObject _)
                                        ^^^^^^^^
/C:/Users/berkgoknil/AppData/Local/Pub/Cache/hosted/pub.dev/web-1.1.1/lib/src/dom/ext_texture_norm16.dart:16:8: Error: Dart library 'dart:js_interop' is not available on this platform.
import 'dart:js_interop';
       ^
/C:/Users/berkgoknil/AppData/Local/Pub/Cache/hosted/pub.dev/web-1.1.1/lib/src/dom/ext_texture_norm16.dart:20:37: Error: Type 'JSObject' not found.
extension type EXT_texture_norm16._(JSObject _) implements JSObject {
                                    ^^^^^^^^
/C:/Users/berkgoknil/AppData/Local/Pub/Cache/hosted/pub.dev/web-1.1.1/lib/src/dom/ext_texture_norm16.dart:20:60: Error: Type 'JSObject' not found.
extension type EXT_texture_norm16._(JSObject _) implements JSObject {
                                                           ^^^^^^^^
/C:/Users/berkgoknil/AppData/Local/Pub/Cache/hosted/pub.dev/web-1.1.1/lib/src/dom/ext_texture_norm16.dart:20:60: Error: The type 'JSObject' can't be implemented by an extension type.
extension type EXT_texture_norm16._(JSObject _) implements JSObject {
                                                           ^
/C:/Users/berkgoknil/AppData/Local/Pub/Cache/hosted/pub.dev/web-1.1.1/lib/src/dom/ext_texture_norm16.dart:13:2: Error: Couldn't find constructor 'JS'.
@JS()
 ^^
/C:/Users/berkgoknil/AppData/Local/Pub/Cache/hosted/pub.dev/web-1.1.1/lib/src/dom/ext_texture_norm16.dart:20:37: Error: 'JSObject' isn't a type.
extension type EXT_texture_norm16._(JSObject _) implements JSObject {
                                    ^^^^^^^^
/C:/Users/berkgoknil/AppData/Local/Pub/Cache/hosted/pub.dev/web-1.1.1/lib/src/dom/ext_texture_filter_anisotropic.dart:16:8: Error: Dart library 'dart:js_interop' is not available on this platform.
import 'dart:js_interop';
       ^
/C:/Users/berkgoknil/AppData/Local/Pub/Cache/hosted/pub.dev/web-1.1.1/lib/src/dom/ext_texture_filter_anisotropic.dart:20:49: Error: Type 'JSObject' not found.
extension type EXT_texture_filter_anisotropic._(JSObject _)
                                                ^^^^^^^^
/C:/Users/berkgoknil/AppData/Local/Pub/Cache/hosted/pub.dev/web-1.1.1/lib/src/dom/ext_texture_filter_anisotropic.dart:21:16: Error: Type 'JSObject' not found.
    implements JSObject {
               ^^^^^^^^
/C:/Users/berkgoknil/AppData/Local/Pub/Cache/hosted/pub.dev/web-1.1.1/lib/src/dom/ext_texture_filter_anisotropic.dart:21:16: Error: The type 'JSObject' can't be implemented by an extension type.
    implements JSObject {
               ^
/C:/Users/berkgoknil/AppData/Local/Pub/Cache/hosted/pub.dev/web-1.1.1/lib/src/dom/ext_texture_filter_anisotropic.dart:13:2: Error: Couldn't find constructor 'JS'.
@JS()
 ^^
/C:/Users/berkgoknil/AppData/Local/Pub/Cache/hosted/pub.dev/web-1.1.1/lib/src/dom/ext_texture_filter_anisotropic.dart:20:49: Error: 'JSObject' isn't a type.
extension type EXT_texture_filter_anisotropic._(JSObject _)
                                                ^^^^^^^^
/C:/Users/berkgoknil/AppData/Local/Pub/Cache/hosted/pub.dev/web-1.1.1/lib/src/dom/ext_texture_compression_rgtc.dart:16:8: Error: Dart library 'dart:js_interop' is not available on this platform.
import 'dart:js_interop';
       ^
/C:/Users/berkgoknil/AppData/Local/Pub/Cache/hosted/pub.dev/web-1.1.1/lib/src/dom/ext_texture_compression_rgtc.dart:20:47: Error: Type 'JSObject' not found.
extension type EXT_texture_compression_rgtc._(JSObject _) implements JSObject {
                                              ^^^^^^^^
/C:/Users/berkgoknil/AppData/Local/Pub/Cache/hosted/pub.dev/web-1.1.1/lib/src/dom/ext_texture_compression_rgtc.dart:20:70: Error: Type 'JSObject' not found.
extension type EXT_texture_compression_rgtc._(JSObject _) implements JSObject {
                                                                     ^^^^^^^^
/C:/Users/berkgoknil/AppData/Local/Pub/Cache/hosted/pub.dev/web-1.1.1/lib/src/dom/ext_texture_compression_rgtc.dart:20:70: Error: The type 'JSObject' can't be implemented by an extension type.
extension type EXT_texture_compression_rgtc._(JSObject _) implements JSObject {
                                                                     ^
/C:/Users/berkgoknil/AppData/Local/Pub/Cache/hosted/pub.dev/web-1.1.1/lib/src/dom/ext_texture_compression_rgtc.dart:13:2: Error: Couldn't find constructor 'JS'.
@JS()
 ^^
/C:/Users/berkgoknil/AppData/Local/Pub/Cache/hosted/pub.dev/web-1.1.1/lib/src/dom/ext_texture_compression_rgtc.dart:20:47: Error: 'JSObject' isn't a type.
extension type EXT_texture_compression_rgtc._(JSObject _) implements JSObject {
                                              ^^^^^^^^
/C:/Users/berkgoknil/AppData/Local/Pub/Cache/hosted/pub.dev/web-1.1.1/lib/src/dom/ext_texture_compression_bptc.dart:16:8: Error: Dart library 'dart:js_interop' is not available on this platform.
import 'dart:js_interop';
       ^
/C:/Users/berkgoknil/AppData/Local/Pub/Cache/hosted/pub.dev/web-1.1.1/lib/src/dom/ext_texture_compression_bptc.dart:20:47: Error: Type 'JSObject' not found.
extension type EXT_texture_compression_bptc._(JSObject _) implements JSObject {
                                              ^^^^^^^^
/C:/Users/berkgoknil/AppData/Local/Pub/Cache/hosted/pub.dev/web-1.1.1/lib/src/dom/ext_texture_compression_bptc.dart:20:70: Error: Type 'JSObject' not found.
extension type EXT_texture_compression_bptc._(JSObject _) implements JSObject {
                                                                     ^^^^^^^^
/C:/Users/berkgoknil/AppData/Local/Pub/Cache/hosted/pub.dev/web-1.1.1/lib/src/dom/ext_texture_compression_bptc.dart:20:70: Error: The type 'JSObject' can't be implemented by an extension type.
extension type EXT_texture_compression_bptc._(JSObject _) implements JSObject {
                                                                     ^
/C:/Users/berkgoknil/AppData/Local/Pub/Cache/hosted/pub.dev/web-1.1.1/lib/src/dom/ext_texture_compression_bptc.dart:13:2: Error: Couldn't find constructor 'JS'.
@JS()
 ^^
/C:/Users/berkgoknil/AppData/Local/Pub/Cache/hosted/pub.dev/web-1.1.1/lib/src/dom/ext_texture_compression_bptc.dart:20:47: Error: 'JSObject' isn't a type.
extension type EXT_texture_compression_bptc._(JSObject _) implements JSObject {
                                              ^^^^^^^^
/C:/Users/berkgoknil/AppData/Local/Pub/Cache/hosted/pub.dev/web-1.1.1/lib/src/dom/ext_srgb.dart:16:8: Error: Dart library 'dart:js_interop' is not available on this platform.
import 'dart:js_interop';
       ^
/C:/Users/berkgoknil/AppData/Local/Pub/Cache/hosted/pub.dev/web-1.1.1/lib/src/dom/ext_srgb.dart:20:27: Error: Type 'JSObject' not found.
extension type EXT_sRGB._(JSObject _) implements JSObject {
                          ^^^^^^^^
/C:/Users/berkgoknil/AppData/Local/Pub/Cache/hosted/pub.dev/web-1.1.1/lib/src/dom/ext_srgb.dart:20:50: Error: Type 'JSObject' not found.
extension type EXT_sRGB._(JSObject _) implements JSObject {
                                                 ^^^^^^^^
/C:/Users/berkgoknil/AppData/Local/Pub/Cache/hosted/pub.dev/web-1.1.1/lib/src/dom/ext_srgb.dart:20:50: Error: The type 'JSObject' can't be implemented by an extension type.
extension type EXT_sRGB._(JSObject _) implements JSObject {
                                                 ^
/C:/Users/berkgoknil/AppData/Local/Pub/Cache/hosted/pub.dev/web-1.1.1/lib/src/dom/ext_srgb.dart:13:2: Error: Couldn't find constructor 'JS'.
@JS()
 ^^
/C:/Users/berkgoknil/AppData/Local/Pub/Cache/hosted/pub.dev/web-1.1.1/lib/src/dom/ext_srgb.dart:20:27: Error: 'JSObject' isn't a type.
extension type EXT_sRGB._(JSObject _) implements JSObject {
                          ^^^^^^^^
/C:/Users/berkgoknil/AppData/Local/Pub/Cache/hosted/pub.dev/web-1.1.1/lib/src/dom/ext_shader_texture_lod.dart:16:8: Error: Dart library 'dart:js_interop' is not available on this platform.
import 'dart:js_interop';
       ^
/C:/Users/berkgoknil/AppData/Local/Pub/Cache/hosted/pub.dev/web-1.1.1/lib/src/dom/ext_shader_texture_lod.dart:18:41: Error: Type 'JSObject' not found.
extension type EXT_shader_texture_lod._(JSObject _) implements JSObject {}
                                        ^^^^^^^^
/C:/Users/berkgoknil/AppData/Local/Pub/Cache/hosted/pub.dev/web-1.1.1/lib/src/dom/ext_shader_texture_lod.dart:18:64: Error: Type 'JSObject' not found.
extension type EXT_shader_texture_lod._(JSObject _) implements JSObject {}
                                                               ^^^^^^^^
/C:/Users/berkgoknil/AppData/Local/Pub/Cache/hosted/pub.dev/web-1.1.1/lib/src/dom/ext_shader_texture_lod.dart:18:64: Error: The type 'JSObject' can't be implemented by an extension type.
extension type EXT_shader_texture_lod._(JSObject _) implements JSObject {}
                                                               ^
/C:/Users/berkgoknil/AppData/Local/Pub/Cache/hosted/pub.dev/web-1.1.1/lib/src/dom/ext_shader_texture_lod.dart:13:2: Error: Couldn't find constructor 'JS'.
@JS()
 ^^
/C:/Users/berkgoknil/AppData/Local/Pub/Cache/hosted/pub.dev/web-1.1.1/lib/src/dom/ext_shader_texture_lod.dart:18:41: Error: 'JSObject' isn't a type.
extension type EXT_shader_texture_lod._(JSObject _) implements JSObject {}
                                        ^^^^^^^^
/C:/Users/berkgoknil/AppData/Local/Pub/Cache/hosted/pub.dev/web-1.1.1/lib/src/dom/ext_frag_depth.dart:16:8: Error: Dart library 'dart:js_interop' is not available on this platform.
import 'dart:js_interop';
       ^
/C:/Users/berkgoknil/AppData/Local/Pub/Cache/hosted/pub.dev/web-1.1.1/lib/src/dom/ext_frag_depth.dart:18:33: Error: Type 'JSObject' not found.
extension type EXT_frag_depth._(JSObject _) implements JSObject {}
                                ^^^^^^^^
/C:/Users/berkgoknil/AppData/Local/Pub/Cache/hosted/pub.dev/web-1.1.1/lib/src/dom/ext_frag_depth.dart:18:56: Error: Type 'JSObject' not found.
extension type EXT_frag_depth._(JSObject _) implements JSObject {}
                                                       ^^^^^^^^
/C:/Users/berkgoknil/AppData/Local/Pub/Cache/hosted/pub.dev/web-1.1.1/lib/src/dom/ext_frag_depth.dart:18:56: Error: The type 'JSObject' can't be implemented by an extension type.
extension type EXT_frag_depth._(JSObject _) implements JSObject {}
                                                       ^
/C:/Users/berkgoknil/AppData/Local/Pub/Cache/hosted/pub.dev/web-1.1.1/lib/src/dom/ext_frag_depth.dart:13:2: Error: Couldn't find constructor 'JS'.
@JS()
 ^^
/C:/Users/berkgoknil/AppData/Local/Pub/Cache/hosted/pub.dev/web-1.1.1/lib/src/dom/ext_frag_depth.dart:18:33: Error: 'JSObject' isn't a type.
extension type EXT_frag_depth._(JSObject _) implements JSObject {}
                                ^^^^^^^^
/C:/Users/berkgoknil/AppData/Local/Pub/Cache/hosted/pub.dev/web-1.1.1/lib/src/dom/ext_float_blend.dart:16:8: Error: Dart library 'dart:js_interop' is not available on this platform.
import 'dart:js_interop';
       ^
/C:/Users/berkgoknil/AppData/Local/Pub/Cache/hosted/pub.dev/web-1.1.1/lib/src/dom/ext_float_blend.dart:18:34: Error: Type 'JSObject' not found.
extension type EXT_float_blend._(JSObject _) implements JSObject {}
                                 ^^^^^^^^
/C:/Users/berkgoknil/AppData/Local/Pub/Cache/hosted/pub.dev/web-1.1.1/lib/src/dom/ext_float_blend.dart:18:57: Error: Type 'JSObject' not found.
extension type EXT_float_blend._(JSObject _) implements JSObject {}
                                                        ^^^^^^^^
/C:/Users/berkgoknil/AppData/Local/Pub/Cache/hosted/pub.dev/web-1.1.1/lib/src/dom/ext_float_blend.dart:18:57: Error: The type 'JSObject' can't be implemented by an extension type.
extension type EXT_float_blend._(JSObject _) implements JSObject {}
                                                        ^
/C:/Users/berkgoknil/AppData/Local/Pub/Cache/hosted/pub.dev/web-1.1.1/lib/src/dom/ext_float_blend.dart:13:2: Error: Couldn't find constructor 'JS'.
@JS()
 ^^
/C:/Users/berkgoknil/AppData/Local/Pub/Cache/hosted/pub.dev/web-1.1.1/lib/src/dom/ext_float_blend.dart:18:34: Error: 'JSObject' isn't a type.
extension type EXT_float_blend._(JSObject _) implements JSObject {}
                                 ^^^^^^^^
/C:/Users/berkgoknil/AppData/Local/Pub/Cache/hosted/pub.dev/web-1.1.1/lib/src/dom/ext_disjoint_timer_query_webgl2.dart:16:8: Error: Dart library 'dart:js_interop' is not available on this platform.
import 'dart:js_interop';
       ^
/C:/Users/berkgoknil/AppData/Local/Pub/Cache/hosted/pub.dev/web-1.1.1/lib/src/dom/ext_disjoint_timer_query_webgl2.dart:21:50: Error: Type 'JSObject' not found.
extension type EXT_disjoint_timer_query_webgl2._(JSObject _)
                                                 ^^^^^^^^
/C:/Users/berkgoknil/AppData/Local/Pub/Cache/hosted/pub.dev/web-1.1.1/lib/src/dom/ext_disjoint_timer_query_webgl2.dart:22:16: Error: Type 'JSObject' not found.
    implements JSObject {
               ^^^^^^^^
/C:/Users/berkgoknil/AppData/Local/Pub/Cache/hosted/pub.dev/web-1.1.1/lib/src/dom/ext_disjoint_timer_query_webgl2.dart:22:16: Error: The type 'JSObject' can't be implemented by an extension type.
    implements JSObject {
               ^
/C:/Users/berkgoknil/AppData/Local/Pub/Cache/hosted/pub.dev/web-1.1.1/lib/src/dom/ext_disjoint_timer_query_webgl2.dart:13:2: Error: Couldn't find constructor 'JS'.
@JS()
 ^^
/C:/Users/berkgoknil/AppData/Local/Pub/Cache/hosted/pub.dev/web-1.1.1/lib/src/dom/ext_disjoint_timer_query_webgl2.dart:21:50: Error: 'JSObject' isn't a type.
extension type EXT_disjoint_timer_query_webgl2._(JSObject _)
                                                 ^^^^^^^^
/C:/Users/berkgoknil/AppData/Local/Pub/Cache/hosted/pub.dev/web-1.1.1/lib/src/dom/ext_disjoint_timer_query.dart:16:8: Error: Dart library 'dart:js_interop' is not available on this platform.
import 'dart:js_interop';
       ^
/C:/Users/berkgoknil/AppData/Local/Pub/Cache/hosted/pub.dev/web-1.1.1/lib/src/dom/ext_disjoint_timer_query.dart:20:37: Error: Type 'JSObject' not found.
extension type WebGLTimerQueryEXT._(JSObject _) implements JSObject {}
                                    ^^^^^^^^
/C:/Users/berkgoknil/AppData/Local/Pub/Cache/hosted/pub.dev/web-1.1.1/lib/src/dom/ext_disjoint_timer_query.dart:20:60: Error: Type 'JSObject' not found.
extension type WebGLTimerQueryEXT._(JSObject _) implements JSObject {}
                                                           ^^^^^^^^
/C:/Users/berkgoknil/AppData/Local/Pub/Cache/hosted/pub.dev/web-1.1.1/lib/src/dom/ext_disjoint_timer_query.dart:21:43: Error: Type 'JSObject' not found.
extension type EXT_disjoint_timer_query._(JSObject _) implements JSObject {
                                          ^^^^^^^^
/C:/Users/berkgoknil/AppData/Local/Pub/Cache/hosted/pub.dev/web-1.1.1/lib/src/dom/ext_disjoint_timer_query.dart:21:66: Error: Type 'JSObject' not found.
extension type EXT_disjoint_timer_query._(JSObject _) implements JSObject {
                                                                 ^^^^^^^^
/C:/Users/berkgoknil/AppData/Local/Pub/Cache/hosted/pub.dev/web-1.1.1/lib/src/dom/ext_disjoint_timer_query.dart:48:12: Error: Type 'JSAny' not found.
  external JSAny? getQueryEXT(
           ^^^^^
/C:/Users/berkgoknil/AppData/Local/Pub/Cache/hosted/pub.dev/web-1.1.1/lib/src/dom/ext_disjoint_timer_query.dart:52:12: Error: Type 'JSAny' not found.
  external JSAny? getQueryObjectEXT(
           ^^^^^
/C:/Users/berkgoknil/AppData/Local/Pub/Cache/hosted/pub.dev/web-1.1.1/lib/src/dom/ext_disjoint_timer_query.dart:20:60: Error: The type 'JSObject' can't be implemented by an extension type.
extension type WebGLTimerQueryEXT._(JSObject _) implements JSObject {}
                                                           ^
/C:/Users/berkgoknil/AppData/Local/Pub/Cache/hosted/pub.dev/web-1.1.1/lib/src/dom/ext_disjoint_timer_query.dart:21:66: Error: The type 'JSObject' can't be implemented by an extension type.
extension type EXT_disjoint_timer_query._(JSObject _) implements JSObject {
                                                                 ^
/C:/Users/berkgoknil/AppData/Local/Pub/Cache/hosted/pub.dev/web-1.1.1/lib/src/dom/ext_disjoint_timer_query.dart:13:2: Error: Couldn't find constructor 'JS'.
@JS()
 ^^
/C:/Users/berkgoknil/AppData/Local/Pub/Cache/hosted/pub.dev/web-1.1.1/lib/src/dom/ext_disjoint_timer_query.dart:20:37: Error: 'JSObject' isn't a type.
extension type WebGLTimerQueryEXT._(JSObject _) implements JSObject {}
                                    ^^^^^^^^
/C:/Users/berkgoknil/AppData/Local/Pub/Cache/hosted/pub.dev/web-1.1.1/lib/src/dom/ext_disjoint_timer_query.dart:21:43: Error: 'JSObject' isn't a type.
extension type EXT_disjoint_timer_query._(JSObject _) implements JSObject {
                                          ^^^^^^^^
/C:/Users/berkgoknil/AppData/Local/Pub/Cache/hosted/pub.dev/web-1.1.1/lib/src/dom/ext_color_buffer_half_float.dart:16:8: Error: Dart library 'dart:js_interop' is not available on this platform.
import 'dart:js_interop';
       ^
/C:/Users/berkgoknil/AppData/Local/Pub/Cache/hosted/pub.dev/web-1.1.1/lib/src/dom/ext_color_buffer_half_float.dart:20:46: Error: Type 'JSObject' not found.
extension type EXT_color_buffer_half_float._(JSObject _) implements JSObject {
                                             ^^^^^^^^
/C:/Users/berkgoknil/AppData/Local/Pub/Cache/hosted/pub.dev/web-1.1.1/lib/src/dom/ext_color_buffer_half_float.dart:20:69: Error: Type 'JSObject' not found.
extension type EXT_color_buffer_half_float._(JSObject _) implements JSObject {
                                                                    ^^^^^^^^
/C:/Users/berkgoknil/AppData/Local/Pub/Cache/hosted/pub.dev/web-1.1.1/lib/src/dom/ext_color_buffer_half_float.dart:20:69: Error: The type 'JSObject' can't be implemented by an extension type.
extension type EXT_color_buffer_half_float._(JSObject _) implements JSObject {
                                                                    ^
/C:/Users/berkgoknil/AppData/Local/Pub/Cache/hosted/pub.dev/web-1.1.1/lib/src/dom/ext_color_buffer_half_float.dart:13:2: Error: Couldn't find constructor 'JS'.
@JS()
 ^^
/C:/Users/berkgoknil/AppData/Local/Pub/Cache/hosted/pub.dev/web-1.1.1/lib/src/dom/ext_color_buffer_half_float.dart:20:46: Error: 'JSObject' isn't a type.
extension type EXT_color_buffer_half_float._(JSObject _) implements JSObject {
                                             ^^^^^^^^
/C:/Users/berkgoknil/AppData/Local/Pub/Cache/hosted/pub.dev/web-1.1.1/lib/src/dom/ext_color_buffer_float.dart:16:8: Error: Dart library 'dart:js_interop' is not available on this platform.
import 'dart:js_interop';
       ^
/C:/Users/berkgoknil/AppData/Local/Pub/Cache/hosted/pub.dev/web-1.1.1/lib/src/dom/ext_color_buffer_float.dart:18:41: Error: Type 'JSObject' not found.
extension type EXT_color_buffer_float._(JSObject _) implements JSObject {}
                                        ^^^^^^^^
/C:/Users/berkgoknil/AppData/Local/Pub/Cache/hosted/pub.dev/web-1.1.1/lib/src/dom/ext_color_buffer_float.dart:18:64: Error: Type 'JSObject' not found.
extension type EXT_color_buffer_float._(JSObject _) implements JSObject {}
                                                               ^^^^^^^^
/C:/Users/berkgoknil/AppData/Local/Pub/Cache/hosted/pub.dev/web-1.1.1/lib/src/dom/ext_color_buffer_float.dart:18:64: Error: The type 'JSObject' can't be implemented by an extension type.
extension type EXT_color_buffer_float._(JSObject _) implements JSObject {}
                                                               ^
/C:/Users/berkgoknil/AppData/Local/Pub/Cache/hosted/pub.dev/web-1.1.1/lib/src/dom/ext_color_buffer_float.dart:13:2: Error: Couldn't find constructor 'JS'.
@JS()
 ^^
/C:/Users/berkgoknil/AppData/Local/Pub/Cache/hosted/pub.dev/web-1.1.1/lib/src/dom/ext_color_buffer_float.dart:18:41: Error: 'JSObject' isn't a type.
extension type EXT_color_buffer_float._(JSObject _) implements JSObject {}
                                        ^^^^^^^^
/C:/Users/berkgoknil/AppData/Local/Pub/Cache/hosted/pub.dev/web-1.1.1/lib/src/dom/ext_blend_minmax.dart:16:8: Error: Dart library 'dart:js_interop' is not available on this platform.
import 'dart:js_interop';
       ^
/C:/Users/berkgoknil/AppData/Local/Pub/Cache/hosted/pub.dev/web-1.1.1/lib/src/dom/ext_blend_minmax.dart:20:35: Error: Type 'JSObject' not found.
extension type EXT_blend_minmax._(JSObject _) implements JSObject {
                                  ^^^^^^^^
/C:/Users/berkgoknil/AppData/Local/Pub/Cache/hosted/pub.dev/web-1.1.1/lib/src/dom/ext_blend_minmax.dart:20:58: Error: Type 'JSObject' not found.
extension type EXT_blend_minmax._(JSObject _) implements JSObject {
                                                         ^^^^^^^^
/C:/Users/berkgoknil/AppData/Local/Pub/Cache/hosted/pub.dev/web-1.1.1/lib/src/dom/ext_blend_minmax.dart:20:58: Error: The type 'JSObject' can't be implemented by an extension type.
extension type EXT_blend_minmax._(JSObject _) implements JSObject {
                                                         ^
/C:/Users/berkgoknil/AppData/Local/Pub/Cache/hosted/pub.dev/web-1.1.1/lib/src/dom/ext_blend_minmax.dart:13:2: Error: Couldn't find constructor 'JS'.
@JS()
 ^^
/C:/Users/berkgoknil/AppData/Local/Pub/Cache/hosted/pub.dev/web-1.1.1/lib/src/dom/ext_blend_minmax.dart:20:35: Error: 'JSObject' isn't a type.
extension type EXT_blend_minmax._(JSObject _) implements JSObject {
                                  ^^^^^^^^
/C:/Users/berkgoknil/AppData/Local/Pub/Cache/hosted/pub.dev/web-1.1.1/lib/src/dom/encoding.dart:16:8: Error: Dart library 'dart:js_interop' is not available on this platform.
import 'dart:js_interop';
       ^
/C:/Users/berkgoknil/AppData/Local/Pub/Cache/hosted/pub.dev/web-1.1.1/lib/src/dom/encoding.dart:21:37: Error: Type 'JSObject' not found.
extension type TextDecoderOptions._(JSObject _) implements JSObject {
                                    ^^^^^^^^
/C:/Users/berkgoknil/AppData/Local/Pub/Cache/hosted/pub.dev/web-1.1.1/lib/src/dom/encoding.dart:21:60: Error: Type 'JSObject' not found.
extension type TextDecoderOptions._(JSObject _) implements JSObject {
                                                           ^^^^^^^^
/C:/Users/berkgoknil/AppData/Local/Pub/Cache/hosted/pub.dev/web-1.1.1/lib/src/dom/encoding.dart:32:36: Error: Type 'JSObject' not found.
extension type TextDecodeOptions._(JSObject _) implements JSObject {
                                   ^^^^^^^^
/C:/Users/berkgoknil/AppData/Local/Pub/Cache/hosted/pub.dev/web-1.1.1/lib/src/dom/encoding.dart:32:59: Error: Type 'JSObject' not found.
extension type TextDecodeOptions._(JSObject _) implements JSObject {
                                                          ^^^^^^^^
/C:/Users/berkgoknil/AppData/Local/Pub/Cache/hosted/pub.dev/web-1.1.1/lib/src/dom/encoding.dart:47:30: Error: Type 'JSObject' not found.
extension type TextDecoder._(JSObject _) implements JSObject {
                             ^^^^^^^^
/C:/Users/berkgoknil/AppData/Local/Pub/Cache/hosted/pub.dev/web-1.1.1/lib/src/dom/encoding.dart:47:53: Error: Type 'JSObject' not found.
extension type TextDecoder._(JSObject _) implements JSObject {
                                                    ^^^^^^^^
/C:/Users/berkgoknil/AppData/Local/Pub/Cache/hosted/pub.dev/web-1.1.1/lib/src/dom/encoding.dart:90:46: Error: Type 'JSObject' not found.
extension type TextEncoderEncodeIntoResult._(JSObject _) implements JSObject {
                                             ^^^^^^^^
/C:/Users/berkgoknil/AppData/Local/Pub/Cache/hosted/pub.dev/web-1.1.1/lib/src/dom/encoding.dart:90:69: Error: Type 'JSObject' not found.
extension type TextEncoderEncodeIntoResult._(JSObject _) implements JSObject {
                                                                    ^^^^^^^^
/C:/Users/berkgoknil/AppData/Local/Pub/Cache/hosted/pub.dev/web-1.1.1/lib/src/dom/encoding.dart:109:30: Error: Type 'JSObject' not found.
extension type TextEncoder._(JSObject _) implements JSObject {
                             ^^^^^^^^
/C:/Users/berkgoknil/AppData/Local/Pub/Cache/hosted/pub.dev/web-1.1.1/lib/src/dom/encoding.dart:109:53: Error: Type 'JSObject' not found.
extension type TextEncoder._(JSObject _) implements JSObject {
                                                    ^^^^^^^^
/C:/Users/berkgoknil/AppData/Local/Pub/Cache/hosted/pub.dev/web-1.1.1/lib/src/dom/encoding.dart:115:12: Error: Type 'JSUint8Array' not found.
  external JSUint8Array encode([String input]);
           ^^^^^^^^^^^^
/C:/Users/berkgoknil/AppData/Local/Pub/Cache/hosted/pub.dev/web-1.1.1/lib/src/dom/encoding.dart:125:5: Error: Type 'JSUint8Array' not found.
    JSUint8Array destination,
    ^^^^^^^^^^^^
/C:/Users/berkgoknil/AppData/Local/Pub/Cache/hosted/pub.dev/web-1.1.1/lib/src/dom/encoding.dart:145:36: Error: Type 'JSObject' not found.
extension type TextDecoderStream._(JSObject _) implements JSObject {
                                   ^^^^^^^^
/C:/Users/berkgoknil/AppData/Local/Pub/Cache/hosted/pub.dev/web-1.1.1/lib/src/dom/encoding.dart:145:59: Error: Type 'JSObject' not found.
extension type TextDecoderStream._(JSObject _) implements JSObject {
                                                          ^^^^^^^^
/C:/Users/berkgoknil/AppData/Local/Pub/Cache/hosted/pub.dev/web-1.1.1/lib/src/dom/encoding.dart:195:36: Error: Type 'JSObject' not found.
extension type TextEncoderStream._(JSObject _) implements JSObject {
                                   ^^^^^^^^
/C:/Users/berkgoknil/AppData/Local/Pub/Cache/hosted/pub.dev/web-1.1.1/lib/src/dom/encoding.dart:195:59: Error: Type 'JSObject' not found.
extension type TextEncoderStream._(JSObject _) implements JSObject {
                                                          ^^^^^^^^
/C:/Users/berkgoknil/AppData/Local/Pub/Cache/hosted/pub.dev/web-1.1.1/lib/src/dom/encoding.dart:21:60: Error: The type 'JSObject' can't be implemented by an extension type.
extension type TextDecoderOptions._(JSObject _) implements JSObject {
                                                           ^
/C:/Users/berkgoknil/AppData/Local/Pub/Cache/hosted/pub.dev/web-1.1.1/lib/src/dom/encoding.dart:32:59: Error: The type 'JSObject' can't be implemented by an extension type.
extension type TextDecodeOptions._(JSObject _) implements JSObject {
                                                          ^
/C:/Users/berkgoknil/AppData/Local/Pub/Cache/hosted/pub.dev/web-1.1.1/lib/src/dom/encoding.dart:47:53: Error: The type 'JSObject' can't be implemented by an extension type.
extension type TextDecoder._(JSObject _) implements JSObject {
                                                    ^
/C:/Users/berkgoknil/AppData/Local/Pub/Cache/hosted/pub.dev/web-1.1.1/lib/src/dom/encoding.dart:90:69: Error: The type 'JSObject' can't be implemented by an extension type.
extension type TextEncoderEncodeIntoResult._(JSObject _) implements JSObject {
                                                                    ^
/C:/Users/berkgoknil/AppData/Local/Pub/Cache/hosted/pub.dev/web-1.1.1/lib/src/dom/encoding.dart:109:53: Error: The type 'JSObject' can't be implemented by an extension type.
extension type TextEncoder._(JSObject _) implements JSObject {
                                                    ^
/C:/Users/berkgoknil/AppData/Local/Pub/Cache/hosted/pub.dev/web-1.1.1/lib/src/dom/encoding.dart:145:59: Error: The type 'JSObject' can't be implemented by an extension type.
extension type TextDecoderStream._(JSObject _) implements JSObject {
                                                          ^
/C:/Users/berkgoknil/AppData/Local/Pub/Cache/hosted/pub.dev/web-1.1.1/lib/src/dom/encoding.dart:195:59: Error: The type 'JSObject' can't be implemented by an extension type.
extension type TextEncoderStream._(JSObject _) implements JSObject {
                                                          ^
/C:/Users/berkgoknil/AppData/Local/Pub/Cache/hosted/pub.dev/web-1.1.1/lib/src/dom/encoding.dart:13:2: Error: Couldn't find constructor 'JS'.
@JS()
 ^^
/C:/Users/berkgoknil/AppData/Local/Pub/Cache/hosted/pub.dev/web-1.1.1/lib/src/dom/encoding.dart:21:37: Error: 'JSObject' isn't a type.
extension type TextDecoderOptions._(JSObject _) implements JSObject {
                                    ^^^^^^^^
/C:/Users/berkgoknil/AppData/Local/Pub/Cache/hosted/pub.dev/web-1.1.1/lib/src/dom/encoding.dart:32:36: Error: 'JSObject' isn't a type.
extension type TextDecodeOptions._(JSObject _) implements JSObject {
                                   ^^^^^^^^
/C:/Users/berkgoknil/AppData/Local/Pub/Cache/hosted/pub.dev/web-1.1.1/lib/src/dom/encoding.dart:47:30: Error: 'JSObject' isn't a type.
extension type TextDecoder._(JSObject _) implements JSObject {
                             ^^^^^^^^
/C:/Users/berkgoknil/AppData/Local/Pub/Cache/hosted/pub.dev/web-1.1.1/lib/src/dom/encoding.dart:90:46: Error: 'JSObject' isn't a type.
extension type TextEncoderEncodeIntoResult._(JSObject _) implements JSObject {
                                             ^^^^^^^^
/C:/Users/berkgoknil/AppData/Local/Pub/Cache/hosted/pub.dev/web-1.1.1/lib/src/dom/encoding.dart:109:30: Error: 'JSObject' isn't a type.
extension type TextEncoder._(JSObject _) implements JSObject {
                             ^^^^^^^^
/C:/Users/berkgoknil/AppData/Local/Pub/Cache/hosted/pub.dev/web-1.1.1/lib/src/dom/encoding.dart:125:5: Error: 'JSUint8Array' isn't a type.
    JSUint8Array destination,
    ^^^^^^^^^^^^
/C:/Users/berkgoknil/AppData/Local/Pub/Cache/hosted/pub.dev/web-1.1.1/lib/src/dom/encoding.dart:145:36: Error: 'JSObject' isn't a type.
extension type TextDecoderStream._(JSObject _) implements JSObject {
                                   ^^^^^^^^
/C:/Users/berkgoknil/AppData/Local/Pub/Cache/hosted/pub.dev/web-1.1.1/lib/src/dom/encoding.dart:195:36: Error: 'JSObject' isn't a type.
extension type TextEncoderStream._(JSObject _) implements JSObject {
                                   ^^^^^^^^
/C:/Users/berkgoknil/AppData/Local/Pub/Cache/hosted/pub.dev/web-1.1.1/lib/src/dom/dom_parsing.dart:16:8: Error: Dart library 'dart:js_interop' is not available on this platform.
import 'dart:js_interop';
       ^
/C:/Users/berkgoknil/AppData/Local/Pub/Cache/hosted/pub.dev/web-1.1.1/lib/src/dom/dom_parsing.dart:27:32: Error: Type 'JSObject' not found.
extension type XMLSerializer._(JSObject _) implements JSObject {
                               ^^^^^^^^
/C:/Users/berkgoknil/AppData/Local/Pub/Cache/hosted/pub.dev/web-1.1.1/lib/src/dom/dom_parsing.dart:27:55: Error: Type 'JSObject' not found.
extension type XMLSerializer._(JSObject _) implements JSObject {
                                                      ^^^^^^^^
/C:/Users/berkgoknil/AppData/Local/Pub/Cache/hosted/pub.dev/web-1.1.1/lib/src/dom/dom_parsing.dart:27:55: Error: The type 'JSObject' can't be implemented by an extension type.
extension type XMLSerializer._(JSObject _) implements JSObject {
                                                      ^
/C:/Users/berkgoknil/AppData/Local/Pub/Cache/hosted/pub.dev/web-1.1.1/lib/src/dom/dom_parsing.dart:13:2: Error: Couldn't find constructor 'JS'.
@JS()
 ^^
/C:/Users/berkgoknil/AppData/Local/Pub/Cache/hosted/pub.dev/web-1.1.1/lib/src/dom/dom_parsing.dart:27:32: Error: 'JSObject' isn't a type.
extension type XMLSerializer._(JSObject _) implements JSObject {
                               ^^^^^^^^
/C:/Users/berkgoknil/AppData/Local/Pub/Cache/hosted/pub.dev/web-1.1.1/lib/src/dom/css_view_transitions_2.dart:16:8: Error: Dart library 'dart:js_interop' is not available on this platform.
import 'dart:js_interop';
       ^
/C:/Users/berkgoknil/AppData/Local/Pub/Cache/hosted/pub.dev/web-1.1.1/lib/src/dom/css_view_transitions_2.dart:20:45: Error: Type 'JSObject' not found.
extension type StartViewTransitionOptions._(JSObject _) implements JSObject {
                                            ^^^^^^^^
/C:/Users/berkgoknil/AppData/Local/Pub/Cache/hosted/pub.dev/web-1.1.1/lib/src/dom/css_view_transitions_2.dart:20:68: Error: Type 'JSObject' not found.
extension type StartViewTransitionOptions._(JSObject _) implements JSObject {
                                                                   ^^^^^^^^
/C:/Users/berkgoknil/AppData/Local/Pub/Cache/hosted/pub.dev/web-1.1.1/lib/src/dom/css_view_transitions_2.dart:23:13: Error: Type 'JSString' not found.
    JSArray<JSString>? types,
            ^^^^^^^^
/C:/Users/berkgoknil/AppData/Local/Pub/Cache/hosted/pub.dev/web-1.1.1/lib/src/dom/css_view_transitions_2.dart:23:5: Error: Type 'JSArray' not found.
    JSArray<JSString>? types,
    ^^^^^^^
/C:/Users/berkgoknil/AppData/Local/Pub/Cache/hosted/pub.dev/web-1.1.1/lib/src/dom/css_view_transitions_2.dart:28:20: Error: Type 'JSString' not found.
  external JSArray<JSString>? get types;
                   ^^^^^^^^
/C:/Users/berkgoknil/AppData/Local/Pub/Cache/hosted/pub.dev/web-1.1.1/lib/src/dom/css_view_transitions_2.dart:28:12: Error: Type 'JSArray' not found.
  external JSArray<JSString>? get types;
           ^^^^^^^
/C:/Users/berkgoknil/AppData/Local/Pub/Cache/hosted/pub.dev/web-1.1.1/lib/src/dom/css_view_transitions_2.dart:29:30: Error: Type 'JSString' not found.
  external set types(JSArray<JSString>? value);
                             ^^^^^^^^
/C:/Users/berkgoknil/AppData/Local/Pub/Cache/hosted/pub.dev/web-1.1.1/lib/src/dom/css_view_transitions_2.dart:29:22: Error: Type 'JSArray' not found.
  external set types(JSArray<JSString>? value);
                     ^^^^^^^
/C:/Users/berkgoknil/AppData/Local/Pub/Cache/hosted/pub.dev/web-1.1.1/lib/src/dom/css_view_transitions_2.dart:20:68: Error: The type 'JSObject' can't be implemented by an extension type.
extension type StartViewTransitionOptions._(JSObject _) implements JSObject {
                                                                   ^
/C:/Users/berkgoknil/AppData/Local/Pub/Cache/hosted/pub.dev/web-1.1.1/lib/src/dom/css_view_transitions_2.dart:13:2: Error: Couldn't find constructor 'JS'.
@JS()
 ^^
/C:/Users/berkgoknil/AppData/Local/Pub/Cache/hosted/pub.dev/web-1.1.1/lib/src/dom/css_view_transitions_2.dart:20:45: Error: 'JSObject' isn't a type.
extension type StartViewTransitionOptions._(JSObject _) implements JSObject {
                                            ^^^^^^^^
/C:/Users/berkgoknil/AppData/Local/Pub/Cache/hosted/pub.dev/web-1.1.1/lib/src/dom/css_view_transitions_2.dart:23:13: Error: 'JSString' isn't a type.
    JSArray<JSString>? types,
            ^^^^^^^^
/C:/Users/berkgoknil/AppData/Local/Pub/Cache/hosted/pub.dev/web-1.1.1/lib/src/dom/css_view_transitions_2.dart:23:5: Error: 'JSArray' isn't a type.
    JSArray<JSString>? types,
    ^^^^^^^
/C:/Users/berkgoknil/AppData/Local/Pub/Cache/hosted/pub.dev/web-1.1.1/lib/src/dom/css_view_transitions_2.dart:29:30: Error: 'JSString' isn't a type.
  external set types(JSArray<JSString>? value);
                             ^^^^^^^^
/C:/Users/berkgoknil/AppData/Local/Pub/Cache/hosted/pub.dev/web-1.1.1/lib/src/dom/css_view_transitions_2.dart:29:22: Error: 'JSArray' isn't a type.
  external set types(JSArray<JSString>? value);
                     ^^^^^^^
/C:/Users/berkgoknil/AppData/Local/Pub/Cache/hosted/pub.dev/web-1.1.1/lib/src/dom/css_transitions_2.dart:16:8: Error: Dart library 'dart:js_interop' is not available on this platform.
import 'dart:js_interop';
       ^
/C:/Users/berkgoknil/AppData/Local/Pub/Cache/hosted/pub.dev/web-1.1.1/lib/src/dom/css_transitions_2.dart:29:39: Error: Type 'JSObject' not found.
extension type CSSStartingStyleRule._(JSObject _)
                                      ^^^^^^^^
/C:/Users/berkgoknil/AppData/Local/Pub/Cache/hosted/pub.dev/web-1.1.1/lib/src/dom/css_transitions_2.dart:30:33: Error: Type 'JSObject' not found.
    implements CSSGroupingRule, JSObject {}
                                ^^^^^^^^
/C:/Users/berkgoknil/AppData/Local/Pub/Cache/hosted/pub.dev/web-1.1.1/lib/src/dom/css_transitions_2.dart:40:32: Error: Type 'JSObject' not found.
extension type CSSTransition._(JSObject _) implements Animation, JSObject {
                               ^^^^^^^^
/C:/Users/berkgoknil/AppData/Local/Pub/Cache/hosted/pub.dev/web-1.1.1/lib/src/dom/css_transitions_2.dart:40:66: Error: Type 'JSObject' not found.
extension type CSSTransition._(JSObject _) implements Animation, JSObject {
                                                                 ^^^^^^^^
/C:/Users/berkgoknil/AppData/Local/Pub/Cache/hosted/pub.dev/web-1.1.1/lib/src/dom/css_transitions_2.dart:30:33: Error: The type 'JSObject' can't be implemented by an extension type.
    implements CSSGroupingRule, JSObject {}
                                ^
/C:/Users/berkgoknil/AppData/Local/Pub/Cache/hosted/pub.dev/web-1.1.1/lib/src/dom/css_transitions_2.dart:40:66: Error: The type 'JSObject' can't be implemented by an extension type.
extension type CSSTransition._(JSObject _) implements Animation, JSObject {
                                                                 ^
/C:/Users/berkgoknil/AppData/Local/Pub/Cache/hosted/pub.dev/web-1.1.1/lib/src/dom/css_transitions_2.dart:13:2: Error: Couldn't find constructor 'JS'.
@JS()
 ^^
/C:/Users/berkgoknil/AppData/Local/Pub/Cache/hosted/pub.dev/web-1.1.1/lib/src/dom/css_transitions_2.dart:29:39: Error: 'JSObject' isn't a type.
extension type CSSStartingStyleRule._(JSObject _)
                                      ^^^^^^^^
/C:/Users/berkgoknil/AppData/Local/Pub/Cache/hosted/pub.dev/web-1.1.1/lib/src/dom/css_transitions_2.dart:40:32: Error: 'JSObject' isn't a type.
extension type CSSTransition._(JSObject _) implements Animation, JSObject {
                               ^^^^^^^^
/C:/Users/berkgoknil/AppData/Local/Pub/Cache/hosted/pub.dev/web-1.1.1/lib/src/dom/css_transitions.dart:16:8: Error: Dart library 'dart:js_interop' is not available on this platform.
import 'dart:js_interop';
       ^
/C:/Users/berkgoknil/AppData/Local/Pub/Cache/hosted/pub.dev/web-1.1.1/lib/src/dom/css_transitions.dart:28:34: Error: Type 'JSObject' not found.
extension type TransitionEvent._(JSObject _) implements Event, JSObject {
                                 ^^^^^^^^
/C:/Users/berkgoknil/AppData/Local/Pub/Cache/hosted/pub.dev/web-1.1.1/lib/src/dom/css_transitions.dart:28:64: Error: Type 'JSObject' not found.
extension type TransitionEvent._(JSObject _) implements Event, JSObject {
                                                               ^^^^^^^^
/C:/Users/berkgoknil/AppData/Local/Pub/Cache/hosted/pub.dev/web-1.1.1/lib/src/dom/css_transitions.dart:55:38: Error: Type 'JSObject' not found.
extension type TransitionEventInit._(JSObject _)
                                     ^^^^^^^^
/C:/Users/berkgoknil/AppData/Local/Pub/Cache/hosted/pub.dev/web-1.1.1/lib/src/dom/css_transitions.dart:56:27: Error: Type 'JSObject' not found.
    implements EventInit, JSObject {
                          ^^^^^^^^
/C:/Users/berkgoknil/AppData/Local/Pub/Cache/hosted/pub.dev/web-1.1.1/lib/src/dom/css_transitions.dart:28:64: Error: The type 'JSObject' can't be implemented by an extension type.
extension type TransitionEvent._(JSObject _) implements Event, JSObject {
                                                               ^
/C:/Users/berkgoknil/AppData/Local/Pub/Cache/hosted/pub.dev/web-1.1.1/lib/src/dom/css_transitions.dart:56:27: Error: The type 'JSObject' can't be implemented by an extension type.
    implements EventInit, JSObject {
                          ^
/C:/Users/berkgoknil/AppData/Local/Pub/Cache/hosted/pub.dev/web-1.1.1/lib/src/dom/css_transitions.dart:13:2: Error: Couldn't find constructor 'JS'.
@JS()
 ^^
/C:/Users/berkgoknil/AppData/Local/Pub/Cache/hosted/pub.dev/web-1.1.1/lib/src/dom/css_transitions.dart:28:34: Error: 'JSObject' isn't a type.
extension type TransitionEvent._(JSObject _) implements Event, JSObject {
                                 ^^^^^^^^
/C:/Users/berkgoknil/AppData/Local/Pub/Cache/hosted/pub.dev/web-1.1.1/lib/src/dom/css_transitions.dart:55:38: Error: 'JSObject' isn't a type.
extension type TransitionEventInit._(JSObject _)
                                     ^^^^^^^^
/C:/Users/berkgoknil/AppData/Local/Pub/Cache/hosted/pub.dev/web-1.1.1/lib/src/dom/css_paint_api.dart:16:8: Error: Dart library 'dart:js_interop' is not available on this platform.
import 'dart:js_interop';
       ^
/C:/Users/berkgoknil/AppData/Local/Pub/Cache/hosted/pub.dev/web-1.1.1/lib/src/dom/css_paint_api.dart:21:42: Error: Type 'JSObject' not found.
extension type PaintRenderingContext2D._(JSObject _) implements JSObject {
                                         ^^^^^^^^
/C:/Users/berkgoknil/AppData/Local/Pub/Cache/hosted/pub.dev/web-1.1.1/lib/src/dom/css_paint_api.dart:21:65: Error: Type 'JSObject' not found.
extension type PaintRenderingContext2D._(JSObject _) implements JSObject {
                                                                ^^^^^^^^
/C:/Users/berkgoknil/AppData/Local/Pub/Cache/hosted/pub.dev/web-1.1.1/lib/src/dom/css_paint_api.dart:43:5: Error: Type 'JSAny' not found.
    JSAny aOrTransform,
    ^^^^^
/C:/Users/berkgoknil/AppData/Local/Pub/Cache/hosted/pub.dev/web-1.1.1/lib/src/dom/css_paint_api.dart:89:5: Error: Type 'JSAny' not found.
    JSAny fillRuleOrPath,
    ^^^^^
/C:/Users/berkgoknil/AppData/Local/Pub/Cache/hosted/pub.dev/web-1.1.1/lib/src/dom/css_paint_api.dart:94:5: Error: Type 'JSAny' not found.
    JSAny fillRuleOrPath,
    ^^^^^
/C:/Users/berkgoknil/AppData/Local/Pub/Cache/hosted/pub.dev/web-1.1.1/lib/src/dom/css_paint_api.dart:98:5: Error: Type 'JSAny' not found.
    JSAny pathOrX,
    ^^^^^
/C:/Users/berkgoknil/AppData/Local/Pub/Cache/hosted/pub.dev/web-1.1.1/lib/src/dom/css_paint_api.dart:100:5: Error: Type 'JSAny' not found.
    JSAny fillRuleOrY,
    ^^^^^
/C:/Users/berkgoknil/AppData/Local/Pub/Cache/hosted/pub.dev/web-1.1.1/lib/src/dom/css_paint_api.dart:104:5: Error: Type 'JSAny' not found.
    JSAny pathOrX,
    ^^^^^
/C:/Users/berkgoknil/AppData/Local/Pub/Cache/hosted/pub.dev/web-1.1.1/lib/src/dom/css_paint_api.dart:119:37: Error: Type 'JSNumber' not found.
  external void setLineDash(JSArray<JSNumber> segments);
                                    ^^^^^^^^
/C:/Users/berkgoknil/AppData/Local/Pub/Cache/hosted/pub.dev/web-1.1.1/lib/src/dom/css_paint_api.dart:119:29: Error: Type 'JSArray' not found.
  external void setLineDash(JSArray<JSNumber> segments);
                            ^^^^^^^
/C:/Users/berkgoknil/AppData/Local/Pub/Cache/hosted/pub.dev/web-1.1.1/lib/src/dom/css_paint_api.dart:120:20: Error: Type 'JSNumber' not found.
  external JSArray<JSNumber> getLineDash();
                   ^^^^^^^^
/C:/Users/berkgoknil/AppData/Local/Pub/Cache/hosted/pub.dev/web-1.1.1/lib/src/dom/css_paint_api.dart:120:12: Error: Type 'JSArray' not found.
  external JSArray<JSNumber> getLineDash();
           ^^^^^^^
/C:/Users/berkgoknil/AppData/Local/Pub/Cache/hosted/pub.dev/web-1.1.1/lib/src/dom/css_paint_api.dart:129:12: Error: Type 'JSAny' not found.
  external JSAny get strokeStyle;
           ^^^^^
/C:/Users/berkgoknil/AppData/Local/Pub/Cache/hosted/pub.dev/web-1.1.1/lib/src/dom/css_paint_api.dart:130:28: Error: Type 'JSAny' not found.
  external set strokeStyle(JSAny value);
                           ^^^^^
/C:/Users/berkgoknil/AppData/Local/Pub/Cache/hosted/pub.dev/web-1.1.1/lib/src/dom/css_paint_api.dart:131:12: Error: Type 'JSAny' not found.
  external JSAny get fillStyle;
           ^^^^^
/C:/Users/berkgoknil/AppData/Local/Pub/Cache/hosted/pub.dev/web-1.1.1/lib/src/dom/css_paint_api.dart:132:26: Error: Type 'JSAny' not found.
  external set fillStyle(JSAny value);
                         ^^^^^
/C:/Users/berkgoknil/AppData/Local/Pub/Cache/hosted/pub.dev/web-1.1.1/lib/src/dom/css_paint_api.dart:152:28: Error: Type 'JSObject' not found.
extension type PaintSize._(JSObject _) implements JSObject {
                           ^^^^^^^^
/C:/Users/berkgoknil/AppData/Local/Pub/Cache/hosted/pub.dev/web-1.1.1/lib/src/dom/css_paint_api.dart:152:51: Error: Type 'JSObject' not found.
extension type PaintSize._(JSObject _) implements JSObject {
                                                  ^^^^^^^^
/C:/Users/berkgoknil/AppData/Local/Pub/Cache/hosted/pub.dev/web-1.1.1/lib/src/dom/css_paint_api.dart:21:65: Error: The type 'JSObject' can't be implemented by an extension type.
extension type PaintRenderingContext2D._(JSObject _) implements JSObject {
                                                                ^
/C:/Users/berkgoknil/AppData/Local/Pub/Cache/hosted/pub.dev/web-1.1.1/lib/src/dom/css_paint_api.dart:152:51: Error: The type 'JSObject' can't be implemented by an extension type.
extension type PaintSize._(JSObject _) implements JSObject {
                                                  ^
/C:/Users/berkgoknil/AppData/Local/Pub/Cache/hosted/pub.dev/web-1.1.1/lib/src/dom/css_paint_api.dart:13:2: Error: Couldn't find constructor 'JS'.
@JS()
 ^^
/C:/Users/berkgoknil/AppData/Local/Pub/Cache/hosted/pub.dev/web-1.1.1/lib/src/dom/css_paint_api.dart:21:42: Error: 'JSObject' isn't a type.
extension type PaintRenderingContext2D._(JSObject _) implements JSObject {
                                         ^^^^^^^^
/C:/Users/berkgoknil/AppData/Local/Pub/Cache/hosted/pub.dev/web-1.1.1/lib/src/dom/css_paint_api.dart:43:5: Error: 'JSAny' isn't a type.
    JSAny aOrTransform,
    ^^^^^
/C:/Users/berkgoknil/AppData/Local/Pub/Cache/hosted/pub.dev/web-1.1.1/lib/src/dom/css_paint_api.dart:89:5: Error: 'JSAny' isn't a type.
    JSAny fillRuleOrPath,
    ^^^^^
/C:/Users/berkgoknil/AppData/Local/Pub/Cache/hosted/pub.dev/web-1.1.1/lib/src/dom/css_paint_api.dart:94:5: Error: 'JSAny' isn't a type.
    JSAny fillRuleOrPath,
    ^^^^^
/C:/Users/berkgoknil/AppData/Local/Pub/Cache/hosted/pub.dev/web-1.1.1/lib/src/dom/css_paint_api.dart:98:5: Error: 'JSAny' isn't a type.
    JSAny pathOrX,
    ^^^^^
/C:/Users/berkgoknil/AppData/Local/Pub/Cache/hosted/pub.dev/web-1.1.1/lib/src/dom/css_paint_api.dart:100:5: Error: 'JSAny' isn't a type.
    JSAny fillRuleOrY,
    ^^^^^
/C:/Users/berkgoknil/AppData/Local/Pub/Cache/hosted/pub.dev/web-1.1.1/lib/src/dom/css_paint_api.dart:104:5: Error: 'JSAny' isn't a type.
    JSAny pathOrX,
    ^^^^^
/C:/Users/berkgoknil/AppData/Local/Pub/Cache/hosted/pub.dev/web-1.1.1/lib/src/dom/css_paint_api.dart:119:37: Error: 'JSNumber' isn't a type.
  external void setLineDash(JSArray<JSNumber> segments);
                                    ^^^^^^^^
/C:/Users/berkgoknil/AppData/Local/Pub/Cache/hosted/pub.dev/web-1.1.1/lib/src/dom/css_paint_api.dart:119:29: Error: 'JSArray' isn't a type.
  external void setLineDash(JSArray<JSNumber> segments);
                            ^^^^^^^
/C:/Users/berkgoknil/AppData/Local/Pub/Cache/hosted/pub.dev/web-1.1.1/lib/src/dom/css_paint_api.dart:130:28: Error: 'JSAny' isn't a type.
  external set strokeStyle(JSAny value);
                           ^^^^^
/C:/Users/berkgoknil/AppData/Local/Pub/Cache/hosted/pub.dev/web-1.1.1/lib/src/dom/css_paint_api.dart:132:26: Error: 'JSAny' isn't a type.
  external set fillStyle(JSAny value);
                         ^^^^^
/C:/Users/berkgoknil/AppData/Local/Pub/Cache/hosted/pub.dev/web-1.1.1/lib/src/dom/css_paint_api.dart:152:28: Error: 'JSObject' isn't a type.
extension type PaintSize._(JSObject _) implements JSObject {
                           ^^^^^^^^
/C:/Users/berkgoknil/AppData/Local/Pub/Cache/hosted/pub.dev/web-1.1.1/lib/src/dom/css_masking.dart:16:8: Error: Dart library 'dart:js_interop' is not available on this platform.
import 'dart:js_interop';
       ^
/C:/Users/berkgoknil/AppData/Local/Pub/Cache/hosted/pub.dev/web-1.1.1/lib/src/dom/css_masking.dart:28:37: Error: Type 'JSObject' not found.
extension type SVGClipPathElement._(JSObject _)
                                    ^^^^^^^^
/C:/Users/berkgoknil/AppData/Local/Pub/Cache/hosted/pub.dev/web-1.1.1/lib/src/dom/css_masking.dart:29:28: Error: Type 'JSObject' not found.
    implements SVGElement, JSObject {
                           ^^^^^^^^
/C:/Users/berkgoknil/AppData/Local/Pub/Cache/hosted/pub.dev/web-1.1.1/lib/src/dom/css_masking.dart:59:33: Error: Type 'JSObject' not found.
extension type SVGMaskElement._(JSObject _) implements SVGElement, JSObject {
                                ^^^^^^^^
/C:/Users/berkgoknil/AppData/Local/Pub/Cache/hosted/pub.dev/web-1.1.1/lib/src/dom/css_masking.dart:59:68: Error: Type 'JSObject' not found.
extension type SVGMaskElement._(JSObject _) implements SVGElement, JSObject {
                                                                   ^^^^^^^^
/C:/Users/berkgoknil/AppData/Local/Pub/Cache/hosted/pub.dev/web-1.1.1/lib/src/dom/css_masking.dart:29:28: Error: The type 'JSObject' can't be implemented by an extension type.
    implements SVGElement, JSObject {
                           ^
/C:/Users/berkgoknil/AppData/Local/Pub/Cache/hosted/pub.dev/web-1.1.1/lib/src/dom/css_masking.dart:59:68: Error: The type 'JSObject' can't be implemented by an extension type.
extension type SVGMaskElement._(JSObject _) implements SVGElement, JSObject {
                                                                   ^
/C:/Users/berkgoknil/AppData/Local/Pub/Cache/hosted/pub.dev/web-1.1.1/lib/src/dom/css_masking.dart:13:2: Error: Couldn't find constructor 'JS'.
@JS()
 ^^
/C:/Users/berkgoknil/AppData/Local/Pub/Cache/hosted/pub.dev/web-1.1.1/lib/src/dom/css_masking.dart:28:37: Error: 'JSObject' isn't a type.
extension type SVGClipPathElement._(JSObject _)
                                    ^^^^^^^^
/C:/Users/berkgoknil/AppData/Local/Pub/Cache/hosted/pub.dev/web-1.1.1/lib/src/dom/css_masking.dart:59:33: Error: 'JSObject' isn't a type.
extension type SVGMaskElement._(JSObject _) implements SVGElement, JSObject {
                                ^^^^^^^^
/C:/Users/berkgoknil/AppData/Local/Pub/Cache/hosted/pub.dev/web-1.1.1/lib/src/dom/css_fonts.dart:16:8: Error: Dart library 'dart:js_interop' is not available on this platform.
import 'dart:js_interop';
       ^
/C:/Users/berkgoknil/AppData/Local/Pub/Cache/hosted/pub.dev/web-1.1.1/lib/src/dom/css_fonts.dart:27:34: Error: Type 'JSObject' not found.
extension type CSSFontFaceRule._(JSObject _) implements CSSRule, JSObject {
                                 ^^^^^^^^
/C:/Users/berkgoknil/AppData/Local/Pub/Cache/hosted/pub.dev/web-1.1.1/lib/src/dom/css_fonts.dart:27:66: Error: Type 'JSObject' not found.
extension type CSSFontFaceRule._(JSObject _) implements CSSRule, JSObject {
                                                                 ^^^^^^^^
/C:/Users/berkgoknil/AppData/Local/Pub/Cache/hosted/pub.dev/web-1.1.1/lib/src/dom/css_fonts.dart:32:12: Error: Type 'JSObject' not found.
  external JSObject get style;
           ^^^^^^^^
/C:/Users/berkgoknil/AppData/Local/Pub/Cache/hosted/pub.dev/web-1.1.1/lib/src/dom/css_fonts.dart:44:43: Error: Type 'JSObject' not found.
extension type CSSFontFeatureValuesRule._(JSObject _)
                                          ^^^^^^^^
/C:/Users/berkgoknil/AppData/Local/Pub/Cache/hosted/pub.dev/web-1.1.1/lib/src/dom/css_fonts.dart:45:25: Error: Type 'JSObject' not found.
    implements CSSRule, JSObject {
                        ^^^^^^^^
/C:/Users/berkgoknil/AppData/Local/Pub/Cache/hosted/pub.dev/web-1.1.1/lib/src/dom/css_fonts.dart:59:43: Error: Type 'JSObject' not found.
extension type CSSFontPaletteValuesRule._(JSObject _)
                                          ^^^^^^^^
/C:/Users/berkgoknil/AppData/Local/Pub/Cache/hosted/pub.dev/web-1.1.1/lib/src/dom/css_fonts.dart:60:25: Error: Type 'JSObject' not found.
    implements CSSRule, JSObject {
                        ^^^^^^^^
/C:/Users/berkgoknil/AppData/Local/Pub/Cache/hosted/pub.dev/web-1.1.1/lib/src/dom/css_fonts.dart:27:66: Error: The type 'JSObject' can't be implemented by an extension type.
extension type CSSFontFaceRule._(JSObject _) implements CSSRule, JSObject {
                                                                 ^
/C:/Users/berkgoknil/AppData/Local/Pub/Cache/hosted/pub.dev/web-1.1.1/lib/src/dom/css_fonts.dart:45:25: Error: The type 'JSObject' can't be implemented by an extension type.
    implements CSSRule, JSObject {
                        ^
/C:/Users/berkgoknil/AppData/Local/Pub/Cache/hosted/pub.dev/web-1.1.1/lib/src/dom/css_fonts.dart:60:25: Error: The type 'JSObject' can't be implemented by an extension type.
    implements CSSRule, JSObject {
                        ^
/C:/Users/berkgoknil/AppData/Local/Pub/Cache/hosted/pub.dev/web-1.1.1/lib/src/dom/css_fonts.dart:13:2: Error: Couldn't find constructor 'JS'.
@JS()
 ^^
/C:/Users/berkgoknil/AppData/Local/Pub/Cache/hosted/pub.dev/web-1.1.1/lib/src/dom/css_fonts.dart:27:34: Error: 'JSObject' isn't a type.
extension type CSSFontFaceRule._(JSObject _) implements CSSRule, JSObject {
                                 ^^^^^^^^
/C:/Users/berkgoknil/AppData/Local/Pub/Cache/hosted/pub.dev/web-1.1.1/lib/src/dom/css_fonts.dart:44:43: Error: 'JSObject' isn't a type.
extension type CSSFontFeatureValuesRule._(JSObject _)
                                          ^^^^^^^^
/C:/Users/berkgoknil/AppData/Local/Pub/Cache/hosted/pub.dev/web-1.1.1/lib/src/dom/css_fonts.dart:59:43: Error: 'JSObject' isn't a type.
extension type CSSFontPaletteValuesRule._(JSObject _)
                                          ^^^^^^^^
/C:/Users/berkgoknil/AppData/Local/Pub/Cache/hosted/pub.dev/web-1.1.1/lib/src/dom/css_counter_styles.dart:16:8: Error: Dart library 'dart:js_interop' is not available on this platform.
import 'dart:js_interop';
       ^
/C:/Users/berkgoknil/AppData/Local/Pub/Cache/hosted/pub.dev/web-1.1.1/lib/src/dom/css_counter_styles.dart:27:38: Error: Type 'JSObject' not found.
extension type CSSCounterStyleRule._(JSObject _) implements CSSRule, JSObject {
                                     ^^^^^^^^
/C:/Users/berkgoknil/AppData/Local/Pub/Cache/hosted/pub.dev/web-1.1.1/lib/src/dom/css_counter_styles.dart:27:70: Error: Type 'JSObject' not found.
extension type CSSCounterStyleRule._(JSObject _) implements CSSRule, JSObject {
                                                                     ^^^^^^^^
/C:/Users/berkgoknil/AppData/Local/Pub/Cache/hosted/pub.dev/web-1.1.1/lib/src/dom/css_counter_styles.dart:27:70: Error: The type 'JSObject' can't be implemented by an extension type.
extension type CSSCounterStyleRule._(JSObject _) implements CSSRule, JSObject {
                                                                     ^
/C:/Users/berkgoknil/AppData/Local/Pub/Cache/hosted/pub.dev/web-1.1.1/lib/src/dom/css_counter_styles.dart:13:2: Error: Couldn't find constructor 'JS'.
@JS()
 ^^
/C:/Users/berkgoknil/AppData/Local/Pub/Cache/hosted/pub.dev/web-1.1.1/lib/src/dom/css_counter_styles.dart:27:38: Error: 'JSObject' isn't a type.
extension type CSSCounterStyleRule._(JSObject _) implements CSSRule, JSObject {
                                     ^^^^^^^^
/C:/Users/berkgoknil/AppData/Local/Pub/Cache/hosted/pub.dev/web-1.1.1/lib/src/dom/css_contain.dart:16:8: Error: Dart library 'dart:js_interop' is not available on this platform.
import 'dart:js_interop';
       ^
/C:/Users/berkgoknil/AppData/Local/Pub/Cache/hosted/pub.dev/web-1.1.1/lib/src/dom/css_contain.dart:42:56: Error: Type 'JSObject' not found.
extension type ContentVisibilityAutoStateChangeEvent._(JSObject _)
                                                       ^^^^^^^^
/C:/Users/berkgoknil/AppData/Local/Pub/Cache/hosted/pub.dev/web-1.1.1/lib/src/dom/css_contain.dart:43:23: Error: Type 'JSObject' not found.
    implements Event, JSObject {
                      ^^^^^^^^
/C:/Users/berkgoknil/AppData/Local/Pub/Cache/hosted/pub.dev/web-1.1.1/lib/src/dom/css_contain.dart:56:60: Error: Type 'JSObject' not found.
extension type ContentVisibilityAutoStateChangeEventInit._(JSObject _)
                                                           ^^^^^^^^
/C:/Users/berkgoknil/AppData/Local/Pub/Cache/hosted/pub.dev/web-1.1.1/lib/src/dom/css_contain.dart:57:27: Error: Type 'JSObject' not found.
    implements EventInit, JSObject {
                          ^^^^^^^^
/C:/Users/berkgoknil/AppData/Local/Pub/Cache/hosted/pub.dev/web-1.1.1/lib/src/dom/css_contain.dart:43:23: Error: The type 'JSObject' can't be implemented by an extension type.
    implements Event, JSObject {
                      ^
/C:/Users/berkgoknil/AppData/Local/Pub/Cache/hosted/pub.dev/web-1.1.1/lib/src/dom/css_contain.dart:57:27: Error: The type 'JSObject' can't be implemented by an extension type.
    implements EventInit, JSObject {
                          ^
/C:/Users/berkgoknil/AppData/Local/Pub/Cache/hosted/pub.dev/web-1.1.1/lib/src/dom/css_contain.dart:13:2: Error: Couldn't find constructor 'JS'.
@JS()
 ^^
/C:/Users/berkgoknil/AppData/Local/Pub/Cache/hosted/pub.dev/web-1.1.1/lib/src/dom/css_contain.dart:42:56: Error: 'JSObject' isn't a type.
extension type ContentVisibilityAutoStateChangeEvent._(JSObject _)
                                                       ^^^^^^^^
/C:/Users/berkgoknil/AppData/Local/Pub/Cache/hosted/pub.dev/web-1.1.1/lib/src/dom/css_contain.dart:56:60: Error: 'JSObject' isn't a type.
extension type ContentVisibilityAutoStateChangeEventInit._(JSObject _)
                                                           ^^^^^^^^
/C:/Users/berkgoknil/AppData/Local/Pub/Cache/hosted/pub.dev/web-1.1.1/lib/src/dom/css_conditional_5.dart:16:8: Error: Dart library 'dart:js_interop' is not available on this platform.
import 'dart:js_interop';
       ^
/C:/Users/berkgoknil/AppData/Local/Pub/Cache/hosted/pub.dev/web-1.1.1/lib/src/dom/css_conditional_5.dart:31:35: Error: Type 'JSObject' not found.
extension type CSSContainerRule._(JSObject _)
                                  ^^^^^^^^
/C:/Users/berkgoknil/AppData/Local/Pub/Cache/hosted/pub.dev/web-1.1.1/lib/src/dom/css_conditional_5.dart:32:34: Error: Type 'JSObject' not found.
    implements CSSConditionRule, JSObject {
                                 ^^^^^^^^
/C:/Users/berkgoknil/AppData/Local/Pub/Cache/hosted/pub.dev/web-1.1.1/lib/src/dom/css_conditional_5.dart:32:34: Error: The type 'JSObject' can't be implemented by an extension type.
    implements CSSConditionRule, JSObject {
                                 ^
/C:/Users/berkgoknil/AppData/Local/Pub/Cache/hosted/pub.dev/web-1.1.1/lib/src/dom/css_conditional_5.dart:13:2: Error: Couldn't find constructor 'JS'.
@JS()
 ^^
/C:/Users/berkgoknil/AppData/Local/Pub/Cache/hosted/pub.dev/web-1.1.1/lib/src/dom/css_conditional_5.dart:31:35: Error: 'JSObject' isn't a type.
extension type CSSContainerRule._(JSObject _)
                                  ^^^^^^^^
/C:/Users/berkgoknil/AppData/Local/Pub/Cache/hosted/pub.dev/web-1.1.1/lib/src/dom/css_conditional.dart:16:8: Error: Dart library 'dart:js_interop' is not available on this platform.
import 'dart:js_interop';
       ^
/C:/Users/berkgoknil/AppData/Local/Pub/Cache/hosted/pub.dev/web-1.1.1/lib/src/dom/css_conditional.dart:32:35: Error: Type 'JSObject' not found.
extension type CSSConditionRule._(JSObject _)
                                  ^^^^^^^^
/C:/Users/berkgoknil/AppData/Local/Pub/Cache/hosted/pub.dev/web-1.1.1/lib/src/dom/css_conditional.dart:33:33: Error: Type 'JSObject' not found.
    implements CSSGroupingRule, JSObject {
                                ^^^^^^^^
/C:/Users/berkgoknil/AppData/Local/Pub/Cache/hosted/pub.dev/web-1.1.1/lib/src/dom/css_conditional.dart:46:31: Error: Type 'JSObject' not found.
extension type CSSMediaRule._(JSObject _)
                              ^^^^^^^^
/C:/Users/berkgoknil/AppData/Local/Pub/Cache/hosted/pub.dev/web-1.1.1/lib/src/dom/css_conditional.dart:47:34: Error: Type 'JSObject' not found.
    implements CSSConditionRule, JSObject {
                                 ^^^^^^^^
/C:/Users/berkgoknil/AppData/Local/Pub/Cache/hosted/pub.dev/web-1.1.1/lib/src/dom/css_conditional.dart:61:34: Error: Type 'JSObject' not found.
extension type CSSSupportsRule._(JSObject _)
                                 ^^^^^^^^
/C:/Users/berkgoknil/AppData/Local/Pub/Cache/hosted/pub.dev/web-1.1.1/lib/src/dom/css_conditional.dart:62:34: Error: Type 'JSObject' not found.
    implements CSSConditionRule, JSObject {}
                                 ^^^^^^^^
/C:/Users/berkgoknil/AppData/Local/Pub/Cache/hosted/pub.dev/web-1.1.1/lib/src/dom/css_conditional.dart:33:33: Error: The type 'JSObject' can't be implemented by an extension type.
    implements CSSGroupingRule, JSObject {
                                ^
/C:/Users/berkgoknil/AppData/Local/Pub/Cache/hosted/pub.dev/web-1.1.1/lib/src/dom/css_conditional.dart:47:34: Error: The type 'JSObject' can't be implemented by an extension type.
    implements CSSConditionRule, JSObject {
                                 ^
/C:/Users/berkgoknil/AppData/Local/Pub/Cache/hosted/pub.dev/web-1.1.1/lib/src/dom/css_conditional.dart:62:34: Error: The type 'JSObject' can't be implemented by an extension type.
    implements CSSConditionRule, JSObject {}
                                 ^
/C:/Users/berkgoknil/AppData/Local/Pub/Cache/hosted/pub.dev/web-1.1.1/lib/src/dom/css_conditional.dart:13:2: Error: Couldn't find constructor 'JS'.
@JS()
 ^^
/C:/Users/berkgoknil/AppData/Local/Pub/Cache/hosted/pub.dev/web-1.1.1/lib/src/dom/css_conditional.dart:32:35: Error: 'JSObject' isn't a type.
extension type CSSConditionRule._(JSObject _)
                                  ^^^^^^^^
/C:/Users/berkgoknil/AppData/Local/Pub/Cache/hosted/pub.dev/web-1.1.1/lib/src/dom/css_conditional.dart:46:31: Error: 'JSObject' isn't a type.
extension type CSSMediaRule._(JSObject _)
                              ^^^^^^^^
/C:/Users/berkgoknil/AppData/Local/Pub/Cache/hosted/pub.dev/web-1.1.1/lib/src/dom/css_conditional.dart:61:34: Error: 'JSObject' isn't a type.
extension type CSSSupportsRule._(JSObject _)
                                 ^^^^^^^^
/C:/Users/berkgoknil/AppData/Local/Pub/Cache/hosted/pub.dev/web-1.1.1/lib/src/dom/css_cascade_6.dart:16:8: Error: Dart library 'dart:js_interop' is not available on this platform.
import 'dart:js_interop';
       ^
/C:/Users/berkgoknil/AppData/Local/Pub/Cache/hosted/pub.dev/web-1.1.1/lib/src/dom/css_cascade_6.dart:28:31: Error: Type 'JSObject' not found.
extension type CSSScopeRule._(JSObject _) implements CSSGroupingRule, JSObject {
                              ^^^^^^^^
/C:/Users/berkgoknil/AppData/Local/Pub/Cache/hosted/pub.dev/web-1.1.1/lib/src/dom/css_cascade_6.dart:28:71: Error: Type 'JSObject' not found.
extension type CSSScopeRule._(JSObject _) implements CSSGroupingRule, JSObject {
                                                                      ^^^^^^^^
/C:/Users/berkgoknil/AppData/Local/Pub/Cache/hosted/pub.dev/web-1.1.1/lib/src/dom/css_cascade_6.dart:28:71: Error: The type 'JSObject' can't be implemented by an extension type.
extension type CSSScopeRule._(JSObject _) implements CSSGroupingRule, JSObject {
                                                                      ^
/C:/Users/berkgoknil/AppData/Local/Pub/Cache/hosted/pub.dev/web-1.1.1/lib/src/dom/css_cascade_6.dart:13:2: Error: Couldn't find constructor 'JS'.
@JS()
 ^^
/C:/Users/berkgoknil/AppData/Local/Pub/Cache/hosted/pub.dev/web-1.1.1/lib/src/dom/css_cascade_6.dart:28:31: Error: 'JSObject' isn't a type.
extension type CSSScopeRule._(JSObject _) implements CSSGroupingRule, JSObject {
                              ^^^^^^^^
/C:/Users/berkgoknil/AppData/Local/Pub/Cache/hosted/pub.dev/web-1.1.1/lib/src/dom/css_cascade.dart:16:8: Error: Dart library 'dart:js_interop' is not available on this platform.
import 'dart:js_interop';
       ^
/C:/Users/berkgoknil/AppData/Local/Pub/Cache/hosted/pub.dev/web-1.1.1/lib/src/dom/css_cascade.dart:28:36: Error: Type 'JSObject' not found.
extension type CSSLayerBlockRule._(JSObject _)
                                   ^^^^^^^^
/C:/Users/berkgoknil/AppData/Local/Pub/Cache/hosted/pub.dev/web-1.1.1/lib/src/dom/css_cascade.dart:29:33: Error: Type 'JSObject' not found.
    implements CSSGroupingRule, JSObject {
                                ^^^^^^^^
/C:/Users/berkgoknil/AppData/Local/Pub/Cache/hosted/pub.dev/web-1.1.1/lib/src/dom/css_cascade.dart:50:40: Error: Type 'JSObject' not found.
extension type CSSLayerStatementRule._(JSObject _)
                                       ^^^^^^^^
/C:/Users/berkgoknil/AppData/Local/Pub/Cache/hosted/pub.dev/web-1.1.1/lib/src/dom/css_cascade.dart:51:25: Error: Type 'JSObject' not found.
    implements CSSRule, JSObject {
                        ^^^^^^^^
/C:/Users/berkgoknil/AppData/Local/Pub/Cache/hosted/pub.dev/web-1.1.1/lib/src/dom/css_cascade.dart:55:20: Error: Type 'JSString' not found.
  external JSArray<JSString> get nameList;
                   ^^^^^^^^
/C:/Users/berkgoknil/AppData/Local/Pub/Cache/hosted/pub.dev/web-1.1.1/lib/src/dom/css_cascade.dart:55:12: Error: Type 'JSArray' not found.
  external JSArray<JSString> get nameList;
           ^^^^^^^
/C:/Users/berkgoknil/AppData/Local/Pub/Cache/hosted/pub.dev/web-1.1.1/lib/src/dom/css_cascade.dart:29:33: Error: The type 'JSObject' can't be implemented by an extension type.
    implements CSSGroupingRule, JSObject {
                                ^
/C:/Users/berkgoknil/AppData/Local/Pub/Cache/hosted/pub.dev/web-1.1.1/lib/src/dom/css_cascade.dart:51:25: Error: The type 'JSObject' can't be implemented by an extension type.
    implements CSSRule, JSObject {
                        ^
/C:/Users/berkgoknil/AppData/Local/Pub/Cache/hosted/pub.dev/web-1.1.1/lib/src/dom/css_cascade.dart:13:2: Error: Couldn't find constructor 'JS'.
@JS()
 ^^
/C:/Users/berkgoknil/AppData/Local/Pub/Cache/hosted/pub.dev/web-1.1.1/lib/src/dom/css_cascade.dart:28:36: Error: 'JSObject' isn't a type.
extension type CSSLayerBlockRule._(JSObject _)
                                   ^^^^^^^^
/C:/Users/berkgoknil/AppData/Local/Pub/Cache/hosted/pub.dev/web-1.1.1/lib/src/dom/css_cascade.dart:50:40: Error: 'JSObject' isn't a type.
extension type CSSLayerStatementRule._(JSObject _)
                                       ^^^^^^^^
/C:/Users/berkgoknil/AppData/Local/Pub/Cache/hosted/pub.dev/web-1.1.1/lib/src/dom/css_animations_2.dart:16:8: Error: Dart library 'dart:js_interop' is not available on this platform.
import 'dart:js_interop';
       ^
/C:/Users/berkgoknil/AppData/Local/Pub/Cache/hosted/pub.dev/web-1.1.1/lib/src/dom/css_animations_2.dart:27:31: Error: Type 'JSObject' not found.
extension type CSSAnimation._(JSObject _) implements Animation, JSObject {
                              ^^^^^^^^
/C:/Users/berkgoknil/AppData/Local/Pub/Cache/hosted/pub.dev/web-1.1.1/lib/src/dom/css_animations_2.dart:27:65: Error: Type 'JSObject' not found.
extension type CSSAnimation._(JSObject _) implements Animation, JSObject {
                                                                ^^^^^^^^
/C:/Users/berkgoknil/AppData/Local/Pub/Cache/hosted/pub.dev/web-1.1.1/lib/src/dom/css_animations_2.dart:27:65: Error: The type 'JSObject' can't be implemented by an extension type.
extension type CSSAnimation._(JSObject _) implements Animation, JSObject {
                                                                ^
/C:/Users/berkgoknil/AppData/Local/Pub/Cache/hosted/pub.dev/web-1.1.1/lib/src/dom/css_animations_2.dart:13:2: Error: Couldn't find constructor 'JS'.
@JS()
 ^^
/C:/Users/berkgoknil/AppData/Local/Pub/Cache/hosted/pub.dev/web-1.1.1/lib/src/dom/css_animations_2.dart:27:31: Error: 'JSObject' isn't a type.
extension type CSSAnimation._(JSObject _) implements Animation, JSObject {
                              ^^^^^^^^
/C:/Users/berkgoknil/AppData/Local/Pub/Cache/hosted/pub.dev/web-1.1.1/lib/src/dom/css_animations.dart:16:8: Error: Dart library 'dart:js_interop' is not available on this platform.
import 'dart:js_interop';
       ^
/C:/Users/berkgoknil/AppData/Local/Pub/Cache/hosted/pub.dev/web-1.1.1/lib/src/dom/css_animations.dart:29:33: Error: Type 'JSObject' not found.
extension type AnimationEvent._(JSObject _) implements Event, JSObject {
                                ^^^^^^^^
/C:/Users/berkgoknil/AppData/Local/Pub/Cache/hosted/pub.dev/web-1.1.1/lib/src/dom/css_animations.dart:29:63: Error: Type 'JSObject' not found.
extension type AnimationEvent._(JSObject _) implements Event, JSObject {
                                                              ^^^^^^^^
/C:/Users/berkgoknil/AppData/Local/Pub/Cache/hosted/pub.dev/web-1.1.1/lib/src/dom/css_animations.dart:58:37: Error: Type 'JSObject' not found.
extension type AnimationEventInit._(JSObject _) implements EventInit, JSObject {
                                    ^^^^^^^^
/C:/Users/berkgoknil/AppData/Local/Pub/Cache/hosted/pub.dev/web-1.1.1/lib/src/dom/css_animations.dart:58:71: Error: Type 'JSObject' not found.
extension type AnimationEventInit._(JSObject _) implements EventInit, JSObject {
                                                                      ^^^^^^^^
/C:/Users/berkgoknil/AppData/Local/Pub/Cache/hosted/pub.dev/web-1.1.1/lib/src/dom/css_animations.dart:85:34: Error: Type 'JSObject' not found.
extension type CSSKeyframeRule._(JSObject _) implements CSSRule, JSObject {
                                 ^^^^^^^^
/C:/Users/berkgoknil/AppData/Local/Pub/Cache/hosted/pub.dev/web-1.1.1/lib/src/dom/css_animations.dart:85:66: Error: Type 'JSObject' not found.
extension type CSSKeyframeRule._(JSObject _) implements CSSRule, JSObject {
                                                                 ^^^^^^^^
/C:/Users/berkgoknil/AppData/Local/Pub/Cache/hosted/pub.dev/web-1.1.1/lib/src/dom/css_animations.dart:96:12: Error: Type 'JSObject' not found.
  external JSObject get style;
           ^^^^^^^^
/C:/Users/berkgoknil/AppData/Local/Pub/Cache/hosted/pub.dev/web-1.1.1/lib/src/dom/css_animations.dart:108:35: Error: Type 'JSObject' not found.
extension type CSSKeyframesRule._(JSObject _) implements CSSRule, JSObject {
                                  ^^^^^^^^
/C:/Users/berkgoknil/AppData/Local/Pub/Cache/hosted/pub.dev/web-1.1.1/lib/src/dom/css_animations.dart:108:67: Error: Type 'JSObject' not found.
extension type CSSKeyframesRule._(JSObject _) implements CSSRule, JSObject {
                                                                  ^^^^^^^^
/C:/Users/berkgoknil/AppData/Local/Pub/Cache/hosted/pub.dev/web-1.1.1/lib/src/dom/css_animations.dart:29:63: Error: The type 'JSObject' can't be implemented by an extension type.
extension type AnimationEvent._(JSObject _) implements Event, JSObject {
                                                              ^
/C:/Users/berkgoknil/AppData/Local/Pub/Cache/hosted/pub.dev/web-1.1.1/lib/src/dom/css_animations.dart:58:71: Error: The type 'JSObject' can't be implemented by an extension type.
extension type AnimationEventInit._(JSObject _) implements EventInit, JSObject {
                                                                      ^
/C:/Users/berkgoknil/AppData/Local/Pub/Cache/hosted/pub.dev/web-1.1.1/lib/src/dom/css_animations.dart:85:66: Error: The type 'JSObject' can't be implemented by an extension type.
extension type CSSKeyframeRule._(JSObject _) implements CSSRule, JSObject {
                                                                 ^
/C:/Users/berkgoknil/AppData/Local/Pub/Cache/hosted/pub.dev/web-1.1.1/lib/src/dom/css_animations.dart:108:67: Error: The type 'JSObject' can't be implemented by an extension type.
extension type CSSKeyframesRule._(JSObject _) implements CSSRule, JSObject {
                                                                  ^
/C:/Users/berkgoknil/AppData/Local/Pub/Cache/hosted/pub.dev/web-1.1.1/lib/src/dom/css_animations.dart:13:2: Error: Couldn't find constructor 'JS'.
@JS()
 ^^
/C:/Users/berkgoknil/AppData/Local/Pub/Cache/hosted/pub.dev/web-1.1.1/lib/src/dom/css_animations.dart:29:33: Error: 'JSObject' isn't a type.
extension type AnimationEvent._(JSObject _) implements Event, JSObject {
                                ^^^^^^^^
/C:/Users/berkgoknil/AppData/Local/Pub/Cache/hosted/pub.dev/web-1.1.1/lib/src/dom/css_animations.dart:58:37: Error: 'JSObject' isn't a type.
extension type AnimationEventInit._(JSObject _) implements EventInit, JSObject {
                                    ^^^^^^^^
/C:/Users/berkgoknil/AppData/Local/Pub/Cache/hosted/pub.dev/web-1.1.1/lib/src/dom/css_animations.dart:85:34: Error: 'JSObject' isn't a type.
extension type CSSKeyframeRule._(JSObject _) implements CSSRule, JSObject {
                                 ^^^^^^^^
/C:/Users/berkgoknil/AppData/Local/Pub/Cache/hosted/pub.dev/web-1.1.1/lib/src/dom/css_animations.dart:108:35: Error: 'JSObject' isn't a type.
extension type CSSKeyframesRule._(JSObject _) implements CSSRule, JSObject {
                                  ^^^^^^^^
/C:/Users/berkgoknil/AppData/Local/Pub/Cache/hosted/pub.dev/web-1.1.1/lib/src/dom/csp.dart:16:8: Error: Dart library 'dart:js_interop' is not available on this platform.
import 'dart:js_interop';
       ^
/C:/Users/berkgoknil/AppData/Local/Pub/Cache/hosted/pub.dev/web-1.1.1/lib/src/dom/csp.dart:40:41: Error: Type 'JSObject' not found.
extension type CSPViolationReportBody._(JSObject _)
                                        ^^^^^^^^
/C:/Users/berkgoknil/AppData/Local/Pub/Cache/hosted/pub.dev/web-1.1.1/lib/src/dom/csp.dart:41:28: Error: Type 'JSObject' not found.
    implements ReportBody, JSObject {
                           ^^^^^^^^
/C:/Users/berkgoknil/AppData/Local/Pub/Cache/hosted/pub.dev/web-1.1.1/lib/src/dom/csp.dart:42:12: Error: Type 'JSObject' not found.
  external JSObject toJSON();
           ^^^^^^^^
/C:/Users/berkgoknil/AppData/Local/Pub/Cache/hosted/pub.dev/web-1.1.1/lib/src/dom/csp.dart:64:47: Error: Type 'JSObject' not found.
extension type SecurityPolicyViolationEvent._(JSObject _)
                                              ^^^^^^^^
/C:/Users/berkgoknil/AppData/Local/Pub/Cache/hosted/pub.dev/web-1.1.1/lib/src/dom/csp.dart:65:23: Error: Type 'JSObject' not found.
    implements Event, JSObject {
                      ^^^^^^^^
/C:/Users/berkgoknil/AppData/Local/Pub/Cache/hosted/pub.dev/web-1.1.1/lib/src/dom/csp.dart:137:51: Error: Type 'JSObject' not found.
extension type SecurityPolicyViolationEventInit._(JSObject _)
                                                  ^^^^^^^^
/C:/Users/berkgoknil/AppData/Local/Pub/Cache/hosted/pub.dev/web-1.1.1/lib/src/dom/csp.dart:138:27: Error: Type 'JSObject' not found.
    implements EventInit, JSObject {
                          ^^^^^^^^
/C:/Users/berkgoknil/AppData/Local/Pub/Cache/hosted/pub.dev/web-1.1.1/lib/src/dom/csp.dart:41:28: Error: The type 'JSObject' can't be implemented by an extension type.
    implements ReportBody, JSObject {
                           ^
/C:/Users/berkgoknil/AppData/Local/Pub/Cache/hosted/pub.dev/web-1.1.1/lib/src/dom/csp.dart:65:23: Error: The type 'JSObject' can't be implemented by an extension type.
    implements Event, JSObject {
                      ^
/C:/Users/berkgoknil/AppData/Local/Pub/Cache/hosted/pub.dev/web-1.1.1/lib/src/dom/csp.dart:138:27: Error: The type 'JSObject' can't be implemented by an extension type.
    implements EventInit, JSObject {
                          ^
/C:/Users/berkgoknil/AppData/Local/Pub/Cache/hosted/pub.dev/web-1.1.1/lib/src/dom/csp.dart:13:2: Error: Couldn't find constructor 'JS'.
@JS()
 ^^
/C:/Users/berkgoknil/AppData/Local/Pub/Cache/hosted/pub.dev/web-1.1.1/lib/src/dom/csp.dart:40:41: Error: 'JSObject' isn't a type.
extension type CSPViolationReportBody._(JSObject _)
                                        ^^^^^^^^
/C:/Users/berkgoknil/AppData/Local/Pub/Cache/hosted/pub.dev/web-1.1.1/lib/src/dom/csp.dart:64:47: Error: 'JSObject' isn't a type.
extension type SecurityPolicyViolationEvent._(JSObject _)
                                              ^^^^^^^^
/C:/Users/berkgoknil/AppData/Local/Pub/Cache/hosted/pub.dev/web-1.1.1/lib/src/dom/csp.dart:137:51: Error: 'JSObject' isn't a type.
extension type SecurityPolicyViolationEventInit._(JSObject _)
                                                  ^^^^^^^^
/C:/Users/berkgoknil/AppData/Local/Pub/Cache/hosted/pub.dev/web-1.1.1/lib/src/dom/cookie_store.dart:16:8: Error: Dart library 'dart:js_interop' is not available on this platform.
import 'dart:js_interop';
       ^
/C:/Users/berkgoknil/AppData/Local/Pub/Cache/hosted/pub.dev/web-1.1.1/lib/src/dom/cookie_store.dart:23:22: Error: Type 'JSArray' not found.
typedef CookieList = JSArray<CookieListItem>;
                     ^^^^^^^
/C:/Users/berkgoknil/AppData/Local/Pub/Cache/hosted/pub.dev/web-1.1.1/lib/src/dom/cookie_store.dart:40:30: Error: Type 'JSObject' not found.
extension type CookieStore._(JSObject _) implements EventTarget, JSObject {
                             ^^^^^^^^
/C:/Users/berkgoknil/AppData/Local/Pub/Cache/hosted/pub.dev/web-1.1.1/lib/src/dom/cookie_store.dart:40:66: Error: Type 'JSObject' not found.
extension type CookieStore._(JSObject _) implements EventTarget, JSObject {
                                                                 ^^^^^^^^
/C:/Users/berkgoknil/AppData/Local/Pub/Cache/hosted/pub.dev/web-1.1.1/lib/src/dom/cookie_store.dart:46:12: Error: Type 'JSPromise' not found.
  external JSPromise<CookieListItem?> get([JSAny nameOrOptions]);
           ^^^^^^^^^
/C:/Users/berkgoknil/AppData/Local/Pub/Cache/hosted/pub.dev/web-1.1.1/lib/src/dom/cookie_store.dart:46:44: Error: Type 'JSAny' not found.
  external JSPromise<CookieListItem?> get([JSAny nameOrOptions]);
                                           ^^^^^
/C:/Users/berkgoknil/AppData/Local/Pub/Cache/hosted/pub.dev/web-1.1.1/lib/src/dom/cookie_store.dart:53:12: Error: Type 'JSPromise' not found.
  external JSPromise<CookieList> getAll([JSAny nameOrOptions]);
           ^^^^^^^^^
/C:/Users/berkgoknil/AppData/Local/Pub/Cache/hosted/pub.dev/web-1.1.1/lib/src/dom/cookie_store.dart:53:42: Error: Type 'JSAny' not found.
  external JSPromise<CookieList> getAll([JSAny nameOrOptions]);
                                         ^^^^^
/C:/Users/berkgoknil/AppData/Local/Pub/Cache/hosted/pub.dev/web-1.1.1/lib/src/dom/cookie_store.dart:59:22: Error: Type 'JSAny' not found.
  external JSPromise<JSAny?> set(
                     ^^^^^
/C:/Users/berkgoknil/AppData/Local/Pub/Cache/hosted/pub.dev/web-1.1.1/lib/src/dom/cookie_store.dart:59:12: Error: Type 'JSPromise' not found.
  external JSPromise<JSAny?> set(
           ^^^^^^^^^
/C:/Users/berkgoknil/AppData/Local/Pub/Cache/hosted/pub.dev/web-1.1.1/lib/src/dom/cookie_store.dart:60:5: Error: Type 'JSAny' not found.
    JSAny nameOrOptions, [
    ^^^^^
/C:/Users/berkgoknil/AppData/Local/Pub/Cache/hosted/pub.dev/web-1.1.1/lib/src/dom/cookie_store.dart:69:22: Error: Type 'JSAny' not found.
  external JSPromise<JSAny?> delete(JSAny nameOrOptions);
                     ^^^^^
/C:/Users/berkgoknil/AppData/Local/Pub/Cache/hosted/pub.dev/web-1.1.1/lib/src/dom/cookie_store.dart:69:12: Error: Type 'JSPromise' not found.
  external JSPromise<JSAny?> delete(JSAny nameOrOptions);
           ^^^^^^^^^
/C:/Users/berkgoknil/AppData/Local/Pub/Cache/hosted/pub.dev/web-1.1.1/lib/src/dom/cookie_store.dart:69:37: Error: Type 'JSAny' not found.
  external JSPromise<JSAny?> delete(JSAny nameOrOptions);
                                    ^^^^^
/C:/Users/berkgoknil/AppData/Local/Pub/Cache/hosted/pub.dev/web-1.1.1/lib/src/dom/cookie_store.dart:73:40: Error: Type 'JSObject' not found.
extension type CookieStoreGetOptions._(JSObject _) implements JSObject {
                                       ^^^^^^^^
/C:/Users/berkgoknil/AppData/Local/Pub/Cache/hosted/pub.dev/web-1.1.1/lib/src/dom/cookie_store.dart:73:63: Error: Type 'JSObject' not found.
extension type CookieStoreGetOptions._(JSObject _) implements JSObject {
                                                              ^^^^^^^^
/C:/Users/berkgoknil/AppData/Local/Pub/Cache/hosted/pub.dev/web-1.1.1/lib/src/dom/cookie_store.dart:84:29: Error: Type 'JSObject' not found.
extension type CookieInit._(JSObject _) implements JSObject {
                            ^^^^^^^^
/C:/Users/berkgoknil/AppData/Local/Pub/Cache/hosted/pub.dev/web-1.1.1/lib/src/dom/cookie_store.dart:84:52: Error: Type 'JSObject' not found.
extension type CookieInit._(JSObject _) implements JSObject {
                                                   ^^^^^^^^
/C:/Users/berkgoknil/AppData/Local/Pub/Cache/hosted/pub.dev/web-1.1.1/lib/src/dom/cookie_store.dart:110:43: Error: Type 'JSObject' not found.
extension type CookieStoreDeleteOptions._(JSObject _) implements JSObject {
                                          ^^^^^^^^
/C:/Users/berkgoknil/AppData/Local/Pub/Cache/hosted/pub.dev/web-1.1.1/lib/src/dom/cookie_store.dart:110:66: Error: Type 'JSObject' not found.
extension type CookieStoreDeleteOptions._(JSObject _) implements JSObject {
                                                                 ^^^^^^^^
/C:/Users/berkgoknil/AppData/Local/Pub/Cache/hosted/pub.dev/web-1.1.1/lib/src/dom/cookie_store.dart:127:33: Error: Type 'JSObject' not found.
extension type CookieListItem._(JSObject _) implements JSObject {
                                ^^^^^^^^
/C:/Users/berkgoknil/AppData/Local/Pub/Cache/hosted/pub.dev/web-1.1.1/lib/src/dom/cookie_store.dart:127:56: Error: Type 'JSObject' not found.
extension type CookieListItem._(JSObject _) implements JSObject {
                                                       ^^^^^^^^
/C:/Users/berkgoknil/AppData/Local/Pub/Cache/hosted/pub.dev/web-1.1.1/lib/src/dom/cookie_store.dart:176:37: Error: Type 'JSObject' not found.
extension type CookieStoreManager._(JSObject _) implements JSObject {
                                    ^^^^^^^^
/C:/Users/berkgoknil/AppData/Local/Pub/Cache/hosted/pub.dev/web-1.1.1/lib/src/dom/cookie_store.dart:176:60: Error: Type 'JSObject' not found.
extension type CookieStoreManager._(JSObject _) implements JSObject {
                                                           ^^^^^^^^
/C:/Users/berkgoknil/AppData/Local/Pub/Cache/hosted/pub.dev/web-1.1.1/lib/src/dom/cookie_store.dart:181:22: Error: Type 'JSAny' not found.
  external JSPromise<JSAny?> subscribe(
                     ^^^^^
/C:/Users/berkgoknil/AppData/Local/Pub/Cache/hosted/pub.dev/web-1.1.1/lib/src/dom/cookie_store.dart:181:12: Error: Type 'JSPromise' not found.
  external JSPromise<JSAny?> subscribe(
           ^^^^^^^^^
/C:/Users/berkgoknil/AppData/Local/Pub/Cache/hosted/pub.dev/web-1.1.1/lib/src/dom/cookie_store.dart:182:7: Error: Type 'JSArray' not found.
      JSArray<CookieStoreGetOptions> subscriptions);
      ^^^^^^^
/C:/Users/berkgoknil/AppData/Local/Pub/Cache/hosted/pub.dev/web-1.1.1/lib/src/dom/cookie_store.dart:189:22: Error: Type 'JSArray' not found.
  external JSPromise<JSArray<CookieStoreGetOptions>> getSubscriptions();
                     ^^^^^^^
/C:/Users/berkgoknil/AppData/Local/Pub/Cache/hosted/pub.dev/web-1.1.1/lib/src/dom/cookie_store.dart:189:12: Error: Type 'JSPromise' not found.
  external JSPromise<JSArray<CookieStoreGetOptions>> getSubscriptions();
           ^^^^^^^^^
/C:/Users/berkgoknil/AppData/Local/Pub/Cache/hosted/pub.dev/web-1.1.1/lib/src/dom/cookie_store.dart:196:22: Error: Type 'JSAny' not found.
  external JSPromise<JSAny?> unsubscribe(
                     ^^^^^
/C:/Users/berkgoknil/AppData/Local/Pub/Cache/hosted/pub.dev/web-1.1.1/lib/src/dom/cookie_store.dart:196:12: Error: Type 'JSPromise' not found.
  external JSPromise<JSAny?> unsubscribe(
           ^^^^^^^^^
/C:/Users/berkgoknil/AppData/Local/Pub/Cache/hosted/pub.dev/web-1.1.1/lib/src/dom/cookie_store.dart:197:7: Error: Type 'JSArray' not found.
      JSArray<CookieStoreGetOptions> subscriptions);
      ^^^^^^^
/C:/Users/berkgoknil/AppData/Local/Pub/Cache/hosted/pub.dev/web-1.1.1/lib/src/dom/cookie_store.dart:221:36: Error: Type 'JSObject' not found.
extension type CookieChangeEvent._(JSObject _) implements Event, JSObject {
                                   ^^^^^^^^
/C:/Users/berkgoknil/AppData/Local/Pub/Cache/hosted/pub.dev/web-1.1.1/lib/src/dom/cookie_store.dart:221:66: Error: Type 'JSObject' not found.
extension type CookieChangeEvent._(JSObject _) implements Event, JSObject {
                                                                 ^^^^^^^^
/C:/Users/berkgoknil/AppData/Local/Pub/Cache/hosted/pub.dev/web-1.1.1/lib/src/dom/cookie_store.dart:229:12: Error: Type 'JSArray' not found.
  external JSArray<CookieListItem> get changed;
           ^^^^^^^
/C:/Users/berkgoknil/AppData/Local/Pub/Cache/hosted/pub.dev/web-1.1.1/lib/src/dom/cookie_store.dart:234:12: Error: Type 'JSArray' not found.
  external JSArray<CookieListItem> get deleted;
           ^^^^^^^
/C:/Users/berkgoknil/AppData/Local/Pub/Cache/hosted/pub.dev/web-1.1.1/lib/src/dom/cookie_store.dart:236:40: Error: Type 'JSObject' not found.
extension type CookieChangeEventInit._(JSObject _)
                                       ^^^^^^^^
/C:/Users/berkgoknil/AppData/Local/Pub/Cache/hosted/pub.dev/web-1.1.1/lib/src/dom/cookie_store.dart:237:27: Error: Type 'JSObject' not found.
    implements EventInit, JSObject {
                          ^^^^^^^^
/C:/Users/berkgoknil/AppData/Local/Pub/Cache/hosted/pub.dev/web-1.1.1/lib/src/dom/cookie_store.dart:277:46: Error: Type 'JSObject' not found.
extension type ExtendableCookieChangeEvent._(JSObject _)
                                             ^^^^^^^^
/C:/Users/berkgoknil/AppData/Local/Pub/Cache/hosted/pub.dev/web-1.1.1/lib/src/dom/cookie_store.dart:278:33: Error: Type 'JSObject' not found.
    implements ExtendableEvent, JSObject {
                                ^^^^^^^^
/C:/Users/berkgoknil/AppData/Local/Pub/Cache/hosted/pub.dev/web-1.1.1/lib/src/dom/cookie_store.dart:289:12: Error: Type 'JSArray' not found.
  external JSArray<CookieListItem> get changed;
           ^^^^^^^
/C:/Users/berkgoknil/AppData/Local/Pub/Cache/hosted/pub.dev/web-1.1.1/lib/src/dom/cookie_store.dart:296:12: Error: Type 'JSArray' not found.
  external JSArray<CookieListItem> get deleted;
           ^^^^^^^
/C:/Users/berkgoknil/AppData/Local/Pub/Cache/hosted/pub.dev/web-1.1.1/lib/src/dom/cookie_store.dart:298:50: Error: Type 'JSObject' not found.
extension type ExtendableCookieChangeEventInit._(JSObject _)
                                                 ^^^^^^^^
/C:/Users/berkgoknil/AppData/Local/Pub/Cache/hosted/pub.dev/web-1.1.1/lib/src/dom/cookie_store.dart:299:37: Error: Type 'JSObject' not found.
    implements ExtendableEventInit, JSObject {
                                    ^^^^^^^^
/C:/Users/berkgoknil/AppData/Local/Pub/Cache/hosted/pub.dev/web-1.1.1/lib/src/dom/cookie_store.dart:40:66: Error: The type 'JSObject' can't be implemented by an extension type.
extension type CookieStore._(JSObject _) implements EventTarget, JSObject {
                                                                 ^
/C:/Users/berkgoknil/AppData/Local/Pub/Cache/hosted/pub.dev/web-1.1.1/lib/src/dom/cookie_store.dart:73:63: Error: The type 'JSObject' can't be implemented by an extension type.
extension type CookieStoreGetOptions._(JSObject _) implements JSObject {
                                                              ^
/C:/Users/berkgoknil/AppData/Local/Pub/Cache/hosted/pub.dev/web-1.1.1/lib/src/dom/cookie_store.dart:84:52: Error: The type 'JSObject' can't be implemented by an extension type.
extension type CookieInit._(JSObject _) implements JSObject {
                                                   ^
/C:/Users/berkgoknil/AppData/Local/Pub/Cache/hosted/pub.dev/web-1.1.1/lib/src/dom/cookie_store.dart:110:66: Error: The type 'JSObject' can't be implemented by an extension type.
extension type CookieStoreDeleteOptions._(JSObject _) implements JSObject {
                                                                 ^
/C:/Users/berkgoknil/AppData/Local/Pub/Cache/hosted/pub.dev/web-1.1.1/lib/src/dom/cookie_store.dart:127:56: Error: The type 'JSObject' can't be implemented by an extension type.
extension type CookieListItem._(JSObject _) implements JSObject {
                                                       ^
/C:/Users/berkgoknil/AppData/Local/Pub/Cache/hosted/pub.dev/web-1.1.1/lib/src/dom/cookie_store.dart:176:60: Error: The type 'JSObject' can't be implemented by an extension type.
extension type CookieStoreManager._(JSObject _) implements JSObject {
                                                           ^
/C:/Users/berkgoknil/AppData/Local/Pub/Cache/hosted/pub.dev/web-1.1.1/lib/src/dom/cookie_store.dart:221:66: Error: The type 'JSObject' can't be implemented by an extension type.
extension type CookieChangeEvent._(JSObject _) implements Event, JSObject {
                                                                 ^
/C:/Users/berkgoknil/AppData/Local/Pub/Cache/hosted/pub.dev/web-1.1.1/lib/src/dom/cookie_store.dart:237:27: Error: The type 'JSObject' can't be implemented by an extension type.
    implements EventInit, JSObject {
                          ^
/C:/Users/berkgoknil/AppData/Local/Pub/Cache/hosted/pub.dev/web-1.1.1/lib/src/dom/cookie_store.dart:278:33: Error: The type 'JSObject' can't be implemented by an extension type.
    implements ExtendableEvent, JSObject {
                                ^
/C:/Users/berkgoknil/AppData/Local/Pub/Cache/hosted/pub.dev/web-1.1.1/lib/src/dom/cookie_store.dart:299:37: Error: The type 'JSObject' can't be implemented by an extension type.
    implements ExtendableEventInit, JSObject {
                                    ^
/C:/Users/berkgoknil/AppData/Local/Pub/Cache/hosted/pub.dev/web-1.1.1/lib/src/dom/cookie_store.dart:13:2: Error: Couldn't find constructor 'JS'.
@JS()
 ^^
/C:/Users/berkgoknil/AppData/Local/Pub/Cache/hosted/pub.dev/web-1.1.1/lib/src/dom/cookie_store.dart:40:30: Error: 'JSObject' isn't a type.
extension type CookieStore._(JSObject _) implements EventTarget, JSObject {
                             ^^^^^^^^
/C:/Users/berkgoknil/AppData/Local/Pub/Cache/hosted/pub.dev/web-1.1.1/lib/src/dom/cookie_store.dart:46:44: Error: 'JSAny' isn't a type.
  external JSPromise<CookieListItem?> get([JSAny nameOrOptions]);
                                           ^^^^^
/C:/Users/berkgoknil/AppData/Local/Pub/Cache/hosted/pub.dev/web-1.1.1/lib/src/dom/cookie_store.dart:53:42: Error: 'JSAny' isn't a type.
  external JSPromise<CookieList> getAll([JSAny nameOrOptions]);
                                         ^^^^^
/C:/Users/berkgoknil/AppData/Local/Pub/Cache/hosted/pub.dev/web-1.1.1/lib/src/dom/cookie_store.dart:60:5: Error: 'JSAny' isn't a type.
    JSAny nameOrOptions, [
    ^^^^^
/C:/Users/berkgoknil/AppData/Local/Pub/Cache/hosted/pub.dev/web-1.1.1/lib/src/dom/cookie_store.dart:69:37: Error: 'JSAny' isn't a type.
  external JSPromise<JSAny?> delete(JSAny nameOrOptions);
                                    ^^^^^
/C:/Users/berkgoknil/AppData/Local/Pub/Cache/hosted/pub.dev/web-1.1.1/lib/src/dom/cookie_store.dart:73:40: Error: 'JSObject' isn't a type.
extension type CookieStoreGetOptions._(JSObject _) implements JSObject {
                                       ^^^^^^^^
/C:/Users/berkgoknil/AppData/Local/Pub/Cache/hosted/pub.dev/web-1.1.1/lib/src/dom/cookie_store.dart:84:29: Error: 'JSObject' isn't a type.
extension type CookieInit._(JSObject _) implements JSObject {
                            ^^^^^^^^
/C:/Users/berkgoknil/AppData/Local/Pub/Cache/hosted/pub.dev/web-1.1.1/lib/src/dom/cookie_store.dart:110:43: Error: 'JSObject' isn't a type.
extension type CookieStoreDeleteOptions._(JSObject _) implements JSObject {
                                          ^^^^^^^^
/C:/Users/berkgoknil/AppData/Local/Pub/Cache/hosted/pub.dev/web-1.1.1/lib/src/dom/cookie_store.dart:127:33: Error: 'JSObject' isn't a type.
extension type CookieListItem._(JSObject _) implements JSObject {
                                ^^^^^^^^
/C:/Users/berkgoknil/AppData/Local/Pub/Cache/hosted/pub.dev/web-1.1.1/lib/src/dom/cookie_store.dart:176:37: Error: 'JSObject' isn't a type.
extension type CookieStoreManager._(JSObject _) implements JSObject {
                                    ^^^^^^^^
/C:/Users/berkgoknil/AppData/Local/Pub/Cache/hosted/pub.dev/web-1.1.1/lib/src/dom/cookie_store.dart:182:7: Error: 'JSArray' isn't a type.
      JSArray<CookieStoreGetOptions> subscriptions);
      ^^^^^^^
/C:/Users/berkgoknil/AppData/Local/Pub/Cache/hosted/pub.dev/web-1.1.1/lib/src/dom/cookie_store.dart:197:7: Error: 'JSArray' isn't a type.
      JSArray<CookieStoreGetOptions> subscriptions);
      ^^^^^^^
/C:/Users/berkgoknil/AppData/Local/Pub/Cache/hosted/pub.dev/web-1.1.1/lib/src/dom/cookie_store.dart:221:36: Error: 'JSObject' isn't a type.
extension type CookieChangeEvent._(JSObject _) implements Event, JSObject {
                                   ^^^^^^^^
/C:/Users/berkgoknil/AppData/Local/Pub/Cache/hosted/pub.dev/web-1.1.1/lib/src/dom/cookie_store.dart:236:40: Error: 'JSObject' isn't a type.
extension type CookieChangeEventInit._(JSObject _)
                                       ^^^^^^^^
/C:/Users/berkgoknil/AppData/Local/Pub/Cache/hosted/pub.dev/web-1.1.1/lib/src/dom/cookie_store.dart:277:46: Error: 'JSObject' isn't a type.
extension type ExtendableCookieChangeEvent._(JSObject _)
                                             ^^^^^^^^
/C:/Users/berkgoknil/AppData/Local/Pub/Cache/hosted/pub.dev/web-1.1.1/lib/src/dom/cookie_store.dart:298:50: Error: 'JSObject' isn't a type.
extension type ExtendableCookieChangeEventInit._(JSObject _)
                                                 ^^^^^^^^
/C:/Users/berkgoknil/AppData/Local/Pub/Cache/hosted/pub.dev/web-1.1.1/lib/src/dom/console.dart:16:8: Error: Dart library 'dart:js_interop' is not available on this platform.
import 'dart:js_interop';
       ^
/C:/Users/berkgoknil/AppData/Local/Pub/Cache/hosted/pub.dev/web-1.1.1/lib/src/dom/console.dart:48:27: Error: Type 'JSObject' not found.
extension type $Console._(JSObject _) implements JSObject {
                          ^^^^^^^^
/C:/Users/berkgoknil/AppData/Local/Pub/Cache/hosted/pub.dev/web-1.1.1/lib/src/dom/console.dart:48:50: Error: Type 'JSObject' not found.
extension type $Console._(JSObject _) implements JSObject {
                                                 ^^^^^^^^
/C:/Users/berkgoknil/AppData/Local/Pub/Cache/hosted/pub.dev/web-1.1.1/lib/src/dom/console.dart:51:5: Error: Type 'JSAny' not found.
    JSAny? data, [
    ^^^^^
/C:/Users/berkgoknil/AppData/Local/Pub/Cache/hosted/pub.dev/web-1.1.1/lib/src/dom/console.dart:55:23: Error: Type 'JSAny' not found.
  external void debug(JSAny? data);
                      ^^^^^
/C:/Users/berkgoknil/AppData/Local/Pub/Cache/hosted/pub.dev/web-1.1.1/lib/src/dom/console.dart:56:23: Error: Type 'JSAny' not found.
  external void error(JSAny? data);
                      ^^^^^
/C:/Users/berkgoknil/AppData/Local/Pub/Cache/hosted/pub.dev/web-1.1.1/lib/src/dom/console.dart:57:22: Error: Type 'JSAny' not found.
  external void info(JSAny? data);
                     ^^^^^
/C:/Users/berkgoknil/AppData/Local/Pub/Cache/hosted/pub.dev/web-1.1.1/lib/src/dom/console.dart:58:21: Error: Type 'JSAny' not found.
  external void log(JSAny? data);
                    ^^^^^
/C:/Users/berkgoknil/AppData/Local/Pub/Cache/hosted/pub.dev/web-1.1.1/lib/src/dom/console.dart:60:5: Error: Type 'JSAny' not found.
    JSAny? tabularData,
    ^^^^^
/C:/Users/berkgoknil/AppData/Local/Pub/Cache/hosted/pub.dev/web-1.1.1/lib/src/dom/console.dart:61:13: Error: Type 'JSString' not found.
    JSArray<JSString> properties,
            ^^^^^^^^
/C:/Users/berkgoknil/AppData/Local/Pub/Cache/hosted/pub.dev/web-1.1.1/lib/src/dom/console.dart:61:5: Error: Type 'JSArray' not found.
    JSArray<JSString> properties,
    ^^^^^^^
/C:/Users/berkgoknil/AppData/Local/Pub/Cache/hosted/pub.dev/web-1.1.1/lib/src/dom/console.dart:63:23: Error: Type 'JSAny' not found.
  external void trace(JSAny? data);
                      ^^^^^
/C:/Users/berkgoknil/AppData/Local/Pub/Cache/hosted/pub.dev/web-1.1.1/lib/src/dom/console.dart:64:22: Error: Type 'JSAny' not found.
  external void warn(JSAny? data);
                     ^^^^^
/C:/Users/berkgoknil/AppData/Local/Pub/Cache/hosted/pub.dev/web-1.1.1/lib/src/dom/console.dart:66:5: Error: Type 'JSAny' not found.
    JSAny? item,
    ^^^^^
/C:/Users/berkgoknil/AppData/Local/Pub/Cache/hosted/pub.dev/web-1.1.1/lib/src/dom/console.dart:67:5: Error: Type 'JSObject' not found.
    JSObject? options,
    ^^^^^^^^
/C:/Users/berkgoknil/AppData/Local/Pub/Cache/hosted/pub.dev/web-1.1.1/lib/src/dom/console.dart:69:24: Error: Type 'JSAny' not found.
  external void dirxml(JSAny? data);
                       ^^^^^
/C:/Users/berkgoknil/AppData/Local/Pub/Cache/hosted/pub.dev/web-1.1.1/lib/src/dom/console.dart:72:23: Error: Type 'JSAny' not found.
  external void group(JSAny? data);
                      ^^^^^
/C:/Users/berkgoknil/AppData/Local/Pub/Cache/hosted/pub.dev/web-1.1.1/lib/src/dom/console.dart:73:32: Error: Type 'JSAny' not found.
  external void groupCollapsed(JSAny? data);
                               ^^^^^
/C:/Users/berkgoknil/AppData/Local/Pub/Cache/hosted/pub.dev/web-1.1.1/lib/src/dom/console.dart:77:5: Error: Type 'JSAny' not found.
    JSAny? data, [
    ^^^^^
/C:/Users/berkgoknil/AppData/Local/Pub/Cache/hosted/pub.dev/web-1.1.1/lib/src/dom/console.dart:48:50: Error: The type 'JSObject' can't be implemented by an extension type.
extension type $Console._(JSObject _) implements JSObject {
                                                 ^
/C:/Users/berkgoknil/AppData/Local/Pub/Cache/hosted/pub.dev/web-1.1.1/lib/src/dom/console.dart:13:2: Error: Couldn't find constructor 'JS'.
@JS()
 ^^
/C:/Users/berkgoknil/AppData/Local/Pub/Cache/hosted/pub.dev/web-1.1.1/lib/src/dom/console.dart:18:2: Error: Couldn't find constructor 'JS'.
@JS()
 ^^
/C:/Users/berkgoknil/AppData/Local/Pub/Cache/hosted/pub.dev/web-1.1.1/lib/src/dom/console.dart:47:2: Error: Couldn't find constructor 'JS'.
@JS('console')
 ^^
/C:/Users/berkgoknil/AppData/Local/Pub/Cache/hosted/pub.dev/web-1.1.1/lib/src/dom/console.dart:49:4: Error: Couldn't find constructor 'JS'.
  @JS('assert')
   ^^
/C:/Users/berkgoknil/AppData/Local/Pub/Cache/hosted/pub.dev/web-1.1.1/lib/src/dom/console.dart:48:27: Error: 'JSObject' isn't a type.
extension type $Console._(JSObject _) implements JSObject {
                          ^^^^^^^^
/C:/Users/berkgoknil/AppData/Local/Pub/Cache/hosted/pub.dev/web-1.1.1/lib/src/dom/console.dart:51:5: Error: 'JSAny' isn't a type.
    JSAny? data, [
    ^^^^^
/C:/Users/berkgoknil/AppData/Local/Pub/Cache/hosted/pub.dev/web-1.1.1/lib/src/dom/console.dart:55:23: Error: 'JSAny' isn't a type.
  external void debug(JSAny? data);
                      ^^^^^
/C:/Users/berkgoknil/AppData/Local/Pub/Cache/hosted/pub.dev/web-1.1.1/lib/src/dom/console.dart:56:23: Error: 'JSAny' isn't a type.
  external void error(JSAny? data);
                      ^^^^^
/C:/Users/berkgoknil/AppData/Local/Pub/Cache/hosted/pub.dev/web-1.1.1/lib/src/dom/console.dart:57:22: Error: 'JSAny' isn't a type.
  external void info(JSAny? data);
                     ^^^^^
/C:/Users/berkgoknil/AppData/Local/Pub/Cache/hosted/pub.dev/web-1.1.1/lib/src/dom/console.dart:58:21: Error: 'JSAny' isn't a type.
  external void log(JSAny? data);
                    ^^^^^
/C:/Users/berkgoknil/AppData/Local/Pub/Cache/hosted/pub.dev/web-1.1.1/lib/src/dom/console.dart:60:5: Error: 'JSAny' isn't a type.
    JSAny? tabularData,
    ^^^^^
/C:/Users/berkgoknil/AppData/Local/Pub/Cache/hosted/pub.dev/web-1.1.1/lib/src/dom/console.dart:61:13: Error: 'JSString' isn't a type.
    JSArray<JSString> properties,
            ^^^^^^^^
/C:/Users/berkgoknil/AppData/Local/Pub/Cache/hosted/pub.dev/web-1.1.1/lib/src/dom/console.dart:61:5: Error: 'JSArray' isn't a type.
    JSArray<JSString> properties,
    ^^^^^^^
/C:/Users/berkgoknil/AppData/Local/Pub/Cache/hosted/pub.dev/web-1.1.1/lib/src/dom/console.dart:63:23: Error: 'JSAny' isn't a type.
  external void trace(JSAny? data);
                      ^^^^^
/C:/Users/berkgoknil/AppData/Local/Pub/Cache/hosted/pub.dev/web-1.1.1/lib/src/dom/console.dart:64:22: Error: 'JSAny' isn't a type.
  external void warn(JSAny? data);
                     ^^^^^
/C:/Users/berkgoknil/AppData/Local/Pub/Cache/hosted/pub.dev/web-1.1.1/lib/src/dom/console.dart:66:5: Error: 'JSAny' isn't a type.
    JSAny? item,
    ^^^^^
/C:/Users/berkgoknil/AppData/Local/Pub/Cache/hosted/pub.dev/web-1.1.1/lib/src/dom/console.dart:67:5: Error: 'JSObject' isn't a type.
    JSObject? options,
    ^^^^^^^^
/C:/Users/berkgoknil/AppData/Local/Pub/Cache/hosted/pub.dev/web-1.1.1/lib/src/dom/console.dart:69:24: Error: 'JSAny' isn't a type.
  external void dirxml(JSAny? data);
                       ^^^^^
/C:/Users/berkgoknil/AppData/Local/Pub/Cache/hosted/pub.dev/web-1.1.1/lib/src/dom/console.dart:72:23: Error: 'JSAny' isn't a type.
  external void group(JSAny? data);
                      ^^^^^
/C:/Users/berkgoknil/AppData/Local/Pub/Cache/hosted/pub.dev/web-1.1.1/lib/src/dom/console.dart:73:32: Error: 'JSAny' isn't a type.
  external void groupCollapsed(JSAny? data);
                               ^^^^^
/C:/Users/berkgoknil/AppData/Local/Pub/Cache/hosted/pub.dev/web-1.1.1/lib/src/dom/console.dart:77:5: Error: 'JSAny' isn't a type.
    JSAny? data, [
    ^^^^^
/C:/Users/berkgoknil/AppData/Local/Pub/Cache/hosted/pub.dev/web-1.1.1/lib/src/dom/compression.dart:16:8: Error: Dart library 'dart:js_interop' is not available on this platform.
import 'dart:js_interop';
       ^
/C:/Users/berkgoknil/AppData/Local/Pub/Cache/hosted/pub.dev/web-1.1.1/lib/src/dom/compression.dart:29:36: Error: Type 'JSObject' not found.
extension type CompressionStream._(JSObject _) implements JSObject {
                                   ^^^^^^^^
/C:/Users/berkgoknil/AppData/Local/Pub/Cache/hosted/pub.dev/web-1.1.1/lib/src/dom/compression.dart:29:59: Error: Type 'JSObject' not found.
extension type CompressionStream._(JSObject _) implements JSObject {
                                                          ^^^^^^^^
/C:/Users/berkgoknil/AppData/Local/Pub/Cache/hosted/pub.dev/web-1.1.1/lib/src/dom/compression.dart:48:38: Error: Type 'JSObject' not found.
extension type DecompressionStream._(JSObject _) implements JSObject {
                                     ^^^^^^^^
/C:/Users/berkgoknil/AppData/Local/Pub/Cache/hosted/pub.dev/web-1.1.1/lib/src/dom/compression.dart:48:61: Error: Type 'JSObject' not found.
extension type DecompressionStream._(JSObject _) implements JSObject {
                                                            ^^^^^^^^
/C:/Users/berkgoknil/AppData/Local/Pub/Cache/hosted/pub.dev/web-1.1.1/lib/src/dom/compression.dart:29:59: Error: The type 'JSObject' can't be implemented by an extension type.
extension type CompressionStream._(JSObject _) implements JSObject {
                                                          ^
/C:/Users/berkgoknil/AppData/Local/Pub/Cache/hosted/pub.dev/web-1.1.1/lib/src/dom/compression.dart:48:61: Error: The type 'JSObject' can't be implemented by an extension type.
extension type DecompressionStream._(JSObject _) implements JSObject {
                                                            ^
/C:/Users/berkgoknil/AppData/Local/Pub/Cache/hosted/pub.dev/web-1.1.1/lib/src/dom/compression.dart:13:2: Error: Couldn't find constructor 'JS'.
@JS()
 ^^
/C:/Users/berkgoknil/AppData/Local/Pub/Cache/hosted/pub.dev/web-1.1.1/lib/src/dom/compression.dart:29:36: Error: 'JSObject' isn't a type.
extension type CompressionStream._(JSObject _) implements JSObject {
                                   ^^^^^^^^
/C:/Users/berkgoknil/AppData/Local/Pub/Cache/hosted/pub.dev/web-1.1.1/lib/src/dom/compression.dart:48:38: Error: 'JSObject' isn't a type.
extension type DecompressionStream._(JSObject _) implements JSObject {
                                     ^^^^^^^^
/C:/Users/berkgoknil/AppData/Local/Pub/Cache/hosted/pub.dev/web-1.1.1/lib/src/dom/angle_instanced_arrays.dart:16:8: Error: Dart library 'dart:js_interop' is not available on this platform.
import 'dart:js_interop';
       ^
/C:/Users/berkgoknil/AppData/Local/Pub/Cache/hosted/pub.dev/web-1.1.1/lib/src/dom/angle_instanced_arrays.dart:45:41: Error: Type 'JSObject' not found.
extension type ANGLE_instanced_arrays._(JSObject _) implements JSObject {
                                        ^^^^^^^^
/C:/Users/berkgoknil/AppData/Local/Pub/Cache/hosted/pub.dev/web-1.1.1/lib/src/dom/angle_instanced_arrays.dart:45:64: Error: Type 'JSObject' not found.
extension type ANGLE_instanced_arrays._(JSObject _) implements JSObject {
                                                               ^^^^^^^^
/C:/Users/berkgoknil/AppData/Local/Pub/Cache/hosted/pub.dev/web-1.1.1/lib/src/dom/angle_instanced_arrays.dart:45:64: Error: The type 'JSObject' can't be implemented by an extension type.
extension type ANGLE_instanced_arrays._(JSObject _) implements JSObject {
                                                               ^
/C:/Users/berkgoknil/AppData/Local/Pub/Cache/hosted/pub.dev/web-1.1.1/lib/src/dom/angle_instanced_arrays.dart:13:2: Error: Couldn't find constructor 'JS'.
@JS()
 ^^
/C:/Users/berkgoknil/AppData/Local/Pub/Cache/hosted/pub.dev/web-1.1.1/lib/src/dom/angle_instanced_arrays.dart:45:41: Error: 'JSObject' isn't a type.
extension type ANGLE_instanced_arrays._(JSObject _) implements JSObject {
                                        ^^^^^^^^
/C:/Users/berkgoknil/AppData/Local/Pub/Cache/hosted/pub.dev/web-1.1.1/lib/src/dom/accelerometer.dart:16:8: Error: Dart library 'dart:js_interop' is not available on this platform.
import 'dart:js_interop';
       ^
/C:/Users/berkgoknil/AppData/Local/Pub/Cache/hosted/pub.dev/web-1.1.1/lib/src/dom/accelerometer.dart:21:45: Error: Type 'JSObject' not found.
extension type AccelerometerSensorOptions._(JSObject _)
                                            ^^^^^^^^
/C:/Users/berkgoknil/AppData/Local/Pub/Cache/hosted/pub.dev/web-1.1.1/lib/src/dom/accelerometer.dart:22:31: Error: Type 'JSObject' not found.
    implements SensorOptions, JSObject {
                              ^^^^^^^^
/C:/Users/berkgoknil/AppData/Local/Pub/Cache/hosted/pub.dev/web-1.1.1/lib/src/dom/accelerometer.dart:48:43: Error: Type 'JSObject' not found.
extension type LinearAccelerationSensor._(JSObject _)
                                          ^^^^^^^^
/C:/Users/berkgoknil/AppData/Local/Pub/Cache/hosted/pub.dev/web-1.1.1/lib/src/dom/accelerometer.dart:49:24: Error: Type 'JSObject' not found.
    implements Sensor, JSObject {
                       ^^^^^^^^
/C:/Users/berkgoknil/AppData/Local/Pub/Cache/hosted/pub.dev/web-1.1.1/lib/src/dom/accelerometer.dart:70:32: Error: Type 'JSObject' not found.
extension type GravitySensor._(JSObject _) implements Sensor, JSObject {
                               ^^^^^^^^
/C:/Users/berkgoknil/AppData/Local/Pub/Cache/hosted/pub.dev/web-1.1.1/lib/src/dom/accelerometer.dart:70:63: Error: Type 'JSObject' not found.
extension type GravitySensor._(JSObject _) implements Sensor, JSObject {
                                                              ^^^^^^^^
/C:/Users/berkgoknil/AppData/Local/Pub/Cache/hosted/pub.dev/web-1.1.1/lib/src/dom/accelerometer.dart:22:31: Error: The type 'JSObject' can't be implemented by an extension type.
    implements SensorOptions, JSObject {
                              ^
/C:/Users/berkgoknil/AppData/Local/Pub/Cache/hosted/pub.dev/web-1.1.1/lib/src/dom/accelerometer.dart:49:24: Error: The type 'JSObject' can't be implemented by an extension type.
    implements Sensor, JSObject {
                       ^
/C:/Users/berkgoknil/AppData/Local/Pub/Cache/hosted/pub.dev/web-1.1.1/lib/src/dom/accelerometer.dart:70:63: Error: The type 'JSObject' can't be implemented by an extension type.
extension type GravitySensor._(JSObject _) implements Sensor, JSObject {
                                                              ^
/C:/Users/berkgoknil/AppData/Local/Pub/Cache/hosted/pub.dev/web-1.1.1/lib/src/dom/accelerometer.dart:13:2: Error: Couldn't find constructor 'JS'.
@JS()
 ^^
/C:/Users/berkgoknil/AppData/Local/Pub/Cache/hosted/pub.dev/web-1.1.1/lib/src/dom/accelerometer.dart:21:45: Error: 'JSObject' isn't a type.
extension type AccelerometerSensorOptions._(JSObject _)
                                            ^^^^^^^^
/C:/Users/berkgoknil/AppData/Local/Pub/Cache/hosted/pub.dev/web-1.1.1/lib/src/dom/accelerometer.dart:48:43: Error: 'JSObject' isn't a type.
extension type LinearAccelerationSensor._(JSObject _)
                                          ^^^^^^^^
/C:/Users/berkgoknil/AppData/Local/Pub/Cache/hosted/pub.dev/web-1.1.1/lib/src/dom/accelerometer.dart:70:32: Error: 'JSObject' isn't a type.
extension type GravitySensor._(JSObject _) implements Sensor, JSObject {
                               ^^^^^^^^
/C:/Users/berkgoknil/AppData/Local/Pub/Cache/hosted/pub.dev/web-1.1.1/lib/src/helpers/events/providers.dart:5:8: Error: Dart library 'dart:js_interop' is not available on this platform.
import 'dart:js_interop';
       ^
/C:/Users/berkgoknil/AppData/Local/Pub/Cache/hosted/pub.dev/web-1.1.1/lib/src/helpers/events/providers.dart:6:8: Error: Dart library 'dart:js_interop_unsafe' is not available on this platform.
import 'dart:js_interop_unsafe';
       ^
/C:/Users/berkgoknil/AppData/Local/Pub/Cache/hosted/pub.dev/web-1.1.1/lib/src/helpers/events/providers.dart:615:25: Error: 'JSObject' isn't a type.
  final jsObject = e as JSObject;
                        ^^^^^^^^
/C:/Users/berkgoknil/AppData/Local/Pub/Cache/hosted/pub.dev/web-1.1.1/lib/src/helpers/events/providers.dart:618:47: Error: The getter 'toJS' isn't defined for the class 'String'.
Try correcting the name to the name of an existing getter, or defining a getter or field named 'toJS'.
  } else if (jsObject.hasProperty('mozHidden'.toJS).toDart) {
                                              ^^^^
/C:/Users/berkgoknil/AppData/Local/Pub/Cache/hosted/pub.dev/web-1.1.1/lib/src/helpers/events/providers.dart:620:46: Error: The getter 'toJS' isn't defined for the class 'String'.
Try correcting the name to the name of an existing getter, or defining a getter or field named 'toJS'.
  } else if (jsObject.hasProperty('msHidden'.toJS).toDart) {
                                             ^^^^
/C:/Users/berkgoknil/AppData/Local/Pub/Cache/hosted/pub.dev/web-1.1.1/lib/src/helpers/events/providers.dart:622:50: Error: The getter 'toJS' isn't defined for the class 'String'.
Try correcting the name to the name of an existing getter, or defining a getter or field named 'toJS'.
  } else if (jsObject.hasProperty('webkitHidden'.toJS).toDart) {
                                                 ^^^^
/C:/Users/berkgoknil/AppData/Local/Pub/Cache/hosted/pub.dev/web-1.1.1/lib/src/helpers/extensions.dart:25:8: Error: Dart library 'dart:js_interop' is not available on this platform.
import 'dart:js_interop';
       ^
/C:/Users/berkgoknil/AppData/Local/Pub/Cache/hosted/pub.dev/web-1.1.1/lib/src/helpers/extensions.dart:39:69: Error: The getter 'toJS' isn't defined for the class 'num'.
Try correcting the name to the name of an existing getter, or defining a getter or field named 'toJS'.
      (quality == null) ? toDataURL(type) : toDataURL(type, quality.toJS);
                                                                    ^^^^
/C:/Users/berkgoknil/AppData/Local/Pub/Cache/hosted/pub.dev/web-1.1.1/lib/src/helpers/extensions.dart:55:7: Error: The method 'jsify' isn't defined for the class 'Map<String, bool>'.
 - 'Map' is from 'dart:core'.
Try correcting the name to the name of an existing method, or defining a method named 'jsify'.
    }.jsify();
      ^^^^^
/C:/Users/berkgoknil/AppData/Local/Pub/Cache/hosted/pub.dev/web-1.1.1/lib/src/helpers/cross_origin.dart:5:8: Error: Dart library 'dart:js_interop' is not available on this platform.
import 'dart:js_interop';
       ^
/C:/Users/berkgoknil/AppData/Local/Pub/Cache/hosted/pub.dev/web-1.1.1/lib/src/helpers/cross_origin.dart:10:35: Error: Type 'JSAny' not found.
extension type _CrossOriginWindow(JSAny? any) {
                                  ^^^^^
/C:/Users/berkgoknil/AppData/Local/Pub/Cache/hosted/pub.dev/web-1.1.1/lib/src/helpers/cross_origin.dart:16:12: Error: Type 'JSAny' not found.
  external JSAny? get location;
           ^^^^^
/C:/Users/berkgoknil/AppData/Local/Pub/Cache/hosted/pub.dev/web-1.1.1/lib/src/helpers/cross_origin.dart:17:12: Error: Type 'JSAny' not found.
  external JSAny? get opener;
           ^^^^^
/C:/Users/berkgoknil/AppData/Local/Pub/Cache/hosted/pub.dev/web-1.1.1/lib/src/helpers/cross_origin.dart:18:12: Error: Type 'JSAny' not found.
  external JSAny? get parent;
           ^^^^^
/C:/Users/berkgoknil/AppData/Local/Pub/Cache/hosted/pub.dev/web-1.1.1/lib/src/helpers/cross_origin.dart:19:12: Error: Type 'JSAny' not found.
  external JSAny? get top;
           ^^^^^
/C:/Users/berkgoknil/AppData/Local/Pub/Cache/hosted/pub.dev/web-1.1.1/lib/src/helpers/cross_origin.dart:27:5: Error: Type 'JSAny' not found.
    JSAny? message, [
    ^^^^^
/C:/Users/berkgoknil/AppData/Local/Pub/Cache/hosted/pub.dev/web-1.1.1/lib/src/helpers/cross_origin.dart:28:5: Error: Type 'JSAny' not found.
    JSAny optionsOrTargetOrigin,
    ^^^^^
/C:/Users/berkgoknil/AppData/Local/Pub/Cache/hosted/pub.dev/web-1.1.1/lib/src/helpers/cross_origin.dart:29:13: Error: Type 'JSObject' not found.
    JSArray<JSObject> transfer,
            ^^^^^^^^
/C:/Users/berkgoknil/AppData/Local/Pub/Cache/hosted/pub.dev/web-1.1.1/lib/src/helpers/cross_origin.dart:29:5: Error: Type 'JSArray' not found.
    JSArray<JSObject> transfer,
    ^^^^^^^
/C:/Users/berkgoknil/AppData/Local/Pub/Cache/hosted/pub.dev/web-1.1.1/lib/src/helpers/cross_origin.dart:34:37: Error: Type 'JSAny' not found.
extension type _CrossOriginLocation(JSAny? any) {
                                    ^^^^^
/C:/Users/berkgoknil/AppData/Local/Pub/Cache/hosted/pub.dev/web-1.1.1/lib/src/helpers/cross_origin.dart:51:23: Error: Type 'JSAny' not found.
  CrossOriginWindow._(JSAny? o) : _window = _CrossOriginWindow(o);
                      ^^^^^
/C:/Users/berkgoknil/AppData/Local/Pub/Cache/hosted/pub.dev/web-1.1.1/lib/src/helpers/cross_origin.dart:53:37: Error: Type 'JSAny' not found.
  static CrossOriginWindow? _create(JSAny? o) {
                                    ^^^^^
/C:/Users/berkgoknil/AppData/Local/Pub/Cache/hosted/pub.dev/web-1.1.1/lib/src/helpers/cross_origin.dart:96:5: Error: Type 'JSAny' not found.
    JSAny? message, [
    ^^^^^
/C:/Users/berkgoknil/AppData/Local/Pub/Cache/hosted/pub.dev/web-1.1.1/lib/src/helpers/cross_origin.dart:97:5: Error: Type 'JSAny' not found.
    JSAny? optionsOrTargetOrigin,
    ^^^^^
/C:/Users/berkgoknil/AppData/Local/Pub/Cache/hosted/pub.dev/web-1.1.1/lib/src/helpers/cross_origin.dart:98:13: Error: Type 'JSObject' not found.
    JSArray<JSObject>? transfer,
            ^^^^^^^^
/C:/Users/berkgoknil/AppData/Local/Pub/Cache/hosted/pub.dev/web-1.1.1/lib/src/helpers/cross_origin.dart:98:5: Error: Type 'JSArray' not found.
    JSArray<JSObject>? transfer,
    ^^^^^^^
/C:/Users/berkgoknil/AppData/Local/Pub/Cache/hosted/pub.dev/web-1.1.1/lib/src/helpers/cross_origin.dart:116:3: Error: Type 'JSAny' not found.
  JSAny? get unsafeWindow => _window.any;
  ^^^^^
/C:/Users/berkgoknil/AppData/Local/Pub/Cache/hosted/pub.dev/web-1.1.1/lib/src/helpers/cross_origin.dart:132:25: Error: Type 'JSAny' not found.
  CrossOriginLocation._(JSAny? o) : _location = _CrossOriginLocation(o);
                        ^^^^^
/C:/Users/berkgoknil/AppData/Local/Pub/Cache/hosted/pub.dev/web-1.1.1/lib/src/helpers/cross_origin.dart:134:39: Error: Type 'JSAny' not found.
  static CrossOriginLocation? _create(JSAny? o) {
                                      ^^^^^
/C:/Users/berkgoknil/AppData/Local/Pub/Cache/hosted/pub.dev/web-1.1.1/lib/src/helpers/cross_origin.dart:155:3: Error: Type 'JSAny' not found.
  JSAny? get unsafeLocation => _location.any;
  ^^^^^
/C:/Users/berkgoknil/AppData/Local/Pub/Cache/hosted/pub.dev/web-1.1.1/lib/src/helpers/cross_origin.dart:160:12: Error: Type 'JSAny' not found.
  external JSAny? get _contentWindow;
           ^^^^^
/C:/Users/berkgoknil/AppData/Local/Pub/Cache/hosted/pub.dev/web-1.1.1/lib/src/helpers/cross_origin.dart:177:12: Error: Type 'JSAny' not found.
  external JSAny? _open(String url);
           ^^^^^
/C:/Users/berkgoknil/AppData/Local/Pub/Cache/hosted/pub.dev/web-1.1.1/lib/src/helpers/cross_origin.dart:184:12: Error: Type 'JSAny' not found.
  external JSAny? get _opener;
           ^^^^^
/C:/Users/berkgoknil/AppData/Local/Pub/Cache/hosted/pub.dev/web-1.1.1/lib/src/helpers/cross_origin.dart:191:12: Error: Type 'JSAny' not found.
  external JSAny? get _parent;
           ^^^^^
/C:/Users/berkgoknil/AppData/Local/Pub/Cache/hosted/pub.dev/web-1.1.1/lib/src/helpers/cross_origin.dart:198:12: Error: Type 'JSAny' not found.
  external JSAny? get _top;
           ^^^^^
/C:/Users/berkgoknil/AppData/Local/Pub/Cache/hosted/pub.dev/web-1.1.1/lib/src/helpers/cross_origin.dart:159:4: Error: Couldn't find constructor 'JS'.
  @JS('contentWindow')
   ^^
/C:/Users/berkgoknil/AppData/Local/Pub/Cache/hosted/pub.dev/web-1.1.1/lib/src/helpers/cross_origin.dart:176:4: Error: Couldn't find constructor 'JS'.
  @JS('open')
   ^^
/C:/Users/berkgoknil/AppData/Local/Pub/Cache/hosted/pub.dev/web-1.1.1/lib/src/helpers/cross_origin.dart:183:4: Error: Couldn't find constructor 'JS'.
  @JS('opener')
   ^^
/C:/Users/berkgoknil/AppData/Local/Pub/Cache/hosted/pub.dev/web-1.1.1/lib/src/helpers/cross_origin.dart:190:4: Error: Couldn't find constructor 'JS'.
  @JS('parent')
   ^^
/C:/Users/berkgoknil/AppData/Local/Pub/Cache/hosted/pub.dev/web-1.1.1/lib/src/helpers/cross_origin.dart:197:4: Error: Couldn't find constructor 'JS'.
  @JS('top')
   ^^
/C:/Users/berkgoknil/AppData/Local/Pub/Cache/hosted/pub.dev/web-1.1.1/lib/src/helpers/cross_origin.dart:10:35: Error: 'JSAny' isn't a type.
extension type _CrossOriginWindow(JSAny? any) {
                                  ^^^^^
/C:/Users/berkgoknil/AppData/Local/Pub/Cache/hosted/pub.dev/web-1.1.1/lib/src/helpers/cross_origin.dart:27:5: Error: 'JSAny' isn't a type.
    JSAny? message, [
    ^^^^^
/C:/Users/berkgoknil/AppData/Local/Pub/Cache/hosted/pub.dev/web-1.1.1/lib/src/helpers/cross_origin.dart:28:5: Error: 'JSAny' isn't a type.
    JSAny optionsOrTargetOrigin,
    ^^^^^
/C:/Users/berkgoknil/AppData/Local/Pub/Cache/hosted/pub.dev/web-1.1.1/lib/src/helpers/cross_origin.dart:29:13: Error: 'JSObject' isn't a type.
    JSArray<JSObject> transfer,
            ^^^^^^^^
/C:/Users/berkgoknil/AppData/Local/Pub/Cache/hosted/pub.dev/web-1.1.1/lib/src/helpers/cross_origin.dart:29:5: Error: 'JSArray' isn't a type.
    JSArray<JSObject> transfer,
    ^^^^^^^
/C:/Users/berkgoknil/AppData/Local/Pub/Cache/hosted/pub.dev/web-1.1.1/lib/src/helpers/cross_origin.dart:34:37: Error: 'JSAny' isn't a type.
extension type _CrossOriginLocation(JSAny? any) {
                                    ^^^^^
/C:/Users/berkgoknil/AppData/Local/Pub/Cache/hosted/pub.dev/web-1.1.1/lib/src/helpers/cross_origin.dart:51:23: Error: 'JSAny' isn't a type.
  CrossOriginWindow._(JSAny? o) : _window = _CrossOriginWindow(o);
                      ^^^^^
/C:/Users/berkgoknil/AppData/Local/Pub/Cache/hosted/pub.dev/web-1.1.1/lib/src/helpers/cross_origin.dart:53:37: Error: 'JSAny' isn't a type.
  static CrossOriginWindow? _create(JSAny? o) {
                                    ^^^^^
/C:/Users/berkgoknil/AppData/Local/Pub/Cache/hosted/pub.dev/web-1.1.1/lib/src/helpers/cross_origin.dart:96:5: Error: 'JSAny' isn't a type.
    JSAny? message, [
    ^^^^^
/C:/Users/berkgoknil/AppData/Local/Pub/Cache/hosted/pub.dev/web-1.1.1/lib/src/helpers/cross_origin.dart:97:5: Error: 'JSAny' isn't a type.
    JSAny? optionsOrTargetOrigin,
    ^^^^^
/C:/Users/berkgoknil/AppData/Local/Pub/Cache/hosted/pub.dev/web-1.1.1/lib/src/helpers/cross_origin.dart:98:13: Error: 'JSObject' isn't a type.
    JSArray<JSObject>? transfer,
            ^^^^^^^^
/C:/Users/berkgoknil/AppData/Local/Pub/Cache/hosted/pub.dev/web-1.1.1/lib/src/helpers/cross_origin.dart:98:5: Error: 'JSArray' isn't a type.
    JSArray<JSObject>? transfer,
    ^^^^^^^
/C:/Users/berkgoknil/AppData/Local/Pub/Cache/hosted/pub.dev/web-1.1.1/lib/src/helpers/cross_origin.dart:132:25: Error: 'JSAny' isn't a type.
  CrossOriginLocation._(JSAny? o) : _location = _CrossOriginLocation(o);
                        ^^^^^
/C:/Users/berkgoknil/AppData/Local/Pub/Cache/hosted/pub.dev/web-1.1.1/lib/src/helpers/cross_origin.dart:134:39: Error: 'JSAny' isn't a type.
  static CrossOriginLocation? _create(JSAny? o) {
                                      ^^^^^
lib/src/features/mail/presentation/widgets/web/compose/components/compose_rich_editor_widget.dart:8:8: Error: Dart library 'dart:ui_web' is not available on this platform.
import 'dart:ui_web' as ui_web;
       ^
Context: The unavailable library 'dart:ui_web' is imported through these packages:

    package:korgan => dart:ui_web

Detailed import paths for (some of) the these imports:

    package:korgan/main.dart => package:korgan/src/routing/app_router.dart => package:korgan/src/features/mail/presentation/pages/web/mail_page_web.dart => package:korgan/src/features/mail/presentation/widgets/web/c
ompose/mail_compose_modal_web.dart => package:korgan/src/features/mail/presentation/widgets/web/compose/components/compose_rich_editor_widget.dart => dart:ui_web

lib/src/features/mail/presentation/widgets/web/compose/components/compose_rich_editor_widget.dart:5:8: Error: Dart library 'dart:js_interop' is not available on this platform.
import 'dart:js_interop';
       ^
lib/src/features/mail/presentation/widgets/web/compose/components/compose_rich_editor_widget.dart:84:12: Error: Undefined name 'platformViewRegistry'.
    ui_web.platformViewRegistry.registerViewFactory(_viewType, (int viewId) {
           ^^^^^^^^^^^^^^^^^^^^
lib/src/features/mail/presentation/widgets/web/compose/components/compose_rich_editor_widget.dart:87:37: Error: The getter 'toJS' isn't defined for the class 'String'.
Try correcting the name to the name of an existing getter, or defining a getter or field named 'toJS'.
      final blobParts = [htmlString.toJS].toJS;
                                    ^^^^
lib/src/features/mail/presentation/widgets/web/compose/components/compose_rich_editor_widget.dart:87:43: Error: The getter 'toJS' isn't defined for the class 'List<dynamic>'.
 - 'List' is from 'dart:core'.
Try correcting the name to the name of an existing getter, or defining a getter or field named 'toJS'.
      final blobParts = [htmlString.toJS].toJS;
                                          ^^^^
lib/src/features/mail/presentation/widgets/web/compose/components/compose_rich_editor_widget.dart:145:18: Error: The getter 'toJS' isn't defined for the class 'String'.
Try correcting the name to the name of an existing getter, or defining a getter or field named 'toJS'.
              }).toJS, '*'.toJS);
                 ^^^^
lib/src/features/mail/presentation/widgets/web/compose/components/compose_rich_editor_widget.dart:145:28: Error: The getter 'toJS' isn't defined for the class 'String'.
Try correcting the name to the name of an existing getter, or defining a getter or field named 'toJS'.
              }).toJS, '*'.toJS);
                           ^^^^
lib/src/features/mail/presentation/widgets/web/compose/components/compose_rich_editor_widget.dart:154:9: Error: The getter 'toJS' isn't defined for the class 'Null Function(Event)'.
Try correcting the name to the name of an existing getter, or defining a getter or field named 'toJS'.
      }.toJS);
        ^^^^
lib/src/features/mail/presentation/widgets/web/compose/components/compose_rich_editor_widget.dart:177:63: Error: The getter 'toJS' isn't defined for the class 'String'.
Try correcting the name to the name of an existing getter, or defining a getter or field named 'toJS'.
      _iframe!.contentWindow!.postMessage(jsonEncode(message).toJS, '*'.toJS);
                                                              ^^^^
lib/src/features/mail/presentation/widgets/web/compose/components/compose_rich_editor_widget.dart:177:73: Error: The getter 'toJS' isn't defined for the class 'String'.
Try correcting the name to the name of an existing getter, or defining a getter or field named 'toJS'.
      _iframe!.contentWindow!.postMessage(jsonEncode(message).toJS, '*'.toJS);
                                                                        ^^^^
lib/src/features/mail/presentation/widgets/web/compose/components/compose_rich_editor_widget.dart:191:61: Error: The getter 'toJS' isn't defined for the class 'String'.
Try correcting the name to the name of an existing getter, or defining a getter or field named 'toJS'.
    _iframe!.contentWindow!.postMessage(jsonEncode(message).toJS, '*'.toJS);
                                                            ^^^^
lib/src/features/mail/presentation/widgets/web/compose/components/compose_rich_editor_widget.dart:191:71: Error: The getter 'toJS' isn't defined for the class 'String'.
Try correcting the name to the name of an existing getter, or defining a getter or field named 'toJS'.
    _iframe!.contentWindow!.postMessage(jsonEncode(message).toJS, '*'.toJS);
                                                                      ^^^^
lib/src/features/mail/presentation/widgets/web/compose/components/compose_rich_editor_widget.dart:352:16: Error: The getter 'toJS' isn't defined for the class 'String'.
Try correcting the name to the name of an existing getter, or defining a getter or field named 'toJS'.
            }).toJS, '*'.toJS);
               ^^^^
lib/src/features/mail/presentation/widgets/web/compose/components/compose_rich_editor_widget.dart:352:26: Error: The getter 'toJS' isn't defined for the class 'String'.
Try correcting the name to the name of an existing getter, or defining a getter or field named 'toJS'.
            }).toJS, '*'.toJS);
                         ^^^^
Unhandled exception:
FileSystemException(uri=org-dartlang-untranslatable-uri:dart%3Ajs_interop; message=StandardFileSystem only supports file:* and data:* URIs)
#0      StandardFileSystem.entityForUri (package:front_end/src/api_prototype/standard_file_system.dart:45)
#1      asFileUri (package:vm/kernel_front_end.dart:984)
#2      writeDepfile (package:vm/kernel_front_end.dart:1147)
<asynchronous suspension>
#3      FrontendCompiler.compile (package:frontend_server/frontend_server.dart:713)
<asynchronous suspension>
#4      starter (package:frontend_server/starter.dart:109)
<asynchronous suspension>
#5      main (file:///C:/b/s/w/ir/x/w/sdk/pkg/frontend_server/bin/frontend_server_starter.dart:13)
<asynchronous suspension>

Target kernel_snapshot_program failed: Exception


FAILURE: Build failed with an exception.

* What went wrong:
Execution failed for task ':app:compileFlutterBuildDebug'.
> Process 'command 'C:\flutter\bin\flutter.bat'' finished with non-zero exit value 1

* Try:
> Run with --stacktrace option to get the stack trace.
> Run with --info or --debug option to get more log output.
> Run with --scan to get full insights.
> Get more help at https://help.gradle.org.

BUILD FAILED in 35s
Running Gradle task 'assembleDebug'...                             37,0s
Gradle task assembleDebug failed with exit code 1
